Running 20s test @ http://localhost:8080/wrk2-api/post/compose
  2 threads and 2 connections

  Thread calibration: mean lat.: 40.266ms, rate sampling interval: 110ms
  Thread calibration: mean lat.: 34.083ms, rate sampling interval: 79ms

-----------------------------------------------------------------------
Test Results @ http://localhost:8080/wrk2-api/post/compose 
  Thread Stats   Avg      Stdev     99%   +/- Stdev
    Latency    33.11ms   11.97ms 100.03ms   95.10%
    Req/Sec     4.93      7.74    27.00     90.74%
  Latency Distribution (HdrHistogram - Recorded Latency)
 50.000%   30.00ms
 75.000%   32.90ms
 90.000%   38.62ms
 99.000%  100.03ms
 99.900%  110.91ms
 99.990%  110.91ms
 99.999%  110.91ms
100.000%  110.91ms

  Detailed Percentile spectrum:
       Value   Percentile   TotalCount 1/(1-Percentile)

      24.863     0.000000            1         1.00
      26.991     0.100000           11         1.11
      28.575     0.200000           21         1.25
      28.911     0.300000           32         1.43
      29.439     0.400000           41         1.67
      29.999     0.500000           51         2.00
      30.495     0.550000           57         2.22
      30.639     0.600000           62         2.50
      31.375     0.650000           67         2.86
      32.031     0.700000           72         3.33
      32.895     0.750000           77         4.00
      33.663     0.775000           80         4.44
      33.919     0.800000           82         5.00
      35.039     0.825000           85         5.71
      36.383     0.850000           87         6.67
      37.247     0.875000           90         8.00
      37.727     0.887500           91         8.89
      38.623     0.900000           92        10.00
      38.975     0.912500           94        11.43
      40.063     0.925000           95        13.33
      42.367     0.937500           96        16.00
      43.487     0.943750           97        17.78
      43.487     0.950000           97        20.00
      46.111     0.956250           98        22.86
      53.599     0.962500           99        26.67
      53.599     0.968750           99        32.00
      74.879     0.971875          100        35.56
      74.879     0.975000          100        40.00
      74.879     0.978125          100        45.71
     100.031     0.981250          101        53.33
     100.031     0.984375          101        64.00
     100.031     0.985938          101        71.11
     100.031     0.987500          101        80.00
     100.031     0.989062          101        91.43
     110.911     0.990625          102       106.67
     110.911     1.000000          102          inf
#[Mean    =       33.114, StdDeviation   =       11.968]
#[Max     =      110.848, Total count    =          102]
#[Buckets =           27, SubBuckets     =         2048]
-----------------------------------------------------------------------
  219 requests in 20.00s, 45.98KB read
Requests/sec:     10.95  
Transfer/sec:      2.30KB
