Running 20s test @ http://localhost:8080/wrk2-api/post/compose
  2 threads and 2 connections

  Thread calibration: mean lat.: 30.191ms, rate sampling interval: 69ms
  Thread calibration: mean lat.: 33.794ms, rate sampling interval: 70ms

-----------------------------------------------------------------------
Test Results @ http://localhost:8080/wrk2-api/post/compose 
  Thread Stats   Avg      Stdev     99%   +/- Stdev
    Latency    31.29ms    4.19ms  44.03ms   79.21%
    Req/Sec     4.97      9.04    29.00     93.01%
  Latency Distribution (HdrHistogram - Recorded Latency)
 50.000%   30.19ms
 75.000%   33.02ms
 90.000%   37.12ms
 99.000%   44.03ms
 99.900%   44.61ms
 99.990%   44.61ms
 99.999%   44.61ms
100.000%   44.61ms

  Detailed Percentile spectrum:
       Value   Percentile   TotalCount 1/(1-Percentile)

      24.543     0.000000            1         1.00
      27.551     0.100000           11         1.11
      28.351     0.200000           21         1.25
      28.863     0.300000           31         1.43
      29.407     0.400000           41         1.67
      30.191     0.500000           51         2.00
      30.495     0.550000           56         2.22
      30.703     0.600000           61         2.50
      31.199     0.650000           66         2.86
      31.455     0.700000           71         3.33
      33.023     0.750000           76         4.00
      33.215     0.775000           79         4.44
      33.471     0.800000           81         5.00
      34.047     0.825000           84         5.71
      35.263     0.850000           86         6.67
      36.351     0.875000           89         8.00
      36.959     0.887500           90         8.89
      37.119     0.900000           91        10.00
      39.103     0.912500           93        11.43
      40.031     0.925000           94        13.33
      40.255     0.937500           95        16.00
      40.543     0.943750           96        17.78
      40.543     0.950000           96        20.00
      40.639     0.956250           97        22.86
      43.071     0.962500           98        26.67
      43.071     0.968750           98        32.00
      43.327     0.971875           99        35.56
      43.327     0.975000           99        40.00
      43.327     0.978125           99        45.71
      44.031     0.981250          100        53.33
      44.031     0.984375          100        64.00
      44.031     0.985938          100        71.11
      44.031     0.987500          100        80.00
      44.031     0.989062          100        91.43
      44.607     0.990625          101       106.67
      44.607     1.000000          101          inf
#[Mean    =       31.287, StdDeviation   =        4.192]
#[Max     =       44.576, Total count    =          101]
#[Buckets =           27, SubBuckets     =         2048]
-----------------------------------------------------------------------
  219 requests in 20.01s, 45.98KB read
Requests/sec:     10.95  
Transfer/sec:      2.30KB
