Running 20s test @ http://localhost:8080/wrk2-api/post/compose
  2 threads and 2 connections

  Thread calibration: mean lat.: 34.473ms, rate sampling interval: 69ms
  Thread calibration: mean lat.: 34.343ms, rate sampling interval: 75ms

-----------------------------------------------------------------------
Test Results @ http://localhost:8080/wrk2-api/post/compose 
  Thread Stats   Avg      Stdev     99%   +/- Stdev
    Latency    31.37ms    3.91ms  41.60ms   76.47%
    Req/Sec     5.00      8.18    29.00     94.93%
  Latency Distribution (HdrHistogram - Recorded Latency)
 50.000%   30.06ms
 75.000%   33.47ms
 90.000%   36.86ms
 99.000%   41.60ms
 99.900%   48.03ms
 99.990%   48.03ms
 99.999%   48.03ms
100.000%   48.03ms

  Detailed Percentile spectrum:
       Value   Percentile   TotalCount 1/(1-Percentile)

      25.487     0.000000            1         1.00
      27.663     0.100000           11         1.11
      28.159     0.200000           21         1.25
      28.991     0.300000           32         1.43
      29.535     0.400000           41         1.67
      30.063     0.500000           51         2.00
      30.575     0.550000           58         2.22
      30.895     0.600000           62         2.50
      31.839     0.650000           67         2.86
      32.111     0.700000           72         3.33
      33.471     0.750000           77         4.00
      33.919     0.775000           81         4.44
      34.335     0.800000           82         5.00
      35.103     0.825000           85         5.71
      36.031     0.850000           87         6.67
      36.383     0.875000           90         8.00
      36.607     0.887500           91         8.89
      36.863     0.900000           92        10.00
      37.279     0.912500           94        11.43
      38.271     0.925000           95        13.33
      39.231     0.937500           96        16.00
      39.295     0.943750           97        17.78
      39.295     0.950000           97        20.00
      39.519     0.956250           98        22.86
      39.679     0.962500           99        26.67
      39.679     0.968750           99        32.00
      40.287     0.971875          100        35.56
      40.287     0.975000          100        40.00
      40.287     0.978125          100        45.71
      41.599     0.981250          101        53.33
      41.599     0.984375          101        64.00
      41.599     0.985938          101        71.11
      41.599     0.987500          101        80.00
      41.599     0.989062          101        91.43
      48.031     0.990625          102       106.67
      48.031     1.000000          102          inf
#[Mean    =       31.366, StdDeviation   =        3.909]
#[Max     =       48.000, Total count    =          102]
#[Buckets =           27, SubBuckets     =         2048]
-----------------------------------------------------------------------
  219 requests in 20.00s, 45.98KB read
Requests/sec:     10.95  
Transfer/sec:      2.30KB
