Running 20s test @ http://localhost:8080/wrk2-api/post/compose
  2 threads and 2 connections

  Thread calibration: mean lat.: 32.270ms, rate sampling interval: 69ms
  Thread calibration: mean lat.: 30.864ms, rate sampling interval: 67ms

-----------------------------------------------------------------------
Test Results @ http://localhost:8080/wrk2-api/post/compose 
  Thread Stats   Avg      Stdev     99%   +/- Stdev
    Latency    32.13ms    5.29ms  55.29ms   87.25%
    Req/Sec     4.91      8.98    30.00     91.10%
  Latency Distribution (HdrHistogram - Recorded Latency)
 50.000%   31.04ms
 75.000%   32.99ms
 90.000%   37.02ms
 99.000%   55.29ms
 99.900%   58.40ms
 99.990%   58.40ms
 99.999%   58.40ms
100.000%   58.40ms

  Detailed Percentile spectrum:
       Value   Percentile   TotalCount 1/(1-Percentile)

      25.599     0.000000            1         1.00
      27.759     0.100000           11         1.11
      28.863     0.200000           21         1.25
      29.455     0.300000           31         1.43
      30.399     0.400000           42         1.67
      31.039     0.500000           51         2.00
      31.295     0.550000           57         2.22
      31.599     0.600000           62         2.50
      31.903     0.650000           67         2.86
      32.303     0.700000           72         3.33
      32.991     0.750000           77         4.00
      33.407     0.775000           80         4.44
      33.727     0.800000           82         5.00
      34.335     0.825000           85         5.71
      34.431     0.850000           87         6.67
      35.935     0.875000           90         8.00
      36.607     0.887500           91         8.89
      37.023     0.900000           92        10.00
      38.015     0.912500           94        11.43
      41.279     0.925000           95        13.33
      42.239     0.937500           96        16.00
      43.487     0.943750           97        17.78
      43.487     0.950000           97        20.00
      44.127     0.956250           98        22.86
      45.823     0.962500           99        26.67
      45.823     0.968750           99        32.00
      46.687     0.971875          100        35.56
      46.687     0.975000          100        40.00
      46.687     0.978125          100        45.71
      55.295     0.981250          101        53.33
      55.295     0.984375          101        64.00
      55.295     0.985938          101        71.11
      55.295     0.987500          101        80.00
      55.295     0.989062          101        91.43
      58.399     0.990625          102       106.67
      58.399     1.000000          102          inf
#[Mean    =       32.125, StdDeviation   =        5.292]
#[Max     =       58.368, Total count    =          102]
#[Buckets =           27, SubBuckets     =         2048]
-----------------------------------------------------------------------
  219 requests in 20.00s, 45.98KB read
Requests/sec:     10.95  
Transfer/sec:      2.30KB
