Running 20s test @ http://localhost:8080/wrk2-api/post/compose
  2 threads and 2 connections

  Thread calibration: mean lat.: 30.444ms, rate sampling interval: 68ms
  Thread calibration: mean lat.: 38.623ms, rate sampling interval: 109ms

-----------------------------------------------------------------------
Test Results @ http://localhost:8080/wrk2-api/post/compose 
  Thread Stats   Avg      Stdev     99%   +/- Stdev
    Latency    32.52ms    9.62ms  65.31ms   94.06%
    Req/Sec     4.82      8.19    29.00     91.98%
  Latency Distribution (HdrHistogram - Recorded Latency)
 50.000%   30.13ms
 75.000%   32.67ms
 90.000%   37.44ms
 99.000%   65.31ms
 99.900%  112.32ms
 99.990%  112.32ms
 99.999%  112.32ms
100.000%  112.32ms

  Detailed Percentile spectrum:
       Value   Percentile   TotalCount 1/(1-Percentile)

      25.631     0.000000            1         1.00
      27.871     0.100000           11         1.11
      28.207     0.200000           21         1.25
      29.039     0.300000           31         1.43
      29.695     0.400000           41         1.67
      30.127     0.500000           51         2.00
      30.287     0.550000           56         2.22
      30.703     0.600000           61         2.50
      31.679     0.650000           66         2.86
      32.015     0.700000           71         3.33
      32.671     0.750000           76         4.00
      33.311     0.775000           79         4.44
      33.727     0.800000           81         5.00
      34.879     0.825000           84         5.71
      36.255     0.850000           86         6.67
      37.023     0.875000           90         8.00
      37.023     0.887500           90         8.89
      37.439     0.900000           91        10.00
      37.759     0.912500           93        11.43
      39.007     0.925000           94        13.33
      42.015     0.937500           95        16.00
      42.879     0.943750           96        17.78
      42.879     0.950000           96        20.00
      46.079     0.956250           97        22.86
      46.175     0.962500           98        26.67
      46.175     0.968750           98        32.00
      47.199     0.971875           99        35.56
      47.199     0.975000           99        40.00
      47.199     0.978125           99        45.71
      65.311     0.981250          100        53.33
      65.311     0.984375          100        64.00
      65.311     0.985938          100        71.11
      65.311     0.987500          100        80.00
      65.311     0.989062          100        91.43
     112.319     0.990625          101       106.67
     112.319     1.000000          101          inf
#[Mean    =       32.516, StdDeviation   =        9.622]
#[Max     =      112.256, Total count    =          101]
#[Buckets =           27, SubBuckets     =         2048]
-----------------------------------------------------------------------
  214 requests in 20.00s, 44.93KB read
Requests/sec:     10.70  
Transfer/sec:      2.25KB
