Running 20s test @ http://localhost:8080/wrk2-api/post/compose
  2 threads and 2 connections

  Thread calibration: mean lat.: 42.402ms, rate sampling interval: 184ms
  Thread calibration: mean lat.: 34.373ms, rate sampling interval: 70ms

-----------------------------------------------------------------------
Test Results @ http://localhost:8080/wrk2-api/post/compose 
  Thread Stats   Avg      Stdev     99%   +/- Stdev
    Latency    33.71ms   10.04ms  87.81ms   94.12%
    Req/Sec     4.74      7.59    28.00     77.55%
  Latency Distribution (HdrHistogram - Recorded Latency)
 50.000%   30.99ms
 75.000%   32.96ms
 90.000%   41.02ms
 99.000%   87.81ms
 99.900%   92.35ms
 99.990%   92.35ms
 99.999%   92.35ms
100.000%   92.35ms

  Detailed Percentile spectrum:
       Value   Percentile   TotalCount 1/(1-Percentile)

      26.415     0.000000            1         1.00
      27.967     0.100000           11         1.11
      28.879     0.200000           21         1.25
      29.551     0.300000           31         1.43
      30.271     0.400000           41         1.67
      30.991     0.500000           51         2.00
      31.215     0.550000           57         2.22
      31.583     0.600000           63         2.50
      31.823     0.650000           67         2.86
      32.687     0.700000           73         3.33
      32.959     0.750000           77         4.00
      34.367     0.775000           80         4.44
      36.031     0.800000           82         5.00
      36.863     0.825000           85         5.71
      38.431     0.850000           87         6.67
      40.127     0.875000           90         8.00
      40.863     0.887500           91         8.89
      41.023     0.900000           92        10.00
      42.463     0.912500           94        11.43
      42.623     0.925000           95        13.33
      42.687     0.937500           96        16.00
      44.543     0.943750           97        17.78
      44.543     0.950000           97        20.00
      47.359     0.956250           98        22.86
      56.639     0.962500           99        26.67
      56.639     0.968750           99        32.00
      69.055     0.971875          100        35.56
      69.055     0.975000          100        40.00
      69.055     0.978125          100        45.71
      87.807     0.981250          101        53.33
      87.807     0.984375          101        64.00
      87.807     0.985938          101        71.11
      87.807     0.987500          101        80.00
      87.807     0.989062          101        91.43
      92.351     0.990625          102       106.67
      92.351     1.000000          102          inf
#[Mean    =       33.714, StdDeviation   =       10.041]
#[Max     =       92.288, Total count    =          102]
#[Buckets =           27, SubBuckets     =         2048]
-----------------------------------------------------------------------
  219 requests in 20.01s, 45.98KB read
Requests/sec:     10.95  
Transfer/sec:      2.30KB
