Running 20s test @ http://localhost:8080/wrk2-api/post/compose
  2 threads and 2 connections

  Thread calibration: mean lat.: 37.069ms, rate sampling interval: 76ms
  Thread calibration: mean lat.: 31.400ms, rate sampling interval: 68ms

-----------------------------------------------------------------------
Test Results @ http://localhost:8080/wrk2-api/post/compose 
  Thread Stats   Avg      Stdev     99%   +/- Stdev
    Latency    57.06ms   55.17ms 264.19ms   83.81%
    Req/Sec     5.13      8.70    39.00     93.84%
  Latency Distribution (HdrHistogram - Recorded Latency)
 50.000%   31.22ms
 75.000%   40.35ms
 90.000%  134.65ms
 99.000%  264.19ms
 99.900%  267.77ms
 99.990%  267.77ms
 99.999%  267.77ms
100.000%  267.77ms

  Detailed Percentile spectrum:
       Value   Percentile   TotalCount 1/(1-Percentile)

      26.175     0.000000            1         1.00
      28.031     0.100000           11         1.11
      29.407     0.200000           21         1.25
      29.999     0.300000           32         1.43
      30.527     0.400000           42         1.67
      31.215     0.500000           53         2.00
      31.551     0.550000           58         2.22
      32.575     0.600000           63         2.50
      34.559     0.650000           69         2.86
      35.967     0.700000           74         3.33
      40.351     0.750000           79         4.00
      43.327     0.775000           82         4.44
      86.463     0.800000           84         5.00
     105.279     0.825000           87         5.71
     124.799     0.850000           90         6.67
     132.607     0.875000           92         8.00
     134.271     0.887500           94         8.89
     134.655     0.900000           95        10.00
     150.655     0.912500           96        11.43
     155.007     0.925000           98        13.33
     160.639     0.937500           99        16.00
     169.983     0.943750          100        17.78
     169.983     0.950000          100        20.00
     198.783     0.956250          101        22.86
     226.943     0.962500          102        26.67
     226.943     0.968750          102        32.00
     236.415     0.971875          103        35.56
     236.415     0.975000          103        40.00
     236.415     0.978125          103        45.71
     264.191     0.981250          104        53.33
     264.191     0.984375          104        64.00
     264.191     0.985938          104        71.11
     264.191     0.987500          104        80.00
     264.191     0.989062          104        91.43
     267.775     0.990625          105       106.67
     267.775     1.000000          105          inf
#[Mean    =       57.062, StdDeviation   =       55.172]
#[Max     =      267.520, Total count    =          105]
#[Buckets =           27, SubBuckets     =         2048]
-----------------------------------------------------------------------
  219 requests in 20.01s, 45.98KB read
Requests/sec:     10.95  
Transfer/sec:      2.30KB
