Running 20s test @ http://localhost:8080/wrk2-api/post/compose
  2 threads and 2 connections

  Thread calibration: mean lat.: 34.293ms, rate sampling interval: 82ms
  Thread calibration: mean lat.: 32.181ms, rate sampling interval: 72ms

-----------------------------------------------------------------------
Test Results @ http://localhost:8080/wrk2-api/post/compose 
  Thread Stats   Avg      Stdev     99%   +/- Stdev
    Latency    35.49ms   17.00ms 112.00ms   95.05%
    Req/Sec     4.93      8.28    28.00     93.82%
  Latency Distribution (HdrHistogram - Recorded Latency)
 50.000%   31.30ms
 75.000%   33.53ms
 90.000%   40.54ms
 99.000%  112.00ms
 99.900%  136.19ms
 99.990%  136.19ms
 99.999%  136.19ms
100.000%  136.19ms

  Detailed Percentile spectrum:
       Value   Percentile   TotalCount 1/(1-Percentile)

      26.207     0.000000            1         1.00
      28.095     0.100000           11         1.11
      28.655     0.200000           21         1.25
      29.359     0.300000           31         1.43
      30.159     0.400000           41         1.67
      31.295     0.500000           51         2.00
      31.727     0.550000           57         2.22
      31.823     0.600000           61         2.50
      32.463     0.650000           66         2.86
      32.799     0.700000           71         3.33
      33.535     0.750000           76         4.00
      34.143     0.775000           79         4.44
      35.391     0.800000           81         5.00
      36.863     0.825000           84         5.71
      37.407     0.850000           86         6.67
      38.943     0.875000           89         8.00
      40.447     0.887500           90         8.89
      40.543     0.900000           91        10.00
      42.207     0.912500           93        11.43
      42.431     0.925000           94        13.33
      42.815     0.937500           95        16.00
      48.575     0.943750           96        17.78
      48.575     0.950000           96        20.00
      74.943     0.956250           97        22.86
      95.167     0.962500           98        26.67
      95.167     0.968750           98        32.00
     107.839     0.971875           99        35.56
     107.839     0.975000           99        40.00
     107.839     0.978125           99        45.71
     111.999     0.981250          100        53.33
     111.999     0.984375          100        64.00
     111.999     0.985938          100        71.11
     111.999     0.987500          100        80.00
     111.999     0.989062          100        91.43
     136.191     0.990625          101       106.67
     136.191     1.000000          101          inf
#[Mean    =       35.495, StdDeviation   =       16.999]
#[Max     =      136.064, Total count    =          101]
#[Buckets =           27, SubBuckets     =         2048]
-----------------------------------------------------------------------
  219 requests in 20.00s, 45.98KB read
Requests/sec:     10.95  
Transfer/sec:      2.30KB
