Running 20s test @ http://localhost:8080/wrk2-api/post/compose
  2 threads and 2 connections

  Thread calibration: mean lat.: 34.540ms, rate sampling interval: 85ms
  Thread calibration: mean lat.: 34.198ms, rate sampling interval: 79ms

-----------------------------------------------------------------------
Test Results @ http://localhost:8080/wrk2-api/post/compose 
  Thread Stats   Avg      Stdev     99%   +/- Stdev
    Latency    32.01ms    4.42ms  47.01ms   77.45%
    Req/Sec     4.93      8.23    37.00     92.59%
  Latency Distribution (HdrHistogram - Recorded Latency)
 50.000%   30.82ms
 75.000%   33.25ms
 90.000%   37.95ms
 99.000%   47.01ms
 99.900%   48.29ms
 99.990%   48.29ms
 99.999%   48.29ms
100.000%   48.29ms

  Detailed Percentile spectrum:
       Value   Percentile   TotalCount 1/(1-Percentile)

      25.551     0.000000            1         1.00
      27.855     0.100000           11         1.11
      28.687     0.200000           21         1.25
      29.679     0.300000           31         1.43
      30.335     0.400000           42         1.67
      30.815     0.500000           51         2.00
      31.119     0.550000           58         2.22
      31.519     0.600000           62         2.50
      32.015     0.650000           67         2.86
      32.463     0.700000           72         3.33
      33.247     0.750000           77         4.00
      34.079     0.775000           80         4.44
      34.207     0.800000           82         5.00
      34.495     0.825000           85         5.71
      35.327     0.850000           87         6.67
      37.503     0.875000           90         8.00
      37.919     0.887500           91         8.89
      37.951     0.900000           92        10.00
      40.447     0.912500           94        11.43
      40.703     0.925000           95        13.33
      40.767     0.937500           96        16.00
      41.215     0.943750           97        17.78
      41.215     0.950000           97        20.00
      41.503     0.956250           98        22.86
      41.567     0.962500           99        26.67
      41.567     0.968750           99        32.00
      46.207     0.971875          100        35.56
      46.207     0.975000          100        40.00
      46.207     0.978125          100        45.71
      47.007     0.981250          101        53.33
      47.007     0.984375          101        64.00
      47.007     0.985938          101        71.11
      47.007     0.987500          101        80.00
      47.007     0.989062          101        91.43
      48.287     0.990625          102       106.67
      48.287     1.000000          102          inf
#[Mean    =       32.009, StdDeviation   =        4.417]
#[Max     =       48.256, Total count    =          102]
#[Buckets =           27, SubBuckets     =         2048]
-----------------------------------------------------------------------
  219 requests in 20.00s, 45.98KB read
Requests/sec:     10.95  
Transfer/sec:      2.30KB
