Running 20s test @ http://localhost:8080/wrk2-api/post/compose
  2 threads and 2 connections

  Thread calibration: mean lat.: 31.452ms, rate sampling interval: 73ms
  Thread calibration: mean lat.: 31.790ms, rate sampling interval: 68ms

-----------------------------------------------------------------------
Test Results @ http://localhost:8080/wrk2-api/post/compose 
  Thread Stats   Avg      Stdev     99%   +/- Stdev
    Latency    33.41ms   14.53ms 132.86ms   98.08%
    Req/Sec     4.97      8.46    29.00     94.68%
  Latency Distribution (HdrHistogram - Recorded Latency)
 50.000%   30.82ms
 75.000%   32.90ms
 90.000%   36.86ms
 99.000%  132.86ms
 99.900%  135.68ms
 99.990%  135.68ms
 99.999%  135.68ms
100.000%  135.68ms

  Detailed Percentile spectrum:
       Value   Percentile   TotalCount 1/(1-Percentile)

      25.551     0.000000            1         1.00
      27.871     0.100000           11         1.11
      28.863     0.200000           22         1.25
      29.503     0.300000           32         1.43
      30.319     0.400000           42         1.67
      30.815     0.500000           52         2.00
      31.231     0.550000           58         2.22
      31.663     0.600000           63         2.50
      32.015     0.650000           68         2.86
      32.511     0.700000           73         3.33
      32.895     0.750000           78         4.00
      33.151     0.775000           81         4.44
      33.471     0.800000           84         5.00
      33.567     0.825000           86         5.71
      33.983     0.850000           89         6.67
      35.711     0.875000           91         8.00
      35.935     0.887500           93         8.89
      36.863     0.900000           94        10.00
      37.023     0.912500           95        11.43
      38.367     0.925000           97        13.33
      38.527     0.937500           98        16.00
      39.743     0.943750           99        17.78
      39.743     0.950000           99        20.00
      40.159     0.956250          100        22.86
      43.295     0.962500          101        26.67
      43.295     0.968750          101        32.00
      47.679     0.971875          102        35.56
      47.679     0.975000          102        40.00
      47.679     0.978125          102        45.71
     132.863     0.981250          103        53.33
     132.863     0.984375          103        64.00
     132.863     0.985938          103        71.11
     132.863     0.987500          103        80.00
     132.863     0.989062          103        91.43
     135.679     0.990625          104       106.67
     135.679     1.000000          104          inf
#[Mean    =       33.413, StdDeviation   =       14.534]
#[Max     =      135.552, Total count    =          104]
#[Buckets =           27, SubBuckets     =         2048]
-----------------------------------------------------------------------
  219 requests in 20.00s, 45.98KB read
Requests/sec:     10.95  
Transfer/sec:      2.30KB
