[2025-06-18 14:29:34,302] alcaraz/INFO/locust.main: Starting Locust 2.33.2
[2025-06-18 14:29:34,303] alcaraz/INFO/locust.main: Run time limit set to 30 seconds
[2025-06-18 14:29:34,305] alcaraz/INFO/locust.runners: Ramping to 10 users at a rate of 1.00 per second
[2025-06-18 14:29:43,318] alcaraz/INFO/locust.runners: All users spawned: {"WebsiteUser": 10} (10 total users)
[2025-06-18 14:30:02,347] alcaraz/INFO/locust.main: --run-time limit reached, shutting down
[2025-06-18 14:30:02,481] alcaraz/INFO/locust.main: Shutting down (exit code 0)
Type     Name                                                                          # reqs      # fails |    Avg     Min     Max    Med |   req/s  failures/s
--------|----------------------------------------------------------------------------|-------|-------------|-------|-------|-------|-------|--------|-----------
GET      /                                                                                 13     0(0.00%) |     82      37     153     85 |    0.48        0.00
GET      /cart                                                                             11     0(0.00%) |     35      32      38     35 |    0.41        0.00
POST     /cart                                                                              6     0(0.00%) |     77      61     103     65 |    0.22        0.00
POST     /cart/checkout                                                                     2     0(0.00%) |     65      44      86     45 |    0.07        0.00
GET      /product/0PUK6V6EV0                                                                4     0(0.00%) |     42      34      67     34 |    0.15        0.00
GET      /product/1YMWWN1N4O                                                                1     0(0.00%) |     39      39      39     39 |    0.04        0.00
GET      /product/2ZYFJ3GM2N                                                                4     0(0.00%) |     36      34      39     35 |    0.15        0.00
GET      /product/66VCHSJNUP                                                                4     0(0.00%) |     37      32      50     34 |    0.15        0.00
GET      /product/6E92ZMYYFZ                                                                2     0(0.00%) |     37      36      38     36 |    0.07        0.00
GET      /product/9SIQT8TOJO                                                                4     0(0.00%) |     36      32      40     36 |    0.15        0.00
GET      /product/L9ECAV7KIM                                                                2     0(0.00%) |     33      33      33     33 |    0.07        0.00
GET      /product/LS4PSXUNUM                                                                2     0(0.00%) |     37      33      41     33 |    0.07        0.00
GET      /product/OLJCESPC7Z                                                                1     0(0.00%) |     54      54      54     54 |    0.04        0.00
POST     /setCurrency                                                                       7     0(0.00%) |     73      56     100     71 |    0.26        0.00
--------|----------------------------------------------------------------------------|-------|-------------|-------|-------|-------|-------|--------|-----------
         Aggregated                                                                        63     0(0.00%) |     55      32     153     40 |    2.33        0.00

Response time percentiles (approximated)
Type     Name                                                                                  50%    66%    75%    80%    90%    95%    98%    99%  99.9% 99.99%   100% # reqs
--------|--------------------------------------------------------------------------------|--------|------|------|------|------|------|------|------|------|------|------|------
GET      /                                                                                      85     91     92     94    120    150    150    150    150    150    150     13
GET      /cart                                                                                  35     35     36     36     38     39     39     39     39     39     39     11
POST     /cart                                                                                  77     77     94     94    100    100    100    100    100    100    100      6
POST     /cart/checkout                                                                         87     87     87     87     87     87     87     87     87     87     87      2
GET      /product/0PUK6V6EV0                                                                    35     35     67     67     67     67     67     67     67     67     67      4
GET      /product/1YMWWN1N4O                                                                    40     40     40     40     40     40     40     40     40     40     40      1
GET      /product/2ZYFJ3GM2N                                                                    37     37     40     40     40     40     40     40     40     40     40      4
GET      /product/66VCHSJNUP                                                                    34     34     50     50     50     50     50     50     50     50     50      4
GET      /product/6E92ZMYYFZ                                                                    38     38     38     38     38     38     38     38     38     38     38      2
GET      /product/9SIQT8TOJO                                                                    37     37     41     41     41     41     41     41     41     41     41      4
GET      /product/L9ECAV7KIM                                                                    34     34     34     34     34     34     34     34     34     34     34      2
GET      /product/LS4PSXUNUM                                                                    41     41     41     41     41     41     41     41     41     41     41      2
GET      /product/OLJCESPC7Z                                                                    55     55     55     55     55     55     55     55     55     55     55      1
POST     /setCurrency                                                                           71     72     78     78    100    100    100    100    100    100    100      7
--------|--------------------------------------------------------------------------------|--------|------|------|------|------|------|------|------|------|------|------|------
         Aggregated                                                                             40     65     72     78     92    100    120    150    150    150    150     63

