[2025-06-18 14:34:32,813] alcaraz/INFO/locust.main: Starting Locust 2.33.2
[2025-06-18 14:34:32,815] alcaraz/INFO/locust.main: Run time limit set to 30 seconds
[2025-06-18 14:34:32,818] alcaraz/INFO/locust.runners: Ramping to 10 users at a rate of 1.00 per second
[2025-06-18 14:34:41,833] alcaraz/INFO/locust.runners: All users spawned: {"WebsiteUser": 10} (10 total users)
[2025-06-18 14:35:00,735] alcaraz/INFO/locust.main: --run-time limit reached, shutting down
[2025-06-18 14:35:00,869] alcaraz/INFO/locust.main: Shutting down (exit code 0)
Type     Name                                                                          # reqs      # fails |    Avg     Min     Max    Med |   req/s  failures/s
--------|----------------------------------------------------------------------------|-------|-------------|-------|-------|-------|-------|--------|-----------
GET      /                                                                                  7     0(0.00%) |     85      46     106     91 |    0.27        0.00
GET      /cart                                                                              4     0(0.00%) |     39      34      52     35 |    0.16        0.00
POST     /cart                                                                              6     0(0.00%) |     73      67      88     69 |    0.24        0.00
POST     /cart/checkout                                                                     3     0(0.00%) |     45      44      46     46 |    0.12        0.00
GET      /product/0PUK6V6EV0                                                                1     0(0.00%) |     36      36      36     36 |    0.04        0.00
GET      /product/1YMWWN1N4O                                                                1     0(0.00%) |     34      34      34     34 |    0.04        0.00
GET      /product/2ZYFJ3GM2N                                                                1     0(0.00%) |     34      34      34     34 |    0.04        0.00
GET      /product/66VCHSJNUP                                                                1     0(0.00%) |     52      52      52     52 |    0.04        0.00
GET      /product/6E92ZMYYFZ                                                                3     0(0.00%) |     35      34      37     36 |    0.12        0.00
GET      /product/9SIQT8TOJO                                                                7     0(0.00%) |     35      31      45     35 |    0.27        0.00
GET      /product/L9ECAV7KIM                                                                1     0(0.00%) |     34      34      34     34 |    0.04        0.00
GET      /product/LS4PSXUNUM                                                                2     0(0.00%) |     34      34      35     35 |    0.08        0.00
GET      /product/OLJCESPC7Z                                                                1     0(0.00%) |     37      37      37     37 |    0.04        0.00
POST     /setCurrency                                                                       4     0(0.00%) |     68      62      70     69 |    0.16        0.00
--------|----------------------------------------------------------------------------|-------|-------------|-------|-------|-------|-------|--------|-----------
         Aggregated                                                                        42     0(0.00%) |     53      31     106     46 |    1.65        0.00

Response time percentiles (approximated)
Type     Name                                                                                  50%    66%    75%    80%    90%    95%    98%    99%  99.9% 99.99%   100% # reqs
--------|--------------------------------------------------------------------------------|--------|------|------|------|------|------|------|------|------|------|------|------
GET      /                                                                                      91     93    100    100    110    110    110    110    110    110    110      7
GET      /cart                                                                                  36     36     53     53     53     53     53     53     53     53     53      4
POST     /cart                                                                                  69     69     76     76     89     89     89     89     89     89     89      6
POST     /cart/checkout                                                                         46     46     47     47     47     47     47     47     47     47     47      3
GET      /product/0PUK6V6EV0                                                                    36     36     36     36     36     36     36     36     36     36     36      1
GET      /product/1YMWWN1N4O                                                                    34     34     34     34     34     34     34     34     34     34     34      1
GET      /product/2ZYFJ3GM2N                                                                    35     35     35     35     35     35     35     35     35     35     35      1
GET      /product/66VCHSJNUP                                                                    53     53     53     53     53     53     53     53     53     53     53      1
GET      /product/6E92ZMYYFZ                                                                    36     36     37     37     37     37     37     37     37     37     37      3
GET      /product/9SIQT8TOJO                                                                    35     35     37     37     46     46     46     46     46     46     46      7
GET      /product/L9ECAV7KIM                                                                    35     35     35     35     35     35     35     35     35     35     35      1
GET      /product/LS4PSXUNUM                                                                    35     35     35     35     35     35     35     35     35     35     35      2
GET      /product/OLJCESPC7Z                                                                    38     38     38     38     38     38     38     38     38     38     38      1
POST     /setCurrency                                                                           70     70     70     70     70     70     70     70     70     70     70      4
--------|--------------------------------------------------------------------------------|--------|------|------|------|------|------|------|------|------|------|------|------
         Aggregated                                                                             46     68     69     70     90     93    110    110    110    110    110     42

