[2025-06-18 14:35:05,566] alcaraz/INFO/locust.main: Starting Locust 2.33.2
[2025-06-18 14:35:05,567] alcaraz/INFO/locust.main: Run time limit set to 30 seconds
[2025-06-18 14:35:05,569] alcaraz/INFO/locust.runners: Ramping to 10 users at a rate of 1.00 per second
[2025-06-18 14:35:14,583] alcaraz/INFO/locust.runners: All users spawned: {"WebsiteUser": 10} (10 total users)
[2025-06-18 14:35:33,866] alcaraz/INFO/locust.main: --run-time limit reached, shutting down
[2025-06-18 14:35:33,994] alcaraz/INFO/locust.main: Shutting down (exit code 0)
Type     Name                                                                          # reqs      # fails |    Avg     Min     Max    Med |   req/s  failures/s
--------|----------------------------------------------------------------------------|-------|-------------|-------|-------|-------|-------|--------|-----------
GET      /                                                                                  8     0(0.00%) |    104      37     188     91 |    0.29        0.00
GET      /cart                                                                              4     0(0.00%) |     39      32      54     33 |    0.14        0.00
POST     /cart                                                                              9     0(0.00%) |     73      58      83     74 |    0.32        0.00
POST     /cart/checkout                                                                     2     0(0.00%) |     47      45      49     46 |    0.07        0.00
GET      /product/0PUK6V6EV0                                                                3     0(0.00%) |     40      36      47     38 |    0.11        0.00
GET      /product/1YMWWN1N4O                                                                4     0(0.00%) |     39      34      50     36 |    0.14        0.00
GET      /product/2ZYFJ3GM2N                                                                1     0(0.00%) |     36      36      36     36 |    0.04        0.00
GET      /product/66VCHSJNUP                                                                5     0(0.00%) |     36      33      39     36 |    0.18        0.00
GET      /product/6E92ZMYYFZ                                                                3     0(0.00%) |     37      34      39     39 |    0.11        0.00
GET      /product/9SIQT8TOJO                                                                1     0(0.00%) |     56      56      56     56 |    0.04        0.00
GET      /product/LS4PSXUNUM                                                                5     0(0.00%) |     38      34      53     36 |    0.18        0.00
GET      /product/OLJCESPC7Z                                                                2     0(0.00%) |     37      35      39     35 |    0.07        0.00
POST     /setCurrency                                                                       7     0(0.00%) |     65      55      73     72 |    0.25        0.00
--------|----------------------------------------------------------------------------|-------|-------------|-------|-------|-------|-------|--------|-----------
         Aggregated                                                                        54     0(0.00%) |     58      32     188     50 |    1.93        0.00

Response time percentiles (approximated)
Type     Name                                                                                  50%    66%    75%    80%    90%    95%    98%    99%  99.9% 99.99%   100% # reqs
--------|--------------------------------------------------------------------------------|--------|------|------|------|------|------|------|------|------|------|------|------
GET      /                                                                                      94    110    140    140    190    190    190    190    190    190    190      8
GET      /cart                                                                                  38     38     55     55     55     55     55     55     55     55     55      4
POST     /cart                                                                                  74     74     76     78     84     84     84     84     84     84     84      9
POST     /cart/checkout                                                                         50     50     50     50     50     50     50     50     50     50     50      2
GET      /product/0PUK6V6EV0                                                                    38     38     48     48     48     48     48     48     48     48     48      3
GET      /product/1YMWWN1N4O                                                                    37     37     50     50     50     50     50     50     50     50     50      4
GET      /product/2ZYFJ3GM2N                                                                    36     36     36     36     36     36     36     36     36     36     36      1
GET      /product/66VCHSJNUP                                                                    36     37     37     40     40     40     40     40     40     40     40      5
GET      /product/6E92ZMYYFZ                                                                    39     39     40     40     40     40     40     40     40     40     40      3
GET      /product/9SIQT8TOJO                                                                    57     57     57     57     57     57     57     57     57     57     57      1
GET      /product/LS4PSXUNUM                                                                    36     36     36     53     53     53     53     53     53     53     53      5
GET      /product/OLJCESPC7Z                                                                    39     39     39     39     39     39     39     39     39     39     39      2
POST     /setCurrency                                                                           72     72     72     72     73     73     73     73     73     73     73      7
--------|--------------------------------------------------------------------------------|--------|------|------|------|------|------|------|------|------|------|------|------
         Aggregated                                                                             50     71     73     74     91    110    140    190    190    190    190     54

