[2025-06-18 14:35:38,449] alcaraz/INFO/locust.main: Starting Locust 2.33.2
[2025-06-18 14:35:38,450] alcaraz/INFO/locust.main: Run time limit set to 30 seconds
[2025-06-18 14:35:38,452] alcaraz/INFO/locust.runners: Ramping to 10 users at a rate of 1.00 per second
[2025-06-18 14:35:47,468] alcaraz/INFO/locust.runners: All users spawned: {"WebsiteUser": 10} (10 total users)
[2025-06-18 14:36:06,909] alcaraz/INFO/locust.main: --run-time limit reached, shutting down
[2025-06-18 14:36:07,035] alcaraz/INFO/locust.main: Shutting down (exit code 0)
Type     Name                                                                          # reqs      # fails |    Avg     Min     Max    Med |   req/s  failures/s
--------|----------------------------------------------------------------------------|-------|-------------|-------|-------|-------|-------|--------|-----------
GET      /                                                                                  9     0(0.00%) |     79      35     130     77 |    0.32        0.00
GET      /cart                                                                              5     0(0.00%) |     40      33      50     35 |    0.18        0.00
POST     /cart                                                                              6     0(0.00%) |     76      60     106     70 |    0.22        0.00
POST     /cart/checkout                                                                     2     0(0.00%) |     45      43      46     44 |    0.07        0.00
GET      /product/0PUK6V6EV0                                                                2     0(0.00%) |     37      35      39     36 |    0.07        0.00
GET      /product/1YMWWN1N4O                                                                2     0(0.00%) |     33      32      34     33 |    0.07        0.00
GET      /product/2ZYFJ3GM2N                                                                3     0(0.00%) |     35      35      37     35 |    0.11        0.00
GET      /product/66VCHSJNUP                                                                4     0(0.00%) |     36      34      38     35 |    0.14        0.00
GET      /product/6E92ZMYYFZ                                                                4     0(0.00%) |     37      34      38     38 |    0.14        0.00
GET      /product/9SIQT8TOJO                                                                4     0(0.00%) |     39      31      51     37 |    0.14        0.00
GET      /product/L9ECAV7KIM                                                                1     0(0.00%) |     52      52      52     52 |    0.04        0.00
GET      /product/LS4PSXUNUM                                                                3     0(0.00%) |     35      32      38     37 |    0.11        0.00
GET      /product/OLJCESPC7Z                                                                2     0(0.00%) |     33      33      34     33 |    0.07        0.00
POST     /setCurrency                                                                       6     0(0.00%) |     62      53      74     60 |    0.22        0.00
--------|----------------------------------------------------------------------------|-------|-------------|-------|-------|-------|-------|--------|-----------
         Aggregated                                                                        53     0(0.00%) |     52      31     130     40 |    1.91        0.00

Response time percentiles (approximated)
Type     Name                                                                                  50%    66%    75%    80%    90%    95%    98%    99%  99.9% 99.99%   100% # reqs
--------|--------------------------------------------------------------------------------|--------|------|------|------|------|------|------|------|------|------|------|------
GET      /                                                                                      77     89     90     93    130    130    130    130    130    130    130      9
GET      /cart                                                                                  35     48     48     51     51     51     51     51     51     51     51      5
POST     /cart                                                                                  71     71     88     88    110    110    110    110    110    110    110      6
POST     /cart/checkout                                                                         46     46     46     46     46     46     46     46     46     46     46      2
GET      /product/0PUK6V6EV0                                                                    40     40     40     40     40     40     40     40     40     40     40      2
GET      /product/1YMWWN1N4O                                                                    34     34     34     34     34     34     34     34     34     34     34      2
GET      /product/2ZYFJ3GM2N                                                                    35     35     37     37     37     37     37     37     37     37     37      3
GET      /product/66VCHSJNUP                                                                    36     36     38     38     38     38     38     38     38     38     38      4
GET      /product/6E92ZMYYFZ                                                                    38     38     38     38     38     38     38     38     38     38     38      4
GET      /product/9SIQT8TOJO                                                                    38     38     52     52     52     52     52     52     52     52     52      4
GET      /product/L9ECAV7KIM                                                                    52     52     52     52     52     52     52     52     52     52     52      1
GET      /product/LS4PSXUNUM                                                                    37     37     38     38     38     38     38     38     38     38     38      3
GET      /product/OLJCESPC7Z                                                                    34     34     34     34     34     34     34     34     34     34     34      2
POST     /setCurrency                                                                           64     64     67     67     74     74     74     74     74     74     74      6
--------|--------------------------------------------------------------------------------|--------|------|------|------|------|------|------|------|------|------|------|------
         Aggregated                                                                             40     54     64     71     88     93    110    130    130    130    130     53

