[2025-06-18 14:36:10,880] alcaraz/INFO/locust.main: Starting Locust 2.33.2
[2025-06-18 14:36:10,881] alcaraz/INFO/locust.main: Run time limit set to 30 seconds
[2025-06-18 14:36:10,883] alcaraz/INFO/locust.runners: Ramping to 10 users at a rate of 1.00 per second
[2025-06-18 14:36:19,902] alcaraz/INFO/locust.runners: All users spawned: {"WebsiteUser": 10} (10 total users)
[2025-06-18 14:36:39,601] alcaraz/INFO/locust.main: --run-time limit reached, shutting down
[2025-06-18 14:36:39,725] alcaraz/INFO/locust.main: Shutting down (exit code 0)
Type     Name                                                                          # reqs      # fails |    Avg     Min     Max    Med |   req/s  failures/s
--------|----------------------------------------------------------------------------|-------|-------------|-------|-------|-------|-------|--------|-----------
GET      /                                                                                  9     0(0.00%) |     72      48      89     83 |    0.31        0.00
GET      /cart                                                                              3     0(0.00%) |     38      33      49     34 |    0.10        0.00
POST     /cart                                                                              4     0(0.00%) |     82      67     121     69 |    0.14        0.00
POST     /cart/checkout                                                                     1     0(0.00%) |     55      55      55     55 |    0.03        0.00
GET      /product/0PUK6V6EV0                                                                3     0(0.00%) |     35      35      36     36 |    0.10        0.00
GET      /product/1YMWWN1N4O                                                                4     0(0.00%) |     42      34      59     36 |    0.14        0.00
GET      /product/2ZYFJ3GM2N                                                                2     0(0.00%) |     34      33      35     34 |    0.07        0.00
GET      /product/66VCHSJNUP                                                                2     0(0.00%) |     36      35      36     36 |    0.07        0.00
GET      /product/6E92ZMYYFZ                                                                1     0(0.00%) |     34      34      34     34 |    0.03        0.00
GET      /product/9SIQT8TOJO                                                                2     0(0.00%) |     37      32      42     32 |    0.07        0.00
GET      /product/L9ECAV7KIM                                                                1     0(0.00%) |     34      34      34     34 |    0.03        0.00
GET      /product/LS4PSXUNUM                                                                1     0(0.00%) |     33      33      33     33 |    0.03        0.00
GET      /product/OLJCESPC7Z                                                                4     0(0.00%) |     35      33      37     34 |    0.14        0.00
POST     /setCurrency                                                                       5     0(0.00%) |     62      55      72     57 |    0.17        0.00
--------|----------------------------------------------------------------------------|-------|-------------|-------|-------|-------|-------|--------|-----------
         Aggregated                                                                        42     0(0.00%) |     52      32     121     43 |    1.47        0.00

Response time percentiles (approximated)
Type     Name                                                                                  50%    66%    75%    80%    90%    95%    98%    99%  99.9% 99.99%   100% # reqs
--------|--------------------------------------------------------------------------------|--------|------|------|------|------|------|------|------|------|------|------|------
GET      /                                                                                      83     86     86     86     90     90     90     90     90     90     90      9
GET      /cart                                                                                  34     34     50     50     50     50     50     50     50     50     50      3
POST     /cart                                                                                  70     70    120    120    120    120    120    120    120    120    120      4
POST     /cart/checkout                                                                         56     56     56     56     56     56     56     56     56     56     56      1
GET      /product/0PUK6V6EV0                                                                    36     36     36     36     36     36     36     36     36     36     36      3
GET      /product/1YMWWN1N4O                                                                    40     40     59     59     59     59     59     59     59     59     59      4
GET      /product/2ZYFJ3GM2N                                                                    36     36     36     36     36     36     36     36     36     36     36      2
GET      /product/66VCHSJNUP                                                                    37     37     37     37     37     37     37     37     37     37     37      2
GET      /product/6E92ZMYYFZ                                                                    34     34     34     34     34     34     34     34     34     34     34      1
GET      /product/9SIQT8TOJO                                                                    43     43     43     43     43     43     43     43     43     43     43      2
GET      /product/L9ECAV7KIM                                                                    35     35     35     35     35     35     35     35     35     35     35      1
GET      /product/LS4PSXUNUM                                                                    33     33     33     33     33     33     33     33     33     33     33      1
GET      /product/OLJCESPC7Z                                                                    37     37     38     38     38     38     38     38     38     38     38      4
POST     /setCurrency                                                                           57     71     71     73     73     73     73     73     73     73     73      5
--------|--------------------------------------------------------------------------------|--------|------|------|------|------|------|------|------|------|------|------|------
         Aggregated                                                                             49     56     69     71     86     86    120    120    120    120    120     42

