[2025-06-18 14:36:43,964] alcaraz/INFO/locust.main: Starting Locust 2.33.2
[2025-06-18 14:36:43,965] alcaraz/INFO/locust.main: Run time limit set to 30 seconds
[2025-06-18 14:36:43,967] alcaraz/INFO/locust.runners: Ramping to 10 users at a rate of 1.00 per second
[2025-06-18 14:36:52,981] alcaraz/INFO/locust.runners: All users spawned: {"WebsiteUser": 10} (10 total users)
[2025-06-18 14:37:12,421] alcaraz/INFO/locust.main: --run-time limit reached, shutting down
[2025-06-18 14:37:12,554] alcaraz/INFO/locust.main: Shutting down (exit code 0)
Type     Name                                                                          # reqs      # fails |    Avg     Min     Max    Med |   req/s  failures/s
--------|----------------------------------------------------------------------------|-------|-------------|-------|-------|-------|-------|--------|-----------
GET      /                                                                                  8     0(0.00%) |     87      42     129     86 |    0.28        0.00
GET      /cart                                                                              6     0(0.00%) |     35      32      38     35 |    0.21        0.00
POST     /cart                                                                             14     0(0.00%) |     78      58     123     74 |    0.49        0.00
POST     /cart/checkout                                                                     5     0(0.00%) |     48      43      55     47 |    0.18        0.00
GET      /product/0PUK6V6EV0                                                                5     0(0.00%) |     38      34      39     39 |    0.18        0.00
GET      /product/1YMWWN1N4O                                                                1     0(0.00%) |     35      35      35     35 |    0.04        0.00
GET      /product/2ZYFJ3GM2N                                                                4     0(0.00%) |     40      33      50     35 |    0.14        0.00
GET      /product/66VCHSJNUP                                                                2     0(0.00%) |     45      32      57     33 |    0.07        0.00
GET      /product/6E92ZMYYFZ                                                                4     0(0.00%) |     35      33      36     34 |    0.14        0.00
GET      /product/9SIQT8TOJO                                                                4     0(0.00%) |     41      32      56     34 |    0.14        0.00
GET      /product/L9ECAV7KIM                                                                2     0(0.00%) |     44      36      52     36 |    0.07        0.00
GET      /product/LS4PSXUNUM                                                                3     0(0.00%) |     37      36      38     37 |    0.11        0.00
GET      /product/OLJCESPC7Z                                                                1     0(0.00%) |     35      35      35     35 |    0.04        0.00
POST     /setCurrency                                                                       5     0(0.00%) |     69      56      80     74 |    0.18        0.00
--------|----------------------------------------------------------------------------|-------|-------------|-------|-------|-------|-------|--------|-----------
         Aggregated                                                                        64     0(0.00%) |     56      32     129     47 |    2.26        0.00

Response time percentiles (approximated)
Type     Name                                                                                  50%    66%    75%    80%    90%    95%    98%    99%  99.9% 99.99%   100% # reqs
--------|--------------------------------------------------------------------------------|--------|------|------|------|------|------|------|------|------|------|------|------
GET      /                                                                                      90     92    100    100    130    130    130    130    130    130    130      8
GET      /cart                                                                                  35     35     38     38     38     38     38     38     38     38     38      6
POST     /cart                                                                                  74     75     83     91    100    120    120    120    120    120    120     14
POST     /cart/checkout                                                                         47     53     53     56     56     56     56     56     56     56     56      5
GET      /product/0PUK6V6EV0                                                                    39     40     40     40     40     40     40     40     40     40     40      5
GET      /product/1YMWWN1N4O                                                                    36     36     36     36     36     36     36     36     36     36     36      1
GET      /product/2ZYFJ3GM2N                                                                    44     44     51     51     51     51     51     51     51     51     51      4
GET      /product/66VCHSJNUP                                                                    58     58     58     58     58     58     58     58     58     58     58      2
GET      /product/6E92ZMYYFZ                                                                    35     35     37     37     37     37     37     37     37     37     37      4
GET      /product/9SIQT8TOJO                                                                    42     42     57     57     57     57     57     57     57     57     57      4
GET      /product/L9ECAV7KIM                                                                    52     52     52     52     52     52     52     52     52     52     52      2
GET      /product/LS4PSXUNUM                                                                    37     37     39     39     39     39     39     39     39     39     39      3
GET      /product/OLJCESPC7Z                                                                    35     35     35     35     35     35     35     35     35     35     35      1
POST     /setCurrency                                                                           74     75     75     81     81     81     81     81     81     81     81      5
--------|--------------------------------------------------------------------------------|--------|------|------|------|------|------|------|------|------|------|------|------
         Aggregated                                                                             51     62     74     75     90    100    120    130    130    130    130     64

