[2025-06-18 14:37:16,999] alcaraz/INFO/locust.main: Starting Locust 2.33.2
[2025-06-18 14:37:17,000] alcaraz/INFO/locust.main: Run time limit set to 30 seconds
[2025-06-18 14:37:17,002] alcaraz/INFO/locust.runners: Ramping to 10 users at a rate of 1.00 per second
[2025-06-18 14:37:26,017] alcaraz/INFO/locust.runners: All users spawned: {"WebsiteUser": 10} (10 total users)
[2025-06-18 14:37:45,420] alcaraz/INFO/locust.main: --run-time limit reached, shutting down
[2025-06-18 14:37:45,548] alcaraz/INFO/locust.main: Shutting down (exit code 0)
Type     Name                                                                          # reqs      # fails |    Avg     Min     Max    Med |   req/s  failures/s
--------|----------------------------------------------------------------------------|-------|-------------|-------|-------|-------|-------|--------|-----------
GET      /                                                                                  7     0(0.00%) |     96      85     133     91 |    0.25        0.00
GET      /cart                                                                              3     0(0.00%) |     32      31      34     32 |    0.11        0.00
POST     /cart                                                                              3     0(0.00%) |     80      71      96     74 |    0.11        0.00
POST     /cart/checkout                                                                     2     0(0.00%) |     43      42      43     42 |    0.07        0.00
GET      /product/0PUK6V6EV0                                                                4     0(0.00%) |     37      35      39     36 |    0.14        0.00
GET      /product/1YMWWN1N4O                                                                1     0(0.00%) |     41      41      41     41 |    0.04        0.00
GET      /product/2ZYFJ3GM2N                                                                3     0(0.00%) |     33      32      35     34 |    0.11        0.00
GET      /product/66VCHSJNUP                                                                4     0(0.00%) |     37      34      38     37 |    0.14        0.00
GET      /product/6E92ZMYYFZ                                                                1     0(0.00%) |     32      32      32     32 |    0.04        0.00
GET      /product/9SIQT8TOJO                                                                2     0(0.00%) |     38      37      39     37 |    0.07        0.00
GET      /product/L9ECAV7KIM                                                                1     0(0.00%) |     32      32      32     32 |    0.04        0.00
GET      /product/LS4PSXUNUM                                                                5     0(0.00%) |     37      32      41     37 |    0.18        0.00
GET      /product/OLJCESPC7Z                                                                4     0(0.00%) |     40      33      52     37 |    0.14        0.00
POST     /setCurrency                                                                       5     0(0.00%) |     71      67      76     70 |    0.18        0.00
--------|----------------------------------------------------------------------------|-------|-------------|-------|-------|-------|-------|--------|-----------
         Aggregated                                                                        45     0(0.00%) |     53      31     133     39 |    1.60        0.00

Response time percentiles (approximated)
Type     Name                                                                                  50%    66%    75%    80%    90%    95%    98%    99%  99.9% 99.99%   100% # reqs
--------|--------------------------------------------------------------------------------|--------|------|------|------|------|------|------|------|------|------|------|------
GET      /                                                                                      91     96     96     96    130    130    130    130    130    130    130      7
GET      /cart                                                                                  32     32     35     35     35     35     35     35     35     35     35      3
POST     /cart                                                                                  74     74     97     97     97     97     97     97     97     97     97      3
POST     /cart/checkout                                                                         44     44     44     44     44     44     44     44     44     44     44      2
GET      /product/0PUK6V6EV0                                                                    38     38     39     39     39     39     39     39     39     39     39      4
GET      /product/1YMWWN1N4O                                                                    41     41     41     41     41     41     41     41     41     41     41      1
GET      /product/2ZYFJ3GM2N                                                                    34     34     35     35     35     35     35     35     35     35     35      3
GET      /product/66VCHSJNUP                                                                    39     39     39     39     39     39     39     39     39     39     39      4
GET      /product/6E92ZMYYFZ                                                                    32     32     32     32     32     32     32     32     32     32     32      1
GET      /product/9SIQT8TOJO                                                                    39     39     39     39     39     39     39     39     39     39     39      2
GET      /product/L9ECAV7KIM                                                                    33     33     33     33     33     33     33     33     33     33     33      1
GET      /product/LS4PSXUNUM                                                                    37     40     40     41     41     41     41     41     41     41     41      5
GET      /product/OLJCESPC7Z                                                                    39     39     53     53     53     53     53     53     53     53     53      4
POST     /setCurrency                                                                           70     74     74     76     76     76     76     76     76     76     76      5
--------|--------------------------------------------------------------------------------|--------|------|------|------|------|------|------|------|------|------|------|------
         Aggregated                                                                             39     53     71     76     91     96    130    130    130    130    130     45

