[2025-06-18 14:39:21,476] alcaraz/INFO/locust.main: Starting Locust 2.33.2
[2025-06-18 14:39:21,477] alcaraz/INFO/locust.main: Run time limit set to 30 seconds
[2025-06-18 14:39:21,479] alcaraz/INFO/locust.runners: Ramping to 10 users at a rate of 1.00 per second
[2025-06-18 14:39:30,497] alcaraz/INFO/locust.runners: All users spawned: {"WebsiteUser": 10} (10 total users)
[2025-06-18 14:39:49,908] alcaraz/INFO/locust.main: --run-time limit reached, shutting down
[2025-06-18 14:39:50,034] alcaraz/INFO/locust.main: Shutting down (exit code 0)
Type     Name                                                                          # reqs      # fails |    Avg     Min     Max    Med |   req/s  failures/s
--------|----------------------------------------------------------------------------|-------|-------------|-------|-------|-------|-------|--------|-----------
GET      /                                                                                 11     0(0.00%) |     89      39     135     89 |    0.41        0.00
GET      /cart                                                                              6     0(0.00%) |     37      32      51     34 |    0.22        0.00
POST     /cart                                                                             10     0(0.00%) |     70      57      99     68 |    0.37        0.00
POST     /cart/checkout                                                                     3     0(0.00%) |     44      43      45     44 |    0.11        0.00
GET      /product/0PUK6V6EV0                                                                1     0(0.00%) |     34      34      34     34 |    0.04        0.00
GET      /product/1YMWWN1N4O                                                                3     0(0.00%) |     37      36      38     37 |    0.11        0.00
GET      /product/2ZYFJ3GM2N                                                                7     0(0.00%) |     42      33      64     36 |    0.26        0.00
GET      /product/66VCHSJNUP                                                                2     0(0.00%) |     38      37      38     38 |    0.07        0.00
GET      /product/6E92ZMYYFZ                                                                4     0(0.00%) |     38      33      43     38 |    0.15        0.00
GET      /product/9SIQT8TOJO                                                                5     0(0.00%) |     36      35      37     36 |    0.19        0.00
GET      /product/L9ECAV7KIM                                                                2     0(0.00%) |     36      36      37     37 |    0.07        0.00
GET      /product/LS4PSXUNUM                                                                4     0(0.00%) |     40      35      53     36 |    0.15        0.00
GET      /product/OLJCESPC7Z                                                                3     0(0.00%) |     45      34      51     48 |    0.11        0.00
POST     /setCurrency                                                                       9     0(0.00%) |     64      52      74     63 |    0.34        0.00
--------|----------------------------------------------------------------------------|-------|-------------|-------|-------|-------|-------|--------|-----------
         Aggregated                                                                        70     0(0.00%) |     54      32     135     45 |    2.61        0.00

Response time percentiles (approximated)
Type     Name                                                                                  50%    66%    75%    80%    90%    95%    98%    99%  99.9% 99.99%   100% # reqs
--------|--------------------------------------------------------------------------------|--------|------|------|------|------|------|------|------|------|------|------|------
GET      /                                                                                      89     92     94     94    120    140    140    140    140    140    140     11
GET      /cart                                                                                  34     34     37     37     51     51     51     51     51     51     51      6
POST     /cart                                                                                  68     71     79     81     99     99     99     99     99     99     99     10
POST     /cart/checkout                                                                         44     44     45     45     45     45     45     45     45     45     45      3
GET      /product/0PUK6V6EV0                                                                    34     34     34     34     34     34     34     34     34     34     34      1
GET      /product/1YMWWN1N4O                                                                    37     37     38     38     38     38     38     38     38     38     38      3
GET      /product/2ZYFJ3GM2N                                                                    36     42     53     53     64     64     64     64     64     64     64      7
GET      /product/66VCHSJNUP                                                                    38     38     38     38     38     38     38     38     38     38     38      2
GET      /product/6E92ZMYYFZ                                                                    38     38     43     43     43     43     43     43     43     43     43      4
GET      /product/9SIQT8TOJO                                                                    36     36     36     37     37     37     37     37     37     37     37      5
GET      /product/L9ECAV7KIM                                                                    37     37     37     37     37     37     37     37     37     37     37      2
GET      /product/LS4PSXUNUM                                                                    36     36     53     53     53     53     53     53     53     53     53      4
GET      /product/OLJCESPC7Z                                                                    48     48     52     52     52     52     52     52     52     52     52      3
POST     /setCurrency                                                                           63     71     73     74     75     75     75     75     75     75     75      9
--------|--------------------------------------------------------------------------------|--------|------|------|------|------|------|------|------|------|------|------|------
         Aggregated                                                                             48     60     71     74     89     94    120    140    140    140    140     70

