[2025-06-18 14:30:07,272] alcaraz/INFO/locust.main: Starting Locust 2.33.2
[2025-06-18 14:30:07,274] alcaraz/INFO/locust.main: Run time limit set to 30 seconds
[2025-06-18 14:30:07,276] alcaraz/INFO/locust.runners: Ramping to 10 users at a rate of 1.00 per second
[2025-06-18 14:30:16,289] alcaraz/INFO/locust.runners: All users spawned: {"WebsiteUser": 10} (10 total users)
[2025-06-18 14:30:35,531] alcaraz/INFO/locust.main: --run-time limit reached, shutting down
[2025-06-18 14:30:35,662] alcaraz/INFO/locust.main: Shutting down (exit code 0)
Type     Name                                                                          # reqs      # fails |    Avg     Min     Max    Med |   req/s  failures/s
--------|----------------------------------------------------------------------------|-------|-------------|-------|-------|-------|-------|--------|-----------
GET      /                                                                                 15     0(0.00%) |     82      50     139     88 |    0.53        0.00
GET      /cart                                                                             10     0(0.00%) |     33      30      36     34 |    0.36        0.00
POST     /cart                                                                              5     0(0.00%) |     76      65     102     71 |    0.18        0.00
POST     /cart/checkout                                                                     3     0(0.00%) |     46      43      51     46 |    0.11        0.00
GET      /product/1YMWWN1N4O                                                                7     0(0.00%) |     37      32      47     35 |    0.25        0.00
GET      /product/2ZYFJ3GM2N                                                                1     0(0.00%) |     36      36      36     36 |    0.04        0.00
GET      /product/66VCHSJNUP                                                                2     0(0.00%) |     36      36      36     36 |    0.07        0.00
GET      /product/6E92ZMYYFZ                                                                9     0(0.00%) |     36      33      41     36 |    0.32        0.00
GET      /product/9SIQT8TOJO                                                                3     0(0.00%) |     34      31      38     33 |    0.11        0.00
GET      /product/L9ECAV7KIM                                                                3     0(0.00%) |     36      36      37     37 |    0.11        0.00
GET      /product/LS4PSXUNUM                                                                5     0(0.00%) |     35      33      37     36 |    0.18        0.00
GET      /product/OLJCESPC7Z                                                                4     0(0.00%) |     34      33      35     34 |    0.14        0.00
POST     /setCurrency                                                                       2     0(0.00%) |     70      69      71     70 |    0.07        0.00
--------|----------------------------------------------------------------------------|-------|-------------|-------|-------|-------|-------|--------|-----------
         Aggregated                                                                        69     0(0.00%) |     50      30     139     37 |    2.45        0.00

Response time percentiles (approximated)
Type     Name                                                                                  50%    66%    75%    80%    90%    95%    98%    99%  99.9% 99.99%   100% # reqs
--------|--------------------------------------------------------------------------------|--------|------|------|------|------|------|------|------|------|------|------|------
GET      /                                                                                      88     91     96     97    120    140    140    140    140    140    140     15
GET      /cart                                                                                  34     34     35     35     36     36     36     36     36     36     36     10
POST     /cart                                                                                  71     76     76    100    100    100    100    100    100    100    100      5
POST     /cart/checkout                                                                         46     46     51     51     51     51     51     51     51     51     51      3
GET      /product/1YMWWN1N4O                                                                    35     37     39     39     48     48     48     48     48     48     48      7
GET      /product/2ZYFJ3GM2N                                                                    36     36     36     36     36     36     36     36     36     36     36      1
GET      /product/66VCHSJNUP                                                                    36     36     36     36     36     36     36     36     36     36     36      2
GET      /product/6E92ZMYYFZ                                                                    36     37     37     39     42     42     42     42     42     42     42      9
GET      /product/9SIQT8TOJO                                                                    33     33     38     38     38     38     38     38     38     38     38      3
GET      /product/L9ECAV7KIM                                                                    37     37     38     38     38     38     38     38     38     38     38      3
GET      /product/LS4PSXUNUM                                                                    36     37     37     38     38     38     38     38     38     38     38      5
GET      /product/OLJCESPC7Z                                                                    34     34     35     35     35     35     35     35     35     35     35      4
POST     /setCurrency                                                                           72     72     72     72     72     72     72     72     72     72     72      2
--------|--------------------------------------------------------------------------------|--------|------|------|------|------|------|------|------|------|------|------|------
         Aggregated                                                                             37     48     57     71     91     97    120    140    140    140    140     69

