[2025-06-18 14:42:07,067] alcaraz/INFO/locust.main: Starting Locust 2.33.2
[2025-06-18 14:42:07,068] alcaraz/INFO/locust.main: Run time limit set to 30 seconds
[2025-06-18 14:42:07,070] alcaraz/INFO/locust.runners: Ramping to 10 users at a rate of 1.00 per second
[2025-06-18 14:42:16,087] alcaraz/INFO/locust.runners: All users spawned: {"WebsiteUser": 10} (10 total users)
[2025-06-18 14:42:35,622] alcaraz/INFO/locust.main: --run-time limit reached, shutting down
[2025-06-18 14:42:35,764] alcaraz/INFO/locust.main: Shutting down (exit code 0)
Type     Name                                                                          # reqs      # fails |    Avg     Min     Max    Med |   req/s  failures/s
--------|----------------------------------------------------------------------------|-------|-------------|-------|-------|-------|-------|--------|-----------
GET      /                                                                                 13     0(0.00%) |    127      48     503     85 |    0.46        0.00
GET      /cart                                                                              7     0(0.00%) |     38      32      44     40 |    0.25        0.00
POST     /cart                                                                              8     0(0.00%) |     85      71     120     75 |    0.28        0.00
POST     /cart/checkout                                                                     1     0(0.00%) |     43      43      43     43 |    0.04        0.00
GET      /product/0PUK6V6EV0                                                                4     0(0.00%) |     43      36      50     38 |    0.14        0.00
GET      /product/1YMWWN1N4O                                                                3     0(0.00%) |     40      37      47     37 |    0.11        0.00
GET      /product/2ZYFJ3GM2N                                                                9     0(0.00%) |     38      32      52     36 |    0.32        0.00
GET      /product/66VCHSJNUP                                                                4     0(0.00%) |     34      30      42     33 |    0.14        0.00
GET      /product/9SIQT8TOJO                                                                6     0(0.00%) |     42      35      53     36 |    0.21        0.00
GET      /product/LS4PSXUNUM                                                                4     0(0.00%) |     34      31      36     35 |    0.14        0.00
GET      /product/OLJCESPC7Z                                                                2     0(0.00%) |     34      34      34     34 |    0.07        0.00
POST     /setCurrency                                                                       4     0(0.00%) |     65      52      71     67 |    0.14        0.00
--------|----------------------------------------------------------------------------|-------|-------------|-------|-------|-------|-------|--------|-----------
         Aggregated                                                                        65     0(0.00%) |     64      30     503     46 |    2.31        0.00

Response time percentiles (approximated)
Type     Name                                                                                  50%    66%    75%    80%    90%    95%    98%    99%  99.9% 99.99%   100% # reqs
--------|--------------------------------------------------------------------------------|--------|------|------|------|------|------|------|------|------|------|------|------
GET      /                                                                                      85     89     89    140    260    500    500    500    500    500    500     13
GET      /cart                                                                                  40     40     45     45     45     45     45     45     45     45     45      7
POST     /cart                                                                                  76     89    110    110    120    120    120    120    120    120    120      8
POST     /cart/checkout                                                                         44     44     44     44     44     44     44     44     44     44     44      1
GET      /product/0PUK6V6EV0                                                                    49     49     51     51     51     51     51     51     51     51     51      4
GET      /product/1YMWWN1N4O                                                                    37     37     48     48     48     48     48     48     48     48     48      3
GET      /product/2ZYFJ3GM2N                                                                    36     36     39     50     53     53     53     53     53     53     53      9
GET      /product/66VCHSJNUP                                                                    33     33     42     42     42     42     42     42     42     42     42      4
GET      /product/9SIQT8TOJO                                                                    46     46     50     50     54     54     54     54     54     54     54      6
GET      /product/LS4PSXUNUM                                                                    36     36     37     37     37     37     37     37     37     37     37      4
GET      /product/OLJCESPC7Z                                                                    35     35     35     35     35     35     35     35     35     35     35      2
POST     /setCurrency                                                                           70     70     72     72     72     72     72     72     72     72     72      4
--------|--------------------------------------------------------------------------------|--------|------|------|------|------|------|------|------|------|------|------|------
         Aggregated                                                                             46     53     72     78     89    120    260    500    500    500    500     65

