[2025-06-18 14:42:39,986] alcaraz/INFO/locust.main: Starting Locust 2.33.2
[2025-06-18 14:42:39,987] alcaraz/INFO/locust.main: Run time limit set to 30 seconds
[2025-06-18 14:42:39,990] alcaraz/INFO/locust.runners: Ramping to 10 users at a rate of 1.00 per second
[2025-06-18 14:42:49,008] alcaraz/INFO/locust.runners: All users spawned: {"WebsiteUser": 10} (10 total users)
[2025-06-18 14:43:08,407] alcaraz/INFO/locust.main: --run-time limit reached, shutting down
[2025-06-18 14:43:08,548] alcaraz/INFO/locust.main: Shutting down (exit code 0)
Type     Name                                                                          # reqs      # fails |    Avg     Min     Max    Med |   req/s  failures/s
--------|----------------------------------------------------------------------------|-------|-------------|-------|-------|-------|-------|--------|-----------
GET      /                                                                                 15     0(0.00%) |    120      50     468     90 |    0.53        0.00
GET      /cart                                                                              7     0(0.00%) |     34      33      36     34 |    0.25        0.00
POST     /cart                                                                              3     0(0.00%) |     70      67      74     69 |    0.11        0.00
POST     /cart/checkout                                                                     1     0(0.00%) |     42      42      42     42 |    0.04        0.00
GET      /product/0PUK6V6EV0                                                                2     0(0.00%) |     43      38      48     38 |    0.07        0.00
GET      /product/1YMWWN1N4O                                                                3     0(0.00%) |     39      34      47     36 |    0.11        0.00
GET      /product/2ZYFJ3GM2N                                                                5     0(0.00%) |     36      34      38     36 |    0.18        0.00
GET      /product/66VCHSJNUP                                                                5     0(0.00%) |     39      33      52     38 |    0.18        0.00
GET      /product/6E92ZMYYFZ                                                                2     0(0.00%) |     35      33      37     34 |    0.07        0.00
GET      /product/9SIQT8TOJO                                                                4     0(0.00%) |     36      35      40     35 |    0.14        0.00
GET      /product/L9ECAV7KIM                                                                1     0(0.00%) |     35      35      35     35 |    0.04        0.00
GET      /product/LS4PSXUNUM                                                                1     0(0.00%) |     46      46      46     46 |    0.04        0.00
GET      /product/OLJCESPC7Z                                                                4     0(0.00%) |     37      35      43     36 |    0.14        0.00
POST     /setCurrency                                                                       4     0(0.00%) |     73      69      77     71 |    0.14        0.00
--------|----------------------------------------------------------------------------|-------|-------------|-------|-------|-------|-------|--------|-----------
         Aggregated                                                                        57     0(0.00%) |     63      33     468     40 |    2.02        0.00

Response time percentiles (approximated)
Type     Name                                                                                  50%    66%    75%    80%    90%    95%    98%    99%  99.9% 99.99%   100% # reqs
--------|--------------------------------------------------------------------------------|--------|------|------|------|------|------|------|------|------|------|------|------
GET      /                                                                                      90     97    160    160    170    470    470    470    470    470    470     15
GET      /cart                                                                                  34     35     36     36     36     36     36     36     36     36     36      7
POST     /cart                                                                                  69     69     75     75     75     75     75     75     75     75     75      3
POST     /cart/checkout                                                                         43     43     43     43     43     43     43     43     43     43     43      1
GET      /product/0PUK6V6EV0                                                                    49     49     49     49     49     49     49     49     49     49     49      2
GET      /product/1YMWWN1N4O                                                                    36     36     48     48     48     48     48     48     48     48     48      3
GET      /product/2ZYFJ3GM2N                                                                    36     36     36     38     38     38     38     38     38     38     38      5
GET      /product/66VCHSJNUP                                                                    38     39     39     52     52     52     52     52     52     52     52      5
GET      /product/6E92ZMYYFZ                                                                    37     37     37     37     37     37     37     37     37     37     37      2
GET      /product/9SIQT8TOJO                                                                    36     36     40     40     40     40     40     40     40     40     40      4
GET      /product/L9ECAV7KIM                                                                    36     36     36     36     36     36     36     36     36     36     36      1
GET      /product/LS4PSXUNUM                                                                    47     47     47     47     47     47     47     47     47     47     47      1
GET      /product/OLJCESPC7Z                                                                    37     37     44     44     44     44     44     44     44     44     44      4
POST     /setCurrency                                                                           74     74     78     78     78     78     78     78     78     78     78      4
--------|--------------------------------------------------------------------------------|--------|------|------|------|------|------|------|------|------|------|------|------
         Aggregated                                                                             40     53     70     75     97    160    170    470    470    470    470     57

