[2025-06-18 14:43:13,047] alcaraz/INFO/locust.main: Starting Locust 2.33.2
[2025-06-18 14:43:13,048] alcaraz/INFO/locust.main: Run time limit set to 30 seconds
[2025-06-18 14:43:13,051] alcaraz/INFO/locust.runners: Ramping to 10 users at a rate of 1.00 per second
[2025-06-18 14:43:22,067] alcaraz/INFO/locust.runners: All users spawned: {"WebsiteUser": 10} (10 total users)
[2025-06-18 14:43:41,421] alcaraz/INFO/locust.main: --run-time limit reached, shutting down
[2025-06-18 14:43:41,549] alcaraz/INFO/locust.main: Shutting down (exit code 0)
Type     Name                                                                          # reqs      # fails |    Avg     Min     Max    Med |   req/s  failures/s
--------|----------------------------------------------------------------------------|-------|-------------|-------|-------|-------|-------|--------|-----------
GET      /                                                                                 15     0(0.00%) |    121      35     424     89 |    0.53        0.00
GET      /cart                                                                              5     0(0.00%) |     38      32      52     35 |    0.18        0.00
POST     /cart                                                                              9     0(0.00%) |     80      69     128     75 |    0.32        0.00
POST     /cart/checkout                                                                     3     0(0.00%) |     47      40      57     44 |    0.11        0.00
GET      /product/0PUK6V6EV0                                                                3     0(0.00%) |     39      34      50     35 |    0.11        0.00
GET      /product/1YMWWN1N4O                                                                8     0(0.00%) |     40      34      51     38 |    0.28        0.00
GET      /product/2ZYFJ3GM2N                                                                8     0(0.00%) |     39      34      56     36 |    0.28        0.00
GET      /product/66VCHSJNUP                                                                5     0(0.00%) |     53      33     119     35 |    0.18        0.00
GET      /product/6E92ZMYYFZ                                                                3     0(0.00%) |     35      34      36     36 |    0.11        0.00
GET      /product/9SIQT8TOJO                                                                3     0(0.00%) |     45      36      51     49 |    0.11        0.00
GET      /product/L9ECAV7KIM                                                                2     0(0.00%) |     40      35      46     35 |    0.07        0.00
GET      /product/LS4PSXUNUM                                                                2     0(0.00%) |     41      36      47     36 |    0.07        0.00
GET      /product/OLJCESPC7Z                                                                5     0(0.00%) |     35      31      41     35 |    0.18        0.00
POST     /setCurrency                                                                       3     0(0.00%) |     71      69      74     71 |    0.11        0.00
--------|----------------------------------------------------------------------------|-------|-------------|-------|-------|-------|-------|--------|-----------
         Aggregated                                                                        74     0(0.00%) |     63      31     424     43 |    2.63        0.00

Response time percentiles (approximated)
Type     Name                                                                                  50%    66%    75%    80%    90%    95%    98%    99%  99.9% 99.99%   100% # reqs
--------|--------------------------------------------------------------------------------|--------|------|------|------|------|------|------|------|------|------|------|------
GET      /                                                                                      89     93    150    180    260    420    420    420    420    420    420     15
GET      /cart                                                                                  35     37     37     53     53     53     53     53     53     53     53      5
POST     /cart                                                                                  75     76     76     84    130    130    130    130    130    130    130      9
POST     /cart/checkout                                                                         44     44     58     58     58     58     58     58     58     58     58      3
GET      /product/0PUK6V6EV0                                                                    35     35     51     51     51     51     51     51     51     51     51      3
GET      /product/1YMWWN1N4O                                                                    38     39     50     50     52     52     52     52     52     52     52      8
GET      /product/2ZYFJ3GM2N                                                                    37     40     46     46     57     57     57     57     57     57     57      8
GET      /product/66VCHSJNUP                                                                    35     43     43    120    120    120    120    120    120    120    120      5
GET      /product/6E92ZMYYFZ                                                                    36     36     36     36     36     36     36     36     36     36     36      3
GET      /product/9SIQT8TOJO                                                                    49     49     52     52     52     52     52     52     52     52     52      3
GET      /product/L9ECAV7KIM                                                                    46     46     46     46     46     46     46     46     46     46     46      2
GET      /product/LS4PSXUNUM                                                                    48     48     48     48     48     48     48     48     48     48     48      2
GET      /product/OLJCESPC7Z                                                                    35     36     36     42     42     42     42     42     42     42     42      5
POST     /setCurrency                                                                           71     71     75     75     75     75     75     75     75     75     75      3
--------|--------------------------------------------------------------------------------|--------|------|------|------|------|------|------|------|------|------|------|------
         Aggregated                                                                             44     57     72     76     93    150    260    420    420    420    420     74

