[2025-06-18 14:44:18,460] alcaraz/INFO/locust.main: Starting Locust 2.33.2
[2025-06-18 14:44:18,461] alcaraz/INFO/locust.main: Run time limit set to 30 seconds
[2025-06-18 14:44:18,463] alcaraz/INFO/locust.runners: Ramping to 10 users at a rate of 1.00 per second
[2025-06-18 14:44:27,474] alcaraz/INFO/locust.runners: All users spawned: {"WebsiteUser": 10} (10 total users)
[2025-06-18 14:44:47,093] alcaraz/INFO/locust.main: --run-time limit reached, shutting down
[2025-06-18 14:44:47,224] alcaraz/INFO/locust.main: Shutting down (exit code 0)
Type     Name                                                                          # reqs      # fails |    Avg     Min     Max    Med |   req/s  failures/s
--------|----------------------------------------------------------------------------|-------|-------------|-------|-------|-------|-------|--------|-----------
GET      /                                                                                 12     0(0.00%) |    106      55     265     88 |    0.44        0.00
GET      /cart                                                                              6     0(0.00%) |     38      32      54     35 |    0.22        0.00
POST     /cart                                                                              7     0(0.00%) |     93      71     177     77 |    0.25        0.00
POST     /cart/checkout                                                                     1     0(0.00%) |     61      61      61     61 |    0.04        0.00
GET      /product/0PUK6V6EV0                                                                3     0(0.00%) |     37      35      38     38 |    0.11        0.00
GET      /product/1YMWWN1N4O                                                                2     0(0.00%) |     37      34      41     35 |    0.07        0.00
GET      /product/2ZYFJ3GM2N                                                                8     0(0.00%) |     39      33      51     36 |    0.29        0.00
GET      /product/66VCHSJNUP                                                                1     0(0.00%) |     40      40      40     40 |    0.04        0.00
GET      /product/6E92ZMYYFZ                                                                5     0(0.00%) |     37      35      40     37 |    0.18        0.00
GET      /product/9SIQT8TOJO                                                                2     0(0.00%) |     41      36      46     36 |    0.07        0.00
GET      /product/L9ECAV7KIM                                                                5     0(0.00%) |     36      34      38     37 |    0.18        0.00
GET      /product/LS4PSXUNUM                                                                5     0(0.00%) |     35      34      39     35 |    0.18        0.00
GET      /product/OLJCESPC7Z                                                                2     0(0.00%) |     33      32      33     33 |    0.07        0.00
POST     /setCurrency                                                                       6     0(0.00%) |     61      50      75     58 |    0.22        0.00
--------|----------------------------------------------------------------------------|-------|-------------|-------|-------|-------|-------|--------|-----------
         Aggregated                                                                        65     0(0.00%) |     59      32     265     40 |    2.36        0.00

Response time percentiles (approximated)
Type     Name                                                                                  50%    66%    75%    80%    90%    95%    98%    99%  99.9% 99.99%   100% # reqs
--------|--------------------------------------------------------------------------------|--------|------|------|------|------|------|------|------|------|------|------|------
GET      /                                                                                      89     90    110    110    180    270    270    270    270    270    270     12
GET      /cart                                                                                  37     37     38     38     55     55     55     55     55     55     55      6
POST     /cart                                                                                  77     80    110    110    180    180    180    180    180    180    180      7
POST     /cart/checkout                                                                         61     61     61     61     61     61     61     61     61     61     61      1
GET      /product/0PUK6V6EV0                                                                    38     38     39     39     39     39     39     39     39     39     39      3
GET      /product/1YMWWN1N4O                                                                    41     41     41     41     41     41     41     41     41     41     41      2
GET      /product/2ZYFJ3GM2N                                                                    38     39     49     49     51     51     51     51     51     51     51      8
GET      /product/66VCHSJNUP                                                                    40     40     40     40     40     40     40     40     40     40     40      1
GET      /product/6E92ZMYYFZ                                                                    37     38     38     40     40     40     40     40     40     40     40      5
GET      /product/9SIQT8TOJO                                                                    47     47     47     47     47     47     47     47     47     47     47      2
GET      /product/L9ECAV7KIM                                                                    37     37     37     38     38     38     38     38     38     38     38      5
GET      /product/LS4PSXUNUM                                                                    35     36     36     39     39     39     39     39     39     39     39      5
GET      /product/OLJCESPC7Z                                                                    34     34     34     34     34     34     34     34     34     34     34      2
POST     /setCurrency                                                                           62     62     68     68     75     75     75     75     75     75     75      6
--------|--------------------------------------------------------------------------------|--------|------|------|------|------|------|------|------|------|------|------|------
         Aggregated                                                                             40     58     72     77     90    110    180    270    270    270    270     65

