[2025-06-18 14:45:24,483] alcaraz/INFO/locust.main: Starting Locust 2.33.2
[2025-06-18 14:45:24,484] alcaraz/INFO/locust.main: Run time limit set to 30 seconds
[2025-06-18 14:45:24,486] alcaraz/INFO/locust.runners: Ramping to 10 users at a rate of 1.00 per second
[2025-06-18 14:45:33,501] alcaraz/INFO/locust.runners: All users spawned: {"WebsiteUser": 10} (10 total users)
[2025-06-18 14:45:52,872] alcaraz/INFO/locust.main: --run-time limit reached, shutting down
[2025-06-18 14:45:52,996] alcaraz/INFO/locust.main: Shutting down (exit code 0)
Type     Name                                                                          # reqs      # fails |    Avg     Min     Max    Med |   req/s  failures/s
--------|----------------------------------------------------------------------------|-------|-------------|-------|-------|-------|-------|--------|-----------
GET      /                                                                                 14     0(0.00%) |    154      41     456     92 |    0.49        0.00
GET      /cart                                                                              5     0(0.00%) |     43      32      54     46 |    0.18        0.00
POST     /cart                                                                             11     0(0.00%) |     84      69     128     75 |    0.39        0.00
POST     /cart/checkout                                                                     2     0(0.00%) |     63      52      75     52 |    0.07        0.00
GET      /product/0PUK6V6EV0                                                                1     0(0.00%) |     31      31      31     31 |    0.04        0.00
GET      /product/1YMWWN1N4O                                                                3     0(0.00%) |     39      34      45     38 |    0.11        0.00
GET      /product/2ZYFJ3GM2N                                                                3     0(0.00%) |     34      30      36     36 |    0.11        0.00
GET      /product/66VCHSJNUP                                                                4     0(0.00%) |     41      37      52     38 |    0.14        0.00
GET      /product/6E92ZMYYFZ                                                                3     0(0.00%) |     54      35      79     48 |    0.11        0.00
GET      /product/9SIQT8TOJO                                                               10     0(0.00%) |     44      32      57     38 |    0.35        0.00
GET      /product/L9ECAV7KIM                                                                3     0(0.00%) |     89      37     181     48 |    0.11        0.00
GET      /product/LS4PSXUNUM                                                                6     0(0.00%) |     41      32      69     34 |    0.21        0.00
GET      /product/OLJCESPC7Z                                                                7     0(0.00%) |     40      35      60     39 |    0.25        0.00
POST     /setCurrency                                                                       4     0(0.00%) |     88      70     136     72 |    0.14        0.00
--------|----------------------------------------------------------------------------|-------|-------------|-------|-------|-------|-------|--------|-----------
         Aggregated                                                                        76     0(0.00%) |     73      30     456     52 |    2.69        0.00

Response time percentiles (approximated)
Type     Name                                                                                  50%    66%    75%    80%    90%    95%    98%    99%  99.9% 99.99%   100% # reqs
--------|--------------------------------------------------------------------------------|--------|------|------|------|------|------|------|------|------|------|------|------
GET      /                                                                                      92    120    130    400    400    460    460    460    460    460    460     14
GET      /cart                                                                                  46     53     53     54     54     54     54     54     54     54     54      5
POST     /cart                                                                                  75     84     88     88    110    130    130    130    130    130    130     11
POST     /cart/checkout                                                                         76     76     76     76     76     76     76     76     76     76     76      2
GET      /product/0PUK6V6EV0                                                                    32     32     32     32     32     32     32     32     32     32     32      1
GET      /product/1YMWWN1N4O                                                                    38     38     45     45     45     45     45     45     45     45     45      3
GET      /product/2ZYFJ3GM2N                                                                    37     37     37     37     37     37     37     37     37     37     37      3
GET      /product/66VCHSJNUP                                                                    38     38     52     52     52     52     52     52     52     52     52      4
GET      /product/6E92ZMYYFZ                                                                    48     48     79     79     79     79     79     79     79     79     79      3
GET      /product/9SIQT8TOJO                                                                    49     51     53     53     57     57     57     57     57     57     57     10
GET      /product/L9ECAV7KIM                                                                    48     48    180    180    180    180    180    180    180    180    180      3
GET      /product/LS4PSXUNUM                                                                    38     38     43     43     70     70     70     70     70     70     70      6
GET      /product/OLJCESPC7Z                                                                    39     39     39     39     60     60     60     60     60     60     60      7
POST     /setCurrency                                                                           74     74    140    140    140    140    140    140    140    140    140      4
--------|--------------------------------------------------------------------------------|--------|------|------|------|------|------|------|------|------|------|------|------
         Aggregated                                                                             52     72     76     84    120    180    400    460    460    460    460     76

