[2025-06-18 14:45:57,442] alcaraz/INFO/locust.main: Starting Locust 2.33.2
[2025-06-18 14:45:57,443] alcaraz/INFO/locust.main: Run time limit set to 30 seconds
[2025-06-18 14:45:57,445] alcaraz/INFO/locust.runners: Ramping to 10 users at a rate of 1.00 per second
[2025-06-18 14:46:06,459] alcaraz/INFO/locust.runners: All users spawned: {"WebsiteUser": 10} (10 total users)
[2025-06-18 14:46:25,825] alcaraz/INFO/locust.main: --run-time limit reached, shutting down
[2025-06-18 14:46:25,959] alcaraz/INFO/locust.main: Shutting down (exit code 0)
Type     Name                                                                          # reqs      # fails |    Avg     Min     Max    Med |   req/s  failures/s
--------|----------------------------------------------------------------------------|-------|-------------|-------|-------|-------|-------|--------|-----------
GET      /                                                                                 15     0(0.00%) |     78      50     132     84 |    0.53        0.00
GET      /cart                                                                             11     0(0.00%) |     38      32      50     35 |    0.39        0.00
POST     /cart                                                                              4     0(0.00%) |     75      72      79     73 |    0.14        0.00
POST     /cart/checkout                                                                     1     0(0.00%) |     42      42      42     42 |    0.04        0.00
GET      /product/0PUK6V6EV0                                                                3     0(0.00%) |     38      33      43     37 |    0.11        0.00
GET      /product/1YMWWN1N4O                                                                4     0(0.00%) |     42      32      50     39 |    0.14        0.00
GET      /product/2ZYFJ3GM2N                                                                3     0(0.00%) |     45      38      51     47 |    0.11        0.00
GET      /product/66VCHSJNUP                                                                3     0(0.00%) |     46      35      53     51 |    0.11        0.00
GET      /product/6E92ZMYYFZ                                                                5     0(0.00%) |     35      34      38     36 |    0.18        0.00
GET      /product/9SIQT8TOJO                                                                3     0(0.00%) |     69      37     133     39 |    0.11        0.00
GET      /product/L9ECAV7KIM                                                                2     0(0.00%) |     45      39      51     39 |    0.07        0.00
GET      /product/LS4PSXUNUM                                                                7     0(0.00%) |     38      35      49     37 |    0.25        0.00
GET      /product/OLJCESPC7Z                                                                2     0(0.00%) |     35      35      36     35 |    0.07        0.00
POST     /setCurrency                                                                       3     0(0.00%) |     61      56      69     59 |    0.11        0.00
--------|----------------------------------------------------------------------------|-------|-------------|-------|-------|-------|-------|--------|-----------
         Aggregated                                                                        66     0(0.00%) |     53      32     133     44 |    2.31        0.00

Response time percentiles (approximated)
Type     Name                                                                                  50%    66%    75%    80%    90%    95%    98%    99%  99.9% 99.99%   100% # reqs
--------|--------------------------------------------------------------------------------|--------|------|------|------|------|------|------|------|------|------|------|------
GET      /                                                                                      84     87     90     93     95    130    130    130    130    130    130     15
GET      /cart                                                                                  35     37     42     42     51     51     51     51     51     51     51     11
POST     /cart                                                                                  76     76     80     80     80     80     80     80     80     80     80      4
POST     /cart/checkout                                                                         43     43     43     43     43     43     43     43     43     43     43      1
GET      /product/0PUK6V6EV0                                                                    37     37     44     44     44     44     44     44     44     44     44      3
GET      /product/1YMWWN1N4O                                                                    47     47     50     50     50     50     50     50     50     50     50      4
GET      /product/2ZYFJ3GM2N                                                                    47     47     51     51     51     51     51     51     51     51     51      3
GET      /product/66VCHSJNUP                                                                    51     51     53     53     53     53     53     53     53     53     53      3
GET      /product/6E92ZMYYFZ                                                                    36     37     37     38     38     38     38     38     38     38     38      5
GET      /product/9SIQT8TOJO                                                                    39     39    130    130    130    130    130    130    130    130    130      3
GET      /product/L9ECAV7KIM                                                                    51     51     51     51     51     51     51     51     51     51     51      2
GET      /product/LS4PSXUNUM                                                                    37     38     38     38     49     49     49     49     49     49     49      7
GET      /product/OLJCESPC7Z                                                                    37     37     37     37     37     37     37     37     37     37     37      2
POST     /setCurrency                                                                           59     59     70     70     70     70     70     70     70     70     70      3
--------|--------------------------------------------------------------------------------|--------|------|------|------|------|------|------|------|------|------|------|------
         Aggregated                                                                             47     52     61     73     87     93    130    130    130    130    130     66

