[2025-06-18 14:30:39,639] alcaraz/INFO/locust.main: Starting Locust 2.33.2
[2025-06-18 14:30:39,640] alcaraz/INFO/locust.main: Run time limit set to 30 seconds
[2025-06-18 14:30:39,642] alcaraz/INFO/locust.runners: Ramping to 10 users at a rate of 1.00 per second
[2025-06-18 14:30:48,656] alcaraz/INFO/locust.runners: All users spawned: {"WebsiteUser": 10} (10 total users)
[2025-06-18 14:31:08,249] alcaraz/INFO/locust.main: --run-time limit reached, shutting down
[2025-06-18 14:31:08,382] alcaraz/INFO/locust.main: Shutting down (exit code 0)
Type     Name                                                                          # reqs      # fails |    Avg     Min     Max    Med |   req/s  failures/s
--------|----------------------------------------------------------------------------|-------|-------------|-------|-------|-------|-------|--------|-----------
GET      /                                                                                 13     0(0.00%) |     85      36     141     88 |    0.46        0.00
GET      /cart                                                                              5     0(0.00%) |     46      35      52     47 |    0.18        0.00
POST     /cart                                                                              9     0(0.00%) |     85      69     137     75 |    0.32        0.00
POST     /cart/checkout                                                                     2     0(0.00%) |     46      44      49     44 |    0.07        0.00
GET      /product/0PUK6V6EV0                                                                7     0(0.00%) |     38      32      50     36 |    0.25        0.00
GET      /product/1YMWWN1N4O                                                                1     0(0.00%) |     34      34      34     34 |    0.04        0.00
GET      /product/2ZYFJ3GM2N                                                                5     0(0.00%) |     34      32      37     34 |    0.18        0.00
GET      /product/66VCHSJNUP                                                                6     0(0.00%) |     36      35      38     36 |    0.21        0.00
GET      /product/6E92ZMYYFZ                                                                4     0(0.00%) |     38      33      42     36 |    0.14        0.00
GET      /product/9SIQT8TOJO                                                                8     0(0.00%) |     37      32      44     37 |    0.28        0.00
GET      /product/L9ECAV7KIM                                                                3     0(0.00%) |     36      34      38     38 |    0.11        0.00
GET      /product/LS4PSXUNUM                                                                4     0(0.00%) |     42      35      54     37 |    0.14        0.00
GET      /product/OLJCESPC7Z                                                                2     0(0.00%) |     37      37      38     38 |    0.07        0.00
POST     /setCurrency                                                                       1     0(0.00%) |     64      64      64     64 |    0.04        0.00
--------|----------------------------------------------------------------------------|-------|-------------|-------|-------|-------|-------|--------|-----------
         Aggregated                                                                        70     0(0.00%) |     54      32     141     42 |    2.48        0.00

Response time percentiles (approximated)
Type     Name                                                                                  50%    66%    75%    80%    90%    95%    98%    99%  99.9% 99.99%   100% # reqs
--------|--------------------------------------------------------------------------------|--------|------|------|------|------|------|------|------|------|------|------|------
GET      /                                                                                      88     90     91     95    130    140    140    140    140    140    140     13
GET      /cart                                                                                  47     51     51     52     52     52     52     52     52     52     52      5
POST     /cart                                                                                  75     76     93    100    140    140    140    140    140    140    140      9
POST     /cart/checkout                                                                         49     49     49     49     49     49     49     49     49     49     49      2
GET      /product/0PUK6V6EV0                                                                    36     39     43     43     51     51     51     51     51     51     51      7
GET      /product/1YMWWN1N4O                                                                    35     35     35     35     35     35     35     35     35     35     35      1
GET      /product/2ZYFJ3GM2N                                                                    34     37     37     38     38     38     38     38     38     38     38      5
GET      /product/66VCHSJNUP                                                                    36     36     36     36     38     38     38     38     38     38     38      6
GET      /product/6E92ZMYYFZ                                                                    42     42     42     42     42     42     42     42     42     42     42      4
GET      /product/9SIQT8TOJO                                                                    37     38     44     44     44     44     44     44     44     44     44      8
GET      /product/L9ECAV7KIM                                                                    38     38     38     38     38     38     38     38     38     38     38      3
GET      /product/LS4PSXUNUM                                                                    43     43     54     54     54     54     54     54     54     54     54      4
GET      /product/OLJCESPC7Z                                                                    38     38     38     38     38     38     38     38     38     38     38      2
POST     /setCurrency                                                                           64     64     64     64     64     64     64     64     64     64     64      1
--------|--------------------------------------------------------------------------------|--------|------|------|------|------|------|------|------|------|------|------|------
         Aggregated                                                                             42     51     71     76     91    100    140    140    140    140    140     70

