[2025-06-18 14:31:45,645] alcaraz/INFO/locust.main: Starting Locust 2.33.2
[2025-06-18 14:31:45,646] alcaraz/INFO/locust.main: Run time limit set to 30 seconds
[2025-06-18 14:31:45,648] alcaraz/INFO/locust.runners: Ramping to 10 users at a rate of 1.00 per second
[2025-06-18 14:31:54,666] alcaraz/INFO/locust.runners: All users spawned: {"WebsiteUser": 10} (10 total users)
[2025-06-18 14:32:14,077] alcaraz/INFO/locust.main: --run-time limit reached, shutting down
[2025-06-18 14:32:14,208] alcaraz/INFO/locust.main: Shutting down (exit code 0)
Type     Name                                                                          # reqs      # fails |    Avg     Min     Max    Med |   req/s  failures/s
--------|----------------------------------------------------------------------------|-------|-------------|-------|-------|-------|-------|--------|-----------
GET      /                                                                                 14     0(0.00%) |    176      50     931     89 |    0.50        0.00
GET      /cart                                                                             11     0(0.00%) |    107      30     811     35 |    0.39        0.00
POST     /cart                                                                              3     0(0.00%) |     68      61      75     69 |    0.11        0.00
POST     /cart/checkout                                                                     2     0(0.00%) |     42      41      44     42 |    0.07        0.00
GET      /product/0PUK6V6EV0                                                                7     0(0.00%) |     40      32      50     39 |    0.25        0.00
GET      /product/1YMWWN1N4O                                                                4     0(0.00%) |    146      32     480     34 |    0.14        0.00
GET      /product/2ZYFJ3GM2N                                                                2     0(0.00%) |     57      33      81     34 |    0.07        0.00
GET      /product/66VCHSJNUP                                                                2     0(0.00%) |     35      33      37     33 |    0.07        0.00
GET      /product/6E92ZMYYFZ                                                                3     0(0.00%) |     43      35      50     44 |    0.11        0.00
GET      /product/9SIQT8TOJO                                                                7     0(0.00%) |     38      33      49     36 |    0.25        0.00
GET      /product/L9ECAV7KIM                                                                3     0(0.00%) |     35      35      35     35 |    0.11        0.00
GET      /product/LS4PSXUNUM                                                                1     0(0.00%) |     33      33      33     33 |    0.04        0.00
GET      /product/OLJCESPC7Z                                                                2     0(0.00%) |     50      49      52     50 |    0.07        0.00
POST     /setCurrency                                                                       3     0(0.00%) |     61      56      69     59 |    0.11        0.00
--------|----------------------------------------------------------------------------|-------|-------------|-------|-------|-------|-------|--------|-----------
         Aggregated                                                                        64     0(0.00%) |     90      30     931     44 |    2.28        0.00

Response time percentiles (approximated)
Type     Name                                                                                  50%    66%    75%    80%    90%    95%    98%    99%  99.9% 99.99%   100% # reqs
--------|--------------------------------------------------------------------------------|--------|------|------|------|------|------|------|------|------|------|------|------
GET      /                                                                                      93    110    140    290    350    930    930    930    930    930    930     14
GET      /cart                                                                                  35     36     50     50     51    810    810    810    810    810    810     11
POST     /cart                                                                                  69     69     76     76     76     76     76     76     76     76     76      3
POST     /cart/checkout                                                                         44     44     44     44     44     44     44     44     44     44     44      2
GET      /product/0PUK6V6EV0                                                                    39     41     49     49     51     51     51     51     51     51     51      7
GET      /product/1YMWWN1N4O                                                                    37     37    480    480    480    480    480    480    480    480    480      4
GET      /product/2ZYFJ3GM2N                                                                    82     82     82     82     82     82     82     82     82     82     82      2
GET      /product/66VCHSJNUP                                                                    38     38     38     38     38     38     38     38     38     38     38      2
GET      /product/6E92ZMYYFZ                                                                    44     44     51     51     51     51     51     51     51     51     51      3
GET      /product/9SIQT8TOJO                                                                    36     36     45     45     49     49     49     49     49     49     49      7
GET      /product/L9ECAV7KIM                                                                    36     36     36     36     36     36     36     36     36     36     36      3
GET      /product/LS4PSXUNUM                                                                    34     34     34     34     34     34     34     34     34     34     34      1
GET      /product/OLJCESPC7Z                                                                    52     52     52     52     52     52     52     52     52     52     52      2
POST     /setCurrency                                                                           59     59     70     70     70     70     70     70     70     70     70      3
--------|--------------------------------------------------------------------------------|--------|------|------|------|------|------|------|------|------|------|------|------
         Aggregated                                                                             45     53     69     79    110    350    810    930    930    930    930     64

