[2025-06-18 14:32:51,782] alcaraz/INFO/locust.main: Starting Locust 2.33.2
[2025-06-18 14:32:51,783] alcaraz/INFO/locust.main: Run time limit set to 30 seconds
[2025-06-18 14:32:51,785] alcaraz/INFO/locust.runners: Ramping to 10 users at a rate of 1.00 per second
[2025-06-18 14:33:00,799] alcaraz/INFO/locust.runners: All users spawned: {"WebsiteUser": 10} (10 total users)
[2025-06-18 14:33:20,198] alcaraz/INFO/locust.main: --run-time limit reached, shutting down
[2025-06-18 14:33:20,445] alcaraz/INFO/locust.main: Shutting down (exit code 0)
Type     Name                                                                          # reqs      # fails |    Avg     Min     Max    Med |   req/s  failures/s
--------|----------------------------------------------------------------------------|-------|-------------|-------|-------|-------|-------|--------|-----------
GET      /                                                                                 13     0(0.00%) |     85      35     152     83 |    0.47        0.00
GET      /cart                                                                              7     0(0.00%) |     37      32      51     36 |    0.25        0.00
POST     /cart                                                                              7     0(0.00%) |     74      67      96     71 |    0.25        0.00
POST     /cart/checkout                                                                     3     0(0.00%) |     42      40      44     43 |    0.11        0.00
GET      /product/0PUK6V6EV0                                                                6     0(0.00%) |     37      31      54     33 |    0.21        0.00
GET      /product/1YMWWN1N4O                                                                3     0(0.00%) |     39      35      47     36 |    0.11        0.00
GET      /product/2ZYFJ3GM2N                                                                3     0(0.00%) |     36      33      40     35 |    0.11        0.00
GET      /product/66VCHSJNUP                                                                4     0(0.00%) |     36      34      38     35 |    0.14        0.00
GET      /product/6E92ZMYYFZ                                                                3     0(0.00%) |     34      33      35     34 |    0.11        0.00
GET      /product/9SIQT8TOJO                                                                1     0(0.00%) |     33      33      33     33 |    0.04        0.00
GET      /product/L9ECAV7KIM                                                                1     0(0.00%) |     40      40      40     40 |    0.04        0.00
GET      /product/LS4PSXUNUM                                                                3     0(0.00%) |     35      33      37     37 |    0.11        0.00
GET      /product/OLJCESPC7Z                                                                5     0(0.00%) |     35      33      36     35 |    0.18        0.00
POST     /setCurrency                                                                       8     0(0.00%) |     67      58      77     66 |    0.29        0.00
--------|----------------------------------------------------------------------------|-------|-------------|-------|-------|-------|-------|--------|-----------
         Aggregated                                                                        67     0(0.00%) |     54      31     152     41 |    2.40        0.00

Response time percentiles (approximated)
Type     Name                                                                                  50%    66%    75%    80%    90%    95%    98%    99%  99.9% 99.99%   100% # reqs
--------|--------------------------------------------------------------------------------|--------|------|------|------|------|------|------|------|------|------|------|------
GET      /                                                                                      83     87     93     99    140    150    150    150    150    150    150     13
GET      /cart                                                                                  36     37     40     40     51     51     51     51     51     51     51      7
POST     /cart                                                                                  71     72     76     76     97     97     97     97     97     97     97      7
POST     /cart/checkout                                                                         43     43     45     45     45     45     45     45     45     45     45      3
GET      /product/0PUK6V6EV0                                                                    36     36     38     38     55     55     55     55     55     55     55      6
GET      /product/1YMWWN1N4O                                                                    36     36     48     48     48     48     48     48     48     48     48      3
GET      /product/2ZYFJ3GM2N                                                                    35     35     41     41     41     41     41     41     41     41     41      3
GET      /product/66VCHSJNUP                                                                    37     37     39     39     39     39     39     39     39     39     39      4
GET      /product/6E92ZMYYFZ                                                                    34     34     36     36     36     36     36     36     36     36     36      3
GET      /product/9SIQT8TOJO                                                                    34     34     34     34     34     34     34     34     34     34     34      1
GET      /product/L9ECAV7KIM                                                                    40     40     40     40     40     40     40     40     40     40     40      1
GET      /product/LS4PSXUNUM                                                                    37     37     37     37     37     37     37     37     37     37     37      3
GET      /product/OLJCESPC7Z                                                                    35     36     36     37     37     37     37     37     37     37     37      5
POST     /setCurrency                                                                           66     71     75     75     77     77     77     77     77     77     77      8
--------|--------------------------------------------------------------------------------|--------|------|------|------|------|------|------|------|------|------|------|------
         Aggregated                                                                             41     65     71     75     86     97    140    150    150    150    150     67

