Running 20s test @ http://localhost:8080/wrk2-api/post/compose
  2 threads and 2 connections

  Thread calibration: mean lat.: 31.983ms, rate sampling interval: 65ms
  Thread calibration: mean lat.: 32.376ms, rate sampling interval: 68ms

-----------------------------------------------------------------------
Test Results @ http://localhost:8080/wrk2-api/post/compose 
  Thread Stats   Avg      Stdev     99%   +/- Stdev
    Latency    32.29ms    7.69ms  59.49ms   93.07%
    Req/Sec     4.96      9.26    31.00     94.65%
  Latency Distribution (HdrHistogram - Recorded Latency)
 50.000%   30.13ms
 75.000%   33.02ms
 90.000%   37.47ms
 99.000%   59.49ms
 99.900%   91.33ms
 99.990%   91.33ms
 99.999%   91.33ms
100.000%   91.33ms

  Detailed Percentile spectrum:
       Value   Percentile   TotalCount 1/(1-Percentile)

      26.479     0.000000            1         1.00
      28.047     0.100000           12         1.11
      28.495     0.200000           21         1.25
      29.295     0.300000           31         1.43
      29.759     0.400000           42         1.67
      30.127     0.500000           51         2.00
      30.639     0.550000           56         2.22
      30.959     0.600000           61         2.50
      31.743     0.650000           66         2.86
      32.223     0.700000           71         3.33
      33.023     0.750000           77         4.00
      33.215     0.775000           79         4.44
      33.663     0.800000           81         5.00
      34.047     0.825000           84         5.71
      35.551     0.850000           86         6.67
      36.383     0.875000           89         8.00
      37.343     0.887500           90         8.89
      37.471     0.900000           91        10.00
      38.559     0.912500           93        11.43
      38.591     0.925000           94        13.33
      40.191     0.937500           95        16.00
      40.351     0.943750           96        17.78
      40.351     0.950000           96        20.00
      45.023     0.956250           97        22.86
      45.759     0.962500           98        26.67
      45.759     0.968750           98        32.00
      50.239     0.971875           99        35.56
      50.239     0.975000           99        40.00
      50.239     0.978125           99        45.71
      59.487     0.981250          100        53.33
      59.487     0.984375          100        64.00
      59.487     0.985938          100        71.11
      59.487     0.987500          100        80.00
      59.487     0.989062          100        91.43
      91.327     0.990625          101       106.67
      91.327     1.000000          101          inf
#[Mean    =       32.288, StdDeviation   =        7.689]
#[Max     =       91.264, Total count    =          101]
#[Buckets =           27, SubBuckets     =         2048]
-----------------------------------------------------------------------
  218 requests in 20.01s, 45.77KB read
Requests/sec:     10.90  
Transfer/sec:      2.29KB
