Running 20s test @ http://localhost:8080/wrk2-api/post/compose
  2 threads and 2 connections

  Thread calibration: mean lat.: 30.878ms, rate sampling interval: 69ms
  Thread calibration: mean lat.: 30.396ms, rate sampling interval: 66ms

-----------------------------------------------------------------------
Test Results @ http://localhost:8080/wrk2-api/post/compose 
  Thread Stats   Avg      Stdev     99%   +/- Stdev
    Latency    36.31ms   19.39ms 140.16ms   93.14%
    Req/Sec     5.05      9.12    30.00     93.20%
  Latency Distribution (HdrHistogram - Recorded Latency)
 50.000%   30.61ms
 75.000%   33.18ms
 90.000%   42.69ms
 99.000%  140.16ms
 99.900%  141.05ms
 99.990%  141.05ms
 99.999%  141.05ms
100.000%  141.05ms

  Detailed Percentile spectrum:
       Value   Percentile   TotalCount 1/(1-Percentile)

      26.271     0.000000            1         1.00
      28.351     0.100000           11         1.11
      29.039     0.200000           21         1.25
      29.487     0.300000           31         1.43
      30.063     0.400000           41         1.67
      30.607     0.500000           51         2.00
      30.911     0.550000           57         2.22
      31.343     0.600000           62         2.50
      31.983     0.650000           67         2.86
      32.735     0.700000           72         3.33
      33.183     0.750000           77         4.00
      33.375     0.775000           80         4.44
      33.759     0.800000           82         5.00
      34.527     0.825000           85         5.71
      36.511     0.850000           87         6.67
      39.711     0.875000           90         8.00
      41.983     0.887500           91         8.89
      42.687     0.900000           92        10.00
      49.407     0.912500           94        11.43
      51.807     0.925000           95        13.33
      57.951     0.937500           96        16.00
      76.351     0.943750           97        17.78
      76.351     0.950000           97        20.00
      91.455     0.956250           98        22.86
      95.999     0.962500           99        26.67
      95.999     0.968750           99        32.00
     100.223     0.971875          100        35.56
     100.223     0.975000          100        40.00
     100.223     0.978125          100        45.71
     140.159     0.981250          101        53.33
     140.159     0.984375          101        64.00
     140.159     0.985938          101        71.11
     140.159     0.987500          101        80.00
     140.159     0.989062          101        91.43
     141.055     0.990625          102       106.67
     141.055     1.000000          102          inf
#[Mean    =       36.306, StdDeviation   =       19.386]
#[Max     =      140.928, Total count    =          102]
#[Buckets =           27, SubBuckets     =         2048]
-----------------------------------------------------------------------
  219 requests in 20.00s, 45.98KB read
Requests/sec:     10.95  
Transfer/sec:      2.30KB
