Running 20s test @ http://localhost:8080/wrk2-api/post/compose
  2 threads and 2 connections

  Thread calibration: mean lat.: 30.678ms, rate sampling interval: 67ms
  Thread calibration: mean lat.: 30.550ms, rate sampling interval: 65ms

-----------------------------------------------------------------------
Test Results @ http://localhost:8080/wrk2-api/post/compose 
  Thread Stats   Avg      Stdev     99%   +/- Stdev
    Latency    34.25ms   23.02ms 131.01ms   98.00%
    Req/Sec     4.92      9.04    31.00     80.07%
  Latency Distribution (HdrHistogram - Recorded Latency)
 50.000%   30.35ms
 75.000%   32.43ms
 90.000%   37.82ms
 99.000%  131.01ms
 99.900%  237.70ms
 99.990%  237.70ms
 99.999%  237.70ms
100.000%  237.70ms

  Detailed Percentile spectrum:
       Value   Percentile   TotalCount 1/(1-Percentile)

      25.887     0.000000            1         1.00
      27.887     0.100000           11         1.11
      28.607     0.200000           20         1.25
      29.199     0.300000           30         1.43
      29.615     0.400000           41         1.67
      30.351     0.500000           50         2.00
      30.607     0.550000           55         2.22
      30.719     0.600000           60         2.50
      31.295     0.650000           65         2.86
      31.919     0.700000           70         3.33
      32.431     0.750000           75         4.00
      32.655     0.775000           79         4.44
      32.719     0.800000           80         5.00
      33.183     0.825000           83         5.71
      33.439     0.850000           85         6.67
      34.463     0.875000           88         8.00
      35.743     0.887500           89         8.89
      37.823     0.900000           90        10.00
      38.847     0.912500           92        11.43
      39.455     0.925000           93        13.33
      40.703     0.937500           94        16.00
      41.503     0.943750           95        17.78
      41.503     0.950000           95        20.00
      41.535     0.956250           96        22.86
      43.103     0.962500           97        26.67
      43.103     0.968750           97        32.00
      47.679     0.971875           98        35.56
      47.679     0.975000           98        40.00
      47.679     0.978125           98        45.71
     131.007     0.981250           99        53.33
     131.007     0.984375           99        64.00
     131.007     0.985938           99        71.11
     131.007     0.987500           99        80.00
     131.007     0.989062           99        91.43
     237.695     0.990625          100       106.67
     237.695     1.000000          100          inf
#[Mean    =       34.249, StdDeviation   =       23.018]
#[Max     =      237.568, Total count    =          100]
#[Buckets =           27, SubBuckets     =         2048]
-----------------------------------------------------------------------
  217 requests in 20.01s, 45.56KB read
Requests/sec:     10.85  
Transfer/sec:      2.28KB
