Running 20s test @ http://localhost:8080/wrk2-api/post/compose
  2 threads and 2 connections

  Thread calibration: mean lat.: 30.724ms, rate sampling interval: 66ms
  Thread calibration: mean lat.: 32.158ms, rate sampling interval: 68ms

-----------------------------------------------------------------------
Test Results @ http://localhost:8080/wrk2-api/post/compose 
  Thread Stats   Avg      Stdev     99%   +/- Stdev
    Latency    31.20ms    3.23ms  40.35ms   73.53%
    Req/Sec     4.99      9.08    30.00     94.26%
  Latency Distribution (HdrHistogram - Recorded Latency)
 50.000%   30.40ms
 75.000%   32.38ms
 90.000%   35.62ms
 99.000%   40.35ms
 99.900%   46.27ms
 99.990%   46.27ms
 99.999%   46.27ms
100.000%   46.27ms

  Detailed Percentile spectrum:
       Value   Percentile   TotalCount 1/(1-Percentile)

      25.775     0.000000            1         1.00
      27.903     0.100000           11         1.11
      28.783     0.200000           21         1.25
      29.311     0.300000           31         1.43
      29.951     0.400000           43         1.67
      30.399     0.500000           51         2.00
      30.847     0.550000           57         2.22
      31.055     0.600000           63         2.50
      31.615     0.650000           67         2.86
      31.999     0.700000           73         3.33
      32.383     0.750000           77         4.00
      32.895     0.775000           80         4.44
      33.119     0.800000           82         5.00
      33.695     0.825000           85         5.71
      34.175     0.850000           87         6.67
      35.039     0.875000           90         8.00
      35.231     0.887500           91         8.89
      35.615     0.900000           92        10.00
      35.775     0.912500           94        11.43
      37.183     0.925000           95        13.33
      37.279     0.937500           96        16.00
      37.535     0.943750           97        17.78
      37.535     0.950000           97        20.00
      37.631     0.956250           99        22.86
      37.631     0.962500           99        26.67
      37.631     0.968750           99        32.00
      39.231     0.971875          100        35.56
      39.231     0.975000          100        40.00
      39.231     0.978125          100        45.71
      40.351     0.981250          101        53.33
      40.351     0.984375          101        64.00
      40.351     0.985938          101        71.11
      40.351     0.987500          101        80.00
      40.351     0.989062          101        91.43
      46.271     0.990625          102       106.67
      46.271     1.000000          102          inf
#[Mean    =       31.199, StdDeviation   =        3.233]
#[Max     =       46.240, Total count    =          102]
#[Buckets =           27, SubBuckets     =         2048]
-----------------------------------------------------------------------
  219 requests in 20.00s, 45.98KB read
Requests/sec:     10.95  
Transfer/sec:      2.30KB
