Running 20s test @ http://localhost:8080/wrk2-api/post/compose
  2 threads and 2 connections

  Thread calibration: mean lat.: 30.432ms, rate sampling interval: 66ms
  Thread calibration: mean lat.: 30.960ms, rate sampling interval: 65ms

-----------------------------------------------------------------------
Test Results @ http://localhost:8080/wrk2-api/post/compose 
  Thread Stats   Avg      Stdev     99%   +/- Stdev
    Latency    32.27ms   11.77ms  44.16ms   98.04%
    Req/Sec     5.01      8.88    30.00     72.28%
  Latency Distribution (HdrHistogram - Recorded Latency)
 50.000%   30.35ms
 75.000%   32.40ms
 90.000%   35.90ms
 99.000%   44.16ms
 99.900%  145.28ms
 99.990%  145.28ms
 99.999%  145.28ms
100.000%  145.28ms

  Detailed Percentile spectrum:
       Value   Percentile   TotalCount 1/(1-Percentile)

      25.759     0.000000            1         1.00
      27.935     0.100000           11         1.11
      28.895     0.200000           22         1.25
      29.151     0.300000           31         1.43
      29.711     0.400000           41         1.67
      30.351     0.500000           51         2.00
      30.607     0.550000           57         2.22
      31.071     0.600000           62         2.50
      31.487     0.650000           67         2.86
      31.775     0.700000           72         3.33
      32.399     0.750000           77         4.00
      32.687     0.775000           80         4.44
      32.735     0.800000           82         5.00
      33.087     0.825000           85         5.71
      33.695     0.850000           87         6.67
      34.079     0.875000           90         8.00
      34.623     0.887500           91         8.89
      35.903     0.900000           92        10.00
      37.663     0.912500           94        11.43
      38.079     0.925000           95        13.33
      38.239     0.937500           96        16.00
      40.703     0.943750           97        17.78
      40.703     0.950000           97        20.00
      40.799     0.956250           98        22.86
      42.847     0.962500           99        26.67
      42.847     0.968750           99        32.00
      43.999     0.971875          100        35.56
      43.999     0.975000          100        40.00
      43.999     0.978125          100        45.71
      44.159     0.981250          101        53.33
      44.159     0.984375          101        64.00
      44.159     0.985938          101        71.11
      44.159     0.987500          101        80.00
      44.159     0.989062          101        91.43
     145.279     0.990625          102       106.67
     145.279     1.000000          102          inf
#[Mean    =       32.269, StdDeviation   =       11.769]
#[Max     =      145.152, Total count    =          102]
#[Buckets =           27, SubBuckets     =         2048]
-----------------------------------------------------------------------
  219 requests in 20.01s, 45.98KB read
Requests/sec:     10.95  
Transfer/sec:      2.30KB
