Running 20s test @ http://localhost:8080/wrk2-api/post/compose
  2 threads and 2 connections

  Thread calibration: mean lat.: 31.555ms, rate sampling interval: 69ms
  Thread calibration: mean lat.: 31.476ms, rate sampling interval: 69ms

-----------------------------------------------------------------------
Test Results @ http://localhost:8080/wrk2-api/post/compose 
  Thread Stats   Avg      Stdev     99%   +/- Stdev
    Latency    35.49ms   17.72ms 137.21ms   96.15%
    Req/Sec     5.03      8.57    29.00     93.75%
  Latency Distribution (HdrHistogram - Recorded Latency)
 50.000%   31.57ms
 75.000%   33.92ms
 90.000%   38.05ms
 99.000%  137.21ms
 99.900%  138.37ms
 99.990%  138.37ms
 99.999%  138.37ms
100.000%  138.37ms

  Detailed Percentile spectrum:
       Value   Percentile   TotalCount 1/(1-Percentile)

      26.143     0.000000            1         1.00
      28.831     0.100000           12         1.11
      29.183     0.200000           21         1.25
      30.063     0.300000           32         1.43
      30.719     0.400000           42         1.67
      31.567     0.500000           52         2.00
      31.967     0.550000           58         2.22
      32.367     0.600000           63         2.50
      33.023     0.650000           69         2.86
      33.567     0.700000           73         3.33
      33.919     0.750000           78         4.00
      34.239     0.775000           82         4.44
      34.463     0.800000           84         5.00
      34.975     0.825000           86         5.71
      35.807     0.850000           89         6.67
      36.575     0.875000           91         8.00
      37.887     0.887500           93         8.89
      38.047     0.900000           94        10.00
      38.239     0.912500           95        11.43
      39.679     0.925000           97        13.33
      44.415     0.937500           98        16.00
      44.607     0.943750           99        17.78
      44.607     0.950000           99        20.00
      45.727     0.956250          100        22.86
      98.943     0.962500          101        26.67
      98.943     0.968750          101        32.00
     108.351     0.971875          102        35.56
     108.351     0.975000          102        40.00
     108.351     0.978125          102        45.71
     137.215     0.981250          103        53.33
     137.215     0.984375          103        64.00
     137.215     0.985938          103        71.11
     137.215     0.987500          103        80.00
     137.215     0.989062          103        91.43
     138.367     0.990625          104       106.67
     138.367     1.000000          104          inf
#[Mean    =       35.491, StdDeviation   =       17.723]
#[Max     =      138.240, Total count    =          104]
#[Buckets =           27, SubBuckets     =         2048]
-----------------------------------------------------------------------
  219 requests in 20.00s, 45.98KB read
Requests/sec:     10.95  
Transfer/sec:      2.30KB
