Running 20s test @ http://localhost:8080/wrk2-api/post/compose
  2 threads and 2 connections

  Thread calibration: mean lat.: 31.218ms, rate sampling interval: 72ms
  Thread calibration: mean lat.: 31.082ms, rate sampling interval: 68ms

-----------------------------------------------------------------------
Test Results @ http://localhost:8080/wrk2-api/post/compose 
  Thread Stats   Avg      Stdev     99%   +/- Stdev
    Latency    77.44ms   69.74ms 256.13ms   78.22%
    Req/Sec     4.92      9.40    29.00     92.61%
  Latency Distribution (HdrHistogram - Recorded Latency)
 50.000%   33.28ms
 75.000%  127.74ms
 90.000%  191.36ms
 99.000%  256.13ms
 99.900%  277.25ms
 99.990%  277.25ms
 99.999%  277.25ms
100.000%  277.25ms

  Detailed Percentile spectrum:
       Value   Percentile   TotalCount 1/(1-Percentile)

      24.751     0.000000            1         1.00
      28.239     0.100000           11         1.11
      29.071     0.200000           21         1.25
      29.631     0.300000           31         1.43
      31.167     0.400000           41         1.67
      33.279     0.500000           51         2.00
      35.007     0.550000           56         2.22
      37.183     0.600000           61         2.50
      73.279     0.650000           67         2.86
     103.551     0.700000           71         3.33
     127.743     0.750000           76         4.00
     144.895     0.775000           79         4.44
     148.607     0.800000           82         5.00
     170.239     0.825000           84         5.71
     171.647     0.850000           86         6.67
     188.671     0.875000           89         8.00
     189.055     0.887500           90         8.89
     191.359     0.900000           91        10.00
     196.223     0.912500           93        11.43
     201.343     0.925000           94        13.33
     203.519     0.937500           95        16.00
     215.039     0.943750           96        17.78
     215.039     0.950000           96        20.00
     229.503     0.956250           97        22.86
     239.999     0.962500           99        26.67
     239.999     0.968750           99        32.00
     239.999     0.971875           99        35.56
     239.999     0.975000           99        40.00
     239.999     0.978125           99        45.71
     256.127     0.981250          100        53.33
     256.127     0.984375          100        64.00
     256.127     0.985938          100        71.11
     256.127     0.987500          100        80.00
     256.127     0.989062          100        91.43
     277.247     0.990625          101       106.67
     277.247     1.000000          101          inf
#[Mean    =       77.438, StdDeviation   =       69.744]
#[Max     =      276.992, Total count    =          101]
#[Buckets =           27, SubBuckets     =         2048]
-----------------------------------------------------------------------
  218 requests in 20.01s, 45.77KB read
Requests/sec:     10.90  
Transfer/sec:      2.29KB
