Running 20s test @ http://localhost:8080/wrk2-api/post/compose
  2 threads and 2 connections

  Thread calibration: mean lat.: 31.378ms, rate sampling interval: 70ms
  Thread calibration: mean lat.: 31.220ms, rate sampling interval: 70ms

-----------------------------------------------------------------------
Test Results @ http://localhost:8080/wrk2-api/post/compose 
  Thread Stats   Avg      Stdev     99%   +/- Stdev
    Latency    32.91ms    9.95ms  88.38ms   95.10%
    Req/Sec     5.04      9.19    28.00     92.61%
  Latency Distribution (HdrHistogram - Recorded Latency)
 50.000%   30.37ms
 75.000%   32.61ms
 90.000%   35.81ms
 99.000%   88.38ms
 99.900%   96.70ms
 99.990%   96.70ms
 99.999%   96.70ms
100.000%   96.70ms

  Detailed Percentile spectrum:
       Value   Percentile   TotalCount 1/(1-Percentile)

      26.719     0.000000            1         1.00
      28.255     0.100000           11         1.11
      29.055     0.200000           21         1.25
      29.519     0.300000           31         1.43
      29.855     0.400000           41         1.67
      30.367     0.500000           51         2.00
      30.943     0.550000           57         2.22
      31.183     0.600000           62         2.50
      31.311     0.650000           67         2.86
      32.015     0.700000           73         3.33
      32.607     0.750000           77         4.00
      33.151     0.775000           80         4.44
      33.279     0.800000           82         5.00
      33.695     0.825000           85         5.71
      34.623     0.850000           87         6.67
      34.943     0.875000           90         8.00
      35.391     0.887500           91         8.89
      35.807     0.900000           92        10.00
      38.335     0.912500           94        11.43
      38.559     0.925000           95        13.33
      39.999     0.937500           96        16.00
      40.703     0.943750           97        17.78
      40.703     0.950000           97        20.00
      44.895     0.956250           98        22.86
      55.295     0.962500           99        26.67
      55.295     0.968750           99        32.00
      67.839     0.971875          100        35.56
      67.839     0.975000          100        40.00
      67.839     0.978125          100        45.71
      88.383     0.981250          101        53.33
      88.383     0.984375          101        64.00
      88.383     0.985938          101        71.11
      88.383     0.987500          101        80.00
      88.383     0.989062          101        91.43
      96.703     0.990625          102       106.67
      96.703     1.000000          102          inf
#[Mean    =       32.910, StdDeviation   =        9.951]
#[Max     =       96.640, Total count    =          102]
#[Buckets =           27, SubBuckets     =         2048]
-----------------------------------------------------------------------
  219 requests in 20.01s, 45.98KB read
Requests/sec:     10.95  
Transfer/sec:      2.30KB
