Running 20s test @ http://localhost:8080/wrk2-api/post/compose
  2 threads and 2 connections

  Thread calibration: mean lat.: 30.541ms, rate sampling interval: 66ms
  Thread calibration: mean lat.: 30.529ms, rate sampling interval: 68ms

-----------------------------------------------------------------------
Test Results @ http://localhost:8080/wrk2-api/post/compose 
  Thread Stats   Avg      Stdev     99%   +/- Stdev
    Latency    31.95ms    7.25ms  47.46ms   93.14%
    Req/Sec     4.99      9.17    30.00     94.26%
  Latency Distribution (HdrHistogram - Recorded Latency)
 50.000%   30.25ms
 75.000%   32.90ms
 90.000%   35.01ms
 99.000%   47.46ms
 99.900%   94.85ms
 99.990%   94.85ms
 99.999%   94.85ms
100.000%   94.85ms

  Detailed Percentile spectrum:
       Value   Percentile   TotalCount 1/(1-Percentile)

      26.575     0.000000            1         1.00
      27.775     0.100000           11         1.11
      28.607     0.200000           21         1.25
      29.135     0.300000           31         1.43
      29.807     0.400000           41         1.67
      30.255     0.500000           51         2.00
      30.703     0.550000           57         2.22
      31.215     0.600000           62         2.50
      31.807     0.650000           68         2.86
      32.255     0.700000           72         3.33
      32.895     0.750000           78         4.00
      33.151     0.775000           80         4.44
      33.599     0.800000           82         5.00
      33.791     0.825000           85         5.71
      34.079     0.850000           87         6.67
      34.623     0.875000           90         8.00
      34.879     0.887500           91         8.89
      35.007     0.900000           92        10.00
      36.927     0.912500           94        11.43
      38.175     0.925000           95        13.33
      39.391     0.937500           96        16.00
      40.863     0.943750           97        17.78
      40.863     0.950000           97        20.00
      41.183     0.956250           98        22.86
      42.271     0.962500           99        26.67
      42.271     0.968750           99        32.00
      43.551     0.971875          100        35.56
      43.551     0.975000          100        40.00
      43.551     0.978125          100        45.71
      47.455     0.981250          101        53.33
      47.455     0.984375          101        64.00
      47.455     0.985938          101        71.11
      47.455     0.987500          101        80.00
      47.455     0.989062          101        91.43
      94.847     0.990625          102       106.67
      94.847     1.000000          102          inf
#[Mean    =       31.947, StdDeviation   =        7.255]
#[Max     =       94.784, Total count    =          102]
#[Buckets =           27, SubBuckets     =         2048]
-----------------------------------------------------------------------
  219 requests in 20.00s, 45.98KB read
Requests/sec:     10.95  
Transfer/sec:      2.30KB
