Running 20s test @ http://localhost:8080/wrk2-api/post/compose
  2 threads and 2 connections

  Thread calibration: mean lat.: 31.885ms, rate sampling interval: 72ms
  Thread calibration: mean lat.: 34.267ms, rate sampling interval: 71ms

-----------------------------------------------------------------------
Test Results @ http://localhost:8080/wrk2-api/post/compose 
  Thread Stats   Avg      Stdev     99%   +/- Stdev
    Latency    32.52ms   11.09ms  46.88ms   97.06%
    Req/Sec     5.02      8.98    41.00     93.88%
  Latency Distribution (HdrHistogram - Recorded Latency)
 50.000%   30.82ms
 75.000%   32.69ms
 90.000%   35.58ms
 99.000%   46.88ms
 99.900%  137.73ms
 99.990%  137.73ms
 99.999%  137.73ms
100.000%  137.73ms

  Detailed Percentile spectrum:
       Value   Percentile   TotalCount 1/(1-Percentile)

      25.855     0.000000            1         1.00
      27.823     0.100000           11         1.11
      28.895     0.200000           21         1.25
      29.615     0.300000           31         1.43
      30.223     0.400000           41         1.67
      30.815     0.500000           51         2.00
      31.135     0.550000           57         2.22
      31.407     0.600000           63         2.50
      31.567     0.650000           67         2.86
      32.239     0.700000           72         3.33
      32.687     0.750000           77         4.00
      33.023     0.775000           80         4.44
      33.471     0.800000           82         5.00
      33.759     0.825000           86         5.71
      34.367     0.850000           87         6.67
      34.591     0.875000           90         8.00
      35.583     0.887500           92         8.89
      35.583     0.900000           92        10.00
      39.231     0.912500           94        11.43
      39.583     0.925000           95        13.33
      40.095     0.937500           96        16.00
      40.191     0.943750           97        17.78
      40.191     0.950000           97        20.00
      41.023     0.956250           98        22.86
      41.247     0.962500           99        26.67
      41.247     0.968750           99        32.00
      43.807     0.971875          100        35.56
      43.807     0.975000          100        40.00
      43.807     0.978125          100        45.71
      46.879     0.981250          101        53.33
      46.879     0.984375          101        64.00
      46.879     0.985938          101        71.11
      46.879     0.987500          101        80.00
      46.879     0.989062          101        91.43
     137.727     0.990625          102       106.67
     137.727     1.000000          102          inf
#[Mean    =       32.523, StdDeviation   =       11.085]
#[Max     =      137.600, Total count    =          102]
#[Buckets =           27, SubBuckets     =         2048]
-----------------------------------------------------------------------
  219 requests in 20.00s, 45.98KB read
Requests/sec:     10.95  
Transfer/sec:      2.30KB
