Running 20s test @ http://localhost:8080/wrk2-api/post/compose
  2 threads and 2 connections

  Thread calibration: mean lat.: 30.651ms, rate sampling interval: 67ms
  Thread calibration: mean lat.: 31.665ms, rate sampling interval: 67ms

-----------------------------------------------------------------------
Test Results @ http://localhost:8080/wrk2-api/post/compose 
  Thread Stats   Avg      Stdev     99%   +/- Stdev
    Latency    31.55ms    3.14ms  41.53ms   75.49%
    Req/Sec     4.91      8.77    29.00     88.51%
  Latency Distribution (HdrHistogram - Recorded Latency)
 50.000%   31.02ms
 75.000%   32.75ms
 90.000%   35.46ms
 99.000%   41.53ms
 99.900%   42.01ms
 99.990%   42.01ms
 99.999%   42.01ms
100.000%   42.01ms

  Detailed Percentile spectrum:
       Value   Percentile   TotalCount 1/(1-Percentile)

      26.351     0.000000            1         1.00
      28.207     0.100000           11         1.11
      29.359     0.200000           22         1.25
      29.887     0.300000           32         1.43
      30.511     0.400000           41         1.67
      31.023     0.500000           51         2.00
      31.199     0.550000           58         2.22
      31.503     0.600000           62         2.50
      31.887     0.650000           67         2.86
      32.399     0.700000           72         3.33
      32.751     0.750000           77         4.00
      33.055     0.775000           81         4.44
      33.087     0.800000           82         5.00
      33.631     0.825000           85         5.71
      33.919     0.850000           88         6.67
      34.847     0.875000           90         8.00
      35.263     0.887500           91         8.89
      35.455     0.900000           92        10.00
      36.479     0.912500           94        11.43
      36.831     0.925000           95        13.33
      38.239     0.937500           96        16.00
      38.719     0.943750           97        17.78
      38.719     0.950000           97        20.00
      39.615     0.956250           98        22.86
      40.063     0.962500           99        26.67
      40.063     0.968750           99        32.00
      40.511     0.971875          100        35.56
      40.511     0.975000          100        40.00
      40.511     0.978125          100        45.71
      41.535     0.981250          101        53.33
      41.535     0.984375          101        64.00
      41.535     0.985938          101        71.11
      41.535     0.987500          101        80.00
      41.535     0.989062          101        91.43
      42.015     0.990625          102       106.67
      42.015     1.000000          102          inf
#[Mean    =       31.554, StdDeviation   =        3.140]
#[Max     =       41.984, Total count    =          102]
#[Buckets =           27, SubBuckets     =         2048]
-----------------------------------------------------------------------
  219 requests in 20.00s, 45.98KB read
Requests/sec:     10.95  
Transfer/sec:      2.30KB
