Running 20s test @ http://localhost:8080/wrk2-api/post/compose
  2 threads and 2 connections

  Thread calibration: mean lat.: 33.264ms, rate sampling interval: 69ms
  Thread calibration: mean lat.: 35.976ms, rate sampling interval: 74ms

-----------------------------------------------------------------------
Test Results @ http://localhost:8080/wrk2-api/post/compose 
  Thread Stats   Avg      Stdev     99%   +/- Stdev
    Latency    31.18ms    3.34ms  41.98ms   80.39%
    Req/Sec     4.97      8.62    40.00     94.96%
  Latency Distribution (HdrHistogram - Recorded Latency)
 50.000%   30.67ms
 75.000%   32.30ms
 90.000%   35.04ms
 99.000%   41.98ms
 99.900%   42.59ms
 99.990%   42.59ms
 99.999%   42.59ms
100.000%   42.59ms

  Detailed Percentile spectrum:
       Value   Percentile   TotalCount 1/(1-Percentile)

      25.215     0.000000            1         1.00
      28.175     0.100000           11         1.11
      28.799     0.200000           21         1.25
      29.551     0.300000           31         1.43
      30.063     0.400000           41         1.67
      30.671     0.500000           51         2.00
      31.167     0.550000           57         2.22
      31.327     0.600000           63         2.50
      31.615     0.650000           69         2.86
      31.743     0.700000           72         3.33
      32.303     0.750000           77         4.00
      32.479     0.775000           80         4.44
      32.863     0.800000           82         5.00
      33.311     0.825000           86         5.71
      33.439     0.850000           87         6.67
      34.207     0.875000           90         8.00
      34.463     0.887500           91         8.89
      35.039     0.900000           92        10.00
      36.191     0.912500           94        11.43
      36.351     0.925000           95        13.33
      36.447     0.937500           96        16.00
      38.655     0.943750           98        17.78
      38.655     0.950000           98        20.00
      38.655     0.956250           98        22.86
      41.663     0.962500           99        26.67
      41.663     0.968750           99        32.00
      41.951     0.971875          100        35.56
      41.951     0.975000          100        40.00
      41.951     0.978125          100        45.71
      41.983     0.981250          101        53.33
      41.983     0.984375          101        64.00
      41.983     0.985938          101        71.11
      41.983     0.987500          101        80.00
      41.983     0.989062          101        91.43
      42.591     0.990625          102       106.67
      42.591     1.000000          102          inf
#[Mean    =       31.182, StdDeviation   =        3.342]
#[Max     =       42.560, Total count    =          102]
#[Buckets =           27, SubBuckets     =         2048]
-----------------------------------------------------------------------
  219 requests in 20.00s, 45.98KB read
Requests/sec:     10.95  
Transfer/sec:      2.30KB
