Running 20s test @ http://localhost:8080/wrk2-api/post/compose
  2 threads and 2 connections

  Thread calibration: mean lat.: 62.716ms, rate sampling interval: 296ms
  Thread calibration: mean lat.: 56.922ms, rate sampling interval: 286ms

-----------------------------------------------------------------------
Test Results @ http://localhost:8080/wrk2-api/post/compose 
  Thread Stats   Avg      Stdev     99%   +/- Stdev
    Latency    32.65ms    6.00ms  61.98ms   93.14%
    Req/Sec     4.66      4.77    17.00     95.52%
  Latency Distribution (HdrHistogram - Recorded Latency)
 50.000%   31.12ms
 75.000%   32.62ms
 90.000%   36.48ms
 99.000%   61.98ms
 99.900%   65.79ms
 99.990%   65.79ms
 99.999%   65.79ms
100.000%   65.79ms

  Detailed Percentile spectrum:
       Value   Percentile   TotalCount 1/(1-Percentile)

      27.199     0.000000            1         1.00
      28.751     0.100000           11         1.11
      29.599     0.200000           21         1.25
      30.127     0.300000           31         1.43
      30.671     0.400000           41         1.67
      31.119     0.500000           51         2.00
      31.535     0.550000           57         2.22
      31.871     0.600000           62         2.50
      31.967     0.650000           67         2.86
      32.303     0.700000           72         3.33
      32.623     0.750000           77         4.00
      33.151     0.775000           80         4.44
      34.015     0.800000           82         5.00
      34.367     0.825000           85         5.71
      34.463     0.850000           87         6.67
      34.879     0.875000           90         8.00
      35.167     0.887500           91         8.89
      36.479     0.900000           92        10.00
      37.471     0.912500           94        11.43
      38.367     0.925000           95        13.33
      41.407     0.937500           96        16.00
      44.639     0.943750           98        17.78
      44.639     0.950000           98        20.00
      44.639     0.956250           98        22.86
      48.063     0.962500           99        26.67
      48.063     0.968750           99        32.00
      54.079     0.971875          100        35.56
      54.079     0.975000          100        40.00
      54.079     0.978125          100        45.71
      61.983     0.981250          101        53.33
      61.983     0.984375          101        64.00
      61.983     0.985938          101        71.11
      61.983     0.987500          101        80.00
      61.983     0.989062          101        91.43
      65.791     0.990625          102       106.67
      65.791     1.000000          102          inf
#[Mean    =       32.654, StdDeviation   =        5.995]
#[Max     =       65.728, Total count    =          102]
#[Buckets =           27, SubBuckets     =         2048]
-----------------------------------------------------------------------
  219 requests in 20.00s, 45.98KB read
Requests/sec:     10.95  
Transfer/sec:      2.30KB
