Running 20s test @ http://localhost:8080/wrk2-api/post/compose
  2 threads and 2 connections

  Thread calibration: mean lat.: 31.683ms, rate sampling interval: 69ms
  Thread calibration: mean lat.: 37.185ms, rate sampling interval: 69ms

-----------------------------------------------------------------------
Test Results @ http://localhost:8080/wrk2-api/post/compose 
  Thread Stats   Avg      Stdev     99%   +/- Stdev
    Latency    31.75ms    4.41ms  49.12ms   85.29%
    Req/Sec     4.94      8.49    29.00     94.10%
  Latency Distribution (HdrHistogram - Recorded Latency)
 50.000%   30.42ms
 75.000%   32.83ms
 90.000%   36.22ms
 99.000%   49.12ms
 99.900%   50.85ms
 99.990%   50.85ms
 99.999%   50.85ms
100.000%   50.85ms

  Detailed Percentile spectrum:
       Value   Percentile   TotalCount 1/(1-Percentile)

      26.511     0.000000            1         1.00
      28.031     0.100000           11         1.11
      28.751     0.200000           21         1.25
      29.503     0.300000           32         1.43
      29.919     0.400000           42         1.67
      30.415     0.500000           51         2.00
      31.007     0.550000           57         2.22
      31.455     0.600000           62         2.50
      32.047     0.650000           67         2.86
      32.447     0.700000           72         3.33
      32.831     0.750000           77         4.00
      33.151     0.775000           80         4.44
      33.247     0.800000           82         5.00
      33.791     0.825000           86         5.71
      33.919     0.850000           87         6.67
      35.423     0.875000           90         8.00
      36.127     0.887500           91         8.89
      36.223     0.900000           92        10.00
      36.959     0.912500           94        11.43
      38.527     0.925000           95        13.33
      41.695     0.937500           96        16.00
      41.823     0.943750           97        17.78
      41.823     0.950000           97        20.00
      41.951     0.956250           98        22.86
      43.999     0.962500           99        26.67
      43.999     0.968750           99        32.00
      45.951     0.971875          100        35.56
      45.951     0.975000          100        40.00
      45.951     0.978125          100        45.71
      49.119     0.981250          101        53.33
      49.119     0.984375          101        64.00
      49.119     0.985938          101        71.11
      49.119     0.987500          101        80.00
      49.119     0.989062          101        91.43
      50.847     0.990625          102       106.67
      50.847     1.000000          102          inf
#[Mean    =       31.750, StdDeviation   =        4.407]
#[Max     =       50.816, Total count    =          102]
#[Buckets =           27, SubBuckets     =         2048]
-----------------------------------------------------------------------
  219 requests in 20.01s, 45.98KB read
Requests/sec:     10.95  
Transfer/sec:      2.30KB
