Running 20s test @ http://localhost:8080/wrk2-api/post/compose
  2 threads and 2 connections

  Thread calibration: mean lat.: 31.496ms, rate sampling interval: 68ms
  Thread calibration: mean lat.: 30.424ms, rate sampling interval: 66ms

-----------------------------------------------------------------------
Test Results @ http://localhost:8080/wrk2-api/post/compose 
  Thread Stats   Avg      Stdev     99%   +/- Stdev
    Latency    31.98ms    3.71ms  44.38ms   80.39%
    Req/Sec     4.96      8.93    44.00     84.80%
  Latency Distribution (HdrHistogram - Recorded Latency)
 50.000%   31.02ms
 75.000%   32.69ms
 90.000%   36.38ms
 99.000%   44.38ms
 99.900%   46.49ms
 99.990%   46.49ms
 99.999%   46.49ms
100.000%   46.49ms

  Detailed Percentile spectrum:
       Value   Percentile   TotalCount 1/(1-Percentile)

      26.367     0.000000            1         1.00
      28.559     0.100000           11         1.11
      29.567     0.200000           21         1.25
      29.999     0.300000           31         1.43
      30.735     0.400000           41         1.67
      31.023     0.500000           51         2.00
      31.519     0.550000           57         2.22
      31.871     0.600000           63         2.50
      32.207     0.650000           67         2.86
      32.383     0.700000           72         3.33
      32.687     0.750000           78         4.00
      32.895     0.775000           80         4.44
      33.567     0.800000           82         5.00
      34.175     0.825000           85         5.71
      34.367     0.850000           87         6.67
      35.519     0.875000           90         8.00
      35.935     0.887500           91         8.89
      36.383     0.900000           92        10.00
      38.143     0.912500           94        11.43
      38.335     0.925000           95        13.33
      39.551     0.937500           96        16.00
      40.223     0.943750           97        17.78
      40.223     0.950000           97        20.00
      41.407     0.956250           98        22.86
      41.535     0.962500           99        26.67
      41.535     0.968750           99        32.00
      44.287     0.971875          100        35.56
      44.287     0.975000          100        40.00
      44.287     0.978125          100        45.71
      44.383     0.981250          101        53.33
      44.383     0.984375          101        64.00
      44.383     0.985938          101        71.11
      44.383     0.987500          101        80.00
      44.383     0.989062          101        91.43
      46.495     0.990625          102       106.67
      46.495     1.000000          102          inf
#[Mean    =       31.975, StdDeviation   =        3.707]
#[Max     =       46.464, Total count    =          102]
#[Buckets =           27, SubBuckets     =         2048]
-----------------------------------------------------------------------
  219 requests in 20.01s, 45.98KB read
Requests/sec:     10.95  
Transfer/sec:      2.30KB
