Running 20s test @ http://localhost:8080/wrk2-api/post/compose
  2 threads and 2 connections

  Thread calibration: mean lat.: 30.416ms, rate sampling interval: 67ms
  Thread calibration: mean lat.: 31.162ms, rate sampling interval: 66ms

-----------------------------------------------------------------------
Test Results @ http://localhost:8080/wrk2-api/post/compose 
  Thread Stats   Avg      Stdev     99%   +/- Stdev
    Latency    37.80ms   37.28ms 279.81ms   96.08%
    Req/Sec     4.97      8.99    30.00     81.88%
  Latency Distribution (HdrHistogram - Recorded Latency)
 50.000%   29.92ms
 75.000%   33.31ms
 90.000%   38.75ms
 99.000%  279.81ms
 99.900%  291.58ms
 99.990%  291.58ms
 99.999%  291.58ms
100.000%  291.58ms

  Detailed Percentile spectrum:
       Value   Percentile   TotalCount 1/(1-Percentile)

      25.583     0.000000            1         1.00
      26.927     0.100000           11         1.11
      28.079     0.200000           21         1.25
      28.751     0.300000           31         1.43
      29.295     0.400000           42         1.67
      29.919     0.500000           51         2.00
      30.399     0.550000           57         2.22
      30.815     0.600000           62         2.50
      31.871     0.650000           67         2.86
      32.431     0.700000           72         3.33
      33.311     0.750000           77         4.00
      34.175     0.775000           80         4.44
      35.007     0.800000           82         5.00
      35.295     0.825000           85         5.71
      35.551     0.850000           87         6.67
      36.415     0.875000           90         8.00
      37.439     0.887500           91         8.89
      38.751     0.900000           92        10.00
      41.567     0.912500           94        11.43
      42.751     0.925000           95        13.33
      43.871     0.937500           96        16.00
      45.503     0.943750           97        17.78
      45.503     0.950000           97        20.00
      66.047     0.956250           98        22.86
      82.111     0.962500           99        26.67
      82.111     0.968750           99        32.00
     137.727     0.971875          100        35.56
     137.727     0.975000          100        40.00
     137.727     0.978125          100        45.71
     279.807     0.981250          101        53.33
     279.807     0.984375          101        64.00
     279.807     0.985938          101        71.11
     279.807     0.987500          101        80.00
     279.807     0.989062          101        91.43
     291.583     0.990625          102       106.67
     291.583     1.000000          102          inf
#[Mean    =       37.797, StdDeviation   =       37.280]
#[Max     =      291.328, Total count    =          102]
#[Buckets =           27, SubBuckets     =         2048]
-----------------------------------------------------------------------
  219 requests in 20.00s, 45.98KB read
Requests/sec:     10.95  
Transfer/sec:      2.30KB
