Running 20s test @ http://localhost:8080/wrk2-api/post/compose
  2 threads and 2 connections

  Thread calibration: mean lat.: 31.905ms, rate sampling interval: 72ms
  Thread calibration: mean lat.: 36.749ms, rate sampling interval: 82ms

-----------------------------------------------------------------------
Test Results @ http://localhost:8080/wrk2-api/post/compose 
  Thread Stats   Avg      Stdev     99%   +/- Stdev
    Latency    32.93ms    3.89ms  45.79ms   76.47%
    Req/Sec     4.96      8.36    27.00     93.05%
  Latency Distribution (HdrHistogram - Recorded Latency)
 50.000%   32.14ms
 75.000%   34.69ms
 90.000%   37.82ms
 99.000%   45.79ms
 99.900%   45.98ms
 99.990%   45.98ms
 99.999%   45.98ms
100.000%   45.98ms

  Detailed Percentile spectrum:
       Value   Percentile   TotalCount 1/(1-Percentile)

      26.847     0.000000            1         1.00
      29.071     0.100000           11         1.11
      29.727     0.200000           22         1.25
      30.591     0.300000           31         1.43
      31.263     0.400000           41         1.67
      32.143     0.500000           52         2.00
      32.767     0.550000           57         2.22
      32.991     0.600000           62         2.50
      33.343     0.650000           67         2.86
      33.983     0.700000           72         3.33
      34.687     0.750000           77         4.00
      35.391     0.775000           80         4.44
      35.583     0.800000           82         5.00
      36.287     0.825000           85         5.71
      36.511     0.850000           87         6.67
      37.279     0.875000           90         8.00
      37.311     0.887500           91         8.89
      37.823     0.900000           92        10.00
      38.495     0.912500           94        11.43
      38.559     0.925000           95        13.33
      40.671     0.937500           96        16.00
      40.895     0.943750           97        17.78
      40.895     0.950000           97        20.00
      41.087     0.956250           98        22.86
      42.399     0.962500           99        26.67
      42.399     0.968750           99        32.00
      44.735     0.971875          100        35.56
      44.735     0.975000          100        40.00
      44.735     0.978125          100        45.71
      45.791     0.981250          101        53.33
      45.791     0.984375          101        64.00
      45.791     0.985938          101        71.11
      45.791     0.987500          101        80.00
      45.791     0.989062          101        91.43
      45.983     0.990625          102       106.67
      45.983     1.000000          102          inf
#[Mean    =       32.925, StdDeviation   =        3.894]
#[Max     =       45.952, Total count    =          102]
#[Buckets =           27, SubBuckets     =         2048]
-----------------------------------------------------------------------
  219 requests in 20.00s, 45.98KB read
Requests/sec:     10.95  
Transfer/sec:      2.30KB
