Running 20s test @ http://localhost:8080/wrk2-api/post/compose
  2 threads and 2 connections

  Thread calibration: mean lat.: 31.720ms, rate sampling interval: 68ms
  Thread calibration: mean lat.: 31.593ms, rate sampling interval: 73ms

-----------------------------------------------------------------------
Test Results @ http://localhost:8080/wrk2-api/post/compose 
  Thread Stats   Avg      Stdev     99%   +/- Stdev
    Latency    34.74ms   16.18ms 135.55ms   96.15%
    Req/Sec     5.02      9.24    29.00     94.33%
  Latency Distribution (HdrHistogram - Recorded Latency)
 50.000%   31.20ms
 75.000%   33.57ms
 90.000%   37.44ms
 99.000%  135.55ms
 99.900%  137.60ms
 99.990%  137.60ms
 99.999%  137.60ms
100.000%  137.60ms

  Detailed Percentile spectrum:
       Value   Percentile   TotalCount 1/(1-Percentile)

      25.231     0.000000            1         1.00
      28.239     0.100000           11         1.11
      29.023     0.200000           21         1.25
      29.999     0.300000           32         1.43
      30.399     0.400000           42         1.67
      31.199     0.500000           52         2.00
      31.903     0.550000           58         2.22
      32.239     0.600000           63         2.50
      32.447     0.650000           68         2.86
      32.959     0.700000           73         3.33
      33.567     0.750000           78         4.00
      33.855     0.775000           81         4.44
      34.335     0.800000           85         5.00
      34.623     0.825000           86         5.71
      35.743     0.850000           89         6.67
      36.863     0.875000           91         8.00
      37.439     0.887500           94         8.89
      37.439     0.900000           94        10.00
      37.503     0.912500           96        11.43
      41.567     0.925000           97        13.33
      42.175     0.937500           98        16.00
      44.095     0.943750           99        17.78
      44.095     0.950000           99        20.00
      49.759     0.956250          100        22.86
      79.423     0.962500          101        26.67
      79.423     0.968750          101        32.00
      82.047     0.971875          102        35.56
      82.047     0.975000          102        40.00
      82.047     0.978125          102        45.71
     135.551     0.981250          103        53.33
     135.551     0.984375          103        64.00
     135.551     0.985938          103        71.11
     135.551     0.987500          103        80.00
     135.551     0.989062          103        91.43
     137.599     0.990625          104       106.67
     137.599     1.000000          104          inf
#[Mean    =       34.739, StdDeviation   =       16.180]
#[Max     =      137.472, Total count    =          104]
#[Buckets =           27, SubBuckets     =         2048]
-----------------------------------------------------------------------
  219 requests in 20.00s, 45.98KB read
Requests/sec:     10.95  
Transfer/sec:      2.30KB
