[2025-06-18 12:54:58,761] alcaraz/INFO/locust.main: Starting Locust 2.33.2
[2025-06-18 12:54:58,762] alcaraz/INFO/locust.main: Run time limit set to 30 seconds
[2025-06-18 12:54:58,764] alcaraz/INFO/locust.runners: Ramping to 10 users at a rate of 1.00 per second
[2025-06-18 12:55:07,776] alcaraz/INFO/locust.runners: All users spawned: {"WebsiteUser": 10} (10 total users)
[2025-06-18 12:55:27,051] alcaraz/INFO/locust.main: --run-time limit reached, shutting down
[2025-06-18 12:55:27,175] alcaraz/INFO/locust.main: Shutting down (exit code 0)
Type     Name                                                                          # reqs      # fails |    Avg     Min     Max    Med |   req/s  failures/s
--------|----------------------------------------------------------------------------|-------|-------------|-------|-------|-------|-------|--------|-----------
GET      /                                                                                 10     0(0.00%) |     88      70     144     84 |    0.36        0.00
GET      /cart                                                                              4     0(0.00%) |     51      33      96     37 |    0.14        0.00
POST     /cart                                                                             10     0(0.00%) |     83      55     137     72 |    0.36        0.00
POST     /cart/checkout                                                                     2     0(0.00%) |     58      46      69     46 |    0.07        0.00
GET      /product/0PUK6V6EV0                                                                5     0(0.00%) |     35      33      36     35 |    0.18        0.00
GET      /product/1YMWWN1N4O                                                                3     0(0.00%) |     37      35      39     38 |    0.11        0.00
GET      /product/2ZYFJ3GM2N                                                                3     0(0.00%) |     37      33      39     38 |    0.11        0.00
GET      /product/66VCHSJNUP                                                                4     0(0.00%) |     37      36      38     37 |    0.14        0.00
GET      /product/6E92ZMYYFZ                                                                4     0(0.00%) |     36      35      38     37 |    0.14        0.00
GET      /product/9SIQT8TOJO                                                                4     0(0.00%) |     36      32      38     38 |    0.14        0.00
GET      /product/L9ECAV7KIM                                                                2     0(0.00%) |     38      36      40     37 |    0.07        0.00
GET      /product/LS4PSXUNUM                                                                6     0(0.00%) |     36      33      39     36 |    0.22        0.00
GET      /product/OLJCESPC7Z                                                                5     0(0.00%) |     39      34      50     38 |    0.18        0.00
POST     /setCurrency                                                                       5     0(0.00%) |     63      52      71     66 |    0.18        0.00
--------|----------------------------------------------------------------------------|-------|-------------|-------|-------|-------|-------|--------|-----------
         Aggregated                                                                        67     0(0.00%) |     55      32     144     39 |    2.41        0.00

Response time percentiles (approximated)
Type     Name                                                                                  50%    66%    75%    80%    90%    95%    98%    99%  99.9% 99.99%   100% # reqs
--------|--------------------------------------------------------------------------------|--------|------|------|------|------|------|------|------|------|------|------|------
GET      /                                                                                      88     90     92     95    140    140    140    140    140    140    140     10
GET      /cart                                                                                  37     37     97     97     97     97     97     97     97     97     97      4
POST     /cart                                                                                  75     76     82    140    140    140    140    140    140    140    140     10
POST     /cart/checkout                                                                         70     70     70     70     70     70     70     70     70     70     70      2
GET      /product/0PUK6V6EV0                                                                    35     35     35     37     37     37     37     37     37     37     37      5
GET      /product/1YMWWN1N4O                                                                    38     38     39     39     39     39     39     39     39     39     39      3
GET      /product/2ZYFJ3GM2N                                                                    38     38     40     40     40     40     40     40     40     40     40      3
GET      /product/66VCHSJNUP                                                                    37     37     38     38     38     38     38     38     38     38     38      4
GET      /product/6E92ZMYYFZ                                                                    37     37     38     38     38     38     38     38     38     38     38      4
GET      /product/9SIQT8TOJO                                                                    38     38     39     39     39     39     39     39     39     39     39      4
GET      /product/L9ECAV7KIM                                                                    40     40     40     40     40     40     40     40     40     40     40      2
GET      /product/LS4PSXUNUM                                                                    36     36     38     38     39     39     39     39     39     39     39      6
GET      /product/OLJCESPC7Z                                                                    38     40     40     51     51     51     51     51     51     51     51      5
POST     /setCurrency                                                                           66     70     70     71     71     71     71     71     71     71     71      5
--------|--------------------------------------------------------------------------------|--------|------|------|------|------|------|------|------|------|------|------|------
         Aggregated                                                                             39     66     71     74     90     97    140    140    140    140    140     67

