[2025-06-18 12:59:53,645] alcaraz/INFO/locust.main: Starting Locust 2.33.2
[2025-06-18 12:59:53,646] alcaraz/INFO/locust.main: Run time limit set to 30 seconds
[2025-06-18 12:59:53,647] alcaraz/INFO/locust.runners: Ramping to 10 users at a rate of 1.00 per second
[2025-06-18 13:00:02,663] alcaraz/INFO/locust.runners: All users spawned: {"WebsiteUser": 10} (10 total users)
[2025-06-18 13:00:22,320] alcaraz/INFO/locust.main: --run-time limit reached, shutting down
[2025-06-18 13:00:22,468] alcaraz/INFO/locust.main: Shutting down (exit code 0)
Type     Name                                                                          # reqs      # fails |    Avg     Min     Max    Med |   req/s  failures/s
--------|----------------------------------------------------------------------------|-------|-------------|-------|-------|-------|-------|--------|-----------
GET      /                                                                                  3     0(0.00%) |     86      83      89     86 |    0.11        0.00
GET      /cart                                                                              3     0(0.00%) |     40      32      52     37 |    0.11        0.00
POST     /cart                                                                              3     0(0.00%) |     67      61      71     70 |    0.11        0.00
POST     /cart/checkout                                                                     2     0(0.00%) |     43      43      43     43 |    0.07        0.00
GET      /product/0PUK6V6EV0                                                                2     0(0.00%) |     35      33      36     34 |    0.07        0.00
GET      /product/1YMWWN1N4O                                                                2     0(0.00%) |     37      35      39     36 |    0.07        0.00
GET      /product/2ZYFJ3GM2N                                                                2     0(0.00%) |     40      35      46     35 |    0.07        0.00
GET      /product/66VCHSJNUP                                                                1     0(0.00%) |     35      35      35     35 |    0.04        0.00
GET      /product/9SIQT8TOJO                                                                2     0(0.00%) |     37      37      38     38 |    0.07        0.00
GET      /product/L9ECAV7KIM                                                                3     0(0.00%) |     36      32      43     33 |    0.11        0.00
GET      /product/OLJCESPC7Z                                                                2     0(0.00%) |     40      38      42     38 |    0.07        0.00
POST     /setCurrency                                                                       1     0(0.00%) |     71      71      71     71 |    0.04        0.00
--------|----------------------------------------------------------------------------|-------|-------------|-------|-------|-------|-------|--------|-----------
         Aggregated                                                                        26     0(0.00%) |     48      32      89     40 |    0.92        0.00

Response time percentiles (approximated)
Type     Name                                                                                  50%    66%    75%    80%    90%    95%    98%    99%  99.9% 99.99%   100% # reqs
--------|--------------------------------------------------------------------------------|--------|------|------|------|------|------|------|------|------|------|------|------
GET      /                                                                                      86     86     90     90     90     90     90     90     90     90     90      3
GET      /cart                                                                                  37     37     53     53     53     53     53     53     53     53     53      3
POST     /cart                                                                                  70     70     71     71     71     71     71     71     71     71     71      3
POST     /cart/checkout                                                                         43     43     43     43     43     43     43     43     43     43     43      2
GET      /product/0PUK6V6EV0                                                                    37     37     37     37     37     37     37     37     37     37     37      2
GET      /product/1YMWWN1N4O                                                                    40     40     40     40     40     40     40     40     40     40     40      2
GET      /product/2ZYFJ3GM2N                                                                    46     46     46     46     46     46     46     46     46     46     46      2
GET      /product/66VCHSJNUP                                                                    36     36     36     36     36     36     36     36     36     36     36      1
GET      /product/9SIQT8TOJO                                                                    38     38     38     38     38     38     38     38     38     38     38      2
GET      /product/L9ECAV7KIM                                                                    33     33     44     44     44     44     44     44     44     44     44      3
GET      /product/OLJCESPC7Z                                                                    42     42     42     42     42     42     42     42     42     42     42      2
POST     /setCurrency                                                                           72     72     72     72     72     72     72     72     72     72     72      1
--------|--------------------------------------------------------------------------------|--------|------|------|------|------|------|------|------|------|------|------|------
         Aggregated                                                                             42     46     61     70     84     86     90     90     90     90     90     26

