[2025-06-18 13:00:26,322] alcaraz/INFO/locust.main: Starting Locust 2.33.2
[2025-06-18 13:00:26,323] alcaraz/INFO/locust.main: Run time limit set to 30 seconds
[2025-06-18 13:00:26,325] alcaraz/INFO/locust.runners: Ramping to 10 users at a rate of 1.00 per second
[2025-06-18 13:00:35,342] alcaraz/INFO/locust.runners: All users spawned: {"WebsiteUser": 10} (10 total users)
[2025-06-18 13:00:55,099] alcaraz/INFO/locust.main: --run-time limit reached, shutting down
[2025-06-18 13:00:55,262] alcaraz/INFO/locust.main: Shutting down (exit code 0)
Type     Name                                                                          # reqs      # fails |    Avg     Min     Max    Med |   req/s  failures/s
--------|----------------------------------------------------------------------------|-------|-------------|-------|-------|-------|-------|--------|-----------
GET      /                                                                                  3     0(0.00%) |     90      87      94     89 |    0.11        0.00
GET      /cart                                                                              3     0(0.00%) |     37      35      39     36 |    0.11        0.00
POST     /cart                                                                              1     0(0.00%) |     72      72      72     72 |    0.04        0.00
GET      /product/1YMWWN1N4O                                                                1     0(0.00%) |     37      37      37     37 |    0.04        0.00
GET      /product/6E92ZMYYFZ                                                                3     0(0.00%) |     34      31      37     35 |    0.11        0.00
GET      /product/9SIQT8TOJO                                                                2     0(0.00%) |     36      36      37     36 |    0.08        0.00
GET      /product/LS4PSXUNUM                                                                1     0(0.00%) |     38      38      38     38 |    0.04        0.00
GET      /product/OLJCESPC7Z                                                                1     0(0.00%) |     39      39      39     39 |    0.04        0.00
POST     /setCurrency                                                                       3     0(0.00%) |     65      57      72     66 |    0.11        0.00
--------|----------------------------------------------------------------------------|-------|-------------|-------|-------|-------|-------|--------|-----------
         Aggregated                                                                        18     0(0.00%) |     52      31      94     38 |    0.68        0.00

Response time percentiles (approximated)
Type     Name                                                                                  50%    66%    75%    80%    90%    95%    98%    99%  99.9% 99.99%   100% # reqs
--------|--------------------------------------------------------------------------------|--------|------|------|------|------|------|------|------|------|------|------|------
GET      /                                                                                      89     89     94     94     94     94     94     94     94     94     94      3
GET      /cart                                                                                  36     36     39     39     39     39     39     39     39     39     39      3
POST     /cart                                                                                  72     72     72     72     72     72     72     72     72     72     72      1
GET      /product/1YMWWN1N4O                                                                    37     37     37     37     37     37     37     37     37     37     37      1
GET      /product/6E92ZMYYFZ                                                                    35     35     38     38     38     38     38     38     38     38     38      3
GET      /product/9SIQT8TOJO                                                                    38     38     38     38     38     38     38     38     38     38     38      2
GET      /product/LS4PSXUNUM                                                                    38     38     38     38     38     38     38     38     38     38     38      1
GET      /product/OLJCESPC7Z                                                                    40     40     40     40     40     40     40     40     40     40     40      1
POST     /setCurrency                                                                           66     66     73     73     73     73     73     73     73     73     73      3
--------|--------------------------------------------------------------------------------|--------|------|------|------|------|------|------|------|------|------|------|------
         Aggregated                                                                             39     57     72     73     89     94     94     94     94     94     94     18

