[2025-06-18 13:02:38,631] alcaraz/INFO/locust.main: Starting Locust 2.33.2
[2025-06-18 13:02:38,632] alcaraz/INFO/locust.main: Run time limit set to 30 seconds
[2025-06-18 13:02:38,634] alcaraz/INFO/locust.runners: Ramping to 10 users at a rate of 1.00 per second
[2025-06-18 13:02:47,648] alcaraz/INFO/locust.runners: All users spawned: {"WebsiteUser": 10} (10 total users)
[2025-06-18 13:03:07,314] alcaraz/INFO/locust.main: --run-time limit reached, shutting down
[2025-06-18 13:03:07,434] alcaraz/INFO/locust.main: Shutting down (exit code 0)
Type     Name                                                                          # reqs      # fails |    Avg     Min     Max    Med |   req/s  failures/s
--------|----------------------------------------------------------------------------|-------|-------------|-------|-------|-------|-------|--------|-----------
GET      /                                                                                 14     0(0.00%) |     96      41     213     87 |    0.51        0.00
GET      /cart                                                                              6     0(0.00%) |     55      32     103     38 |    0.22        0.00
POST     /cart                                                                             10     0(0.00%) |     82      54     141     73 |    0.37        0.00
POST     /cart/checkout                                                                     5     0(0.00%) |     47      41      54     46 |    0.18        0.00
GET      /product/0PUK6V6EV0                                                                1     0(0.00%) |     33      33      33     33 |    0.04        0.00
GET      /product/1YMWWN1N4O                                                                1     0(0.00%) |     37      37      37     37 |    0.04        0.00
GET      /product/2ZYFJ3GM2N                                                                4     0(0.00%) |     36      33      38     35 |    0.15        0.00
GET      /product/66VCHSJNUP                                                                3     0(0.00%) |     39      34      43     39 |    0.11        0.00
GET      /product/6E92ZMYYFZ                                                                2     0(0.00%) |     49      39      59     39 |    0.07        0.00
GET      /product/9SIQT8TOJO                                                                5     0(0.00%) |     36      32      40     37 |    0.18        0.00
GET      /product/L9ECAV7KIM                                                                5     0(0.00%) |     54      35     110     38 |    0.18        0.00
GET      /product/LS4PSXUNUM                                                                3     0(0.00%) |     66      30     134     35 |    0.11        0.00
POST     /setCurrency                                                                       7     0(0.00%) |     69      55     105     60 |    0.26        0.00
--------|----------------------------------------------------------------------------|-------|-------------|-------|-------|-------|-------|--------|-----------
         Aggregated                                                                        66     0(0.00%) |     65      30     213     54 |    2.41        0.00

Response time percentiles (approximated)
Type     Name                                                                                  50%    66%    75%    80%    90%    95%    98%    99%  99.9% 99.99%   100% # reqs
--------|--------------------------------------------------------------------------------|--------|------|------|------|------|------|------|------|------|------|------|------
GET      /                                                                                      87     92     95    120    200    210    210    210    210    210    210     14
GET      /cart                                                                                  52     52     69     69    100    100    100    100    100    100    100      6
POST     /cart                                                                                  76     77     79    140    140    140    140    140    140    140    140     10
POST     /cart/checkout                                                                         46     50     50     54     54     54     54     54     54     54     54      5
GET      /product/0PUK6V6EV0                                                                    34     34     34     34     34     34     34     34     34     34     34      1
GET      /product/1YMWWN1N4O                                                                    38     38     38     38     38     38     38     38     38     38     38      1
GET      /product/2ZYFJ3GM2N                                                                    38     38     39     39     39     39     39     39     39     39     39      4
GET      /product/66VCHSJNUP                                                                    39     39     43     43     43     43     43     43     43     43     43      3
GET      /product/6E92ZMYYFZ                                                                    59     59     59     59     59     59     59     59     59     59     59      2
GET      /product/9SIQT8TOJO                                                                    37     37     37     40     40     40     40     40     40     40     40      5
GET      /product/L9ECAV7KIM                                                                    38     51     51    110    110    110    110    110    110    110    110      5
GET      /product/LS4PSXUNUM                                                                    35     35    130    130    130    130    130    130    130    130    130      3
POST     /setCurrency                                                                           60     72     77     77    110    110    110    110    110    110    110      7
--------|--------------------------------------------------------------------------------|--------|------|------|------|------|------|------|------|------|------|------|------
         Aggregated                                                                             55     69     78     87    110    140    200    210    210    210    210     66

