[2025-06-18 13:03:11,221] alcaraz/INFO/locust.main: Starting Locust 2.33.2
[2025-06-18 13:03:11,223] alcaraz/INFO/locust.main: Run time limit set to 30 seconds
[2025-06-18 13:03:11,224] alcaraz/INFO/locust.runners: Ramping to 10 users at a rate of 1.00 per second
[2025-06-18 13:03:20,240] alcaraz/INFO/locust.runners: All users spawned: {"WebsiteUser": 10} (10 total users)
[2025-06-18 13:03:39,946] alcaraz/INFO/locust.main: --run-time limit reached, shutting down
[2025-06-18 13:03:40,066] alcaraz/INFO/locust.main: Shutting down (exit code 0)
Type     Name                                                                          # reqs      # fails |    Avg     Min     Max    Med |   req/s  failures/s
--------|----------------------------------------------------------------------------|-------|-------------|-------|-------|-------|-------|--------|-----------
GET      /                                                                                 11     0(0.00%) |     82      33     126     85 |    0.39        0.00
GET      /cart                                                                             10     0(0.00%) |     34      31      36     34 |    0.36        0.00
POST     /cart                                                                              9     0(0.00%) |     81      66     140     72 |    0.32        0.00
POST     /cart/checkout                                                                     3     0(0.00%) |     44      43      46     44 |    0.11        0.00
GET      /product/0PUK6V6EV0                                                                5     0(0.00%) |     38      32      52     36 |    0.18        0.00
GET      /product/1YMWWN1N4O                                                                1     0(0.00%) |     32      32      32     32 |    0.04        0.00
GET      /product/2ZYFJ3GM2N                                                                7     0(0.00%) |     38      35      40     38 |    0.25        0.00
GET      /product/66VCHSJNUP                                                                1     0(0.00%) |     37      37      37     37 |    0.04        0.00
GET      /product/6E92ZMYYFZ                                                                2     0(0.00%) |     41      36      47     37 |    0.07        0.00
GET      /product/9SIQT8TOJO                                                                4     0(0.00%) |     39      36      41     38 |    0.14        0.00
GET      /product/L9ECAV7KIM                                                                2     0(0.00%) |     35      33      36     33 |    0.07        0.00
GET      /product/LS4PSXUNUM                                                                3     0(0.00%) |     36      35      37     36 |    0.11        0.00
GET      /product/OLJCESPC7Z                                                                5     0(0.00%) |     39      37      41     39 |    0.18        0.00
POST     /setCurrency                                                                       3     0(0.00%) |     71      70      74     71 |    0.11        0.00
--------|----------------------------------------------------------------------------|-------|-------------|-------|-------|-------|-------|--------|-----------
         Aggregated                                                                        66     0(0.00%) |     52      31     140     39 |    2.35        0.00

Response time percentiles (approximated)
Type     Name                                                                                  50%    66%    75%    80%    90%    95%    98%    99%  99.9% 99.99%   100% # reqs
--------|--------------------------------------------------------------------------------|--------|------|------|------|------|------|------|------|------|------|------|------
GET      /                                                                                      85     90     90     90     93    130    130    130    130    130    130     11
GET      /cart                                                                                  34     35     36     36     37     37     37     37     37     37     37     10
POST     /cart                                                                                  72     73     81     88    140    140    140    140    140    140    140      9
POST     /cart/checkout                                                                         44     44     47     47     47     47     47     47     47     47     47      3
GET      /product/0PUK6V6EV0                                                                    36     38     38     53     53     53     53     53     53     53     53      5
GET      /product/1YMWWN1N4O                                                                    33     33     33     33     33     33     33     33     33     33     33      1
GET      /product/2ZYFJ3GM2N                                                                    38     38     40     40     40     40     40     40     40     40     40      7
GET      /product/66VCHSJNUP                                                                    37     37     37     37     37     37     37     37     37     37     37      1
GET      /product/6E92ZMYYFZ                                                                    47     47     47     47     47     47     47     47     47     47     47      2
GET      /product/9SIQT8TOJO                                                                    39     39     42     42     42     42     42     42     42     42     42      4
GET      /product/L9ECAV7KIM                                                                    37     37     37     37     37     37     37     37     37     37     37      2
GET      /product/LS4PSXUNUM                                                                    36     36     38     38     38     38     38     38     38     38     38      3
GET      /product/OLJCESPC7Z                                                                    39     39     39     42     42     42     42     42     42     42     42      5
POST     /setCurrency                                                                           71     71     75     75     75     75     75     75     75     75     75      3
--------|--------------------------------------------------------------------------------|--------|------|------|------|------|------|------|------|------|------|------|------
         Aggregated                                                                             39     53     72     73     86     90    130    140    140    140    140     66

