[2025-06-18 13:03:43,950] alcaraz/INFO/locust.main: Starting Locust 2.33.2
[2025-06-18 13:03:43,951] alcaraz/INFO/locust.main: Run time limit set to 30 seconds
[2025-06-18 13:03:43,953] alcaraz/INFO/locust.runners: Ramping to 10 users at a rate of 1.00 per second
[2025-06-18 13:03:52,969] alcaraz/INFO/locust.runners: All users spawned: {"WebsiteUser": 10} (10 total users)
[2025-06-18 13:04:12,631] alcaraz/INFO/locust.main: --run-time limit reached, shutting down
[2025-06-18 13:04:12,753] alcaraz/INFO/locust.main: Shutting down (exit code 0)
Type     Name                                                                          # reqs      # fails |    Avg     Min     Max    Med |   req/s  failures/s
--------|----------------------------------------------------------------------------|-------|-------------|-------|-------|-------|-------|--------|-----------
GET      /                                                                                 15     0(0.00%) |     76      39     120     85 |    0.53        0.00
GET      /cart                                                                             11     0(0.00%) |     35      30      55     34 |    0.39        0.00
POST     /cart                                                                              7     0(0.00%) |     86      70     143     76 |    0.25        0.00
POST     /cart/checkout                                                                     3     0(0.00%) |     46      43      49     46 |    0.11        0.00
GET      /product/0PUK6V6EV0                                                                5     0(0.00%) |     57      32     114     48 |    0.18        0.00
GET      /product/1YMWWN1N4O                                                                2     0(0.00%) |     45      37      54     37 |    0.07        0.00
GET      /product/2ZYFJ3GM2N                                                                3     0(0.00%) |     40      33      51     37 |    0.11        0.00
GET      /product/66VCHSJNUP                                                                4     0(0.00%) |     40      36      46     40 |    0.14        0.00
GET      /product/6E92ZMYYFZ                                                                3     0(0.00%) |     35      35      35     35 |    0.11        0.00
GET      /product/9SIQT8TOJO                                                                6     0(0.00%) |     37      34      41     35 |    0.21        0.00
GET      /product/L9ECAV7KIM                                                                3     0(0.00%) |     35      35      36     35 |    0.11        0.00
GET      /product/LS4PSXUNUM                                                                1     0(0.00%) |     37      37      37     37 |    0.04        0.00
GET      /product/OLJCESPC7Z                                                                4     0(0.00%) |     37      34      42     35 |    0.14        0.00
POST     /setCurrency                                                                       4     0(0.00%) |     67      54      76     66 |    0.14        0.00
--------|----------------------------------------------------------------------------|-------|-------------|-------|-------|-------|-------|--------|-----------
         Aggregated                                                                        71     0(0.00%) |     54      30     143     42 |    2.50        0.00

Response time percentiles (approximated)
Type     Name                                                                                  50%    66%    75%    80%    90%    95%    98%    99%  99.9% 99.99%   100% # reqs
--------|--------------------------------------------------------------------------------|--------|------|------|------|------|------|------|------|------|------|------|------
GET      /                                                                                      85     88     89     89     94    120    120    120    120    120    120     15
GET      /cart                                                                                  34     35     35     35     39     55     55     55     55     55     55     11
POST     /cart                                                                                  76     76     91     91    140    140    140    140    140    140    140      7
POST     /cart/checkout                                                                         46     46     50     50     50     50     50     50     50     50     50      3
GET      /product/0PUK6V6EV0                                                                    48     54     54    110    110    110    110    110    110    110    110      5
GET      /product/1YMWWN1N4O                                                                    54     54     54     54     54     54     54     54     54     54     54      2
GET      /product/2ZYFJ3GM2N                                                                    37     37     51     51     51     51     51     51     51     51     51      3
GET      /product/66VCHSJNUP                                                                    40     40     47     47     47     47     47     47     47     47     47      4
GET      /product/6E92ZMYYFZ                                                                    36     36     36     36     36     36     36     36     36     36     36      3
GET      /product/9SIQT8TOJO                                                                    36     36     40     40     41     41     41     41     41     41     41      6
GET      /product/L9ECAV7KIM                                                                    35     35     36     36     36     36     36     36     36     36     36      3
GET      /product/LS4PSXUNUM                                                                    38     38     38     38     38     38     38     38     38     38     38      1
GET      /product/OLJCESPC7Z                                                                    39     39     42     42     42     42     42     42     42     42     42      4
POST     /setCurrency                                                                           71     71     77     77     77     77     77     77     77     77     77      4
--------|--------------------------------------------------------------------------------|--------|------|------|------|------|------|------|------|------|------|------|------
         Aggregated                                                                             42     54     73     76     88     94    120    140    140    140    140     71

