[2025-06-18 13:05:55,923] alcaraz/INFO/locust.main: Starting Locust 2.33.2
[2025-06-18 13:05:55,925] alcaraz/INFO/locust.main: Run time limit set to 30 seconds
[2025-06-18 13:05:55,927] alcaraz/INFO/locust.runners: Ramping to 10 users at a rate of 1.00 per second
[2025-06-18 13:06:04,943] alcaraz/INFO/locust.runners: All users spawned: {"WebsiteUser": 10} (10 total users)
[2025-06-18 13:06:23,812] alcaraz/INFO/locust.main: --run-time limit reached, shutting down
[2025-06-18 13:06:24,022] alcaraz/INFO/locust.main: Shutting down (exit code 0)
Type     Name                                                                          # reqs      # fails |    Avg     Min     Max    Med |   req/s  failures/s
--------|----------------------------------------------------------------------------|-------|-------------|-------|-------|-------|-------|--------|-----------
GET      /                                                                                 11     0(0.00%) |     88      35     149     87 |    0.41        0.00
GET      /cart                                                                              7     0(0.00%) |     40      33      52     37 |    0.26        0.00
POST     /cart                                                                             10     0(0.00%) |     88      65     135     74 |    0.37        0.00
POST     /cart/checkout                                                                     4     0(0.00%) |     43      42      45     43 |    0.15        0.00
GET      /product/0PUK6V6EV0                                                                8     0(0.00%) |     36      32      38     36 |    0.30        0.00
GET      /product/1YMWWN1N4O                                                                4     0(0.00%) |     36      33      39     35 |    0.15        0.00
GET      /product/2ZYFJ3GM2N                                                                2     0(0.00%) |     36      35      37     35 |    0.07        0.00
GET      /product/66VCHSJNUP                                                                1     0(0.00%) |     35      35      35     35 |    0.04        0.00
GET      /product/6E92ZMYYFZ                                                                2     0(0.00%) |     35      34      35     34 |    0.07        0.00
GET      /product/9SIQT8TOJO                                                                8     0(0.00%) |     37      33      40     36 |    0.30        0.00
GET      /product/L9ECAV7KIM                                                                5     0(0.00%) |     35      33      37     35 |    0.18        0.00
GET      /product/LS4PSXUNUM                                                                2     0(0.00%) |     40      34      46     35 |    0.07        0.00
GET      /product/OLJCESPC7Z                                                                3     0(0.00%) |     41      34      49     41 |    0.11        0.00
POST     /setCurrency                                                                       4     0(0.00%) |     61      56      73     57 |    0.15        0.00
--------|----------------------------------------------------------------------------|-------|-------------|-------|-------|-------|-------|--------|-----------
         Aggregated                                                                        71     0(0.00%) |     54      32     149     39 |    2.62        0.00

Response time percentiles (approximated)
Type     Name                                                                                  50%    66%    75%    80%    90%    95%    98%    99%  99.9% 99.99%   100% # reqs
--------|--------------------------------------------------------------------------------|--------|------|------|------|------|------|------|------|------|------|------|------
GET      /                                                                                      87     88     93     93     94    150    150    150    150    150    150     11
GET      /cart                                                                                  37     38     49     49     53     53     53     53     53     53     53      7
POST     /cart                                                                                  84     96     97    120    140    140    140    140    140    140    140     10
POST     /cart/checkout                                                                         44     44     46     46     46     46     46     46     46     46     46      4
GET      /product/0PUK6V6EV0                                                                    37     38     39     39     39     39     39     39     39     39     39      8
GET      /product/1YMWWN1N4O                                                                    36     36     39     39     39     39     39     39     39     39     39      4
GET      /product/2ZYFJ3GM2N                                                                    38     38     38     38     38     38     38     38     38     38     38      2
GET      /product/66VCHSJNUP                                                                    36     36     36     36     36     36     36     36     36     36     36      1
GET      /product/6E92ZMYYFZ                                                                    36     36     36     36     36     36     36     36     36     36     36      2
GET      /product/9SIQT8TOJO                                                                    38     39     39     39     40     40     40     40     40     40     40      8
GET      /product/L9ECAV7KIM                                                                    35     36     36     37     37     37     37     37     37     37     37      5
GET      /product/LS4PSXUNUM                                                                    47     47     47     47     47     47     47     47     47     47     47      2
GET      /product/OLJCESPC7Z                                                                    41     41     49     49     49     49     49     49     49     49     49      3
POST     /setCurrency                                                                           60     60     74     74     74     74     74     74     74     74     74      4
--------|--------------------------------------------------------------------------------|--------|------|------|------|------|------|------|------|------|------|------|------
         Aggregated                                                                             39     53     73     81     88     97    140    150    150    150    150     71

