[2025-06-18 13:06:27,963] alcaraz/INFO/locust.main: Starting Locust 2.33.2
[2025-06-18 13:06:27,963] alcaraz/INFO/locust.main: Run time limit set to 30 seconds
[2025-06-18 13:06:27,965] alcaraz/INFO/locust.runners: Ramping to 10 users at a rate of 1.00 per second
[2025-06-18 13:06:36,978] alcaraz/INFO/locust.runners: All users spawned: {"WebsiteUser": 10} (10 total users)
[2025-06-18 13:06:56,644] alcaraz/INFO/locust.main: --run-time limit reached, shutting down
[2025-06-18 13:06:56,765] alcaraz/INFO/locust.main: Shutting down (exit code 0)
Type     Name                                                                          # reqs      # fails |    Avg     Min     Max    Med |   req/s  failures/s
--------|----------------------------------------------------------------------------|-------|-------------|-------|-------|-------|-------|--------|-----------
GET      /                                                                                 12     0(0.00%) |     81      52     128     75 |    0.43        0.00
GET      /cart                                                                             12     0(0.00%) |     44      31      86     35 |    0.43        0.00
POST     /cart                                                                              7     0(0.00%) |     75      61     100     75 |    0.25        0.00
POST     /cart/checkout                                                                     2     0(0.00%) |     43      41      45     41 |    0.07        0.00
GET      /product/0PUK6V6EV0                                                                2     0(0.00%) |     33      32      34     32 |    0.07        0.00
GET      /product/1YMWWN1N4O                                                                4     0(0.00%) |     36      33      39     36 |    0.14        0.00
GET      /product/2ZYFJ3GM2N                                                                1     0(0.00%) |     38      38      38     38 |    0.04        0.00
GET      /product/66VCHSJNUP                                                                7     0(0.00%) |     35      31      38     34 |    0.25        0.00
GET      /product/6E92ZMYYFZ                                                                5     0(0.00%) |     35      32      37     36 |    0.18        0.00
GET      /product/9SIQT8TOJO                                                                5     0(0.00%) |     35      33      37     36 |    0.18        0.00
GET      /product/L9ECAV7KIM                                                                2     0(0.00%) |     41      39      43     39 |    0.07        0.00
GET      /product/LS4PSXUNUM                                                                1     0(0.00%) |     37      37      37     37 |    0.04        0.00
GET      /product/OLJCESPC7Z                                                                4     0(0.00%) |     42      34      57     38 |    0.14        0.00
POST     /setCurrency                                                                       7     0(0.00%) |     66      54      74     69 |    0.25        0.00
--------|----------------------------------------------------------------------------|-------|-------------|-------|-------|-------|-------|--------|-----------
         Aggregated                                                                        71     0(0.00%) |     52      31     128     40 |    2.56        0.00

Response time percentiles (approximated)
Type     Name                                                                                  50%    66%    75%    80%    90%    95%    98%    99%  99.9% 99.99%   100% # reqs
--------|--------------------------------------------------------------------------------|--------|------|------|------|------|------|------|------|------|------|------|------
GET      /                                                                                      87     87     94     94     95    130    130    130    130    130    130     12
GET      /cart                                                                                  36     38     55     55     59     86     86     86     86     86     86     12
POST     /cart                                                                                  75     75     77     77    100    100    100    100    100    100    100      7
POST     /cart/checkout                                                                         45     45     45     45     45     45     45     45     45     45     45      2
GET      /product/0PUK6V6EV0                                                                    35     35     35     35     35     35     35     35     35     35     35      2
GET      /product/1YMWWN1N4O                                                                    37     37     40     40     40     40     40     40     40     40     40      4
GET      /product/2ZYFJ3GM2N                                                                    39     39     39     39     39     39     39     39     39     39     39      1
GET      /product/66VCHSJNUP                                                                    34     37     38     38     39     39     39     39     39     39     39      7
GET      /product/6E92ZMYYFZ                                                                    36     36     36     37     37     37     37     37     37     37     37      5
GET      /product/9SIQT8TOJO                                                                    36     37     37     37     37     37     37     37     37     37     37      5
GET      /product/L9ECAV7KIM                                                                    44     44     44     44     44     44     44     44     44     44     44      2
GET      /product/LS4PSXUNUM                                                                    38     38     38     38     38     38     38     38     38     38     38      1
GET      /product/OLJCESPC7Z                                                                    41     41     58     58     58     58     58     58     58     58     58      4
POST     /setCurrency                                                                           69     71     71     71     74     74     74     74     74     74     74      7
--------|--------------------------------------------------------------------------------|--------|------|------|------|------|------|------|------|------|------|------|------
         Aggregated                                                                             40     59     70     71     86     94    100    130    130    130    130     71

