[2025-06-18 12:55:31,588] alcaraz/INFO/locust.main: Starting Locust 2.33.2
[2025-06-18 12:55:31,589] alcaraz/INFO/locust.main: Run time limit set to 30 seconds
[2025-06-18 12:55:31,591] alcaraz/INFO/locust.runners: Ramping to 10 users at a rate of 1.00 per second
[2025-06-18 12:55:40,602] alcaraz/INFO/locust.runners: All users spawned: {"WebsiteUser": 10} (10 total users)
[2025-06-18 12:56:00,319] alcaraz/INFO/locust.main: --run-time limit reached, shutting down
[2025-06-18 12:56:00,468] alcaraz/INFO/locust.main: Shutting down (exit code 0)
Type     Name                                                                          # reqs      # fails |    Avg     Min     Max    Med |   req/s  failures/s
--------|----------------------------------------------------------------------------|-------|-------------|-------|-------|-------|-------|--------|-----------
GET      /                                                                                 12     0(0.00%) |    107      37     345     92 |    0.42        0.00
GET      /cart                                                                             10     0(0.00%) |     37      30      53     35 |    0.35        0.00
POST     /cart                                                                              2     0(0.00%) |    100      76     123     77 |    0.07        0.00
GET      /product/0PUK6V6EV0                                                                6     0(0.00%) |     37      34      46     35 |    0.21        0.00
GET      /product/1YMWWN1N4O                                                                3     0(0.00%) |     41      38      47     39 |    0.11        0.00
GET      /product/2ZYFJ3GM2N                                                                1     0(0.00%) |     43      43      43     43 |    0.04        0.00
GET      /product/66VCHSJNUP                                                                4     0(0.00%) |     36      33      42     34 |    0.14        0.00
GET      /product/6E92ZMYYFZ                                                                6     0(0.00%) |     38      33      49     36 |    0.21        0.00
GET      /product/9SIQT8TOJO                                                                2     0(0.00%) |     34      33      36     34 |    0.07        0.00
GET      /product/L9ECAV7KIM                                                                7     0(0.00%) |     39      33      51     36 |    0.25        0.00
GET      /product/LS4PSXUNUM                                                                6     0(0.00%) |     39      36      45     38 |    0.21        0.00
GET      /product/OLJCESPC7Z                                                                2     0(0.00%) |     40      35      44     35 |    0.07        0.00
POST     /setCurrency                                                                       3     0(0.00%) |     66      57      74     68 |    0.11        0.00
--------|----------------------------------------------------------------------------|-------|-------------|-------|-------|-------|-------|--------|-----------
         Aggregated                                                                        64     0(0.00%) |     54      30     345     38 |    2.26        0.00

Response time percentiles (approximated)
Type     Name                                                                                  50%    66%    75%    80%    90%    95%    98%    99%  99.9% 99.99%   100% # reqs
--------|--------------------------------------------------------------------------------|--------|------|------|------|------|------|------|------|------|------|------|------
GET      /                                                                                      92     95     99     99    100    350    350    350    350    350    350     12
GET      /cart                                                                                  35     36     37     50     53     53     53     53     53     53     53     10
POST     /cart                                                                                 120    120    120    120    120    120    120    120    120    120    120      2
GET      /product/0PUK6V6EV0                                                                    37     37     38     38     46     46     46     46     46     46     46      6
GET      /product/1YMWWN1N4O                                                                    39     39     47     47     47     47     47     47     47     47     47      3
GET      /product/2ZYFJ3GM2N                                                                    43     43     43     43     43     43     43     43     43     43     43      1
GET      /product/66VCHSJNUP                                                                    37     37     42     42     42     42     42     42     42     42     42      4
GET      /product/6E92ZMYYFZ                                                                    38     38     38     38     50     50     50     50     50     50     50      6
GET      /product/9SIQT8TOJO                                                                    36     36     36     36     36     36     36     36     36     36     36      2
GET      /product/L9ECAV7KIM                                                                    36     38     49     49     51     51     51     51     51     51     51      7
GET      /product/LS4PSXUNUM                                                                    39     39     41     41     45     45     45     45     45     45     45      6
GET      /product/OLJCESPC7Z                                                                    45     45     45     45     45     45     45     45     45     45     45      2
POST     /setCurrency                                                                           68     68     74     74     74     74     74     74     74     74     74      3
--------|--------------------------------------------------------------------------------|--------|------|------|------|------|------|------|------|------|------|------|------
         Aggregated                                                                             38     47     57     74     92     99    120    350    350    350    350     64

