[2025-06-18 13:07:00,847] alcaraz/INFO/locust.main: Starting Locust 2.33.2
[2025-06-18 13:07:00,848] alcaraz/INFO/locust.main: Run time limit set to 30 seconds
[2025-06-18 13:07:00,850] alcaraz/INFO/locust.runners: Ramping to 10 users at a rate of 1.00 per second
[2025-06-18 13:07:09,865] alcaraz/INFO/locust.runners: All users spawned: {"WebsiteUser": 10} (10 total users)
[2025-06-18 13:07:29,432] alcaraz/INFO/locust.main: --run-time limit reached, shutting down
[2025-06-18 13:07:29,596] alcaraz/INFO/locust.main: Shutting down (exit code 0)
Type     Name                                                                          # reqs      # fails |    Avg     Min     Max    Med |   req/s  failures/s
--------|----------------------------------------------------------------------------|-------|-------------|-------|-------|-------|-------|--------|-----------
GET      /                                                                                 12     0(0.00%) |     79      37     123     81 |    0.43        0.00
GET      /cart                                                                              6     0(0.00%) |     36      32      42     34 |    0.22        0.00
POST     /cart                                                                              9     0(0.00%) |     76      68      86     78 |    0.32        0.00
POST     /cart/checkout                                                                     3     0(0.00%) |     43      40      46     43 |    0.11        0.00
GET      /product/0PUK6V6EV0                                                                2     0(0.00%) |     36      34      37     35 |    0.07        0.00
GET      /product/1YMWWN1N4O                                                                6     0(0.00%) |     34      33      36     34 |    0.22        0.00
GET      /product/2ZYFJ3GM2N                                                                5     0(0.00%) |     36      34      38     36 |    0.18        0.00
GET      /product/66VCHSJNUP                                                                3     0(0.00%) |     38      37      40     39 |    0.11        0.00
GET      /product/6E92ZMYYFZ                                                                1     0(0.00%) |     37      37      37     37 |    0.04        0.00
GET      /product/9SIQT8TOJO                                                                3     0(0.00%) |     37      35      40     36 |    0.11        0.00
GET      /product/L9ECAV7KIM                                                                4     0(0.00%) |     34      33      36     34 |    0.14        0.00
GET      /product/LS4PSXUNUM                                                                4     0(0.00%) |     34      33      35     34 |    0.14        0.00
GET      /product/OLJCESPC7Z                                                                6     0(0.00%) |     36      31      38     37 |    0.22        0.00
POST     /setCurrency                                                                       6     0(0.00%) |     71      57      90     70 |    0.22        0.00
--------|----------------------------------------------------------------------------|-------|-------------|-------|-------|-------|-------|--------|-----------
         Aggregated                                                                        70     0(0.00%) |     52      31     123     39 |    2.52        0.00

Response time percentiles (approximated)
Type     Name                                                                                  50%    66%    75%    80%    90%    95%    98%    99%  99.9% 99.99%   100% # reqs
--------|--------------------------------------------------------------------------------|--------|------|------|------|------|------|------|------|------|------|------|------
GET      /                                                                                      84     87     94     94     95    120    120    120    120    120    120     12
GET      /cart                                                                                  35     35     40     40     43     43     43     43     43     43     43      6
POST     /cart                                                                                  78     78     79     80     86     86     86     86     86     86     86      9
POST     /cart/checkout                                                                         43     43     46     46     46     46     46     46     46     46     46      3
GET      /product/0PUK6V6EV0                                                                    38     38     38     38     38     38     38     38     38     38     38      2
GET      /product/1YMWWN1N4O                                                                    34     34     36     36     36     36     36     36     36     36     36      6
GET      /product/2ZYFJ3GM2N                                                                    36     39     39     39     39     39     39     39     39     39     39      5
GET      /product/66VCHSJNUP                                                                    39     39     40     40     40     40     40     40     40     40     40      3
GET      /product/6E92ZMYYFZ                                                                    37     37     37     37     37     37     37     37     37     37     37      1
GET      /product/9SIQT8TOJO                                                                    36     36     41     41     41     41     41     41     41     41     41      3
GET      /product/L9ECAV7KIM                                                                    36     36     36     36     36     36     36     36     36     36     36      4
GET      /product/LS4PSXUNUM                                                                    34     34     36     36     36     36     36     36     36     36     36      4
GET      /product/OLJCESPC7Z                                                                    38     38     38     38     39     39     39     39     39     39     39      6
POST     /setCurrency                                                                           71     71     75     75     90     90     90     90     90     90     90      6
--------|--------------------------------------------------------------------------------|--------|------|------|------|------|------|------|------|------|------|------|------
         Aggregated                                                                             39     68     71     78     86     92     95    120    120    120    120     70

