[2025-06-18 13:08:06,322] alcaraz/INFO/locust.main: Starting Locust 2.33.2
[2025-06-18 13:08:06,323] alcaraz/INFO/locust.main: Run time limit set to 30 seconds
[2025-06-18 13:08:06,325] alcaraz/INFO/locust.runners: Ramping to 10 users at a rate of 1.00 per second
[2025-06-18 13:08:15,338] alcaraz/INFO/locust.runners: All users spawned: {"WebsiteUser": 10} (10 total users)
[2025-06-18 13:08:35,011] alcaraz/INFO/locust.main: --run-time limit reached, shutting down
[2025-06-18 13:08:35,150] alcaraz/INFO/locust.main: Shutting down (exit code 0)
Type     Name                                                                          # reqs      # fails |    Avg     Min     Max    Med |   req/s  failures/s
--------|----------------------------------------------------------------------------|-------|-------------|-------|-------|-------|-------|--------|-----------
GET      /                                                                                 12     0(0.00%) |     95      41     128     99 |    0.42        0.00
GET      /cart                                                                              8     0(0.00%) |     38      31      52     36 |    0.28        0.00
POST     /cart                                                                              6     0(0.00%) |     93      60     159     78 |    0.21        0.00
POST     /cart/checkout                                                                     3     0(0.00%) |     42      42      43     42 |    0.10        0.00
GET      /product/0PUK6V6EV0                                                                3     0(0.00%) |     39      33      44     40 |    0.10        0.00
GET      /product/1YMWWN1N4O                                                                3     0(0.00%) |     36      35      37     36 |    0.10        0.00
GET      /product/2ZYFJ3GM2N                                                                2     0(0.00%) |     39      37      42     37 |    0.07        0.00
GET      /product/66VCHSJNUP                                                                2     0(0.00%) |     42      40      44     40 |    0.07        0.00
GET      /product/6E92ZMYYFZ                                                                6     0(0.00%) |     49      32     110     38 |    0.21        0.00
GET      /product/9SIQT8TOJO                                                                4     0(0.00%) |     40      38      42     40 |    0.14        0.00
GET      /product/L9ECAV7KIM                                                                6     0(0.00%) |     68      33     170     37 |    0.21        0.00
GET      /product/LS4PSXUNUM                                                                3     0(0.00%) |     41      34      51     36 |    0.10        0.00
GET      /product/OLJCESPC7Z                                                                8     0(0.00%) |     38      33      51     38 |    0.28        0.00
POST     /setCurrency                                                                       4     0(0.00%) |     64      56      72     59 |    0.14        0.00
--------|----------------------------------------------------------------------------|-------|-------------|-------|-------|-------|-------|--------|-----------
         Aggregated                                                                        70     0(0.00%) |     58      31     170     42 |    2.43        0.00

Response time percentiles (approximated)
Type     Name                                                                                  50%    66%    75%    80%    90%    95%    98%    99%  99.9% 99.99%   100% # reqs
--------|--------------------------------------------------------------------------------|--------|------|------|------|------|------|------|------|------|------|------|------
GET      /                                                                                     100    100    110    110    120    130    130    130    130    130    130     12
GET      /cart                                                                                  39     41     43     43     53     53     53     53     53     53     53      8
POST     /cart                                                                                  99     99    100    100    160    160    160    160    160    160    160      6
POST     /cart/checkout                                                                         42     42     43     43     43     43     43     43     43     43     43      3
GET      /product/0PUK6V6EV0                                                                    40     40     44     44     44     44     44     44     44     44     44      3
GET      /product/1YMWWN1N4O                                                                    36     36     38     38     38     38     38     38     38     38     38      3
GET      /product/2ZYFJ3GM2N                                                                    42     42     42     42     42     42     42     42     42     42     42      2
GET      /product/66VCHSJNUP                                                                    44     44     44     44     44     44     44     44     44     44     44      2
GET      /product/6E92ZMYYFZ                                                                    39     39     41     41    110    110    110    110    110    110    110      6
GET      /product/9SIQT8TOJO                                                                    40     40     42     42     42     42     42     42     42     42     42      4
GET      /product/L9ECAV7KIM                                                                    45     45     85     85    170    170    170    170    170    170    170      6
GET      /product/LS4PSXUNUM                                                                    36     36     52     52     52     52     52     52     52     52     52      3
GET      /product/OLJCESPC7Z                                                                    38     39     41     41     51     51     51     51     51     51     51      8
POST     /setCurrency                                                                           68     68     73     73     73     73     73     73     73     73     73      4
--------|--------------------------------------------------------------------------------|--------|------|------|------|------|------|------|------|------|------|------|------
         Aggregated                                                                             42     57     73     89    110    120    160    170    170    170    170     70

