[2025-06-18 13:08:40,663] alcaraz/INFO/locust.main: Starting Locust 2.33.2
[2025-06-18 13:08:40,664] alcaraz/INFO/locust.main: Run time limit set to 30 seconds
[2025-06-18 13:08:40,667] alcaraz/INFO/locust.runners: Ramping to 10 users at a rate of 1.00 per second
[2025-06-18 13:08:49,683] alcaraz/INFO/locust.runners: All users spawned: {"WebsiteUser": 10} (10 total users)
[2025-06-18 13:09:08,525] alcaraz/INFO/locust.main: --run-time limit reached, shutting down
[2025-06-18 13:09:08,671] alcaraz/INFO/locust.main: Shutting down (exit code 0)
Type     Name                                                                          # reqs      # fails |    Avg     Min     Max    Med |   req/s  failures/s
--------|----------------------------------------------------------------------------|-------|-------------|-------|-------|-------|-------|--------|-----------
GET      /                                                                                 12     0(0.00%) |     82      40     170     82 |    0.44        0.00
GET      /cart                                                                              6     0(0.00%) |     35      30      49     32 |    0.22        0.00
POST     /cart                                                                              9     0(0.00%) |     72      58      88     71 |    0.33        0.00
POST     /cart/checkout                                                                     2     0(0.00%) |     44      43      45     44 |    0.07        0.00
GET      /product/0PUK6V6EV0                                                                6     0(0.00%) |     44      32      95     35 |    0.22        0.00
GET      /product/1YMWWN1N4O                                                                4     0(0.00%) |     36      32      46     33 |    0.15        0.00
GET      /product/2ZYFJ3GM2N                                                                3     0(0.00%) |     37      33      41     37 |    0.11        0.00
GET      /product/66VCHSJNUP                                                                4     0(0.00%) |     34      32      35     33 |    0.15        0.00
GET      /product/6E92ZMYYFZ                                                                6     0(0.00%) |     35      33      38     35 |    0.22        0.00
GET      /product/9SIQT8TOJO                                                                3     0(0.00%) |     35      33      36     35 |    0.11        0.00
GET      /product/L9ECAV7KIM                                                                4     0(0.00%) |     34      32      35     34 |    0.15        0.00
GET      /product/LS4PSXUNUM                                                                4     0(0.00%) |     35      32      41     34 |    0.15        0.00
GET      /product/OLJCESPC7Z                                                                1     0(0.00%) |     36      36      36     36 |    0.04        0.00
POST     /setCurrency                                                                       3     0(0.00%) |     55      55      56     55 |    0.11        0.00
--------|----------------------------------------------------------------------------|-------|-------------|-------|-------|-------|-------|--------|-----------
         Aggregated                                                                        67     0(0.00%) |     50      30     170     37 |    2.45        0.00

Response time percentiles (approximated)
Type     Name                                                                                  50%    66%    75%    80%    90%    95%    98%    99%  99.9% 99.99%   100% # reqs
--------|--------------------------------------------------------------------------------|--------|------|------|------|------|------|------|------|------|------|------|------
GET      /                                                                                      82     87     88     88     89    170    170    170    170    170    170     12
GET      /cart                                                                                  34     34     34     34     50     50     50     50     50     50     50      6
POST     /cart                                                                                  71     72     75     79     88     88     88     88     88     88     88      9
POST     /cart/checkout                                                                         45     45     45     45     45     45     45     45     45     45     45      2
GET      /product/0PUK6V6EV0                                                                    35     35     36     36     95     95     95     95     95     95     95      6
GET      /product/1YMWWN1N4O                                                                    34     34     46     46     46     46     46     46     46     46     46      4
GET      /product/2ZYFJ3GM2N                                                                    37     37     41     41     41     41     41     41     41     41     41      3
GET      /product/66VCHSJNUP                                                                    35     35     36     36     36     36     36     36     36     36     36      4
GET      /product/6E92ZMYYFZ                                                                    36     36     36     36     38     38     38     38     38     38     38      6
GET      /product/9SIQT8TOJO                                                                    35     35     37     37     37     37     37     37     37     37     37      3
GET      /product/L9ECAV7KIM                                                                    35     35     35     35     35     35     35     35     35     35     35      4
GET      /product/LS4PSXUNUM                                                                    36     36     42     42     42     42     42     42     42     42     42      4
GET      /product/OLJCESPC7Z                                                                    36     36     36     36     36     36     36     36     36     36     36      1
POST     /setCurrency                                                                           55     55     56     56     56     56     56     56     56     56     56      3
--------|--------------------------------------------------------------------------------|--------|------|------|------|------|------|------|------|------|------|------|------
         Aggregated                                                                             37     55     70     71     87     88     95    170    170    170    170     67

