[2025-06-18 13:09:45,096] alcaraz/INFO/locust.main: Starting Locust 2.33.2
[2025-06-18 13:09:45,097] alcaraz/INFO/locust.main: Run time limit set to 30 seconds
[2025-06-18 13:09:45,098] alcaraz/INFO/locust.runners: Ramping to 10 users at a rate of 1.00 per second
[2025-06-18 13:09:54,115] alcaraz/INFO/locust.runners: All users spawned: {"WebsiteUser": 10} (10 total users)
[2025-06-18 13:10:13,794] alcaraz/INFO/locust.main: --run-time limit reached, shutting down
[2025-06-18 13:10:13,921] alcaraz/INFO/locust.main: Shutting down (exit code 0)
Type     Name                                                                          # reqs      # fails |    Avg     Min     Max    Med |   req/s  failures/s
--------|----------------------------------------------------------------------------|-------|-------------|-------|-------|-------|-------|--------|-----------
GET      /                                                                                 10     0(0.00%) |     85      71     112     86 |    0.35        0.00
GET      /cart                                                                              8     0(0.00%) |     37      33      51     34 |    0.28        0.00
POST     /cart                                                                             12     0(0.00%) |     79      55     151     75 |    0.42        0.00
POST     /cart/checkout                                                                     6     0(0.00%) |     45      41      49     45 |    0.21        0.00
GET      /product/0PUK6V6EV0                                                                2     0(0.00%) |     35      34      37     34 |    0.07        0.00
GET      /product/1YMWWN1N4O                                                               14     0(0.00%) |     39      33      70     37 |    0.49        0.00
GET      /product/2ZYFJ3GM2N                                                                6     0(0.00%) |     39      33      59     34 |    0.21        0.00
GET      /product/66VCHSJNUP                                                                3     0(0.00%) |     35      34      37     36 |    0.10        0.00
GET      /product/6E92ZMYYFZ                                                                8     0(0.00%) |     37      32      51     36 |    0.28        0.00
GET      /product/9SIQT8TOJO                                                                3     0(0.00%) |     41      34      53     38 |    0.10        0.00
GET      /product/L9ECAV7KIM                                                                2     0(0.00%) |     37      36      38     36 |    0.07        0.00
GET      /product/LS4PSXUNUM                                                                1     0(0.00%) |     37      37      37     37 |    0.03        0.00
GET      /product/OLJCESPC7Z                                                                3     0(0.00%) |     48      37      67     42 |    0.10        0.00
POST     /setCurrency                                                                       5     0(0.00%) |     65      57      73     67 |    0.17        0.00
--------|----------------------------------------------------------------------------|-------|-------------|-------|-------|-------|-------|--------|-----------
         Aggregated                                                                        83     0(0.00%) |     52      32     151     40 |    2.89        0.00

Response time percentiles (approximated)
Type     Name                                                                                  50%    66%    75%    80%    90%    95%    98%    99%  99.9% 99.99%   100% # reqs
--------|--------------------------------------------------------------------------------|--------|------|------|------|------|------|------|------|------|------|------|------
GET      /                                                                                      87     90     91     92    110    110    110    110    110    110    110     10
GET      /cart                                                                                  36     36     38     38     52     52     52     52     52     52     52      8
POST     /cart                                                                                  76     77     82     82     88    150    150    150    150    150    150     12
POST     /cart/checkout                                                                         45     45     47     47     50     50     50     50     50     50     50      6
GET      /product/0PUK6V6EV0                                                                    37     37     37     37     37     37     37     37     37     37     37      2
GET      /product/1YMWWN1N4O                                                                    37     38     40     40     40     71     71     71     71     71     71     14
GET      /product/2ZYFJ3GM2N                                                                    35     35     39     39     60     60     60     60     60     60     60      6
GET      /product/66VCHSJNUP                                                                    36     36     38     38     38     38     38     38     38     38     38      3
GET      /product/6E92ZMYYFZ                                                                    36     36     36     36     52     52     52     52     52     52     52      8
GET      /product/9SIQT8TOJO                                                                    38     38     53     53     53     53     53     53     53     53     53      3
GET      /product/L9ECAV7KIM                                                                    39     39     39     39     39     39     39     39     39     39     39      2
GET      /product/LS4PSXUNUM                                                                    37     37     37     37     37     37     37     37     37     37     37      1
GET      /product/OLJCESPC7Z                                                                    42     42     67     67     67     67     67     67     67     67     67      3
POST     /setCurrency                                                                           67     70     70     73     73     73     73     73     73     73     73      5
--------|--------------------------------------------------------------------------------|--------|------|------|------|------|------|------|------|------|------|------|------
         Aggregated                                                                             40     56     71     74     82     90    110    150    150    150    150     83

