[2025-06-18 13:10:17,388] alcaraz/INFO/locust.main: Starting Locust 2.33.2
[2025-06-18 13:10:17,389] alcaraz/INFO/locust.main: Run time limit set to 30 seconds
[2025-06-18 13:10:17,390] alcaraz/INFO/locust.runners: Ramping to 10 users at a rate of 1.00 per second
[2025-06-18 13:10:26,405] alcaraz/INFO/locust.runners: All users spawned: {"WebsiteUser": 10} (10 total users)
[2025-06-18 13:10:46,219] alcaraz/INFO/locust.main: --run-time limit reached, shutting down
[2025-06-18 13:10:46,348] alcaraz/INFO/locust.main: Shutting down (exit code 0)
Type     Name                                                                          # reqs      # fails |    Avg     Min     Max    Med |   req/s  failures/s
--------|----------------------------------------------------------------------------|-------|-------------|-------|-------|-------|-------|--------|-----------
GET      /                                                                                 12     0(0.00%) |     82      36     117     87 |    0.42        0.00
GET      /cart                                                                             12     0(0.00%) |     36      31      43     36 |    0.42        0.00
POST     /cart                                                                              7     0(0.00%) |     79      57     134     74 |    0.25        0.00
POST     /cart/checkout                                                                     1     0(0.00%) |     48      48      48     48 |    0.04        0.00
GET      /product/0PUK6V6EV0                                                                2     0(0.00%) |     39      38      39     39 |    0.07        0.00
GET      /product/1YMWWN1N4O                                                                3     0(0.00%) |     35      32      38     35 |    0.11        0.00
GET      /product/2ZYFJ3GM2N                                                                5     0(0.00%) |     36      35      38     37 |    0.18        0.00
GET      /product/66VCHSJNUP                                                                3     0(0.00%) |     33      33      35     33 |    0.11        0.00
GET      /product/6E92ZMYYFZ                                                                2     0(0.00%) |     35      33      37     34 |    0.07        0.00
GET      /product/9SIQT8TOJO                                                                5     0(0.00%) |     36      35      37     37 |    0.18        0.00
GET      /product/L9ECAV7KIM                                                                4     0(0.00%) |     35      33      38     34 |    0.14        0.00
GET      /product/LS4PSXUNUM                                                                5     0(0.00%) |     42      32      71     36 |    0.18        0.00
GET      /product/OLJCESPC7Z                                                                8     0(0.00%) |     34      32      38     33 |    0.28        0.00
POST     /setCurrency                                                                       1     0(0.00%) |     74      74      74     74 |    0.04        0.00
--------|----------------------------------------------------------------------------|-------|-------------|-------|-------|-------|-------|--------|-----------
         Aggregated                                                                        70     0(0.00%) |     49      31     134     37 |    2.46        0.00

Response time percentiles (approximated)
Type     Name                                                                                  50%    66%    75%    80%    90%    95%    98%    99%  99.9% 99.99%   100% # reqs
--------|--------------------------------------------------------------------------------|--------|------|------|------|------|------|------|------|------|------|------|------
GET      /                                                                                      88     89     90     90     93    120    120    120    120    120    120     12
GET      /cart                                                                                  37     37     39     39     40     44     44     44     44     44     44     12
POST     /cart                                                                                  74     75     76     76    130    130    130    130    130    130    130      7
POST     /cart/checkout                                                                         48     48     48     48     48     48     48     48     48     48     48      1
GET      /product/0PUK6V6EV0                                                                    39     39     39     39     39     39     39     39     39     39     39      2
GET      /product/1YMWWN1N4O                                                                    35     35     39     39     39     39     39     39     39     39     39      3
GET      /product/2ZYFJ3GM2N                                                                    37     37     37     38     38     38     38     38     38     38     38      5
GET      /product/66VCHSJNUP                                                                    33     33     35     35     35     35     35     35     35     35     35      3
GET      /product/6E92ZMYYFZ                                                                    38     38     38     38     38     38     38     38     38     38     38      2
GET      /product/9SIQT8TOJO                                                                    37     37     37     38     38     38     38     38     38     38     38      5
GET      /product/L9ECAV7KIM                                                                    36     36     38     38     38     38     38     38     38     38     38      4
GET      /product/LS4PSXUNUM                                                                    36     39     39     72     72     72     72     72     72     72     72      5
GET      /product/OLJCESPC7Z                                                                    34     34     36     36     38     38     38     38     38     38     38      8
POST     /setCurrency                                                                           75     75     75     75     75     75     75     75     75     75     75      1
--------|--------------------------------------------------------------------------------|--------|------|------|------|------|------|------|------|------|------|------|------
         Aggregated                                                                             37     39     71     75     88     90    120    130    130    130    130     70

