[2025-06-18 13:11:56,526] alcaraz/INFO/locust.main: Starting Locust 2.33.2
[2025-06-18 13:11:56,528] alcaraz/INFO/locust.main: Run time limit set to 30 seconds
[2025-06-18 13:11:56,530] alcaraz/INFO/locust.runners: Ramping to 10 users at a rate of 1.00 per second
[2025-06-18 13:12:05,545] alcaraz/INFO/locust.runners: All users spawned: {"WebsiteUser": 10} (10 total users)
[2025-06-18 13:12:24,587] alcaraz/INFO/locust.main: --run-time limit reached, shutting down
[2025-06-18 13:12:24,732] alcaraz/INFO/locust.main: Shutting down (exit code 0)
Type     Name                                                                          # reqs      # fails |    Avg     Min     Max    Med |   req/s  failures/s
--------|----------------------------------------------------------------------------|-------|-------------|-------|-------|-------|-------|--------|-----------
GET      /                                                                                 16     0(0.00%) |     74      37     137     77 |    0.57        0.00
GET      /cart                                                                              4     0(0.00%) |     35      34      37     36 |    0.14        0.00
POST     /cart                                                                              7     0(0.00%) |     73      57     107     70 |    0.25        0.00
POST     /cart/checkout                                                                     1     0(0.00%) |     44      44      44     44 |    0.04        0.00
GET      /product/0PUK6V6EV0                                                                3     0(0.00%) |     36      33      39     36 |    0.11        0.00
GET      /product/1YMWWN1N4O                                                                2     0(0.00%) |     37      35      38     36 |    0.07        0.00
GET      /product/2ZYFJ3GM2N                                                                2     0(0.00%) |     40      35      45     36 |    0.07        0.00
GET      /product/66VCHSJNUP                                                                2     0(0.00%) |     36      35      37     36 |    0.07        0.00
GET      /product/6E92ZMYYFZ                                                                4     0(0.00%) |     42      38      54     39 |    0.14        0.00
GET      /product/9SIQT8TOJO                                                                3     0(0.00%) |     35      33      38     35 |    0.11        0.00
GET      /product/L9ECAV7KIM                                                                4     0(0.00%) |     39      36      46     36 |    0.14        0.00
GET      /product/LS4PSXUNUM                                                                3     0(0.00%) |     36      35      39     36 |    0.11        0.00
GET      /product/OLJCESPC7Z                                                                3     0(0.00%) |     37      36      38     37 |    0.11        0.00
POST     /setCurrency                                                                       6     0(0.00%) |     66      54      81     59 |    0.21        0.00
--------|----------------------------------------------------------------------------|-------|-------------|-------|-------|-------|-------|--------|-----------
         Aggregated                                                                        60     0(0.00%) |     54      33     137     40 |    2.15        0.00

Response time percentiles (approximated)
Type     Name                                                                                  50%    66%    75%    80%    90%    95%    98%    99%  99.9% 99.99%   100% # reqs
--------|--------------------------------------------------------------------------------|--------|------|------|------|------|------|------|------|------|------|------|------
GET      /                                                                                      83     86     93     93     98    140    140    140    140    140    140     16
GET      /cart                                                                                  36     36     37     37     37     37     37     37     37     37     37      4
POST     /cart                                                                                  70     74     74     74    110    110    110    110    110    110    110      7
POST     /cart/checkout                                                                         44     44     44     44     44     44     44     44     44     44     44      1
GET      /product/0PUK6V6EV0                                                                    36     36     39     39     39     39     39     39     39     39     39      3
GET      /product/1YMWWN1N4O                                                                    39     39     39     39     39     39     39     39     39     39     39      2
GET      /product/2ZYFJ3GM2N                                                                    45     45     45     45     45     45     45     45     45     45     45      2
GET      /product/66VCHSJNUP                                                                    38     38     38     38     38     38     38     38     38     38     38      2
GET      /product/6E92ZMYYFZ                                                                    40     40     55     55     55     55     55     55     55     55     55      4
GET      /product/9SIQT8TOJO                                                                    35     35     38     38     38     38     38     38     38     38     38      3
GET      /product/L9ECAV7KIM                                                                    37     37     47     47     47     47     47     47     47     47     47      4
GET      /product/LS4PSXUNUM                                                                    36     36     39     39     39     39     39     39     39     39     39      3
GET      /product/OLJCESPC7Z                                                                    37     37     39     39     39     39     39     39     39     39     39      3
POST     /setCurrency                                                                           74     74     75     75     82     82     82     82     82     82     82      6
--------|--------------------------------------------------------------------------------|--------|------|------|------|------|------|------|------|------|------|------|------
         Aggregated                                                                             44     58     74     75     92     98    110    140    140    140    140     60

