[2025-06-18 12:56:04,393] alcaraz/INFO/locust.main: Starting Locust 2.33.2
[2025-06-18 12:56:04,394] alcaraz/INFO/locust.main: Run time limit set to 30 seconds
[2025-06-18 12:56:04,396] alcaraz/INFO/locust.runners: Ramping to 10 users at a rate of 1.00 per second
[2025-06-18 12:56:13,413] alcaraz/INFO/locust.runners: All users spawned: {"WebsiteUser": 10} (10 total users)
[2025-06-18 12:56:33,114] alcaraz/INFO/locust.main: --run-time limit reached, shutting down
[2025-06-18 12:56:33,237] alcaraz/INFO/locust.main: Shutting down (exit code 0)
Type     Name                                                                          # reqs      # fails |    Avg     Min     Max    Med |   req/s  failures/s
--------|----------------------------------------------------------------------------|-------|-------------|-------|-------|-------|-------|--------|-----------
GET      /                                                                                 11     0(0.00%) |     86      52     129     89 |    0.39        0.00
GET      /cart                                                                              3     0(0.00%) |     35      34      36     36 |    0.11        0.00
POST     /cart                                                                              9     0(0.00%) |     71      55     122     67 |    0.32        0.00
POST     /cart/checkout                                                                     3     0(0.00%) |     46      44      50     45 |    0.11        0.00
GET      /product/0PUK6V6EV0                                                                8     0(0.00%) |     37      31      54     35 |    0.28        0.00
GET      /product/1YMWWN1N4O                                                                3     0(0.00%) |     37      34      38     38 |    0.11        0.00
GET      /product/2ZYFJ3GM2N                                                                6     0(0.00%) |     35      32      40     35 |    0.21        0.00
GET      /product/66VCHSJNUP                                                                7     0(0.00%) |     35      33      38     35 |    0.25        0.00
GET      /product/6E92ZMYYFZ                                                                1     0(0.00%) |     34      34      34     34 |    0.04        0.00
GET      /product/9SIQT8TOJO                                                                5     0(0.00%) |     37      34      38     37 |    0.18        0.00
GET      /product/L9ECAV7KIM                                                                2     0(0.00%) |     35      34      35     35 |    0.07        0.00
GET      /product/LS4PSXUNUM                                                                1     0(0.00%) |     37      37      37     37 |    0.04        0.00
GET      /product/OLJCESPC7Z                                                                4     0(0.00%) |     39      32      52     37 |    0.14        0.00
POST     /setCurrency                                                                       8     0(0.00%) |     64      53      74     64 |    0.28        0.00
--------|----------------------------------------------------------------------------|-------|-------------|-------|-------|-------|-------|--------|-----------
         Aggregated                                                                        71     0(0.00%) |     52      31     129     39 |    2.50        0.00

Response time percentiles (approximated)
Type     Name                                                                                  50%    66%    75%    80%    90%    95%    98%    99%  99.9% 99.99%   100% # reqs
--------|--------------------------------------------------------------------------------|--------|------|------|------|------|------|------|------|------|------|------|------
GET      /                                                                                      89     91     92     92     92    130    130    130    130    130    130     11
GET      /cart                                                                                  36     36     37     37     37     37     37     37     37     37     37      3
POST     /cart                                                                                  67     71     72     73    120    120    120    120    120    120    120      9
POST     /cart/checkout                                                                         45     45     50     50     50     50     50     50     50     50     50      3
GET      /product/0PUK6V6EV0                                                                    35     36     38     38     55     55     55     55     55     55     55      8
GET      /product/1YMWWN1N4O                                                                    38     38     39     39     39     39     39     39     39     39     39      3
GET      /product/2ZYFJ3GM2N                                                                    37     37     37     37     40     40     40     40     40     40     40      6
GET      /product/66VCHSJNUP                                                                    35     35     37     37     39     39     39     39     39     39     39      7
GET      /product/6E92ZMYYFZ                                                                    35     35     35     35     35     35     35     35     35     35     35      1
GET      /product/9SIQT8TOJO                                                                    37     39     39     39     39     39     39     39     39     39     39      5
GET      /product/L9ECAV7KIM                                                                    35     35     35     35     35     35     35     35     35     35     35      2
GET      /product/LS4PSXUNUM                                                                    38     38     38     38     38     38     38     38     38     38     38      1
GET      /product/OLJCESPC7Z                                                                    37     37     53     53     53     53     53     53     53     53     53      4
POST     /setCurrency                                                                           65     71     71     71     74     74     74     74     74     74     74      8
--------|--------------------------------------------------------------------------------|--------|------|------|------|------|------|------|------|------|------|------|------
         Aggregated                                                                             39     55     67     71     85     92    120    130    130    130    130     71

