[2025-06-18 12:56:37,220] alcaraz/INFO/locust.main: Starting Locust 2.33.2
[2025-06-18 12:56:37,221] alcaraz/INFO/locust.main: Run time limit set to 30 seconds
[2025-06-18 12:56:37,223] alcaraz/INFO/locust.runners: Ramping to 10 users at a rate of 1.00 per second
[2025-06-18 12:56:46,239] alcaraz/INFO/locust.runners: All users spawned: {"WebsiteUser": 10} (10 total users)
[2025-06-18 12:57:05,864] alcaraz/INFO/locust.main: --run-time limit reached, shutting down
[2025-06-18 12:57:05,989] alcaraz/INFO/locust.main: Shutting down (exit code 0)
Type     Name                                                                          # reqs      # fails |    Avg     Min     Max    Med |   req/s  failures/s
--------|----------------------------------------------------------------------------|-------|-------------|-------|-------|-------|-------|--------|-----------
GET      /                                                                                 13     0(0.00%) |     74      37     109     75 |    0.46        0.00
GET      /cart                                                                             10     0(0.00%) |     45      31      79     35 |    0.35        0.00
POST     /cart                                                                              8     0(0.00%) |     71      59      77     72 |    0.28        0.00
POST     /cart/checkout                                                                     2     0(0.00%) |     44      44      44     44 |    0.07        0.00
GET      /product/0PUK6V6EV0                                                                4     0(0.00%) |     36      33      39     35 |    0.14        0.00
GET      /product/1YMWWN1N4O                                                                4     0(0.00%) |     42      38      51     40 |    0.14        0.00
GET      /product/2ZYFJ3GM2N                                                                3     0(0.00%) |     36      36      36     36 |    0.11        0.00
GET      /product/66VCHSJNUP                                                                4     0(0.00%) |     35      34      38     34 |    0.14        0.00
GET      /product/6E92ZMYYFZ                                                                2     0(0.00%) |     36      34      37     34 |    0.07        0.00
GET      /product/9SIQT8TOJO                                                                4     0(0.00%) |     36      32      38     37 |    0.14        0.00
GET      /product/L9ECAV7KIM                                                                5     0(0.00%) |     39      35      51     37 |    0.18        0.00
GET      /product/LS4PSXUNUM                                                                6     0(0.00%) |     37      33      49     35 |    0.21        0.00
GET      /product/OLJCESPC7Z                                                                5     0(0.00%) |     39      35      51     36 |    0.18        0.00
POST     /setCurrency                                                                       2     0(0.00%) |     65      56      73     57 |    0.07        0.00
--------|----------------------------------------------------------------------------|-------|-------------|-------|-------|-------|-------|--------|-----------
         Aggregated                                                                        72     0(0.00%) |     50      31     109     38 |    2.54        0.00

Response time percentiles (approximated)
Type     Name                                                                                  50%    66%    75%    80%    90%    95%    98%    99%  99.9% 99.99%   100% # reqs
--------|--------------------------------------------------------------------------------|--------|------|------|------|------|------|------|------|------|------|------|------
GET      /                                                                                      75     84     85     88     91    110    110    110    110    110    110     13
GET      /cart                                                                                  35     51     56     64     80     80     80     80     80     80     80     10
POST     /cart                                                                                  73     74     74     74     77     77     77     77     77     77     77      8
POST     /cart/checkout                                                                         45     45     45     45     45     45     45     45     45     45     45      2
GET      /product/0PUK6V6EV0                                                                    36     36     39     39     39     39     39     39     39     39     39      4
GET      /product/1YMWWN1N4O                                                                    41     41     52     52     52     52     52     52     52     52     52      4
GET      /product/2ZYFJ3GM2N                                                                    37     37     37     37     37     37     37     37     37     37     37      3
GET      /product/66VCHSJNUP                                                                    36     36     38     38     38     38     38     38     38     38     38      4
GET      /product/6E92ZMYYFZ                                                                    38     38     38     38     38     38     38     38     38     38     38      2
GET      /product/9SIQT8TOJO                                                                    37     37     38     38     38     38     38     38     38     38     38      4
GET      /product/L9ECAV7KIM                                                                    37     37     37     51     51     51     51     51     51     51     51      5
GET      /product/LS4PSXUNUM                                                                    37     37     37     37     50     50     50     50     50     50     50      6
GET      /product/OLJCESPC7Z                                                                    36     37     37     51     51     51     51     51     51     51     51      5
POST     /setCurrency                                                                           74     74     74     74     74     74     74     74     74     74     74      2
--------|--------------------------------------------------------------------------------|--------|------|------|------|------|------|------|------|------|------|------|------
         Aggregated                                                                             39     52     70     73     76     85     91    110    110    110    110     72

