[2025-06-18 12:57:42,676] alcaraz/INFO/locust.main: Starting Locust 2.33.2
[2025-06-18 12:57:42,677] alcaraz/INFO/locust.main: Run time limit set to 30 seconds
[2025-06-18 12:57:42,679] alcaraz/INFO/locust.runners: Ramping to 10 users at a rate of 1.00 per second
[2025-06-18 12:57:51,695] alcaraz/INFO/locust.runners: All users spawned: {"WebsiteUser": 10} (10 total users)
[2025-06-18 12:58:11,448] alcaraz/INFO/locust.main: --run-time limit reached, shutting down
[2025-06-18 12:58:11,572] alcaraz/INFO/locust.main: Shutting down (exit code 0)
Type     Name                                                                          # reqs      # fails |    Avg     Min     Max    Med |   req/s  failures/s
--------|----------------------------------------------------------------------------|-------|-------------|-------|-------|-------|-------|--------|-----------
GET      /                                                                                  9     0(0.00%) |     82      49     121     90 |    0.31        0.00
GET      /cart                                                                              7     0(0.00%) |     37      32      53     35 |    0.24        0.00
POST     /cart                                                                              3     0(0.00%) |     87      69     120     72 |    0.10        0.00
POST     /cart/checkout                                                                     1     0(0.00%) |     40      40      40     40 |    0.03        0.00
GET      /product/0PUK6V6EV0                                                                2     0(0.00%) |     36      35      36     36 |    0.07        0.00
GET      /product/1YMWWN1N4O                                                                2     0(0.00%) |     87      37     136     38 |    0.07        0.00
GET      /product/2ZYFJ3GM2N                                                                1     0(0.00%) |     39      39      39     39 |    0.03        0.00
GET      /product/66VCHSJNUP                                                                3     0(0.00%) |     36      35      37     37 |    0.10        0.00
GET      /product/6E92ZMYYFZ                                                                2     0(0.00%) |     36      35      37     35 |    0.07        0.00
GET      /product/9SIQT8TOJO                                                                1     0(0.00%) |     36      36      36     36 |    0.03        0.00
GET      /product/L9ECAV7KIM                                                                5     0(0.00%) |     35      33      38     36 |    0.17        0.00
GET      /product/LS4PSXUNUM                                                                2     0(0.00%) |     41      36      46     37 |    0.07        0.00
GET      /product/OLJCESPC7Z                                                                3     0(0.00%) |     35      33      39     34 |    0.10        0.00
POST     /setCurrency                                                                       4     0(0.00%) |     58      53      71     55 |    0.14        0.00
--------|----------------------------------------------------------------------------|-------|-------------|-------|-------|-------|-------|--------|-----------
         Aggregated                                                                        45     0(0.00%) |     53      32     136     39 |    1.56        0.00

Response time percentiles (approximated)
Type     Name                                                                                  50%    66%    75%    80%    90%    95%    98%    99%  99.9% 99.99%   100% # reqs
--------|--------------------------------------------------------------------------------|--------|------|------|------|------|------|------|------|------|------|------|------
GET      /                                                                                      90     90     93     98    120    120    120    120    120    120    120      9
GET      /cart                                                                                  35     35     39     39     54     54     54     54     54     54     54      7
POST     /cart                                                                                  72     72    120    120    120    120    120    120    120    120    120      3
POST     /cart/checkout                                                                         41     41     41     41     41     41     41     41     41     41     41      1
GET      /product/0PUK6V6EV0                                                                    37     37     37     37     37     37     37     37     37     37     37      2
GET      /product/1YMWWN1N4O                                                                   140    140    140    140    140    140    140    140    140    140    140      2
GET      /product/2ZYFJ3GM2N                                                                    39     39     39     39     39     39     39     39     39     39     39      1
GET      /product/66VCHSJNUP                                                                    37     37     37     37     37     37     37     37     37     37     37      3
GET      /product/6E92ZMYYFZ                                                                    37     37     37     37     37     37     37     37     37     37     37      2
GET      /product/9SIQT8TOJO                                                                    37     37     37     37     37     37     37     37     37     37     37      1
GET      /product/L9ECAV7KIM                                                                    36     37     37     38     38     38     38     38     38     38     38      5
GET      /product/LS4PSXUNUM                                                                    46     46     46     46     46     46     46     46     46     46     46      2
GET      /product/OLJCESPC7Z                                                                    34     34     39     39     39     39     39     39     39     39     39      3
POST     /setCurrency                                                                           56     56     71     71     71     71     71     71     71     71     71      4
--------|--------------------------------------------------------------------------------|--------|------|------|------|------|------|------|------|------|------|------|------
         Aggregated                                                                             39     53     68     72     93    120    140    140    140    140    140     45

