[2025-06-18 12:58:15,512] alcaraz/INFO/locust.main: Starting Locust 2.33.2
[2025-06-18 12:58:15,513] alcaraz/INFO/locust.main: Run time limit set to 30 seconds
[2025-06-18 12:58:15,515] alcaraz/INFO/locust.runners: Ramping to 10 users at a rate of 1.00 per second
[2025-06-18 12:58:24,530] alcaraz/INFO/locust.runners: All users spawned: {"WebsiteUser": 10} (10 total users)
[2025-06-18 12:58:44,184] alcaraz/INFO/locust.main: --run-time limit reached, shutting down
[2025-06-18 12:58:44,314] alcaraz/INFO/locust.main: Shutting down (exit code 0)
Type     Name                                                                          # reqs      # fails |    Avg     Min     Max    Med |   req/s  failures/s
--------|----------------------------------------------------------------------------|-------|-------------|-------|-------|-------|-------|--------|-----------
GET      /                                                                                  5     0(0.00%) |     70      40      90     83 |    0.17        0.00
GET      /cart                                                                              2     0(0.00%) |     43      34      52     34 |    0.07        0.00
POST     /cart                                                                              1     0(0.00%) |     74      74      74     74 |    0.03        0.00
GET      /product/0PUK6V6EV0                                                                1     0(0.00%) |     34      34      34     34 |    0.03        0.00
GET      /product/1YMWWN1N4O                                                                1     0(0.00%) |     45      45      45     45 |    0.03        0.00
GET      /product/2ZYFJ3GM2N                                                                2     0(0.00%) |     35      34      35     35 |    0.07        0.00
GET      /product/66VCHSJNUP                                                                1     0(0.00%) |     38      38      38     38 |    0.03        0.00
GET      /product/LS4PSXUNUM                                                                1     0(0.00%) |     37      37      37     37 |    0.03        0.00
GET      /product/OLJCESPC7Z                                                                1     0(0.00%) |     37      37      37     37 |    0.03        0.00
POST     /setCurrency                                                                       2     0(0.00%) |     71      61      80     61 |    0.07        0.00
--------|----------------------------------------------------------------------------|-------|-------------|-------|-------|-------|-------|--------|-----------
         Aggregated                                                                        17     0(0.00%) |     54      34      90     45 |    0.59        0.00

Response time percentiles (approximated)
Type     Name                                                                                  50%    66%    75%    80%    90%    95%    98%    99%  99.9% 99.99%   100% # reqs
--------|--------------------------------------------------------------------------------|--------|------|------|------|------|------|------|------|------|------|------|------
GET      /                                                                                      83     84     84     91     91     91     91     91     91     91     91      5
GET      /cart                                                                                  53     53     53     53     53     53     53     53     53     53     53      2
POST     /cart                                                                                  75     75     75     75     75     75     75     75     75     75     75      1
GET      /product/0PUK6V6EV0                                                                    35     35     35     35     35     35     35     35     35     35     35      1
GET      /product/1YMWWN1N4O                                                                    45     45     45     45     45     45     45     45     45     45     45      1
GET      /product/2ZYFJ3GM2N                                                                    36     36     36     36     36     36     36     36     36     36     36      2
GET      /product/66VCHSJNUP                                                                    39     39     39     39     39     39     39     39     39     39     39      1
GET      /product/LS4PSXUNUM                                                                    38     38     38     38     38     38     38     38     38     38     38      1
GET      /product/OLJCESPC7Z                                                                    38     38     38     38     38     38     38     38     38     38     38      1
POST     /setCurrency                                                                           81     81     81     81     81     81     81     81     81     81     81      2
--------|--------------------------------------------------------------------------------|--------|------|------|------|------|------|------|------|------|------|------|------
         Aggregated                                                                             45     61     75     81     84     91     91     91     91     91     91     17

