[2025-06-18 12:58:48,193] alcaraz/INFO/locust.main: Starting Locust 2.33.2
[2025-06-18 12:58:48,194] alcaraz/INFO/locust.main: Run time limit set to 30 seconds
[2025-06-18 12:58:48,196] alcaraz/INFO/locust.runners: Ramping to 10 users at a rate of 1.00 per second
[2025-06-18 12:58:57,213] alcaraz/INFO/locust.runners: All users spawned: {"WebsiteUser": 10} (10 total users)
[2025-06-18 12:59:16,896] alcaraz/INFO/locust.main: --run-time limit reached, shutting down
[2025-06-18 12:59:17,022] alcaraz/INFO/locust.main: Shutting down (exit code 0)
Type     Name                                                                          # reqs      # fails |    Avg     Min     Max    Med |   req/s  failures/s
--------|----------------------------------------------------------------------------|-------|-------------|-------|-------|-------|-------|--------|-----------
GET      /                                                                                  3     0(0.00%) |     91      88      93     93 |    0.11        0.00
GET      /cart                                                                              4     0(0.00%) |     36      34      38     37 |    0.15        0.00
POST     /cart                                                                              2     0(0.00%) |     66      57      74     57 |    0.07        0.00
POST     /cart/checkout                                                                     2     0(0.00%) |     46      42      50     43 |    0.07        0.00
GET      /product/6E92ZMYYFZ                                                                2     0(0.00%) |     35      34      36     34 |    0.07        0.00
GET      /product/9SIQT8TOJO                                                                3     0(0.00%) |     36      33      38     37 |    0.11        0.00
GET      /product/L9ECAV7KIM                                                                1     0(0.00%) |     42      42      42     42 |    0.04        0.00
GET      /product/LS4PSXUNUM                                                                1     0(0.00%) |     40      40      40     40 |    0.04        0.00
GET      /product/OLJCESPC7Z                                                                2     0(0.00%) |     35      34      36     35 |    0.07        0.00
POST     /setCurrency                                                                       2     0(0.00%) |     70      68      72     69 |    0.07        0.00
--------|----------------------------------------------------------------------------|-------|-------------|-------|-------|-------|-------|--------|-----------
         Aggregated                                                                        22     0(0.00%) |     51      33      93     39 |    0.80        0.00

Response time percentiles (approximated)
Type     Name                                                                                  50%    66%    75%    80%    90%    95%    98%    99%  99.9% 99.99%   100% # reqs
--------|--------------------------------------------------------------------------------|--------|------|------|------|------|------|------|------|------|------|------|------
GET      /                                                                                      94     94     94     94     94     94     94     94     94     94     94      3
GET      /cart                                                                                  37     37     39     39     39     39     39     39     39     39     39      4
POST     /cart                                                                                  75     75     75     75     75     75     75     75     75     75     75      2
POST     /cart/checkout                                                                         50     50     50     50     50     50     50     50     50     50     50      2
GET      /product/6E92ZMYYFZ                                                                    36     36     36     36     36     36     36     36     36     36     36      2
GET      /product/9SIQT8TOJO                                                                    37     37     39     39     39     39     39     39     39     39     39      3
GET      /product/L9ECAV7KIM                                                                    43     43     43     43     43     43     43     43     43     43     43      1
GET      /product/LS4PSXUNUM                                                                    40     40     40     40     40     40     40     40     40     40     40      1
GET      /product/OLJCESPC7Z                                                                    37     37     37     37     37     37     37     37     37     37     37      2
POST     /setCurrency                                                                           73     73     73     73     73     73     73     73     73     73     73      2
--------|--------------------------------------------------------------------------------|--------|------|------|------|------|------|------|------|------|------|------|------
         Aggregated                                                                             40     50     69     73     88     94     94     94     94     94     94     22

