[2025-06-18 12:59:20,846] alcaraz/INFO/locust.main: Starting Locust 2.33.2
[2025-06-18 12:59:20,847] alcaraz/INFO/locust.main: Run time limit set to 30 seconds
[2025-06-18 12:59:20,848] alcaraz/INFO/locust.runners: Ramping to 10 users at a rate of 1.00 per second
[2025-06-18 12:59:29,863] alcaraz/INFO/locust.runners: All users spawned: {"WebsiteUser": 10} (10 total users)
[2025-06-18 12:59:49,606] alcaraz/INFO/locust.main: --run-time limit reached, shutting down
[2025-06-18 12:59:49,726] alcaraz/INFO/locust.main: Shutting down (exit code 0)
Type     Name                                                                          # reqs      # fails |    Avg     Min     Max    Med |   req/s  failures/s
--------|----------------------------------------------------------------------------|-------|-------------|-------|-------|-------|-------|--------|-----------
GET      /                                                                                  4     0(0.00%) |     94      82     126     85 |    0.14        0.00
GET      /cart                                                                              3     0(0.00%) |     42      34      55     38 |    0.10        0.00
POST     /cart                                                                              4     0(0.00%) |     80      69     101     74 |    0.14        0.00
POST     /cart/checkout                                                                     1     0(0.00%) |     39      39      39     39 |    0.03        0.00
GET      /product/0PUK6V6EV0                                                                2     0(0.00%) |     37      35      39     36 |    0.07        0.00
GET      /product/1YMWWN1N4O                                                                1     0(0.00%) |     31      31      31     31 |    0.03        0.00
GET      /product/2ZYFJ3GM2N                                                                2     0(0.00%) |     36      36      36     36 |    0.07        0.00
GET      /product/66VCHSJNUP                                                                1     0(0.00%) |     36      36      36     36 |    0.03        0.00
GET      /product/6E92ZMYYFZ                                                                1     0(0.00%) |     34      34      34     34 |    0.03        0.00
GET      /product/9SIQT8TOJO                                                                2     0(0.00%) |     46      38      53     38 |    0.07        0.00
GET      /product/L9ECAV7KIM                                                                4     0(0.00%) |     40      35      50     37 |    0.14        0.00
GET      /product/LS4PSXUNUM                                                                2     0(0.00%) |     36      35      36     36 |    0.07        0.00
GET      /product/OLJCESPC7Z                                                                1     0(0.00%) |     36      36      36     36 |    0.03        0.00
POST     /setCurrency                                                                       2     0(0.00%) |     64      59      70     59 |    0.07        0.00
--------|----------------------------------------------------------------------------|-------|-------------|-------|-------|-------|-------|--------|-----------
         Aggregated                                                                        30     0(0.00%) |     53      31     126     38 |    1.05        0.00

Response time percentiles (approximated)
Type     Name                                                                                  50%    66%    75%    80%    90%    95%    98%    99%  99.9% 99.99%   100% # reqs
--------|--------------------------------------------------------------------------------|--------|------|------|------|------|------|------|------|------|------|------|------
GET      /                                                                                      86     86    130    130    130    130    130    130    130    130    130      4
GET      /cart                                                                                  38     38     56     56     56     56     56     56     56     56     56      3
POST     /cart                                                                                  76     76    100    100    100    100    100    100    100    100    100      4
POST     /cart/checkout                                                                         39     39     39     39     39     39     39     39     39     39     39      1
GET      /product/0PUK6V6EV0                                                                    40     40     40     40     40     40     40     40     40     40     40      2
GET      /product/1YMWWN1N4O                                                                    31     31     31     31     31     31     31     31     31     31     31      1
GET      /product/2ZYFJ3GM2N                                                                    36     36     36     36     36     36     36     36     36     36     36      2
GET      /product/66VCHSJNUP                                                                    37     37     37     37     37     37     37     37     37     37     37      1
GET      /product/6E92ZMYYFZ                                                                    34     34     34     34     34     34     34     34     34     34     34      1
GET      /product/9SIQT8TOJO                                                                    54     54     54     54     54     54     54     54     54     54     54      2
GET      /product/L9ECAV7KIM                                                                    38     38     51     51     51     51     51     51     51     51     51      4
GET      /product/LS4PSXUNUM                                                                    36     36     36     36     36     36     36     36     36     36     36      2
GET      /product/OLJCESPC7Z                                                                    37     37     37     37     37     37     37     37     37     37     37      1
POST     /setCurrency                                                                           70     70     70     70     70     70     70     70     70     70     70      2
--------|--------------------------------------------------------------------------------|--------|------|------|------|------|------|------|------|------|------|------|------
         Aggregated                                                                             39     56     70     76     86    100    130    130    130    130    130     30

