[2025-06-18 14:52:56,402] alcaraz/INFO/locust.main: Starting Locust 2.33.2
[2025-06-18 14:52:56,403] alcaraz/INFO/locust.main: Run time limit set to 30 seconds
[2025-06-18 14:52:56,405] alcaraz/INFO/locust.runners: Ramping to 10 users at a rate of 1.00 per second
[2025-06-18 14:53:05,420] alcaraz/INFO/locust.runners: All users spawned: {"WebsiteUser": 10} (10 total users)
[2025-06-18 14:53:25,111] alcaraz/INFO/locust.main: --run-time limit reached, shutting down
[2025-06-18 14:53:25,258] alcaraz/INFO/locust.main: Shutting down (exit code 0)
Type     Name                                                                          # reqs      # fails |    Avg     Min     Max    Med |   req/s  failures/s
--------|----------------------------------------------------------------------------|-------|-------------|-------|-------|-------|-------|--------|-----------
GET      /                                                                                 16     0(0.00%) |     93      41     157     98 |    0.65        0.00
GET      /cart                                                                              9     0(0.00%) |     54      32     160     39 |    0.36        0.00
POST     /cart                                                                              5     0(0.00%) |     84      81      92     84 |    0.20        0.00
POST     /cart/checkout                                                                     2     0(0.00%) |     50      48      52     49 |    0.08        0.00
GET      /product/0PUK6V6EV0                                                                1     0(0.00%) |     35      35      35     35 |    0.04        0.00
GET      /product/1YMWWN1N4O                                                                1     0(0.00%) |     37      37      37     37 |    0.04        0.00
GET      /product/2ZYFJ3GM2N                                                                3     0(0.00%) |     53      43      73     44 |    0.12        0.00
GET      /product/66VCHSJNUP                                                                3     0(0.00%) |     42      37      48     40 |    0.12        0.00
GET      /product/6E92ZMYYFZ                                                                2     0(0.00%) |     40      39      41     40 |    0.08        0.00
GET      /product/9SIQT8TOJO                                                                3     0(0.00%) |     48      42      52     50 |    0.12        0.00
GET      /product/L9ECAV7KIM                                                                4     0(0.00%) |     46      39      62     40 |    0.16        0.00
GET      /product/LS4PSXUNUM                                                                1     0(0.00%) |     37      37      37     37 |    0.04        0.00
GET      /product/OLJCESPC7Z                                                                6     0(0.00%) |     50      38      77     42 |    0.24        0.00
POST     /setCurrency                                                                       3     0(0.00%) |     68      60      77     66 |    0.12        0.00
--------|----------------------------------------------------------------------------|-------|-------------|-------|-------|-------|-------|--------|-----------
         Aggregated                                                                        59     0(0.00%) |     64      32     160     52 |    2.38        0.00

Response time percentiles (approximated)
Type     Name                                                                                  50%    66%    75%    80%    90%    95%    98%    99%  99.9% 99.99%   100% # reqs
--------|--------------------------------------------------------------------------------|--------|------|------|------|------|------|------|------|------|------|------|------
GET      /                                                                                      98    110    120    120    160    160    160    160    160    160    160     16
GET      /cart                                                                                  39     40     48     59    160    160    160    160    160    160    160      9
POST     /cart                                                                                  84     86     86     92     92     92     92     92     92     92     92      5
POST     /cart/checkout                                                                         52     52     52     52     52     52     52     52     52     52     52      2
GET      /product/0PUK6V6EV0                                                                    35     35     35     35     35     35     35     35     35     35     35      1
GET      /product/1YMWWN1N4O                                                                    38     38     38     38     38     38     38     38     38     38     38      1
GET      /product/2ZYFJ3GM2N                                                                    44     44     73     73     73     73     73     73     73     73     73      3
GET      /product/66VCHSJNUP                                                                    40     40     48     48     48     48     48     48     48     48     48      3
GET      /product/6E92ZMYYFZ                                                                    42     42     42     42     42     42     42     42     42     42     42      2
GET      /product/9SIQT8TOJO                                                                    50     50     53     53     53     53     53     53     53     53     53      3
GET      /product/L9ECAV7KIM                                                                    44     44     63     63     63     63     63     63     63     63     63      4
GET      /product/LS4PSXUNUM                                                                    37     37     37     37     37     37     37     37     37     37     37      1
GET      /product/OLJCESPC7Z                                                                    50     50     52     52     78     78     78     78     78     78     78      6
POST     /setCurrency                                                                           66     66     78     78     78     78     78     78     78     78     78      3
--------|--------------------------------------------------------------------------------|--------|------|------|------|------|------|------|------|------|------|------|------
         Aggregated                                                                             52     63     81     90    110    160    160    160    160    160    160     59

