[2025-06-18 14:59:42,445] alcaraz/INFO/locust.main: Starting Locust 2.33.2
[2025-06-18 14:59:42,446] alcaraz/INFO/locust.main: Run time limit set to 30 seconds
[2025-06-18 14:59:42,448] alcaraz/INFO/locust.runners: Ramping to 10 users at a rate of 1.00 per second
[2025-06-18 14:59:51,462] alcaraz/INFO/locust.runners: All users spawned: {"WebsiteUser": 10} (10 total users)
[2025-06-18 15:00:11,092] alcaraz/INFO/locust.main: --run-time limit reached, shutting down
[2025-06-18 15:00:11,218] alcaraz/INFO/locust.main: Shutting down (exit code 0)
Type     Name                                                                          # reqs      # fails |    Avg     Min     Max    Med |   req/s  failures/s
--------|----------------------------------------------------------------------------|-------|-------------|-------|-------|-------|-------|--------|-----------
GET      /                                                                                 11     0(0.00%) |    110      53     229     96 |    0.38        0.00
GET      /cart                                                                              6     0(0.00%) |     41      35      61     37 |    0.21        0.00
POST     /cart                                                                              9     0(0.00%) |     78      69      87     79 |    0.31        0.00
POST     /cart/checkout                                                                     3     0(0.00%) |     50      44      62     46 |    0.10        0.00
GET      /product/0PUK6V6EV0                                                                5     0(0.00%) |     44      37      54     39 |    0.17        0.00
GET      /product/1YMWWN1N4O                                                                9     0(0.00%) |     41      34      60     39 |    0.31        0.00
GET      /product/2ZYFJ3GM2N                                                                2     0(0.00%) |     96      42     149     43 |    0.07        0.00
GET      /product/66VCHSJNUP                                                                7     0(0.00%) |     38      33      42     39 |    0.24        0.00
GET      /product/6E92ZMYYFZ                                                                1     0(0.00%) |     43      43      43     43 |    0.03        0.00
GET      /product/9SIQT8TOJO                                                                6     0(0.00%) |     39      36      51     36 |    0.21        0.00
GET      /product/L9ECAV7KIM                                                                3     0(0.00%) |     42      35      52     39 |    0.10        0.00
GET      /product/LS4PSXUNUM                                                                1     0(0.00%) |     48      48      48     48 |    0.03        0.00
GET      /product/OLJCESPC7Z                                                                7     0(0.00%) |     38      35      44     37 |    0.24        0.00
POST     /setCurrency                                                                       2     0(0.00%) |    112      76     147     77 |    0.07        0.00
--------|----------------------------------------------------------------------------|-------|-------------|-------|-------|-------|-------|--------|-----------
         Aggregated                                                                        72     0(0.00%) |     60      33     229     43 |    2.50        0.00

Response time percentiles (approximated)
Type     Name                                                                                  50%    66%    75%    80%    90%    95%    98%    99%  99.9% 99.99%   100% # reqs
--------|--------------------------------------------------------------------------------|--------|------|------|------|------|------|------|------|------|------|------|------
GET      /                                                                                      96    100    130    130    160    230    230    230    230    230    230     11
GET      /cart                                                                                  37     37     44     44     62     62     62     62     62     62     62      6
POST     /cart                                                                                  79     79     80     81     88     88     88     88     88     88     88      9
POST     /cart/checkout                                                                         46     46     62     62     62     62     62     62     62     62     62      3
GET      /product/0PUK6V6EV0                                                                    39     52     52     54     54     54     54     54     54     54     54      5
GET      /product/1YMWWN1N4O                                                                    39     40     41     49     61     61     61     61     61     61     61      9
GET      /product/2ZYFJ3GM2N                                                                   150    150    150    150    150    150    150    150    150    150    150      2
GET      /product/66VCHSJNUP                                                                    39     40     40     40     42     42     42     42     42     42     42      7
GET      /product/6E92ZMYYFZ                                                                    43     43     43     43     43     43     43     43     43     43     43      1
GET      /product/9SIQT8TOJO                                                                    38     38     39     39     51     51     51     51     51     51     51      6
GET      /product/L9ECAV7KIM                                                                    39     39     53     53     53     53     53     53     53     53     53      3
GET      /product/LS4PSXUNUM                                                                    49     49     49     49     49     49     49     49     49     49     49      1
GET      /product/OLJCESPC7Z                                                                    37     39     41     41     45     45     45     45     45     45     45      7
POST     /setCurrency                                                                          150    150    150    150    150    150    150    150    150    150    150      2
--------|--------------------------------------------------------------------------------|--------|------|------|------|------|------|------|------|------|------|------|------
         Aggregated                                                                             44     61     78     80     96    150    160    230    230    230    230     72

