[2025-06-18 15:00:47,930] alcaraz/INFO/locust.main: Starting Locust 2.33.2
[2025-06-18 15:00:47,931] alcaraz/INFO/locust.main: Run time limit set to 30 seconds
[2025-06-18 15:00:47,933] alcaraz/INFO/locust.runners: Ramping to 10 users at a rate of 1.00 per second
[2025-06-18 15:00:56,948] alcaraz/INFO/locust.runners: All users spawned: {"WebsiteUser": 10} (10 total users)
[2025-06-18 15:01:16,639] alcaraz/INFO/locust.main: --run-time limit reached, shutting down
[2025-06-18 15:01:16,759] alcaraz/INFO/locust.main: Shutting down (exit code 0)
Type     Name                                                                          # reqs      # fails |    Avg     Min     Max    Med |   req/s  failures/s
--------|----------------------------------------------------------------------------|-------|-------------|-------|-------|-------|-------|--------|-----------
GET      /                                                                                 10     0(0.00%) |    118      90     266     96 |    0.36        0.00
GET      /cart                                                                              8     0(0.00%) |     42      32      55     37 |    0.29        0.00
POST     /cart                                                                              6     0(0.00%) |     91      71     146     79 |    0.21        0.00
POST     /cart/checkout                                                                     1     0(0.00%) |     53      53      53     53 |    0.04        0.00
GET      /product/0PUK6V6EV0                                                                7     0(0.00%) |     45      35      60     41 |    0.25        0.00
GET      /product/1YMWWN1N4O                                                                4     0(0.00%) |     45      37      52     44 |    0.14        0.00
GET      /product/2ZYFJ3GM2N                                                                4     0(0.00%) |     42      36      49     37 |    0.14        0.00
GET      /product/66VCHSJNUP                                                                4     0(0.00%) |     42      36      51     40 |    0.14        0.00
GET      /product/6E92ZMYYFZ                                                                2     0(0.00%) |     43      36      51     36 |    0.07        0.00
GET      /product/9SIQT8TOJO                                                                2     0(0.00%) |     39      39      40     39 |    0.07        0.00
GET      /product/L9ECAV7KIM                                                                6     0(0.00%) |     42      38      46     40 |    0.21        0.00
GET      /product/LS4PSXUNUM                                                                3     0(0.00%) |     39      38      42     39 |    0.11        0.00
GET      /product/OLJCESPC7Z                                                                5     0(0.00%) |     40      33      53     39 |    0.18        0.00
POST     /setCurrency                                                                       3     0(0.00%) |     78      77      80     77 |    0.11        0.00
--------|----------------------------------------------------------------------------|-------|-------------|-------|-------|-------|-------|--------|-----------
         Aggregated                                                                        65     0(0.00%) |     60      32     266     47 |    2.32        0.00

Response time percentiles (approximated)
Type     Name                                                                                  50%    66%    75%    80%    90%    95%    98%    99%  99.9% 99.99%   100% # reqs
--------|--------------------------------------------------------------------------------|--------|------|------|------|------|------|------|------|------|------|------|------
GET      /                                                                                      97    100    110    140    270    270    270    270    270    270    270     10
GET      /cart                                                                                  38     51     54     54     56     56     56     56     56     56     56      8
POST     /cart                                                                                  85     85     87     87    150    150    150    150    150    150    150      6
POST     /cart/checkout                                                                         53     53     53     53     53     53     53     53     53     53     53      1
GET      /product/0PUK6V6EV0                                                                    41     51     53     53     60     60     60     60     60     60     60      7
GET      /product/1YMWWN1N4O                                                                    47     47     53     53     53     53     53     53     53     53     53      4
GET      /product/2ZYFJ3GM2N                                                                    47     47     50     50     50     50     50     50     50     50     50      4
GET      /product/66VCHSJNUP                                                                    41     41     51     51     51     51     51     51     51     51     51      4
GET      /product/6E92ZMYYFZ                                                                    52     52     52     52     52     52     52     52     52     52     52      2
GET      /product/9SIQT8TOJO                                                                    40     40     40     40     40     40     40     40     40     40     40      2
GET      /product/L9ECAV7KIM                                                                    44     44     46     46     47     47     47     47     47     47     47      6
GET      /product/LS4PSXUNUM                                                                    39     39     42     42     42     42     42     42     42     42     42      3
GET      /product/OLJCESPC7Z                                                                    39     39     39     53     53     53     53     53     53     53     53      5
POST     /setCurrency                                                                           77     77     80     80     80     80     80     80     80     80     80      3
--------|--------------------------------------------------------------------------------|--------|------|------|------|------|------|------|------|------|------|------|------
         Aggregated                                                                             47     53     77     85     96    110    150    270    270    270    270     65

