[2025-06-18 15:01:20,593] alcaraz/INFO/locust.main: Starting Locust 2.33.2
[2025-06-18 15:01:20,594] alcaraz/INFO/locust.main: Run time limit set to 30 seconds
[2025-06-18 15:01:20,595] alcaraz/INFO/locust.runners: Ramping to 10 users at a rate of 1.00 per second
[2025-06-18 15:01:29,606] alcaraz/INFO/locust.runners: All users spawned: {"WebsiteUser": 10} (10 total users)
[2025-06-18 15:01:49,305] alcaraz/INFO/locust.main: --run-time limit reached, shutting down
[2025-06-18 15:01:49,433] alcaraz/INFO/locust.main: Shutting down (exit code 0)
Type     Name                                                                          # reqs      # fails |    Avg     Min     Max    Med |   req/s  failures/s
--------|----------------------------------------------------------------------------|-------|-------------|-------|-------|-------|-------|--------|-----------
GET      /                                                                                 12     0(0.00%) |    105      40     235     99 |    0.42        0.00
GET      /cart                                                                              6     0(0.00%) |     38      31      49     35 |    0.21        0.00
POST     /cart                                                                             12     0(0.00%) |     84      72     119     79 |    0.42        0.00
POST     /cart/checkout                                                                     6     0(0.00%) |     53      45      65     48 |    0.21        0.00
GET      /product/0PUK6V6EV0                                                                6     0(0.00%) |     38      31      51     36 |    0.21        0.00
GET      /product/1YMWWN1N4O                                                                4     0(0.00%) |     41      36      49     37 |    0.14        0.00
GET      /product/2ZYFJ3GM2N                                                                5     0(0.00%) |     39      34      43     38 |    0.18        0.00
GET      /product/66VCHSJNUP                                                                1     0(0.00%) |     40      40      40     40 |    0.04        0.00
GET      /product/6E92ZMYYFZ                                                                2     0(0.00%) |     37      37      37     37 |    0.07        0.00
GET      /product/9SIQT8TOJO                                                                3     0(0.00%) |     35      34      36     36 |    0.11        0.00
GET      /product/L9ECAV7KIM                                                                4     0(0.00%) |     39      36      46     38 |    0.14        0.00
GET      /product/LS4PSXUNUM                                                                7     0(0.00%) |     41      36      50     37 |    0.25        0.00
GET      /product/OLJCESPC7Z                                                                4     0(0.00%) |     35      33      37     34 |    0.14        0.00
POST     /setCurrency                                                                       4     0(0.00%) |     70      59      80     61 |    0.14        0.00
--------|----------------------------------------------------------------------------|-------|-------------|-------|-------|-------|-------|--------|-----------
         Aggregated                                                                        76     0(0.00%) |     59      31     235     46 |    2.67        0.00

Response time percentiles (approximated)
Type     Name                                                                                  50%    66%    75%    80%    90%    95%    98%    99%  99.9% 99.99%   100% # reqs
--------|--------------------------------------------------------------------------------|--------|------|------|------|------|------|------|------|------|------|------|------
GET      /                                                                                     100    100    120    120    120    240    240    240    240    240    240     12
GET      /cart                                                                                  40     40     45     45     50     50     50     50     50     50     50      6
POST     /cart                                                                                  80     80     90     90    110    120    120    120    120    120    120     12
POST     /cart/checkout                                                                         50     50     65     65     65     65     65     65     65     65     65      6
GET      /product/0PUK6V6EV0                                                                    38     38     38     38     51     51     51     51     51     51     51      6
GET      /product/1YMWWN1N4O                                                                    41     41     49     49     49     49     49     49     49     49     49      4
GET      /product/2ZYFJ3GM2N                                                                    38     43     43     44     44     44     44     44     44     44     44      5
GET      /product/66VCHSJNUP                                                                    40     40     40     40     40     40     40     40     40     40     40      1
GET      /product/6E92ZMYYFZ                                                                    37     37     37     37     37     37     37     37     37     37     37      2
GET      /product/9SIQT8TOJO                                                                    36     36     37     37     37     37     37     37     37     37     37      3
GET      /product/L9ECAV7KIM                                                                    39     39     47     47     47     47     47     47     47     47     47      4
GET      /product/LS4PSXUNUM                                                                    37     40     51     51     51     51     51     51     51     51     51      7
GET      /product/OLJCESPC7Z                                                                    36     36     37     37     37     37     37     37     37     37     37      4
POST     /setCurrency                                                                           80     80     81     81     81     81     81     81     81     81     81      4
--------|--------------------------------------------------------------------------------|--------|------|------|------|------|------|------|------|------|------|------|------
         Aggregated                                                                             47     65     79     80    100    120    120    240    240    240    240     76

