[2025-06-18 15:01:53,345] alcaraz/INFO/locust.main: Starting Locust 2.33.2
[2025-06-18 15:01:53,347] alcaraz/INFO/locust.main: Run time limit set to 30 seconds
[2025-06-18 15:01:53,349] alcaraz/INFO/locust.runners: Ramping to 10 users at a rate of 1.00 per second
[2025-06-18 15:02:02,361] alcaraz/INFO/locust.runners: All users spawned: {"WebsiteUser": 10} (10 total users)
[2025-06-18 15:02:22,048] alcaraz/INFO/locust.main: --run-time limit reached, shutting down
[2025-06-18 15:02:22,170] alcaraz/INFO/locust.main: Shutting down (exit code 0)
Type     Name                                                                          # reqs      # fails |    Avg     Min     Max    Med |   req/s  failures/s
--------|----------------------------------------------------------------------------|-------|-------------|-------|-------|-------|-------|--------|-----------
GET      /                                                                                  8     0(0.00%) |    207      54     645     92 |    0.28        0.00
GET      /cart                                                                              7     0(0.00%) |     47      36      62     49 |    0.25        0.00
POST     /cart                                                                              2     0(0.00%) |     71      69      73     70 |    0.07        0.00
POST     /cart/checkout                                                                     2     0(0.00%) |     48      47      50     47 |    0.07        0.00
GET      /product/0PUK6V6EV0                                                                1     0(0.00%) |     34      34      34     34 |    0.04        0.00
GET      /product/1YMWWN1N4O                                                                3     0(0.00%) |     45      36      56     44 |    0.11        0.00
GET      /product/66VCHSJNUP                                                                4     0(0.00%) |     62      51      87     55 |    0.14        0.00
GET      /product/6E92ZMYYFZ                                                                2     0(0.00%) |     42      34      50     34 |    0.07        0.00
GET      /product/L9ECAV7KIM                                                                2     0(0.00%) |     43      35      50     36 |    0.07        0.00
GET      /product/LS4PSXUNUM                                                                5     0(0.00%) |     43      39      53     41 |    0.18        0.00
GET      /product/OLJCESPC7Z                                                                3     0(0.00%) |     39      39      39     39 |    0.11        0.00
POST     /setCurrency                                                                       2     0(0.00%) |     78      74      82     74 |    0.07        0.00
--------|----------------------------------------------------------------------------|-------|-------------|-------|-------|-------|-------|--------|-----------
         Aggregated                                                                        41     0(0.00%) |     81      34     645     52 |    1.46        0.00

Response time percentiles (approximated)
Type     Name                                                                                  50%    66%    75%    80%    90%    95%    98%    99%  99.9% 99.99%   100% # reqs
--------|--------------------------------------------------------------------------------|--------|------|------|------|------|------|------|------|------|------|------|------
GET      /                                                                                     100    140    490    490    650    650    650    650    650    650    650      8
GET      /cart                                                                                  49     53     57     57     63     63     63     63     63     63     63      7
POST     /cart                                                                                  74     74     74     74     74     74     74     74     74     74     74      2
POST     /cart/checkout                                                                         50     50     50     50     50     50     50     50     50     50     50      2
GET      /product/0PUK6V6EV0                                                                    34     34     34     34     34     34     34     34     34     34     34      1
GET      /product/1YMWWN1N4O                                                                    44     44     56     56     56     56     56     56     56     56     56      3
GET      /product/66VCHSJNUP                                                                    56     56     87     87     87     87     87     87     87     87     87      4
GET      /product/6E92ZMYYFZ                                                                    51     51     51     51     51     51     51     51     51     51     51      2
GET      /product/L9ECAV7KIM                                                                    50     50     50     50     50     50     50     50     50     50     50      2
GET      /product/LS4PSXUNUM                                                                    41     42     42     53     53     53     53     53     53     53     53      5
GET      /product/OLJCESPC7Z                                                                    39     39     39     39     39     39     39     39     39     39     39      3
POST     /setCurrency                                                                           83     83     83     83     83     83     83     83     83     83     83      2
--------|--------------------------------------------------------------------------------|--------|------|------|------|------|------|------|------|------|------|------|------
         Aggregated                                                                             52     57     70     74     92    140    650    650    650    650    650     41

