[2025-06-18 15:02:58,890] alcaraz/INFO/locust.main: Starting Locust 2.33.2
[2025-06-18 15:02:58,891] alcaraz/INFO/locust.main: Run time limit set to 30 seconds
[2025-06-18 15:02:58,893] alcaraz/INFO/locust.runners: Ramping to 10 users at a rate of 1.00 per second
[2025-06-18 15:03:07,912] alcaraz/INFO/locust.runners: All users spawned: {"WebsiteUser": 10} (10 total users)
[2025-06-18 15:03:27,542] alcaraz/INFO/locust.main: --run-time limit reached, shutting down
[2025-06-18 15:03:27,669] alcaraz/INFO/locust.main: Shutting down (exit code 0)
Type     Name                                                                          # reqs      # fails |    Avg     Min     Max    Med |   req/s  failures/s
--------|----------------------------------------------------------------------------|-------|-------------|-------|-------|-------|-------|--------|-----------
GET      /                                                                                  8     0(0.00%) |    151      44     467     94 |    0.28        0.00
GET      /cart                                                                              5     0(0.00%) |     47      34      57     53 |    0.17        0.00
POST     /cart                                                                              6     0(0.00%) |     78      75      84     77 |    0.21        0.00
POST     /cart/checkout                                                                     2     0(0.00%) |     48      45      52     45 |    0.07        0.00
GET      /product/0PUK6V6EV0                                                                2     0(0.00%) |     46      39      54     39 |    0.07        0.00
GET      /product/2ZYFJ3GM2N                                                                5     0(0.00%) |     41      34      55     39 |    0.17        0.00
GET      /product/66VCHSJNUP                                                                3     0(0.00%) |     39      37      39     39 |    0.10        0.00
GET      /product/6E92ZMYYFZ                                                                2     0(0.00%) |     41      41      41     41 |    0.07        0.00
GET      /product/9SIQT8TOJO                                                                4     0(0.00%) |     37      35      41     36 |    0.14        0.00
GET      /product/L9ECAV7KIM                                                                4     0(0.00%) |     43      38      56     39 |    0.14        0.00
GET      /product/LS4PSXUNUM                                                                5     0(0.00%) |     37      36      39     37 |    0.17        0.00
GET      /product/OLJCESPC7Z                                                                2     0(0.00%) |     36      36      37     36 |    0.07        0.00
POST     /setCurrency                                                                       2     0(0.00%) |     80      77      84     78 |    0.07        0.00
--------|----------------------------------------------------------------------------|-------|-------------|-------|-------|-------|-------|--------|-----------
         Aggregated                                                                        50     0(0.00%) |     65      34     467     41 |    1.75        0.00

Response time percentiles (approximated)
Type     Name                                                                                  50%    66%    75%    80%    90%    95%    98%    99%  99.9% 99.99%   100% # reqs
--------|--------------------------------------------------------------------------------|--------|------|------|------|------|------|------|------|------|------|------|------
GET      /                                                                                     100    150    180    180    470    470    470    470    470    470    470      8
GET      /cart                                                                                  53     54     54     58     58     58     58     58     58     58     58      5
POST     /cart                                                                                  79     79     81     81     84     84     84     84     84     84     84      6
POST     /cart/checkout                                                                         52     52     52     52     52     52     52     52     52     52     52      2
GET      /product/0PUK6V6EV0                                                                    55     55     55     55     55     55     55     55     55     55     55      2
GET      /product/2ZYFJ3GM2N                                                                    39     41     41     55     55     55     55     55     55     55     55      5
GET      /product/66VCHSJNUP                                                                    39     39     40     40     40     40     40     40     40     40     40      3
GET      /product/6E92ZMYYFZ                                                                    42     42     42     42     42     42     42     42     42     42     42      2
GET      /product/9SIQT8TOJO                                                                    38     38     41     41     41     41     41     41     41     41     41      4
GET      /product/L9ECAV7KIM                                                                    41     41     57     57     57     57     57     57     57     57     57      4
GET      /product/LS4PSXUNUM                                                                    37     38     38     39     39     39     39     39     39     39     39      5
GET      /product/OLJCESPC7Z                                                                    37     37     37     37     37     37     37     37     37     37     37      2
POST     /setCurrency                                                                           84     84     84     84     84     84     84     84     84     84     84      2
--------|--------------------------------------------------------------------------------|--------|------|------|------|------|------|------|------|------|------|------|------
         Aggregated                                                                             42     57     77     81     94    150    470    470    470    470    470     50

