[2025-06-18 15:03:31,607] alcaraz/INFO/locust.main: Starting Locust 2.33.2
[2025-06-18 15:03:31,608] alcaraz/INFO/locust.main: Run time limit set to 30 seconds
[2025-06-18 15:03:31,610] alcaraz/INFO/locust.runners: Ramping to 10 users at a rate of 1.00 per second
[2025-06-18 15:03:40,627] alcaraz/INFO/locust.runners: All users spawned: {"WebsiteUser": 10} (10 total users)
[2025-06-18 15:04:00,312] alcaraz/INFO/locust.main: --run-time limit reached, shutting down
[2025-06-18 15:04:00,438] alcaraz/INFO/locust.main: Shutting down (exit code 0)
Type     Name                                                                          # reqs      # fails |    Avg     Min     Max    Med |   req/s  failures/s
--------|----------------------------------------------------------------------------|-------|-------------|-------|-------|-------|-------|--------|-----------
GET      /                                                                                  7     0(0.00%) |     97      58     136     95 |    0.25        0.00
GET      /cart                                                                              3     0(0.00%) |     37      33      42     36 |    0.11        0.00
POST     /cart                                                                              4     0(0.00%) |     74      67      79     75 |    0.14        0.00
POST     /cart/checkout                                                                     3     0(0.00%) |     49      48      50     49 |    0.11        0.00
GET      /product/0PUK6V6EV0                                                                4     0(0.00%) |     37      35      40     37 |    0.14        0.00
GET      /product/1YMWWN1N4O                                                                1     0(0.00%) |     38      38      38     38 |    0.04        0.00
GET      /product/2ZYFJ3GM2N                                                                3     0(0.00%) |     39      38      40     40 |    0.11        0.00
GET      /product/66VCHSJNUP                                                                2     0(0.00%) |     40      37      43     37 |    0.07        0.00
GET      /product/6E92ZMYYFZ                                                                1     0(0.00%) |     38      38      38     38 |    0.04        0.00
GET      /product/9SIQT8TOJO                                                                3     0(0.00%) |     38      36      41     37 |    0.11        0.00
GET      /product/L9ECAV7KIM                                                                1     0(0.00%) |     37      37      37     37 |    0.04        0.00
GET      /product/LS4PSXUNUM                                                                1     0(0.00%) |     38      38      38     38 |    0.04        0.00
GET      /product/OLJCESPC7Z                                                                3     0(0.00%) |     37      36      40     36 |    0.11        0.00
POST     /setCurrency                                                                       4     0(0.00%) |     83      61     120     67 |    0.14        0.00
--------|----------------------------------------------------------------------------|-------|-------------|-------|-------|-------|-------|--------|-----------
         Aggregated                                                                        40     0(0.00%) |     57      33     136     41 |    1.41        0.00

Response time percentiles (approximated)
Type     Name                                                                                  50%    66%    75%    80%    90%    95%    98%    99%  99.9% 99.99%   100% # reqs
--------|--------------------------------------------------------------------------------|--------|------|------|------|------|------|------|------|------|------|------|------
GET      /                                                                                      95    110    110    110    140    140    140    140    140    140    140      7
GET      /cart                                                                                  36     36     42     42     42     42     42     42     42     42     42      3
POST     /cart                                                                                  79     79     79     79     79     79     79     79     79     79     79      4
POST     /cart/checkout                                                                         49     49     51     51     51     51     51     51     51     51     51      3
GET      /product/0PUK6V6EV0                                                                    38     38     40     40     40     40     40     40     40     40     40      4
GET      /product/1YMWWN1N4O                                                                    39     39     39     39     39     39     39     39     39     39     39      1
GET      /product/2ZYFJ3GM2N                                                                    41     41     41     41     41     41     41     41     41     41     41      3
GET      /product/66VCHSJNUP                                                                    43     43     43     43     43     43     43     43     43     43     43      2
GET      /product/6E92ZMYYFZ                                                                    39     39     39     39     39     39     39     39     39     39     39      1
GET      /product/9SIQT8TOJO                                                                    37     37     41     41     41     41     41     41     41     41     41      3
GET      /product/L9ECAV7KIM                                                                    38     38     38     38     38     38     38     38     38     38     38      1
GET      /product/LS4PSXUNUM                                                                    39     39     39     39     39     39     39     39     39     39     39      1
GET      /product/OLJCESPC7Z                                                                    36     36     40     40     40     40     40     40     40     40     40      3
POST     /setCurrency                                                                           83     83    120    120    120    120    120    120    120    120    120      4
--------|--------------------------------------------------------------------------------|--------|------|------|------|------|------|------|------|------|------|------|------
         Aggregated                                                                             42     61     79     83    110    120    140    140    140    140    140     40

