[2025-06-18 15:04:04,276] alcaraz/INFO/locust.main: Starting Locust 2.33.2
[2025-06-18 15:04:04,277] alcaraz/INFO/locust.main: Run time limit set to 30 seconds
[2025-06-18 15:04:04,279] alcaraz/INFO/locust.runners: Ramping to 10 users at a rate of 1.00 per second
[2025-06-18 15:04:13,291] alcaraz/INFO/locust.runners: All users spawned: {"WebsiteUser": 10} (10 total users)
[2025-06-18 15:04:33,005] alcaraz/INFO/locust.main: --run-time limit reached, shutting down
[2025-06-18 15:04:33,106] alcaraz/INFO/locust.main: Shutting down (exit code 0)
Type     Name                                                                          # reqs      # fails |    Avg     Min     Max    Med |   req/s  failures/s
--------|----------------------------------------------------------------------------|-------|-------------|-------|-------|-------|-------|--------|-----------
GET      /                                                                                  9     0(0.00%) |    112      53     210     92 |    0.32        0.00
GET      /cart                                                                              4     0(0.00%) |     37      35      39     36 |    0.14        0.00
POST     /cart                                                                              3     0(0.00%) |     72      69      75     71 |    0.11        0.00
GET      /product/0PUK6V6EV0                                                                3     0(0.00%) |     37      36      39     37 |    0.11        0.00
GET      /product/1YMWWN1N4O                                                                2     0(0.00%) |     45      40      50     40 |    0.07        0.00
GET      /product/2ZYFJ3GM2N                                                                5     0(0.00%) |     42      33      55     42 |    0.18        0.00
GET      /product/6E92ZMYYFZ                                                                1     0(0.00%) |     37      37      37     37 |    0.04        0.00
GET      /product/9SIQT8TOJO                                                                3     0(0.00%) |     43      36      54     38 |    0.11        0.00
GET      /product/L9ECAV7KIM                                                                3     0(0.00%) |     41      35      51     38 |    0.11        0.00
GET      /product/LS4PSXUNUM                                                                2     0(0.00%) |     43      35      50     35 |    0.07        0.00
GET      /product/OLJCESPC7Z                                                                5     0(0.00%) |     39      36      44     39 |    0.18        0.00
POST     /setCurrency                                                                       4     0(0.00%) |     72      61      83     72 |    0.14        0.00
--------|----------------------------------------------------------------------------|-------|-------------|-------|-------|-------|-------|--------|-----------
         Aggregated                                                                        44     0(0.00%) |     60      33     210     43 |    1.54        0.00

Response time percentiles (approximated)
Type     Name                                                                                  50%    66%    75%    80%    90%    95%    98%    99%  99.9% 99.99%   100% # reqs
--------|--------------------------------------------------------------------------------|--------|------|------|------|------|------|------|------|------|------|------|------
GET      /                                                                                      92    110    130    170    210    210    210    210    210    210    210      9
GET      /cart                                                                                  39     39     40     40     40     40     40     40     40     40     40      4
POST     /cart                                                                                  71     71     75     75     75     75     75     75     75     75     75      3
GET      /product/0PUK6V6EV0                                                                    37     37     39     39     39     39     39     39     39     39     39      3
GET      /product/1YMWWN1N4O                                                                    51     51     51     51     51     51     51     51     51     51     51      2
GET      /product/2ZYFJ3GM2N                                                                    42     43     43     56     56     56     56     56     56     56     56      5
GET      /product/6E92ZMYYFZ                                                                    38     38     38     38     38     38     38     38     38     38     38      1
GET      /product/9SIQT8TOJO                                                                    38     38     55     55     55     55     55     55     55     55     55      3
GET      /product/L9ECAV7KIM                                                                    38     38     51     51     51     51     51     51     51     51     51      3
GET      /product/LS4PSXUNUM                                                                    51     51     51     51     51     51     51     51     51     51     51      2
GET      /product/OLJCESPC7Z                                                                    39     39     39     45     45     45     45     45     45     45     45      5
POST     /setCurrency                                                                           74     74     84     84     84     84     84     84     84     84     84      4
--------|--------------------------------------------------------------------------------|--------|------|------|------|------|------|------|------|------|------|------|------
         Aggregated                                                                             45     56     72     75     92    130    210    210    210    210    210     44

