[2025-06-18 14:53:30,460] alcaraz/INFO/locust.main: Starting Locust 2.33.2
[2025-06-18 14:53:30,462] alcaraz/INFO/locust.main: Run time limit set to 30 seconds
[2025-06-18 14:53:30,465] alcaraz/INFO/locust.runners: Ramping to 10 users at a rate of 1.00 per second
[2025-06-18 14:53:39,477] alcaraz/INFO/locust.runners: All users spawned: {"WebsiteUser": 10} (10 total users)
[2025-06-18 14:53:58,504] alcaraz/INFO/locust.main: --run-time limit reached, shutting down
[2025-06-18 14:53:58,646] alcaraz/INFO/locust.main: Shutting down (exit code 0)
Type     Name                                                                          # reqs      # fails |    Avg     Min     Max    Med |   req/s  failures/s
--------|----------------------------------------------------------------------------|-------|-------------|-------|-------|-------|-------|--------|-----------
GET      /                                                                                  9     0(0.00%) |   1777      59    5697   1100 |    0.33        0.00
GET      /cart                                                                              3     0(0.00%) |     42      35      51     40 |    0.11        0.00
POST     /cart                                                                              5     0(0.00%) |     79      62      91     79 |    0.18        0.00
POST     /cart/checkout                                                                     1     0(0.00%) |     49      49      49     49 |    0.04        0.00
GET      /product/0PUK6V6EV0                                                                4     0(0.00%) |     45      36      66     37 |    0.14        0.00
GET      /product/1YMWWN1N4O                                                                4     0(0.00%) |     41      33      55     38 |    0.14        0.00
GET      /product/66VCHSJNUP                                                                4     0(0.00%) |     52      37      83     43 |    0.14        0.00
GET      /product/6E92ZMYYFZ                                                                3     0(0.00%) |     40      36      43     42 |    0.11        0.00
GET      /product/9SIQT8TOJO                                                                3     0(0.00%) |     50      38      71     42 |    0.11        0.00
GET      /product/L9ECAV7KIM                                                                5     0(0.00%) |     36      34      39     37 |    0.18        0.00
GET      /product/LS4PSXUNUM                                                                1     0(0.00%) |     82      82      82     82 |    0.04        0.00
GET      /product/OLJCESPC7Z                                                                1     0(0.00%) |     67      67      67     67 |    0.04        0.00
POST     /setCurrency                                                                       2     0(0.00%) |     60      57      62     57 |    0.07        0.00
--------|----------------------------------------------------------------------------|-------|-------------|-------|-------|-------|-------|--------|-----------
         Aggregated                                                                        45     0(0.00%) |    396      33    5697     52 |    1.63        0.00

Response time percentiles (approximated)
Type     Name                                                                                  50%    66%    75%    80%    90%    95%    98%    99%  99.9% 99.99%   100% # reqs
--------|--------------------------------------------------------------------------------|--------|------|------|------|------|------|------|------|------|------|------|------
GET      /                                                                                    1100   1800   2800   3700   5700   5700   5700   5700   5700   5700   5700      9
GET      /cart                                                                                  40     40     52     52     52     52     52     52     52     52     52      3
POST     /cart                                                                                  79     87     87     92     92     92     92     92     92     92     92      5
POST     /cart/checkout                                                                         50     50     50     50     50     50     50     50     50     50     50      1
GET      /product/0PUK6V6EV0                                                                    42     42     66     66     66     66     66     66     66     66     66      4
GET      /product/1YMWWN1N4O                                                                    40     40     55     55     55     55     55     55     55     55     55      4
GET      /product/66VCHSJNUP                                                                    46     46     84     84     84     84     84     84     84     84     84      4
GET      /product/6E92ZMYYFZ                                                                    42     42     44     44     44     44     44     44     44     44     44      3
GET      /product/9SIQT8TOJO                                                                    42     42     71     71     71     71     71     71     71     71     71      3
GET      /product/L9ECAV7KIM                                                                    37     37     37     40     40     40     40     40     40     40     40      5
GET      /product/LS4PSXUNUM                                                                    82     82     82     82     82     82     82     82     82     82     82      1
GET      /product/OLJCESPC7Z                                                                    68     68     68     68     68     68     68     68     68     68     68      1
POST     /setCurrency                                                                           63     63     63     63     63     63     63     63     63     63     63      2
--------|--------------------------------------------------------------------------------|--------|------|------|------|------|------|------|------|------|------|------|------
         Aggregated                                                                             52     68     82     87   1100   2800   5700   5700   5700   5700   5700     45

