[2025-06-18 15:06:58,256] alcaraz/INFO/locust.main: Starting Locust 2.33.2
[2025-06-18 15:06:58,257] alcaraz/INFO/locust.main: Run time limit set to 30 seconds
[2025-06-18 15:06:58,258] alcaraz/INFO/locust.runners: Ramping to 10 users at a rate of 1.00 per second
[2025-06-18 15:07:07,274] alcaraz/INFO/locust.runners: All users spawned: {"WebsiteUser": 10} (10 total users)
[2025-06-18 15:07:26,832] alcaraz/INFO/locust.main: --run-time limit reached, shutting down
[2025-06-18 15:07:26,957] alcaraz/INFO/locust.main: Shutting down (exit code 0)
Type     Name                                                                          # reqs      # fails |    Avg     Min     Max    Med |   req/s  failures/s
--------|----------------------------------------------------------------------------|-------|-------------|-------|-------|-------|-------|--------|-----------
GET      /                                                                                 16     0(0.00%) |    158      43     806     86 |    0.57        0.00
GET      /cart                                                                             11     0(0.00%) |     36      32      40     37 |    0.39        0.00
POST     /cart                                                                              4     0(0.00%) |     79      73      84     78 |    0.14        0.00
POST     /cart/checkout                                                                     4     0(0.00%) |     50      45      60     46 |    0.14        0.00
GET      /product/0PUK6V6EV0                                                                6     0(0.00%) |     58      34     151     37 |    0.21        0.00
GET      /product/1YMWWN1N4O                                                                3     0(0.00%) |     42      36      51     38 |    0.11        0.00
GET      /product/2ZYFJ3GM2N                                                                2     0(0.00%) |     48      38      58     39 |    0.07        0.00
GET      /product/66VCHSJNUP                                                                5     0(0.00%) |     36      33      39     37 |    0.18        0.00
GET      /product/6E92ZMYYFZ                                                                1     0(0.00%) |     35      35      35     35 |    0.04        0.00
GET      /product/9SIQT8TOJO                                                                4     0(0.00%) |     40      36      44     39 |    0.14        0.00
GET      /product/L9ECAV7KIM                                                                2     0(0.00%) |     38      36      39     37 |    0.07        0.00
GET      /product/LS4PSXUNUM                                                                1     0(0.00%) |     47      47      47     47 |    0.04        0.00
GET      /product/OLJCESPC7Z                                                                3     0(0.00%) |     87      36     179     48 |    0.11        0.00
POST     /setCurrency                                                                       5     0(0.00%) |     92      58     180     75 |    0.18        0.00
--------|----------------------------------------------------------------------------|-------|-------------|-------|-------|-------|-------|--------|-----------
         Aggregated                                                                        67     0(0.00%) |     78      32     806     46 |    2.38        0.00

Response time percentiles (approximated)
Type     Name                                                                                  50%    66%    75%    80%    90%    95%    98%    99%  99.9% 99.99%   100% # reqs
--------|--------------------------------------------------------------------------------|--------|------|------|------|------|------|------|------|------|------|------|------
GET      /                                                                                      93     98    170    170    460    810    810    810    810    810    810     16
GET      /cart                                                                                  37     38     38     38     40     41     41     41     41     41     41     11
POST     /cart                                                                                  83     83     84     84     84     84     84     84     84     84     84      4
POST     /cart/checkout                                                                         48     48     61     61     61     61     61     61     61     61     61      4
GET      /product/0PUK6V6EV0                                                                    40     40     50     50    150    150    150    150    150    150    150      6
GET      /product/1YMWWN1N4O                                                                    38     38     52     52     52     52     52     52     52     52     52      3
GET      /product/2ZYFJ3GM2N                                                                    58     58     58     58     58     58     58     58     58     58     58      2
GET      /product/66VCHSJNUP                                                                    37     38     38     39     39     39     39     39     39     39     39      5
GET      /product/6E92ZMYYFZ                                                                    35     35     35     35     35     35     35     35     35     35     35      1
GET      /product/9SIQT8TOJO                                                                    42     42     45     45     45     45     45     45     45     45     45      4
GET      /product/L9ECAV7KIM                                                                    39     39     39     39     39     39     39     39     39     39     39      2
GET      /product/LS4PSXUNUM                                                                    48     48     48     48     48     48     48     48     48     48     48      1
GET      /product/OLJCESPC7Z                                                                    48     48    180    180    180    180    180    180    180    180    180      3
POST     /setCurrency                                                                           75     77     77    180    180    180    180    180    180    180    180      5
--------|--------------------------------------------------------------------------------|--------|------|------|------|------|------|------|------|------|------|------|------
         Aggregated                                                                             46     59     77     84    150    180    460    810    810    810    810     67

