[2025-06-18 15:07:31,378] alcaraz/INFO/locust.main: Starting Locust 2.33.2
[2025-06-18 15:07:31,379] alcaraz/INFO/locust.main: Run time limit set to 30 seconds
[2025-06-18 15:07:31,381] alcaraz/INFO/locust.runners: Ramping to 10 users at a rate of 1.00 per second
[2025-06-18 15:07:40,397] alcaraz/INFO/locust.runners: All users spawned: {"WebsiteUser": 10} (10 total users)
[2025-06-18 15:08:00,180] alcaraz/INFO/locust.main: --run-time limit reached, shutting down
[2025-06-18 15:08:00,310] alcaraz/INFO/locust.main: Shutting down (exit code 0)
Type     Name                                                                          # reqs      # fails |    Avg     Min     Max    Med |   req/s  failures/s
--------|----------------------------------------------------------------------------|-------|-------------|-------|-------|-------|-------|--------|-----------
GET      /                                                                                 18     0(0.00%) |     75      38     125     77 |    0.63        0.00
GET      /cart                                                                              9     0(0.00%) |     42      35      55     40 |    0.31        0.00
POST     /cart                                                                              9     0(0.00%) |     76      71      84     76 |    0.31        0.00
POST     /cart/checkout                                                                     5     0(0.00%) |     51      49      52     51 |    0.17        0.00
GET      /product/0PUK6V6EV0                                                                3     0(0.00%) |     37      35      38     37 |    0.10        0.00
GET      /product/1YMWWN1N4O                                                                1     0(0.00%) |     42      42      42     42 |    0.03        0.00
GET      /product/2ZYFJ3GM2N                                                                4     0(0.00%) |     36      34      37     35 |    0.14        0.00
GET      /product/66VCHSJNUP                                                                4     0(0.00%) |     36      34      38     37 |    0.14        0.00
GET      /product/6E92ZMYYFZ                                                                3     0(0.00%) |     36      32      39     39 |    0.10        0.00
GET      /product/9SIQT8TOJO                                                                2     0(0.00%) |     43      34      51     35 |    0.07        0.00
GET      /product/L9ECAV7KIM                                                                5     0(0.00%) |     36      34      39     36 |    0.17        0.00
GET      /product/LS4PSXUNUM                                                                3     0(0.00%) |     37      34      39     38 |    0.10        0.00
GET      /product/OLJCESPC7Z                                                                4     0(0.00%) |     38      34      40     38 |    0.14        0.00
POST     /setCurrency                                                                       3     0(0.00%) |     74      64      82     76 |    0.10        0.00
--------|----------------------------------------------------------------------------|-------|-------------|-------|-------|-------|-------|--------|-----------
         Aggregated                                                                        73     0(0.00%) |     54      32     125     43 |    2.54        0.00

Response time percentiles (approximated)
Type     Name                                                                                  50%    66%    75%    80%    90%    95%    98%    99%  99.9% 99.99%   100% # reqs
--------|--------------------------------------------------------------------------------|--------|------|------|------|------|------|------|------|------|------|------|------
GET      /                                                                                      81     89     96     99    110    130    130    130    130    130    130     18
GET      /cart                                                                                  40     41     47     53     55     55     55     55     55     55     55      9
POST     /cart                                                                                  76     76     77     80     85     85     85     85     85     85     85      9
POST     /cart/checkout                                                                         51     51     51     53     53     53     53     53     53     53     53      5
GET      /product/0PUK6V6EV0                                                                    37     37     39     39     39     39     39     39     39     39     39      3
GET      /product/1YMWWN1N4O                                                                    43     43     43     43     43     43     43     43     43     43     43      1
GET      /product/2ZYFJ3GM2N                                                                    38     38     38     38     38     38     38     38     38     38     38      4
GET      /product/66VCHSJNUP                                                                    38     38     39     39     39     39     39     39     39     39     39      4
GET      /product/6E92ZMYYFZ                                                                    39     39     39     39     39     39     39     39     39     39     39      3
GET      /product/9SIQT8TOJO                                                                    52     52     52     52     52     52     52     52     52     52     52      2
GET      /product/L9ECAV7KIM                                                                    36     38     38     40     40     40     40     40     40     40     40      5
GET      /product/LS4PSXUNUM                                                                    38     38     39     39     39     39     39     39     39     39     39      3
GET      /product/OLJCESPC7Z                                                                    39     39     41     41     41     41     41     41     41     41     41      4
POST     /setCurrency                                                                           76     76     82     82     82     82     82     82     82     82     82      3
--------|--------------------------------------------------------------------------------|--------|------|------|------|------|------|------|------|------|------|------|------
         Aggregated                                                                             43     59     75     76     85     99    110    130    130    130    130     73

