[2025-06-18 15:08:05,475] alcaraz/INFO/locust.main: Starting Locust 2.33.2
[2025-06-18 15:08:05,477] alcaraz/INFO/locust.main: Run time limit set to 30 seconds
[2025-06-18 15:08:05,479] alcaraz/INFO/locust.runners: Ramping to 10 users at a rate of 1.00 per second
[2025-06-18 15:08:14,493] alcaraz/INFO/locust.runners: All users spawned: {"WebsiteUser": 10} (10 total users)
[2025-06-18 15:08:33,518] alcaraz/INFO/locust.main: --run-time limit reached, shutting down
[2025-06-18 15:08:33,651] alcaraz/INFO/locust.main: Shutting down (exit code 0)
Type     Name                                                                          # reqs      # fails |    Avg     Min     Max    Med |   req/s  failures/s
--------|----------------------------------------------------------------------------|-------|-------------|-------|-------|-------|-------|--------|-----------
GET      /                                                                                 12     0(0.00%) |     99      49     193     93 |    0.43        0.00
GET      /cart                                                                              8     0(0.00%) |     50      36      69     46 |    0.29        0.00
POST     /cart                                                                             11     0(0.00%) |     79      62     104     76 |    0.40        0.00
POST     /cart/checkout                                                                     2     0(0.00%) |     46      44      48     45 |    0.07        0.00
GET      /product/0PUK6V6EV0                                                                3     0(0.00%) |     38      33      43     38 |    0.11        0.00
GET      /product/1YMWWN1N4O                                                                6     0(0.00%) |     45      35      57     40 |    0.22        0.00
GET      /product/2ZYFJ3GM2N                                                                4     0(0.00%) |     37      36      40     37 |    0.14        0.00
GET      /product/66VCHSJNUP                                                                5     0(0.00%) |     36      33      40     36 |    0.18        0.00
GET      /product/6E92ZMYYFZ                                                                4     0(0.00%) |     41      35      47     40 |    0.14        0.00
GET      /product/9SIQT8TOJO                                                                7     0(0.00%) |     41      36      56     39 |    0.25        0.00
GET      /product/L9ECAV7KIM                                                                1     0(0.00%) |     34      34      34     34 |    0.04        0.00
GET      /product/LS4PSXUNUM                                                                5     0(0.00%) |     37      34      39     37 |    0.18        0.00
GET      /product/OLJCESPC7Z                                                                2     0(0.00%) |     46      41      52     41 |    0.07        0.00
POST     /setCurrency                                                                       6     0(0.00%) |     68      60      78     67 |    0.22        0.00
--------|----------------------------------------------------------------------------|-------|-------------|-------|-------|-------|-------|--------|-----------
         Aggregated                                                                        76     0(0.00%) |     58      33     193     48 |    2.74        0.00

Response time percentiles (approximated)
Type     Name                                                                                  50%    66%    75%    80%    90%    95%    98%    99%  99.9% 99.99%   100% # reqs
--------|--------------------------------------------------------------------------------|--------|------|------|------|------|------|------|------|------|------|------|------
GET      /                                                                                      94     94    100    100    150    190    190    190    190    190    190     12
GET      /cart                                                                                  54     55     63     63     70     70     70     70     70     70     70      8
POST     /cart                                                                                  76     79     83     83     99    100    100    100    100    100    100     11
POST     /cart/checkout                                                                         48     48     48     48     48     48     48     48     48     48     48      2
GET      /product/0PUK6V6EV0                                                                    38     38     43     43     43     43     43     43     43     43     43      3
GET      /product/1YMWWN1N4O                                                                    49     49     54     54     57     57     57     57     57     57     57      6
GET      /product/2ZYFJ3GM2N                                                                    38     38     40     40     40     40     40     40     40     40     40      4
GET      /product/66VCHSJNUP                                                                    36     38     38     41     41     41     41     41     41     41     41      5
GET      /product/6E92ZMYYFZ                                                                    46     46     47     47     47     47     47     47     47     47     47      4
GET      /product/9SIQT8TOJO                                                                    39     42     46     46     57     57     57     57     57     57     57      7
GET      /product/L9ECAV7KIM                                                                    34     34     34     34     34     34     34     34     34     34     34      1
GET      /product/LS4PSXUNUM                                                                    37     38     38     40     40     40     40     40     40     40     40      5
GET      /product/OLJCESPC7Z                                                                    52     52     52     52     52     52     52     52     52     52     52      2
POST     /setCurrency                                                                           68     68     74     74     79     79     79     79     79     79     79      6
--------|--------------------------------------------------------------------------------|--------|------|------|------|------|------|------|------|------|------|------|------
         Aggregated                                                                             49     67     75     76     94    100    150    190    190    190    190     76

