[2025-06-18 15:09:10,441] alcaraz/INFO/locust.main: Starting Locust 2.33.2
[2025-06-18 15:09:10,442] alcaraz/INFO/locust.main: Run time limit set to 30 seconds
[2025-06-18 15:09:10,444] alcaraz/INFO/locust.runners: Ramping to 10 users at a rate of 1.00 per second
[2025-06-18 15:09:19,460] alcaraz/INFO/locust.runners: All users spawned: {"WebsiteUser": 10} (10 total users)
[2025-06-18 15:09:39,119] alcaraz/INFO/locust.main: --run-time limit reached, shutting down
[2025-06-18 15:09:39,245] alcaraz/INFO/locust.main: Shutting down (exit code 0)
Type     Name                                                                          # reqs      # fails |    Avg     Min     Max    Med |   req/s  failures/s
--------|----------------------------------------------------------------------------|-------|-------------|-------|-------|-------|-------|--------|-----------
GET      /                                                                                  8     0(0.00%) |    105      60     197     93 |    0.29        0.00
GET      /cart                                                                              9     0(0.00%) |     50      31     143     39 |    0.32        0.00
POST     /cart                                                                              4     0(0.00%) |     76      70      83     76 |    0.14        0.00
POST     /cart/checkout                                                                     2     0(0.00%) |     46      45      48     46 |    0.07        0.00
GET      /product/0PUK6V6EV0                                                                1     0(0.00%) |     39      39      39     39 |    0.04        0.00
GET      /product/1YMWWN1N4O                                                                4     0(0.00%) |     39      37      42     38 |    0.14        0.00
GET      /product/2ZYFJ3GM2N                                                                4     0(0.00%) |     36      34      38     37 |    0.14        0.00
GET      /product/66VCHSJNUP                                                                1     0(0.00%) |     42      42      42     42 |    0.04        0.00
GET      /product/6E92ZMYYFZ                                                                3     0(0.00%) |     56      41      84     44 |    0.11        0.00
GET      /product/9SIQT8TOJO                                                                1     0(0.00%) |     35      35      35     35 |    0.04        0.00
GET      /product/L9ECAV7KIM                                                                3     0(0.00%) |     54      36      88     37 |    0.11        0.00
GET      /product/LS4PSXUNUM                                                                2     0(0.00%) |     35      34      36     34 |    0.07        0.00
GET      /product/OLJCESPC7Z                                                                2     0(0.00%) |     39      37      41     37 |    0.07        0.00
POST     /setCurrency                                                                       4     0(0.00%) |     74      59      81     78 |    0.14        0.00
--------|----------------------------------------------------------------------------|-------|-------------|-------|-------|-------|-------|--------|-----------
         Aggregated                                                                        48     0(0.00%) |     60      31     197     42 |    1.71        0.00

Response time percentiles (approximated)
Type     Name                                                                                  50%    66%    75%    80%    90%    95%    98%    99%  99.9% 99.99%   100% # reqs
--------|--------------------------------------------------------------------------------|--------|------|------|------|------|------|------|------|------|------|------|------
GET      /                                                                                     100    100    110    110    200    200    200    200    200    200    200      8
GET      /cart                                                                                  39     39     42     54    140    140    140    140    140    140    140      9
POST     /cart                                                                                  77     77     83     83     83     83     83     83     83     83     83      4
POST     /cart/checkout                                                                         48     48     48     48     48     48     48     48     48     48     48      2
GET      /product/0PUK6V6EV0                                                                    40     40     40     40     40     40     40     40     40     40     40      1
GET      /product/1YMWWN1N4O                                                                    40     40     43     43     43     43     43     43     43     43     43      4
GET      /product/2ZYFJ3GM2N                                                                    38     38     39     39     39     39     39     39     39     39     39      4
GET      /product/66VCHSJNUP                                                                    42     42     42     42     42     42     42     42     42     42     42      1
GET      /product/6E92ZMYYFZ                                                                    44     44     84     84     84     84     84     84     84     84     84      3
GET      /product/9SIQT8TOJO                                                                    36     36     36     36     36     36     36     36     36     36     36      1
GET      /product/L9ECAV7KIM                                                                    37     37     88     88     88     88     88     88     88     88     88      3
GET      /product/LS4PSXUNUM                                                                    37     37     37     37     37     37     37     37     37     37     37      2
GET      /product/OLJCESPC7Z                                                                    41     41     41     41     41     41     41     41     41     41     41      2
POST     /setCurrency                                                                           79     79     81     81     81     81     81     81     81     81     81      4
--------|--------------------------------------------------------------------------------|--------|------|------|------|------|------|------|------|------|------|------|------
         Aggregated                                                                             43     70     81     84    100    110    200    200    200    200    200     48

