[2025-06-18 15:09:43,090] alcaraz/INFO/locust.main: Starting Locust 2.33.2
[2025-06-18 15:09:43,091] alcaraz/INFO/locust.main: Run time limit set to 30 seconds
[2025-06-18 15:09:43,093] alcaraz/INFO/locust.runners: Ramping to 10 users at a rate of 1.00 per second
[2025-06-18 15:09:52,112] alcaraz/INFO/locust.runners: All users spawned: {"WebsiteUser": 10} (10 total users)
[2025-06-18 15:10:11,864] alcaraz/INFO/locust.main: --run-time limit reached, shutting down
[2025-06-18 15:10:11,987] alcaraz/INFO/locust.main: Shutting down (exit code 0)
Type     Name                                                                          # reqs      # fails |    Avg     Min     Max    Med |   req/s  failures/s
--------|----------------------------------------------------------------------------|-------|-------------|-------|-------|-------|-------|--------|-----------
GET      /                                                                                  3     0(0.00%) |    103      97     112    100 |    0.11        0.00
GET      /cart                                                                              4     0(0.00%) |     41      35      52     38 |    0.14        0.00
POST     /cart                                                                              3     0(0.00%) |     91      79     114     81 |    0.11        0.00
POST     /cart/checkout                                                                     1     0(0.00%) |     57      57      57     57 |    0.04        0.00
GET      /product/0PUK6V6EV0                                                                1     0(0.00%) |     37      37      37     37 |    0.04        0.00
GET      /product/2ZYFJ3GM2N                                                                2     0(0.00%) |     38      38      38     38 |    0.07        0.00
GET      /product/6E92ZMYYFZ                                                                2     0(0.00%) |     36      36      37     37 |    0.07        0.00
GET      /product/L9ECAV7KIM                                                                1     0(0.00%) |     38      38      38     38 |    0.04        0.00
GET      /product/LS4PSXUNUM                                                                1     0(0.00%) |     40      40      40     40 |    0.04        0.00
GET      /product/OLJCESPC7Z                                                                2     0(0.00%) |     39      38      40     39 |    0.07        0.00
POST     /setCurrency                                                                       1     0(0.00%) |    101     101     101    101 |    0.04        0.00
--------|----------------------------------------------------------------------------|-------|-------------|-------|-------|-------|-------|--------|-----------
         Aggregated                                                                        21     0(0.00%) |     59      35     114     41 |    0.74        0.00

Response time percentiles (approximated)
Type     Name                                                                                  50%    66%    75%    80%    90%    95%    98%    99%  99.9% 99.99%   100% # reqs
--------|--------------------------------------------------------------------------------|--------|------|------|------|------|------|------|------|------|------|------|------
GET      /                                                                                     100    100    110    110    110    110    110    110    110    110    110      3
GET      /cart                                                                                  39     39     53     53     53     53     53     53     53     53     53      4
POST     /cart                                                                                  81     81    110    110    110    110    110    110    110    110    110      3
POST     /cart/checkout                                                                         57     57     57     57     57     57     57     57     57     57     57      1
GET      /product/0PUK6V6EV0                                                                    38     38     38     38     38     38     38     38     38     38     38      1
GET      /product/2ZYFJ3GM2N                                                                    39     39     39     39     39     39     39     39     39     39     39      2
GET      /product/6E92ZMYYFZ                                                                    37     37     37     37     37     37     37     37     37     37     37      2
GET      /product/L9ECAV7KIM                                                                    39     39     39     39     39     39     39     39     39     39     39      1
GET      /product/LS4PSXUNUM                                                                    41     41     41     41     41     41     41     41     41     41     41      1
GET      /product/OLJCESPC7Z                                                                    41     41     41     41     41     41     41     41     41     41     41      2
POST     /setCurrency                                                                          100    100    100    100    100    100    100    100    100    100    100      1
--------|--------------------------------------------------------------------------------|--------|------|------|------|------|------|------|------|------|------|------|------
         Aggregated                                                                             41     57     81     98    100    110    110    110    110    110    110     21

