[2025-06-18 15:10:15,925] alcaraz/INFO/locust.main: Starting Locust 2.33.2
[2025-06-18 15:10:15,926] alcaraz/INFO/locust.main: Run time limit set to 30 seconds
[2025-06-18 15:10:15,927] alcaraz/INFO/locust.runners: Ramping to 10 users at a rate of 1.00 per second
[2025-06-18 15:10:24,942] alcaraz/INFO/locust.runners: All users spawned: {"WebsiteUser": 10} (10 total users)
[2025-06-18 15:10:44,586] alcaraz/INFO/locust.main: --run-time limit reached, shutting down
[2025-06-18 15:10:44,711] alcaraz/INFO/locust.main: Shutting down (exit code 0)
Type     Name                                                                          # reqs      # fails |    Avg     Min     Max    Med |   req/s  failures/s
--------|----------------------------------------------------------------------------|-------|-------------|-------|-------|-------|-------|--------|-----------
GET      /                                                                                  5     0(0.00%) |     76      42      96     95 |    0.18        0.00
GET      /cart                                                                              1     0(0.00%) |     37      37      37     37 |    0.04        0.00
POST     /cart                                                                              2     0(0.00%) |     77      77      77     77 |    0.07        0.00
POST     /cart/checkout                                                                     1     0(0.00%) |     46      46      46     46 |    0.04        0.00
GET      /product/0PUK6V6EV0                                                                2     0(0.00%) |     37      37      38     37 |    0.07        0.00
GET      /product/1YMWWN1N4O                                                                1     0(0.00%) |     35      35      35     35 |    0.04        0.00
GET      /product/2ZYFJ3GM2N                                                                2     0(0.00%) |     37      36      38     37 |    0.07        0.00
GET      /product/L9ECAV7KIM                                                                1     0(0.00%) |     35      35      35     35 |    0.04        0.00
GET      /product/LS4PSXUNUM                                                                1     0(0.00%) |     34      34      34     34 |    0.04        0.00
GET      /product/OLJCESPC7Z                                                                2     0(0.00%) |     37      37      38     37 |    0.07        0.00
POST     /setCurrency                                                                       5     0(0.00%) |     74      69      77     74 |    0.18        0.00
--------|----------------------------------------------------------------------------|-------|-------------|-------|-------|-------|-------|--------|-----------
         Aggregated                                                                        23     0(0.00%) |     57      34      96     47 |    0.82        0.00

Response time percentiles (approximated)
Type     Name                                                                                  50%    66%    75%    80%    90%    95%    98%    99%  99.9% 99.99%   100% # reqs
--------|--------------------------------------------------------------------------------|--------|------|------|------|------|------|------|------|------|------|------|------
GET      /                                                                                      95     97     97     97     97     97     97     97     97     97     97      5
GET      /cart                                                                                  38     38     38     38     38     38     38     38     38     38     38      1
POST     /cart                                                                                  78     78     78     78     78     78     78     78     78     78     78      2
POST     /cart/checkout                                                                         47     47     47     47     47     47     47     47     47     47     47      1
GET      /product/0PUK6V6EV0                                                                    39     39     39     39     39     39     39     39     39     39     39      2
GET      /product/1YMWWN1N4O                                                                    36     36     36     36     36     36     36     36     36     36     36      1
GET      /product/2ZYFJ3GM2N                                                                    39     39     39     39     39     39     39     39     39     39     39      2
GET      /product/L9ECAV7KIM                                                                    36     36     36     36     36     36     36     36     36     36     36      1
GET      /product/LS4PSXUNUM                                                                    35     35     35     35     35     35     35     35     35     35     35      1
GET      /product/OLJCESPC7Z                                                                    39     39     39     39     39     39     39     39     39     39     39      2
POST     /setCurrency                                                                           74     76     76     77     77     77     77     77     77     77     77      5
--------|--------------------------------------------------------------------------------|--------|------|------|------|------|------|------|------|------|------|------|------
         Aggregated                                                                             47     74     77     77     95     97     97     97     97     97     97     23

