[2025-06-18 15:11:21,596] alcaraz/INFO/locust.main: Starting Locust 2.33.2
[2025-06-18 15:11:21,597] alcaraz/INFO/locust.main: Run time limit set to 30 seconds
[2025-06-18 15:11:21,599] alcaraz/INFO/locust.runners: Ramping to 10 users at a rate of 1.00 per second
[2025-06-18 15:11:30,615] alcaraz/INFO/locust.runners: All users spawned: {"WebsiteUser": 10} (10 total users)
[2025-06-18 15:11:50,233] alcaraz/INFO/locust.main: --run-time limit reached, shutting down
[2025-06-18 15:11:50,356] alcaraz/INFO/locust.main: Shutting down (exit code 0)
Type     Name                                                                          # reqs      # fails |    Avg     Min     Max    Med |   req/s  failures/s
--------|----------------------------------------------------------------------------|-------|-------------|-------|-------|-------|-------|--------|-----------
GET      /                                                                                  4     0(0.00%) |     90      57     114     94 |    0.15        0.00
GET      /cart                                                                              2     0(0.00%) |     36      35      38     35 |    0.07        0.00
POST     /cart                                                                              2     0(0.00%) |     72      70      73     71 |    0.07        0.00
POST     /cart/checkout                                                                     1     0(0.00%) |     46      46      46     46 |    0.04        0.00
GET      /product/0PUK6V6EV0                                                                2     0(0.00%) |     43      36      50     36 |    0.07        0.00
GET      /product/6E92ZMYYFZ                                                                3     0(0.00%) |     41      35      52     37 |    0.11        0.00
GET      /product/9SIQT8TOJO                                                                2     0(0.00%) |     43      34      51     35 |    0.07        0.00
GET      /product/L9ECAV7KIM                                                                2     0(0.00%) |     56      36      77     36 |    0.07        0.00
GET      /product/LS4PSXUNUM                                                                1     0(0.00%) |     35      35      35     35 |    0.04        0.00
POST     /setCurrency                                                                       1     0(0.00%) |     85      85      85     85 |    0.04        0.00
--------|----------------------------------------------------------------------------|-------|-------------|-------|-------|-------|-------|--------|-----------
         Aggregated                                                                        20     0(0.00%) |     58      34     114     51 |    0.73        0.00

Response time percentiles (approximated)
Type     Name                                                                                  50%    66%    75%    80%    90%    95%    98%    99%  99.9% 99.99%   100% # reqs
--------|--------------------------------------------------------------------------------|--------|------|------|------|------|------|------|------|------|------|------|------
GET      /                                                                                      97     97    110    110    110    110    110    110    110    110    110      4
GET      /cart                                                                                  39     39     39     39     39     39     39     39     39     39     39      2
POST     /cart                                                                                  73     73     73     73     73     73     73     73     73     73     73      2
POST     /cart/checkout                                                                         46     46     46     46     46     46     46     46     46     46     46      1
GET      /product/0PUK6V6EV0                                                                    51     51     51     51     51     51     51     51     51     51     51      2
GET      /product/6E92ZMYYFZ                                                                    37     37     52     52     52     52     52     52     52     52     52      3
GET      /product/9SIQT8TOJO                                                                    52     52     52     52     52     52     52     52     52     52     52      2
GET      /product/L9ECAV7KIM                                                                    77     77     77     77     77     77     77     77     77     77     77      2
GET      /product/LS4PSXUNUM                                                                    35     35     35     35     35     35     35     35     35     35     35      1
POST     /setCurrency                                                                           86     86     86     86     86     86     86     86     86     86     86      1
--------|--------------------------------------------------------------------------------|--------|------|------|------|------|------|------|------|------|------|------|------
         Aggregated                                                                             52     71     77     86     97    110    110    110    110    110    110     20

