[2025-06-18 14:54:02,839] alcaraz/INFO/locust.main: Starting Locust 2.33.2
[2025-06-18 14:54:02,841] alcaraz/INFO/locust.main: Run time limit set to 30 seconds
[2025-06-18 14:54:02,843] alcaraz/INFO/locust.runners: Ramping to 10 users at a rate of 1.00 per second
[2025-06-18 14:54:11,857] alcaraz/INFO/locust.runners: All users spawned: {"WebsiteUser": 10} (10 total users)
[2025-06-18 14:54:31,421] alcaraz/INFO/locust.main: --run-time limit reached, shutting down
[2025-06-18 14:54:31,569] alcaraz/INFO/locust.main: Shutting down (exit code 0)
Type     Name                                                                          # reqs      # fails |    Avg     Min     Max    Med |   req/s  failures/s
--------|----------------------------------------------------------------------------|-------|-------------|-------|-------|-------|-------|--------|-----------
GET      /                                                                                  6     0(0.00%) |     96      90     107     95 |    0.21        0.00
GET      /cart                                                                              3     0(0.00%) |     36      34      40     36 |    0.11        0.00
POST     /cart                                                                              3     0(0.00%) |     71      59      77     77 |    0.11        0.00
POST     /cart/checkout                                                                     2     0(0.00%) |     58      47      70     48 |    0.07        0.00
GET      /product/0PUK6V6EV0                                                                4     0(0.00%) |     35      33      36     35 |    0.14        0.00
GET      /product/1YMWWN1N4O                                                                1     0(0.00%) |     40      40      40     40 |    0.04        0.00
GET      /product/2ZYFJ3GM2N                                                                1     0(0.00%) |     41      41      41     41 |    0.04        0.00
GET      /product/6E92ZMYYFZ                                                                3     0(0.00%) |     46      37      55     45 |    0.11        0.00
GET      /product/9SIQT8TOJO                                                                2     0(0.00%) |     39      34      43     34 |    0.07        0.00
GET      /product/L9ECAV7KIM                                                                3     0(0.00%) |     36      35      37     37 |    0.11        0.00
GET      /product/LS4PSXUNUM                                                                3     0(0.00%) |     45      38      58     41 |    0.11        0.00
GET      /product/OLJCESPC7Z                                                                2     0(0.00%) |     42      41      43     42 |    0.07        0.00
POST     /setCurrency                                                                       5     0(0.00%) |     71      53      89     70 |    0.18        0.00
--------|----------------------------------------------------------------------------|-------|-------------|-------|-------|-------|-------|--------|-----------
         Aggregated                                                                        38     0(0.00%) |     56      33     107     44 |    1.36        0.00

Response time percentiles (approximated)
Type     Name                                                                                  50%    66%    75%    80%    90%    95%    98%    99%  99.9% 99.99%   100% # reqs
--------|--------------------------------------------------------------------------------|--------|------|------|------|------|------|------|------|------|------|------|------
GET      /                                                                                      96     96     97     97    110    110    110    110    110    110    110      6
GET      /cart                                                                                  36     36     40     40     40     40     40     40     40     40     40      3
POST     /cart                                                                                  77     77     78     78     78     78     78     78     78     78     78      3
POST     /cart/checkout                                                                         70     70     70     70     70     70     70     70     70     70     70      2
GET      /product/0PUK6V6EV0                                                                    37     37     37     37     37     37     37     37     37     37     37      4
GET      /product/1YMWWN1N4O                                                                    40     40     40     40     40     40     40     40     40     40     40      1
GET      /product/2ZYFJ3GM2N                                                                    41     41     41     41     41     41     41     41     41     41     41      1
GET      /product/6E92ZMYYFZ                                                                    45     45     56     56     56     56     56     56     56     56     56      3
GET      /product/9SIQT8TOJO                                                                    44     44     44     44     44     44     44     44     44     44     44      2
GET      /product/L9ECAV7KIM                                                                    37     37     38     38     38     38     38     38     38     38     38      3
GET      /product/LS4PSXUNUM                                                                    41     41     58     58     58     58     58     58     58     58     58      3
GET      /product/OLJCESPC7Z                                                                    44     44     44     44     44     44     44     44     44     44     44      2
POST     /setCurrency                                                                           70     86     86     89     89     89     89     89     89     89     89      5
--------|--------------------------------------------------------------------------------|--------|------|------|------|------|------|------|------|------|------|------|------
         Aggregated                                                                             45     60     77     86     95     97    110    110    110    110    110     38

