[2025-06-18 15:11:54,269] alcaraz/INFO/locust.main: Starting Locust 2.33.2
[2025-06-18 15:11:54,270] alcaraz/INFO/locust.main: Run time limit set to 30 seconds
[2025-06-18 15:11:54,271] alcaraz/INFO/locust.runners: Ramping to 10 users at a rate of 1.00 per second
[2025-06-18 15:12:03,286] alcaraz/INFO/locust.runners: All users spawned: {"WebsiteUser": 10} (10 total users)
[2025-06-18 15:12:22,940] alcaraz/INFO/locust.main: --run-time limit reached, shutting down
[2025-06-18 15:12:23,060] alcaraz/INFO/locust.main: Shutting down (exit code 0)
Type     Name                                                                          # reqs      # fails |    Avg     Min     Max    Med |   req/s  failures/s
--------|----------------------------------------------------------------------------|-------|-------------|-------|-------|-------|-------|--------|-----------
GET      /                                                                                  5     0(0.00%) |     82      40     108     95 |    0.18        0.00
GET      /cart                                                                              2     0(0.00%) |     36      36      37     37 |    0.07        0.00
POST     /cart                                                                              2     0(0.00%) |     75      74      75     75 |    0.07        0.00
GET      /product/0PUK6V6EV0                                                                3     0(0.00%) |     44      34      49     49 |    0.11        0.00
GET      /product/2ZYFJ3GM2N                                                                1     0(0.00%) |     40      40      40     40 |    0.04        0.00
GET      /product/6E92ZMYYFZ                                                                1     0(0.00%) |     35      35      35     35 |    0.04        0.00
GET      /product/L9ECAV7KIM                                                                1     0(0.00%) |     37      37      37     37 |    0.04        0.00
GET      /product/LS4PSXUNUM                                                                2     0(0.00%) |     41      33      49     34 |    0.07        0.00
GET      /product/OLJCESPC7Z                                                                2     0(0.00%) |     40      39      40     40 |    0.07        0.00
POST     /setCurrency                                                                       3     0(0.00%) |     67      58      78     65 |    0.11        0.00
--------|----------------------------------------------------------------------------|-------|-------------|-------|-------|-------|-------|--------|-----------
         Aggregated                                                                        22     0(0.00%) |     56      33     108     49 |    0.80        0.00

Response time percentiles (approximated)
Type     Name                                                                                  50%    66%    75%    80%    90%    95%    98%    99%  99.9% 99.99%   100% # reqs
--------|--------------------------------------------------------------------------------|--------|------|------|------|------|------|------|------|------|------|------|------
GET      /                                                                                      95     99     99    110    110    110    110    110    110    110    110      5
GET      /cart                                                                                  37     37     37     37     37     37     37     37     37     37     37      2
POST     /cart                                                                                  75     75     75     75     75     75     75     75     75     75     75      2
GET      /product/0PUK6V6EV0                                                                    49     49     49     49     49     49     49     49     49     49     49      3
GET      /product/2ZYFJ3GM2N                                                                    40     40     40     40     40     40     40     40     40     40     40      1
GET      /product/6E92ZMYYFZ                                                                    35     35     35     35     35     35     35     35     35     35     35      1
GET      /product/L9ECAV7KIM                                                                    38     38     38     38     38     38     38     38     38     38     38      1
GET      /product/LS4PSXUNUM                                                                    49     49     49     49     49     49     49     49     49     49     49      2
GET      /product/OLJCESPC7Z                                                                    41     41     41     41     41     41     41     41     41     41     41      2
POST     /setCurrency                                                                           65     65     79     79     79     79     79     79     79     79     79      3
--------|--------------------------------------------------------------------------------|--------|------|------|------|------|------|------|------|------|------|------|------
         Aggregated                                                                             49     65     75     75     95     99    110    110    110    110    110     22

