[2025-06-18 14:55:42,672] alcaraz/INFO/locust.main: Starting Locust 2.33.2
[2025-06-18 14:55:42,673] alcaraz/INFO/locust.main: Run time limit set to 30 seconds
[2025-06-18 14:55:42,675] alcaraz/INFO/locust.runners: Ramping to 10 users at a rate of 1.00 per second
[2025-06-18 14:55:51,693] alcaraz/INFO/locust.runners: All users spawned: {"WebsiteUser": 10} (10 total users)
[2025-06-18 14:56:11,011] alcaraz/INFO/locust.main: --run-time limit reached, shutting down
[2025-06-18 14:56:11,134] alcaraz/INFO/locust.main: Shutting down (exit code 0)
Type     Name                                                                          # reqs      # fails |    Avg     Min     Max    Med |   req/s  failures/s
--------|----------------------------------------------------------------------------|-------|-------------|-------|-------|-------|-------|--------|-----------
GET      /                                                                                  8     0(0.00%) |    121      36     334     97 |    0.28        0.00
GET      /cart                                                                              5     0(0.00%) |     40      32      60     36 |    0.18        0.00
POST     /cart                                                                              3     0(0.00%) |     78      74      80     80 |    0.11        0.00
GET      /product/0PUK6V6EV0                                                                2     0(0.00%) |     37      36      37     37 |    0.07        0.00
GET      /product/1YMWWN1N4O                                                                1     0(0.00%) |     34      34      34     34 |    0.04        0.00
GET      /product/2ZYFJ3GM2N                                                                5     0(0.00%) |     38      36      40     38 |    0.18        0.00
GET      /product/66VCHSJNUP                                                                2     0(0.00%) |     39      35      43     35 |    0.07        0.00
GET      /product/6E92ZMYYFZ                                                                1     0(0.00%) |     41      41      41     41 |    0.04        0.00
GET      /product/9SIQT8TOJO                                                                2     0(0.00%) |     38      38      38     38 |    0.07        0.00
GET      /product/L9ECAV7KIM                                                                4     0(0.00%) |     37      35      39     37 |    0.14        0.00
GET      /product/LS4PSXUNUM                                                                1     0(0.00%) |     42      42      42     42 |    0.04        0.00
POST     /setCurrency                                                                       5     0(0.00%) |     75      71      83     74 |    0.18        0.00
--------|----------------------------------------------------------------------------|-------|-------------|-------|-------|-------|-------|--------|-----------
         Aggregated                                                                        39     0(0.00%) |     63      32     334     40 |    1.38        0.00

Response time percentiles (approximated)
Type     Name                                                                                  50%    66%    75%    80%    90%    95%    98%    99%  99.9% 99.99%   100% # reqs
--------|--------------------------------------------------------------------------------|--------|------|------|------|------|------|------|------|------|------|------|------
GET      /                                                                                     110    110    120    120    330    330    330    330    330    330    330      8
GET      /cart                                                                                  36     39     39     61     61     61     61     61     61     61     61      5
POST     /cart                                                                                  80     80     80     80     80     80     80     80     80     80     80      3
GET      /product/0PUK6V6EV0                                                                    38     38     38     38     38     38     38     38     38     38     38      2
GET      /product/1YMWWN1N4O                                                                    34     34     34     34     34     34     34     34     34     34     34      1
GET      /product/2ZYFJ3GM2N                                                                    38     40     40     40     40     40     40     40     40     40     40      5
GET      /product/66VCHSJNUP                                                                    43     43     43     43     43     43     43     43     43     43     43      2
GET      /product/6E92ZMYYFZ                                                                    42     42     42     42     42     42     42     42     42     42     42      1
GET      /product/9SIQT8TOJO                                                                    39     39     39     39     39     39     39     39     39     39     39      2
GET      /product/L9ECAV7KIM                                                                    38     38     40     40     40     40     40     40     40     40     40      4
GET      /product/LS4PSXUNUM                                                                    43     43     43     43     43     43     43     43     43     43     43      1
POST     /setCurrency                                                                           74     75     75     84     84     84     84     84     84     84     84      5
--------|--------------------------------------------------------------------------------|--------|------|------|------|------|------|------|------|------|------|------|------
         Aggregated                                                                             40     72     75     80    110    120    330    330    330    330    330     39

