[2025-06-18 14:56:15,045] alcaraz/INFO/locust.main: Starting Locust 2.33.2
[2025-06-18 14:56:15,046] alcaraz/INFO/locust.main: Run time limit set to 30 seconds
[2025-06-18 14:56:15,048] alcaraz/INFO/locust.runners: Ramping to 10 users at a rate of 1.00 per second
[2025-06-18 14:56:24,064] alcaraz/INFO/locust.runners: All users spawned: {"WebsiteUser": 10} (10 total users)
[2025-06-18 14:56:43,734] alcaraz/INFO/locust.main: --run-time limit reached, shutting down
[2025-06-18 14:56:43,858] alcaraz/INFO/locust.main: Shutting down (exit code 0)
Type     Name                                                                          # reqs      # fails |    Avg     Min     Max    Med |   req/s  failures/s
--------|----------------------------------------------------------------------------|-------|-------------|-------|-------|-------|-------|--------|-----------
GET      /                                                                                 10     0(0.00%) |     87      53     133     95 |    0.36        0.00
GET      /cart                                                                              4     0(0.00%) |     42      36      53     38 |    0.14        0.00
POST     /cart                                                                              5     0(0.00%) |     74      62      82     76 |    0.18        0.00
POST     /cart/checkout                                                                     2     0(0.00%) |     48      45      52     45 |    0.07        0.00
GET      /product/0PUK6V6EV0                                                                3     0(0.00%) |     37      36      39     36 |    0.11        0.00
GET      /product/1YMWWN1N4O                                                                5     0(0.00%) |     42      34      53     39 |    0.18        0.00
GET      /product/2ZYFJ3GM2N                                                                2     0(0.00%) |     45      36      53     36 |    0.07        0.00
GET      /product/66VCHSJNUP                                                                3     0(0.00%) |     37      36      37     37 |    0.11        0.00
GET      /product/6E92ZMYYFZ                                                                1     0(0.00%) |     37      37      37     37 |    0.04        0.00
GET      /product/9SIQT8TOJO                                                                4     0(0.00%) |     43      39      50     40 |    0.14        0.00
GET      /product/L9ECAV7KIM                                                                5     0(0.00%) |     40      34      51     38 |    0.18        0.00
GET      /product/OLJCESPC7Z                                                                1     0(0.00%) |     39      39      39     39 |    0.04        0.00
POST     /setCurrency                                                                       3     0(0.00%) |     77      72      83     77 |    0.11        0.00
--------|----------------------------------------------------------------------------|-------|-------------|-------|-------|-------|-------|--------|-----------
         Aggregated                                                                        48     0(0.00%) |     56      34     133     50 |    1.72        0.00

Response time percentiles (approximated)
Type     Name                                                                                  50%    66%    75%    80%    90%    95%    98%    99%  99.9% 99.99%   100% # reqs
--------|--------------------------------------------------------------------------------|--------|------|------|------|------|------|------|------|------|------|------|------
GET      /                                                                                      96     97     98     99    130    130    130    130    130    130    130     10
GET      /cart                                                                                  42     42     54     54     54     54     54     54     54     54     54      4
POST     /cart                                                                                  76     77     77     82     82     82     82     82     82     82     82      5
POST     /cart/checkout                                                                         53     53     53     53     53     53     53     53     53     53     53      2
GET      /product/0PUK6V6EV0                                                                    36     36     39     39     39     39     39     39     39     39     39      3
GET      /product/1YMWWN1N4O                                                                    39     50     50     54     54     54     54     54     54     54     54      5
GET      /product/2ZYFJ3GM2N                                                                    54     54     54     54     54     54     54     54     54     54     54      2
GET      /product/66VCHSJNUP                                                                    37     37     37     37     37     37     37     37     37     37     37      3
GET      /product/6E92ZMYYFZ                                                                    37     37     37     37     37     37     37     37     37     37     37      1
GET      /product/9SIQT8TOJO                                                                    42     42     51     51     51     51     51     51     51     51     51      4
GET      /product/L9ECAV7KIM                                                                    38     40     40     51     51     51     51     51     51     51     51      5
GET      /product/OLJCESPC7Z                                                                    40     40     40     40     40     40     40     40     40     40     40      1
POST     /setCurrency                                                                           77     77     83     83     83     83     83     83     83     83     83      3
--------|--------------------------------------------------------------------------------|--------|------|------|------|------|------|------|------|------|------|------|------
         Aggregated                                                                             51     55     76     77     96     98    130    130    130    130    130     48

