[2025-06-18 14:58:37,286] alcaraz/INFO/locust.main: Starting Locust 2.33.2
[2025-06-18 14:58:37,287] alcaraz/INFO/locust.main: Run time limit set to 30 seconds
[2025-06-18 14:58:37,290] alcaraz/INFO/locust.runners: Ramping to 10 users at a rate of 1.00 per second
[2025-06-18 14:58:46,304] alcaraz/INFO/locust.runners: All users spawned: {"WebsiteUser": 10} (10 total users)
[2025-06-18 14:59:05,684] alcaraz/INFO/locust.main: --run-time limit reached, shutting down
[2025-06-18 14:59:05,804] alcaraz/INFO/locust.main: Shutting down (exit code 0)
Type     Name                                                                          # reqs      # fails |    Avg     Min     Max    Med |   req/s  failures/s
--------|----------------------------------------------------------------------------|-------|-------------|-------|-------|-------|-------|--------|-----------
GET      /                                                                                 11     0(0.00%) |    101      58     171     99 |    0.39        0.00
GET      /cart                                                                             10     0(0.00%) |     44      34      67     35 |    0.35        0.00
POST     /cart                                                                              6     0(0.00%) |     69      59      74     71 |    0.21        0.00
POST     /cart/checkout                                                                     2     0(0.00%) |     55      50      60     51 |    0.07        0.00
GET      /product/0PUK6V6EV0                                                                3     0(0.00%) |     42      36      51     38 |    0.11        0.00
GET      /product/1YMWWN1N4O                                                                3     0(0.00%) |     37      36      39     37 |    0.11        0.00
GET      /product/2ZYFJ3GM2N                                                                3     0(0.00%) |     37      35      38     38 |    0.11        0.00
GET      /product/66VCHSJNUP                                                                2     0(0.00%) |     45      38      51     39 |    0.07        0.00
GET      /product/6E92ZMYYFZ                                                                5     0(0.00%) |     37      36      39     37 |    0.18        0.00
GET      /product/9SIQT8TOJO                                                                2     0(0.00%) |     38      35      40     35 |    0.07        0.00
GET      /product/L9ECAV7KIM                                                                6     0(0.00%) |     37      32      40     38 |    0.21        0.00
GET      /product/LS4PSXUNUM                                                                4     0(0.00%) |     48      38      53     49 |    0.14        0.00
GET      /product/OLJCESPC7Z                                                                4     0(0.00%) |     41      39      44     40 |    0.14        0.00
POST     /setCurrency                                                                       5     0(0.00%) |     80      71      96     78 |    0.18        0.00
--------|----------------------------------------------------------------------------|-------|-------------|-------|-------|-------|-------|--------|-----------
         Aggregated                                                                        66     0(0.00%) |     57      32     171     42 |    2.33        0.00

Response time percentiles (approximated)
Type     Name                                                                                  50%    66%    75%    80%    90%    95%    98%    99%  99.9% 99.99%   100% # reqs
--------|--------------------------------------------------------------------------------|--------|------|------|------|------|------|------|------|------|------|------|------
GET      /                                                                                      99    110    110    110    110    170    170    170    170    170    170     11
GET      /cart                                                                                  41     41     57     60     68     68     68     68     68     68     68     10
POST     /cart                                                                                  74     74     74     74     74     74     74     74     74     74     74      6
POST     /cart/checkout                                                                         60     60     60     60     60     60     60     60     60     60     60      2
GET      /product/0PUK6V6EV0                                                                    38     38     52     52     52     52     52     52     52     52     52      3
GET      /product/1YMWWN1N4O                                                                    37     37     39     39     39     39     39     39     39     39     39      3
GET      /product/2ZYFJ3GM2N                                                                    39     39     39     39     39     39     39     39     39     39     39      3
GET      /product/66VCHSJNUP                                                                    52     52     52     52     52     52     52     52     52     52     52      2
GET      /product/6E92ZMYYFZ                                                                    37     39     39     40     40     40     40     40     40     40     40      5
GET      /product/9SIQT8TOJO                                                                    41     41     41     41     41     41     41     41     41     41     41      2
GET      /product/L9ECAV7KIM                                                                    39     39     39     39     40     40     40     40     40     40     40      6
GET      /product/LS4PSXUNUM                                                                    53     53     53     53     53     53     53     53     53     53     53      4
GET      /product/OLJCESPC7Z                                                                    42     42     44     44     44     44     44     44     44     44     44      4
POST     /setCurrency                                                                           78     80     80     96     96     96     96     96     96     96     96      5
--------|--------------------------------------------------------------------------------|--------|------|------|------|------|------|------|------|------|------|------|------
         Aggregated                                                                             44     60     74     77     97    110    110    170    170    170    170     66

