[2025-06-18 14:59:09,739] alcaraz/INFO/locust.main: Starting Locust 2.33.2
[2025-06-18 14:59:09,740] alcaraz/INFO/locust.main: Run time limit set to 30 seconds
[2025-06-18 14:59:09,741] alcaraz/INFO/locust.runners: Ramping to 10 users at a rate of 1.00 per second
[2025-06-18 14:59:18,753] alcaraz/INFO/locust.runners: All users spawned: {"WebsiteUser": 10} (10 total users)
[2025-06-18 14:59:38,427] alcaraz/INFO/locust.main: --run-time limit reached, shutting down
[2025-06-18 14:59:38,550] alcaraz/INFO/locust.main: Shutting down (exit code 0)
Type     Name                                                                          # reqs      # fails |    Avg     Min     Max    Med |   req/s  failures/s
--------|----------------------------------------------------------------------------|-------|-------------|-------|-------|-------|-------|--------|-----------
GET      /                                                                                 13     0(0.00%) |    153      44     700     93 |    0.46        0.00
GET      /cart                                                                             10     0(0.00%) |     43      34      84     36 |    0.35        0.00
POST     /cart                                                                              5     0(0.00%) |     83      70     108     75 |    0.18        0.00
POST     /cart/checkout                                                                     2     0(0.00%) |     56      44      67     45 |    0.07        0.00
GET      /product/0PUK6V6EV0                                                                1     0(0.00%) |     38      38      38     38 |    0.04        0.00
GET      /product/1YMWWN1N4O                                                                4     0(0.00%) |     35      30      38     35 |    0.14        0.00
GET      /product/2ZYFJ3GM2N                                                                3     0(0.00%) |     39      36      41     41 |    0.11        0.00
GET      /product/66VCHSJNUP                                                                4     0(0.00%) |     38      35      41     37 |    0.14        0.00
GET      /product/6E92ZMYYFZ                                                                3     0(0.00%) |     37      35      38     38 |    0.11        0.00
GET      /product/9SIQT8TOJO                                                                3     0(0.00%) |     45      41      48     46 |    0.11        0.00
GET      /product/L9ECAV7KIM                                                                1     0(0.00%) |     35      35      35     35 |    0.04        0.00
GET      /product/LS4PSXUNUM                                                                3     0(0.00%) |     38      35      42     37 |    0.11        0.00
GET      /product/OLJCESPC7Z                                                                4     0(0.00%) |     37      34      38     38 |    0.14        0.00
POST     /setCurrency                                                                       7     0(0.00%) |     75      57      82     78 |    0.25        0.00
--------|----------------------------------------------------------------------------|-------|-------------|-------|-------|-------|-------|--------|-----------
         Aggregated                                                                        63     0(0.00%) |     71      30     700     44 |    2.23        0.00

Response time percentiles (approximated)
Type     Name                                                                                  50%    66%    75%    80%    90%    95%    98%    99%  99.9% 99.99%   100% # reqs
--------|--------------------------------------------------------------------------------|--------|------|------|------|------|------|------|------|------|------|------|------
GET      /                                                                                      93    100    130    230    230    700    700    700    700    700    700     13
GET      /cart                                                                                  37     39     44     57     84     84     84     84     84     84     84     10
POST     /cart                                                                                  75     91     91    110    110    110    110    110    110    110    110      5
POST     /cart/checkout                                                                         68     68     68     68     68     68     68     68     68     68     68      2
GET      /product/0PUK6V6EV0                                                                    39     39     39     39     39     39     39     39     39     39     39      1
GET      /product/1YMWWN1N4O                                                                    37     37     38     38     38     38     38     38     38     38     38      4
GET      /product/2ZYFJ3GM2N                                                                    41     41     42     42     42     42     42     42     42     42     42      3
GET      /product/66VCHSJNUP                                                                    39     39     42     42     42     42     42     42     42     42     42      4
GET      /product/6E92ZMYYFZ                                                                    38     38     39     39     39     39     39     39     39     39     39      3
GET      /product/9SIQT8TOJO                                                                    46     46     48     48     48     48     48     48     48     48     48      3
GET      /product/L9ECAV7KIM                                                                    35     35     35     35     35     35     35     35     35     35     35      1
GET      /product/LS4PSXUNUM                                                                    37     37     42     42     42     42     42     42     42     42     42      3
GET      /product/OLJCESPC7Z                                                                    38     38     39     39     39     39     39     39     39     39     39      4
POST     /setCurrency                                                                           78     80     81     81     83     83     83     83     83     83     83      7
--------|--------------------------------------------------------------------------------|--------|------|------|------|------|------|------|------|------|------|------|------
         Aggregated                                                                             44     68     78     83     98    130    230    700    700    700    700     63

