[2025-06-18 11:17:25,219] alcaraz/INFO/locust.main: Starting Locust 2.33.2
[2025-06-18 11:17:25,220] alcaraz/INFO/locust.main: Run time limit set to 30 seconds
[2025-06-18 11:17:25,223] alcaraz/INFO/locust.runners: Ramping to 10 users at a rate of 1.00 per second
[2025-06-18 11:17:34,238] alcaraz/INFO/locust.runners: All users spawned: {"WebsiteUser": 10} (10 total users)
[2025-06-18 11:17:53,067] alcaraz/INFO/locust.main: --run-time limit reached, shutting down
[2025-06-18 11:17:53,248] alcaraz/INFO/locust.main: Shutting down (exit code 0)
Type     Name                                                                          # reqs      # fails |    Avg     Min     Max    Med |   req/s  failures/s
--------|----------------------------------------------------------------------------|-------|-------------|-------|-------|-------|-------|--------|-----------
GET      /                                                                                 13     0(0.00%) |     94      44     140     92 |    0.46        0.00
GET      /cart                                                                              5     0(0.00%) |     37      33      43     37 |    0.18        0.00
POST     /cart                                                                              8     0(0.00%) |     83      72     105     80 |    0.29        0.00
POST     /cart/checkout                                                                     1     0(0.00%) |     45      45      45     45 |    0.04        0.00
GET      /product/0PUK6V6EV0                                                                4     0(0.00%) |     36      32      38     35 |    0.14        0.00
GET      /product/1YMWWN1N4O                                                                4     0(0.00%) |     40      34      47     36 |    0.14        0.00
GET      /product/2ZYFJ3GM2N                                                                6     0(0.00%) |     37      32      44     36 |    0.21        0.00
GET      /product/66VCHSJNUP                                                                3     0(0.00%) |     41      34      49     39 |    0.11        0.00
GET      /product/6E92ZMYYFZ                                                                4     0(0.00%) |     37      34      41     35 |    0.14        0.00
GET      /product/9SIQT8TOJO                                                                3     0(0.00%) |     38      35      44     36 |    0.11        0.00
GET      /product/L9ECAV7KIM                                                                6     0(0.00%) |     83      33     213     39 |    0.21        0.00
GET      /product/LS4PSXUNUM                                                                5     0(0.00%) |     67      36     157     50 |    0.18        0.00
POST     /setCurrency                                                                       2     0(0.00%) |     78      60      96     61 |    0.07        0.00
--------|----------------------------------------------------------------------------|-------|-------------|-------|-------|-------|-------|--------|-----------
         Aggregated                                                                        64     0(0.00%) |     63      32     213     44 |    2.28        0.00

Response time percentiles (approximated)
Type     Name                                                                                  50%    66%    75%    80%    90%    95%    98%    99%  99.9% 99.99%   100% # reqs
--------|--------------------------------------------------------------------------------|--------|------|------|------|------|------|------|------|------|------|------|------
GET      /                                                                                      92     99    110    130    140    140    140    140    140    140    140     13
GET      /cart                                                                                  37     37     37     44     44     44     44     44     44     44     44      5
POST     /cart                                                                                  81     83     94     94    110    110    110    110    110    110    110      8
POST     /cart/checkout                                                                         46     46     46     46     46     46     46     46     46     46     46      1
GET      /product/0PUK6V6EV0                                                                    38     38     39     39     39     39     39     39     39     39     39      4
GET      /product/1YMWWN1N4O                                                                    43     43     48     48     48     48     48     48     48     48     48      4
GET      /product/2ZYFJ3GM2N                                                                    38     38     39     39     45     45     45     45     45     45     45      6
GET      /product/66VCHSJNUP                                                                    39     39     50     50     50     50     50     50     50     50     50      3
GET      /product/6E92ZMYYFZ                                                                    39     39     41     41     41     41     41     41     41     41     41      4
GET      /product/9SIQT8TOJO                                                                    36     36     45     45     45     45     45     45     45     45     45      3
GET      /product/L9ECAV7KIM                                                                    40     40    140    140    210    210    210    210    210    210    210      6
GET      /product/LS4PSXUNUM                                                                    50     50     50    160    160    160    160    160    160    160    160      5
POST     /setCurrency                                                                           97     97     97     97     97     97     97     97     97     97     97      2
--------|--------------------------------------------------------------------------------|--------|------|------|------|------|------|------|------|------|------|------|------
         Aggregated                                                                             45     76     83     92    110    140    160    210    210    210    210     64

