[2025-06-18 11:22:57,416] alcaraz/INFO/locust.main: Starting Locust 2.33.2
[2025-06-18 11:22:57,418] alcaraz/INFO/locust.main: Run time limit set to 30 seconds
[2025-06-18 11:22:57,422] alcaraz/INFO/locust.runners: Ramping to 10 users at a rate of 1.00 per second
[2025-06-18 11:23:06,434] alcaraz/INFO/locust.runners: All users spawned: {"WebsiteUser": 10} (10 total users)
[2025-06-18 11:23:25,219] alcaraz/INFO/locust.main: --run-time limit reached, shutting down
[2025-06-18 11:23:25,501] alcaraz/INFO/locust.main: Shutting down (exit code 0)
Type     Name                                                                          # reqs      # fails |    Avg     Min     Max    Med |   req/s  failures/s
--------|----------------------------------------------------------------------------|-------|-------------|-------|-------|-------|-------|--------|-----------
GET      /                                                                                 13     0(0.00%) |    113      42     168    130 |    0.48        0.00
GET      /cart                                                                             11     0(0.00%) |     45      36      76     40 |    0.40        0.00
POST     /cart                                                                              9     0(0.00%) |    108      81     161    100 |    0.33        0.00
POST     /cart/checkout                                                                     5     0(0.00%) |     52      44      72     50 |    0.18        0.00
GET      /product/0PUK6V6EV0                                                                1     0(0.00%) |     47      47      47     47 |    0.04        0.00
GET      /product/1YMWWN1N4O                                                                4     0(0.00%) |     38      34      43     37 |    0.15        0.00
GET      /product/66VCHSJNUP                                                                3     0(0.00%) |     70      42      95     73 |    0.11        0.00
GET      /product/6E92ZMYYFZ                                                                4     0(0.00%) |     45      37      60     42 |    0.15        0.00
GET      /product/9SIQT8TOJO                                                                4     0(0.00%) |     51      33      94     37 |    0.15        0.00
GET      /product/L9ECAV7KIM                                                                6     0(0.00%) |     41      33      60     38 |    0.22        0.00
GET      /product/LS4PSXUNUM                                                                3     0(0.00%) |     41      34      52     39 |    0.11        0.00
GET      /product/OLJCESPC7Z                                                                5     0(0.00%) |     47      37      78     42 |    0.18        0.00
POST     /setCurrency                                                                       4     0(0.00%) |     99      74     140     92 |    0.15        0.00
--------|----------------------------------------------------------------------------|-------|-------------|-------|-------|-------|-------|--------|-----------
         Aggregated                                                                        72     0(0.00%) |     69      33     168     50 |    2.64        0.00

Response time percentiles (approximated)
Type     Name                                                                                  50%    66%    75%    80%    90%    95%    98%    99%  99.9% 99.99%   100% # reqs
--------|--------------------------------------------------------------------------------|--------|------|------|------|------|------|------|------|------|------|------|------
GET      /                                                                                     130    140    150    160    160    170    170    170    170    170    170     13
GET      /cart                                                                                  40     41     49     49     64     76     76     76     76     76     76     11
POST     /cart                                                                                 100    110    110    130    160    160    160    160    160    160    160      9
POST     /cart/checkout                                                                         50     52     52     73     73     73     73     73     73     73     73      5
GET      /product/0PUK6V6EV0                                                                    48     48     48     48     48     48     48     48     48     48     48      1
GET      /product/1YMWWN1N4O                                                                    39     39     43     43     43     43     43     43     43     43     43      4
GET      /product/66VCHSJNUP                                                                    73     73     95     95     95     95     95     95     95     95     95      3
GET      /product/6E92ZMYYFZ                                                                    44     44     60     60     60     60     60     60     60     60     60      4
GET      /product/9SIQT8TOJO                                                                    40     40     94     94     94     94     94     94     94     94     94      4
GET      /product/L9ECAV7KIM                                                                    41     41     42     42     61     61     61     61     61     61     61      6
GET      /product/LS4PSXUNUM                                                                    39     39     52     52     52     52     52     52     52     52     52      3
GET      /product/OLJCESPC7Z                                                                    42     43     43     79     79     79     79     79     79     79     79      5
POST     /setCurrency                                                                           92     92    140    140    140    140    140    140    140    140    140      4
--------|--------------------------------------------------------------------------------|--------|------|------|------|------|------|------|------|------|------|------|------
         Aggregated                                                                             51     76     95    100    130    160    160    170    170    170    170     72

