[2025-06-18 11:23:36,285] alcaraz/INFO/locust.main: Starting Locust 2.33.2
[2025-06-18 11:23:36,288] alcaraz/INFO/locust.main: Run time limit set to 30 seconds
[2025-06-18 11:23:36,291] alcaraz/INFO/locust.runners: Ramping to 10 users at a rate of 1.00 per second
[2025-06-18 11:23:45,305] alcaraz/INFO/locust.runners: All users spawned: {"WebsiteUser": 10} (10 total users)
[2025-06-18 11:24:02,021] alcaraz/INFO/locust.main: --run-time limit reached, shutting down
[2025-06-18 11:24:02,279] alcaraz/INFO/locust.main: Shutting down (exit code 0)
Type     Name                                                                          # reqs      # fails |    Avg     Min     Max    Med |   req/s  failures/s
--------|----------------------------------------------------------------------------|-------|-------------|-------|-------|-------|-------|--------|-----------
GET      /                                                                                 10     0(0.00%) |    105      87     186     96 |    0.39        0.00
GET      /cart                                                                              8     0(0.00%) |     43      35      58     38 |    0.31        0.00
POST     /cart                                                                              7     0(0.00%) |    103      67     185     83 |    0.27        0.00
POST     /cart/checkout                                                                     3     0(0.00%) |     45      41      50     45 |    0.12        0.00
GET      /product/0PUK6V6EV0                                                                2     0(0.00%) |     36      35      37     36 |    0.08        0.00
GET      /product/2ZYFJ3GM2N                                                                6     0(0.00%) |     60      35     109     41 |    0.23        0.00
GET      /product/66VCHSJNUP                                                                2     0(0.00%) |     37      37      37     37 |    0.08        0.00
GET      /product/6E92ZMYYFZ                                                                4     0(0.00%) |     38      33      42     36 |    0.16        0.00
GET      /product/9SIQT8TOJO                                                                6     0(0.00%) |     50      34     118     37 |    0.23        0.00
GET      /product/LS4PSXUNUM                                                                7     0(0.00%) |     39      34      45     39 |    0.27        0.00
GET      /product/OLJCESPC7Z                                                                3     0(0.00%) |     39      36      42     40 |    0.12        0.00
POST     /setCurrency                                                                       4     0(0.00%) |    109      71     158     86 |    0.16        0.00
--------|----------------------------------------------------------------------------|-------|-------------|-------|-------|-------|-------|--------|-----------
         Aggregated                                                                        62     0(0.00%) |     65      33     186     43 |    2.42        0.00

Response time percentiles (approximated)
Type     Name                                                                                  50%    66%    75%    80%    90%    95%    98%    99%  99.9% 99.99%   100% # reqs
--------|--------------------------------------------------------------------------------|--------|------|------|------|------|------|------|------|------|------|------|------
GET      /                                                                                      97    100    100    110    190    190    190    190    190    190    190     10
GET      /cart                                                                                  41     49     57     57     58     58     58     58     58     58     58      8
POST     /cart                                                                                  83     93    140    140    190    190    190    190    190    190    190      7
POST     /cart/checkout                                                                         45     45     51     51     51     51     51     51     51     51     51      3
GET      /product/0PUK6V6EV0                                                                    38     38     38     38     38     38     38     38     38     38     38      2
GET      /product/2ZYFJ3GM2N                                                                    55     55     87     87    110    110    110    110    110    110    110      6
GET      /product/66VCHSJNUP                                                                    38     38     38     38     38     38     38     38     38     38     38      2
GET      /product/6E92ZMYYFZ                                                                    41     41     43     43     43     43     43     43     43     43     43      4
GET      /product/9SIQT8TOJO                                                                    39     39     39     39    120    120    120    120    120    120    120      6
GET      /product/LS4PSXUNUM                                                                    39     40     41     41     46     46     46     46     46     46     46      7
GET      /product/OLJCESPC7Z                                                                    40     40     43     43     43     43     43     43     43     43     43      3
POST     /setCurrency                                                                          120    120    160    160    160    160    160    160    160    160    160      4
--------|--------------------------------------------------------------------------------|--------|------|------|------|------|------|------|------|------|------|------|------
         Aggregated                                                                             45     74     92     94    110    140    190    190    190    190    190     62

