[2025-06-18 11:24:09,207] alcaraz/INFO/locust.main: Starting Locust 2.33.2
[2025-06-18 11:24:09,209] alcaraz/INFO/locust.main: Run time limit set to 30 seconds
[2025-06-18 11:24:09,212] alcaraz/INFO/locust.runners: Ramping to 10 users at a rate of 1.00 per second
[2025-06-18 11:24:18,223] alcaraz/INFO/locust.runners: All users spawned: {"WebsiteUser": 10} (10 total users)
[2025-06-18 11:24:37,082] alcaraz/INFO/locust.main: --run-time limit reached, shutting down
[2025-06-18 11:24:37,214] alcaraz/INFO/locust.main: Shutting down (exit code 0)
Type     Name                                                                          # reqs      # fails |    Avg     Min     Max    Med |   req/s  failures/s
--------|----------------------------------------------------------------------------|-------|-------------|-------|-------|-------|-------|--------|-----------
GET      /                                                                                 14     0(0.00%) |    114      52     474     88 |    0.50        0.00
GET      /cart                                                                              9     0(0.00%) |     43      33      73     34 |    0.32        0.00
POST     /cart                                                                              5     0(0.00%) |     90      54     197     68 |    0.18        0.00
POST     /cart/checkout                                                                     1     0(0.00%) |     41      41      41     41 |    0.04        0.00
GET      /product/0PUK6V6EV0                                                                4     0(0.00%) |     36      33      40     33 |    0.14        0.00
GET      /product/1YMWWN1N4O                                                                7     0(0.00%) |     55      32     178     36 |    0.25        0.00
GET      /product/2ZYFJ3GM2N                                                                3     0(0.00%) |     42      36      53     39 |    0.11        0.00
GET      /product/66VCHSJNUP                                                                1     0(0.00%) |     38      38      38     38 |    0.04        0.00
GET      /product/6E92ZMYYFZ                                                                2     0(0.00%) |     36      33      40     34 |    0.07        0.00
GET      /product/9SIQT8TOJO                                                                3     0(0.00%) |    385      35    1079     41 |    0.11        0.00
GET      /product/L9ECAV7KIM                                                                6     0(0.00%) |     41      34      66     36 |    0.21        0.00
GET      /product/LS4PSXUNUM                                                                6     0(0.00%) |     43      34      85     35 |    0.21        0.00
GET      /product/OLJCESPC7Z                                                                3     0(0.00%) |     42      34      56     37 |    0.11        0.00
POST     /setCurrency                                                                       3     0(0.00%) |     63      55      75     61 |    0.11        0.00
--------|----------------------------------------------------------------------------|-------|-------------|-------|-------|-------|-------|--------|-----------
         Aggregated                                                                        67     0(0.00%) |     78      32    1079     40 |    2.39        0.00

Response time percentiles (approximated)
Type     Name                                                                                  50%    66%    75%    80%    90%    95%    98%    99%  99.9% 99.99%   100% # reqs
--------|--------------------------------------------------------------------------------|--------|------|------|------|------|------|------|------|------|------|------|------
GET      /                                                                                      92     95     95    110    140    470    470    470    470    470    470     14
GET      /cart                                                                                  34     39     40     68     73     73     73     73     73     73     73      9
POST     /cart                                                                                  68     74     74    200    200    200    200    200    200    200    200      5
POST     /cart/checkout                                                                         41     41     41     41     41     41     41     41     41     41     41      1
GET      /product/0PUK6V6EV0                                                                    37     37     40     40     40     40     40     40     40     40     40      4
GET      /product/1YMWWN1N4O                                                                    36     37     40     40    180    180    180    180    180    180    180      7
GET      /product/2ZYFJ3GM2N                                                                    39     39     53     53     53     53     53     53     53     53     53      3
GET      /product/66VCHSJNUP                                                                    38     38     38     38     38     38     38     38     38     38     38      1
GET      /product/6E92ZMYYFZ                                                                    40     40     40     40     40     40     40     40     40     40     40      2
GET      /product/9SIQT8TOJO                                                                    41     41   1100   1100   1100   1100   1100   1100   1100   1100   1100      3
GET      /product/L9ECAV7KIM                                                                    36     36     40     40     66     66     66     66     66     66     66      6
GET      /product/LS4PSXUNUM                                                                    35     35     40     40     85     85     85     85     85     85     85      6
GET      /product/OLJCESPC7Z                                                                    37     37     57     57     57     57     57     57     57     57     57      3
POST     /setCurrency                                                                           61     61     75     75     75     75     75     75     75     75     75      3
--------|--------------------------------------------------------------------------------|--------|------|------|------|------|------|------|------|------|------|------|------
         Aggregated                                                                             40     59     74     85     95    180    470   1100   1100   1100   1100     67

