[2025-06-18 11:24:41,927] alcaraz/INFO/locust.main: Starting Locust 2.33.2
[2025-06-18 11:24:41,928] alcaraz/INFO/locust.main: Run time limit set to 30 seconds
[2025-06-18 11:24:41,930] alcaraz/INFO/locust.runners: Ramping to 10 users at a rate of 1.00 per second
[2025-06-18 11:24:50,942] alcaraz/INFO/locust.runners: All users spawned: {"WebsiteUser": 10} (10 total users)
[2025-06-18 11:25:10,179] alcaraz/INFO/locust.main: --run-time limit reached, shutting down
[2025-06-18 11:25:10,318] alcaraz/INFO/locust.main: Shutting down (exit code 0)
Type     Name                                                                          # reqs      # fails |    Avg     Min     Max    Med |   req/s  failures/s
--------|----------------------------------------------------------------------------|-------|-------------|-------|-------|-------|-------|--------|-----------
GET      /                                                                                 13     0(0.00%) |     86      34     151     87 |    0.46        0.00
GET      /cart                                                                              6     0(0.00%) |     58      33     149     36 |    0.21        0.00
POST     /cart                                                                             12     0(0.00%) |     92      60     188     75 |    0.42        0.00
POST     /cart/checkout                                                                     6     0(0.00%) |     44      41      48     43 |    0.21        0.00
GET      /product/0PUK6V6EV0                                                                3     0(0.00%) |     36      34      40     35 |    0.11        0.00
GET      /product/1YMWWN1N4O                                                                4     0(0.00%) |     39      35      48     37 |    0.14        0.00
GET      /product/2ZYFJ3GM2N                                                                3     0(0.00%) |     40      33      46     41 |    0.11        0.00
GET      /product/66VCHSJNUP                                                                8     0(0.00%) |     35      34      39     35 |    0.28        0.00
GET      /product/6E92ZMYYFZ                                                                8     0(0.00%) |     35      31      43     35 |    0.28        0.00
GET      /product/9SIQT8TOJO                                                                5     0(0.00%) |     39      37      39     39 |    0.18        0.00
GET      /product/L9ECAV7KIM                                                                7     0(0.00%) |     42      33      73     38 |    0.25        0.00
GET      /product/LS4PSXUNUM                                                                3     0(0.00%) |     36      35      37     36 |    0.11        0.00
GET      /product/OLJCESPC7Z                                                                1     0(0.00%) |     36      36      36     36 |    0.04        0.00
POST     /setCurrency                                                                       5     0(0.00%) |    123      57     255     70 |    0.18        0.00
--------|----------------------------------------------------------------------------|-------|-------------|-------|-------|-------|-------|--------|-----------
         Aggregated                                                                        84     0(0.00%) |     60      31     255     41 |    2.96        0.00

Response time percentiles (approximated)
Type     Name                                                                                  50%    66%    75%    80%    90%    95%    98%    99%  99.9% 99.99%   100% # reqs
--------|--------------------------------------------------------------------------------|--------|------|------|------|------|------|------|------|------|------|------|------
GET      /                                                                                      87     92     98    100    140    150    150    150    150    150    150     13
GET      /cart                                                                                  45     45     53     53    150    150    150    150    150    150    150      6
POST     /cart                                                                                  75     77    110    110    130    190    190    190    190    190    190     12
POST     /cart/checkout                                                                         43     43     47     47     49     49     49     49     49     49     49      6
GET      /product/0PUK6V6EV0                                                                    35     35     41     41     41     41     41     41     41     41     41      3
GET      /product/1YMWWN1N4O                                                                    38     38     49     49     49     49     49     49     49     49     49      4
GET      /product/2ZYFJ3GM2N                                                                    41     41     47     47     47     47     47     47     47     47     47      3
GET      /product/66VCHSJNUP                                                                    35     36     39     39     39     39     39     39     39     39     39      8
GET      /product/6E92ZMYYFZ                                                                    35     37     37     37     44     44     44     44     44     44     44      8
GET      /product/9SIQT8TOJO                                                                    40     40     40     40     40     40     40     40     40     40     40      5
GET      /product/L9ECAV7KIM                                                                    38     39     39     39     73     73     73     73     73     73     73      7
GET      /product/LS4PSXUNUM                                                                    36     36     37     37     37     37     37     37     37     37     37      3
GET      /product/OLJCESPC7Z                                                                    36     36     36     36     36     36     36     36     36     36     36      1
POST     /setCurrency                                                                           70    170    170    260    260    260    260    260    260    260    260      5
--------|--------------------------------------------------------------------------------|--------|------|------|------|------|------|------|------|------|------|------|------
         Aggregated                                                                             41     59     74     76    100    150    190    260    260    260    260     84

