[2025-06-18 11:25:17,670] alcaraz/INFO/locust.main: Starting Locust 2.33.2
[2025-06-18 11:25:17,673] alcaraz/INFO/locust.main: Run time limit set to 30 seconds
[2025-06-18 11:25:17,681] alcaraz/INFO/locust.runners: Ramping to 10 users at a rate of 1.00 per second
[2025-06-18 11:25:26,697] alcaraz/INFO/locust.runners: All users spawned: {"WebsiteUser": 10} (10 total users)
[2025-06-18 11:25:43,592] alcaraz/INFO/locust.main: --run-time limit reached, shutting down
[2025-06-18 11:25:43,729] alcaraz/INFO/locust.main: Shutting down (exit code 0)
Type     Name                                                                          # reqs      # fails |    Avg     Min     Max    Med |   req/s  failures/s
--------|----------------------------------------------------------------------------|-------|-------------|-------|-------|-------|-------|--------|-----------
GET      /                                                                                 18     0(0.00%) |     93      39     188     90 |    0.75        0.00
GET      /cart                                                                             12     0(0.00%) |     37      32      45     35 |    0.50        0.00
POST     /cart                                                                              4     0(0.00%) |     74      65      87     72 |    0.17        0.00
GET      /product/0PUK6V6EV0                                                                2     0(0.00%) |     50      35      65     35 |    0.08        0.00
GET      /product/2ZYFJ3GM2N                                                                4     0(0.00%) |     42      37      53     38 |    0.17        0.00
GET      /product/66VCHSJNUP                                                                5     0(0.00%) |     38      33      42     39 |    0.21        0.00
GET      /product/6E92ZMYYFZ                                                                2     0(0.00%) |     35      35      36     35 |    0.08        0.00
GET      /product/L9ECAV7KIM                                                                5     0(0.00%) |     38      36      43     37 |    0.21        0.00
GET      /product/LS4PSXUNUM                                                                2     0(0.00%) |     40      36      43     37 |    0.08        0.00
GET      /product/OLJCESPC7Z                                                                3     0(0.00%) |     40      36      42     42 |    0.13        0.00
POST     /setCurrency                                                                       3     0(0.00%) |     71      61      87     66 |    0.13        0.00
--------|----------------------------------------------------------------------------|-------|-------------|-------|-------|-------|-------|--------|-----------
         Aggregated                                                                        60     0(0.00%) |     59      32     188     42 |    2.50        0.00

Response time percentiles (approximated)
Type     Name                                                                                  50%    66%    75%    80%    90%    95%    98%    99%  99.9% 99.99%   100% # reqs
--------|--------------------------------------------------------------------------------|--------|------|------|------|------|------|------|------|------|------|------|------
GET      /                                                                                      92    100    100    100    180    190    190    190    190    190    190     18
GET      /cart                                                                                  37     39     40     40     42     45     45     45     45     45     45     12
POST     /cart                                                                                  73     73     87     87     87     87     87     87     87     87     87      4
GET      /product/0PUK6V6EV0                                                                    66     66     66     66     66     66     66     66     66     66     66      2
GET      /product/2ZYFJ3GM2N                                                                    39     39     53     53     53     53     53     53     53     53     53      4
GET      /product/66VCHSJNUP                                                                    39     40     40     42     42     42     42     42     42     42     42      5
GET      /product/6E92ZMYYFZ                                                                    36     36     36     36     36     36     36     36     36     36     36      2
GET      /product/L9ECAV7KIM                                                                    37     39     39     44     44     44     44     44     44     44     44      5
GET      /product/LS4PSXUNUM                                                                    44     44     44     44     44     44     44     44     44     44     44      2
GET      /product/OLJCESPC7Z                                                                    42     42     43     43     43     43     43     43     43     43     43      3
POST     /setCurrency                                                                           66     66     87     87     87     87     87     87     87     87     87      3
--------|--------------------------------------------------------------------------------|--------|------|------|------|------|------|------|------|------|------|------|------
         Aggregated                                                                             43     62     73     87    100    130    180    190    190    190    190     60

