[2025-06-18 11:25:50,307] alcaraz/INFO/locust.main: Starting Locust 2.33.2
[2025-06-18 11:25:50,309] alcaraz/INFO/locust.main: Run time limit set to 30 seconds
[2025-06-18 11:25:50,312] alcaraz/INFO/locust.runners: Ramping to 10 users at a rate of 1.00 per second
[2025-06-18 11:25:59,327] alcaraz/INFO/locust.runners: All users spawned: {"WebsiteUser": 10} (10 total users)
[2025-06-18 11:26:18,126] alcaraz/INFO/locust.main: --run-time limit reached, shutting down
[2025-06-18 11:26:18,397] alcaraz/INFO/locust.main: Shutting down (exit code 0)
Type     Name                                                                          # reqs      # fails |    Avg     Min     Max    Med |   req/s  failures/s
--------|----------------------------------------------------------------------------|-------|-------------|-------|-------|-------|-------|--------|-----------
GET      /                                                                                 14     0(0.00%) |    188      39     712     96 |    0.51        0.00
GET      /cart                                                                              6     0(0.00%) |     39      33      53     35 |    0.22        0.00
POST     /cart                                                                              7     0(0.00%) |    116      77     213    100 |    0.26        0.00
POST     /cart/checkout                                                                     4     0(0.00%) |     43      40      49     43 |    0.15        0.00
GET      /product/0PUK6V6EV0                                                                2     0(0.00%) |     37      35      40     35 |    0.07        0.00
GET      /product/1YMWWN1N4O                                                                3     0(0.00%) |     43      37      49     43 |    0.11        0.00
GET      /product/2ZYFJ3GM2N                                                                3     0(0.00%) |     80      37     161     42 |    0.11        0.00
GET      /product/66VCHSJNUP                                                                3     0(0.00%) |     35      31      40     35 |    0.11        0.00
GET      /product/6E92ZMYYFZ                                                                3     0(0.00%) |     87      40     167     54 |    0.11        0.00
GET      /product/9SIQT8TOJO                                                                5     0(0.00%) |     43      31      50     44 |    0.18        0.00
GET      /product/L9ECAV7KIM                                                                3     0(0.00%) |     39      36      45     38 |    0.11        0.00
GET      /product/LS4PSXUNUM                                                                4     0(0.00%) |     46      36      56     45 |    0.15        0.00
GET      /product/OLJCESPC7Z                                                                2     0(0.00%) |     37      35      39     36 |    0.07        0.00
POST     /setCurrency                                                                       5     0(0.00%) |     73      56      82     78 |    0.18        0.00
--------|----------------------------------------------------------------------------|-------|-------------|-------|-------|-------|-------|--------|-----------
         Aggregated                                                                        64     0(0.00%) |     88      31     712     49 |    2.35        0.00

Response time percentiles (approximated)
Type     Name                                                                                  50%    66%    75%    80%    90%    95%    98%    99%  99.9% 99.99%   100% # reqs
--------|--------------------------------------------------------------------------------|--------|------|------|------|------|------|------|------|------|------|------|------
GET      /                                                                                     110    140    150    410    500    710    710    710    710    710    710     14
GET      /cart                                                                                  36     36     45     45     54     54     54     54     54     54     54      6
POST     /cart                                                                                 100    100    140    140    210    210    210    210    210    210    210      7
POST     /cart/checkout                                                                         43     43     49     49     49     49     49     49     49     49     49      4
GET      /product/0PUK6V6EV0                                                                    40     40     40     40     40     40     40     40     40     40     40      2
GET      /product/1YMWWN1N4O                                                                    43     43     49     49     49     49     49     49     49     49     49      3
GET      /product/2ZYFJ3GM2N                                                                    42     42    160    160    160    160    160    160    160    160    160      3
GET      /product/66VCHSJNUP                                                                    35     35     40     40     40     40     40     40     40     40     40      3
GET      /product/6E92ZMYYFZ                                                                    54     54    170    170    170    170    170    170    170    170    170      3
GET      /product/9SIQT8TOJO                                                                    44     50     50     50     50     50     50     50     50     50     50      5
GET      /product/L9ECAV7KIM                                                                    38     38     45     45     45     45     45     45     45     45     45      3
GET      /product/LS4PSXUNUM                                                                    48     48     56     56     56     56     56     56     56     56     56      4
GET      /product/OLJCESPC7Z                                                                    39     39     39     39     39     39     39     39     39     39     39      2
POST     /setCurrency                                                                           78     81     81     83     83     83     83     83     83     83     83      5
--------|--------------------------------------------------------------------------------|--------|------|------|------|------|------|------|------|------|------|------|------
         Aggregated                                                                             50     78     93    100    150    210    500    710    710    710    710     64

