[2025-06-18 11:26:29,259] alcaraz/INFO/locust.main: Starting Locust 2.33.2
[2025-06-18 11:26:29,263] alcaraz/INFO/locust.main: Run time limit set to 30 seconds
[2025-06-18 11:26:29,267] alcaraz/INFO/locust.runners: Ramping to 10 users at a rate of 1.00 per second
[2025-06-18 11:26:38,287] alcaraz/INFO/locust.runners: All users spawned: {"WebsiteUser": 10} (10 total users)
[2025-06-18 11:26:54,683] alcaraz/INFO/locust.main: --run-time limit reached, shutting down
[2025-06-18 11:26:54,924] alcaraz/INFO/locust.main: Shutting down (exit code 0)
Type     Name                                                                          # reqs      # fails |    Avg     Min     Max    Med |   req/s  failures/s
--------|----------------------------------------------------------------------------|-------|-------------|-------|-------|-------|-------|--------|-----------
GET      /                                                                                 11     0(0.00%) |    126      58     218    120 |    0.43        0.00
GET      /cart                                                                              9     0(0.00%) |     44      33      68     41 |    0.35        0.00
POST     /cart                                                                              3     0(0.00%) |     68      58      81     67 |    0.12        0.00
GET      /product/0PUK6V6EV0                                                                2     0(0.00%) |     42      37      48     38 |    0.08        0.00
GET      /product/1YMWWN1N4O                                                                3     0(0.00%) |     43      41      46     44 |    0.12        0.00
GET      /product/2ZYFJ3GM2N                                                                4     0(0.00%) |     39      34      44     39 |    0.16        0.00
GET      /product/6E92ZMYYFZ                                                                4     0(0.00%) |     37      35      39     37 |    0.16        0.00
GET      /product/9SIQT8TOJO                                                                1     0(0.00%) |     36      36      36     36 |    0.04        0.00
GET      /product/L9ECAV7KIM                                                                5     0(0.00%) |     39      36      44     38 |    0.20        0.00
GET      /product/LS4PSXUNUM                                                                4     0(0.00%) |     41      38      48     39 |    0.16        0.00
GET      /product/OLJCESPC7Z                                                                6     0(0.00%) |     46      37      70     40 |    0.24        0.00
POST     /setCurrency                                                                       4     0(0.00%) |    129      56     230     81 |    0.16        0.00
--------|----------------------------------------------------------------------------|-------|-------------|-------|-------|-------|-------|--------|-----------
         Aggregated                                                                        56     0(0.00%) |     66      33     230     44 |    2.21        0.00

Response time percentiles (approximated)
Type     Name                                                                                  50%    66%    75%    80%    90%    95%    98%    99%  99.9% 99.99%   100% # reqs
--------|--------------------------------------------------------------------------------|--------|------|------|------|------|------|------|------|------|------|------|------
GET      /                                                                                     120    130    170    170    180    220    220    220    220    220    220     11
GET      /cart                                                                                  41     42     46     56     68     68     68     68     68     68     68      9
POST     /cart                                                                                  67     67     82     82     82     82     82     82     82     82     82      3
GET      /product/0PUK6V6EV0                                                                    48     48     48     48     48     48     48     48     48     48     48      2
GET      /product/1YMWWN1N4O                                                                    44     44     47     47     47     47     47     47     47     47     47      3
GET      /product/2ZYFJ3GM2N                                                                    43     43     44     44     44     44     44     44     44     44     44      4
GET      /product/6E92ZMYYFZ                                                                    37     37     39     39     39     39     39     39     39     39     39      4
GET      /product/9SIQT8TOJO                                                                    36     36     36     36     36     36     36     36     36     36     36      1
GET      /product/L9ECAV7KIM                                                                    38     39     39     45     45     45     45     45     45     45     45      5
GET      /product/LS4PSXUNUM                                                                    40     40     48     48     48     48     48     48     48     48     48      4
GET      /product/OLJCESPC7Z                                                                    46     46     47     47     70     70     70     70     70     70     70      6
POST     /setCurrency                                                                          150    150    230    230    230    230    230    230    230    230    230      4
--------|--------------------------------------------------------------------------------|--------|------|------|------|------|------|------|------|------|------|------|------
         Aggregated                                                                             45     56     81     96    130    180    220    230    230    230    230     56

