[2025-06-18 11:27:35,483] alcaraz/INFO/locust.main: Starting Locust 2.33.2
[2025-06-18 11:27:35,485] alcaraz/INFO/locust.main: Run time limit set to 30 seconds
[2025-06-18 11:27:35,488] alcaraz/INFO/locust.runners: Ramping to 10 users at a rate of 1.00 per second
[2025-06-18 11:27:44,505] alcaraz/INFO/locust.runners: All users spawned: {"WebsiteUser": 10} (10 total users)
[2025-06-18 11:28:03,395] alcaraz/INFO/locust.main: --run-time limit reached, shutting down
[2025-06-18 11:28:03,544] alcaraz/INFO/locust.main: Shutting down (exit code 0)
Type     Name                                                                          # reqs      # fails |    Avg     Min     Max    Med |   req/s  failures/s
--------|----------------------------------------------------------------------------|-------|-------------|-------|-------|-------|-------|--------|-----------
GET      /                                                                                  8     0(0.00%) |     79      37      98     87 |    0.31        0.00
GET      /cart                                                                              5     0(0.00%) |     39      33      44     40 |    0.20        0.00
POST     /cart                                                                              1     0(0.00%) |     83      83      83     83 |    0.04        0.00
GET      /product/0PUK6V6EV0                                                                4     0(0.00%) |     36      35      38     36 |    0.16        0.00
GET      /product/1YMWWN1N4O                                                                1     0(0.00%) |     36      36      36     36 |    0.04        0.00
GET      /product/2ZYFJ3GM2N                                                                1     0(0.00%) |     40      40      40     40 |    0.04        0.00
GET      /product/66VCHSJNUP                                                                2     0(0.00%) |     33      32      34     33 |    0.08        0.00
GET      /product/6E92ZMYYFZ                                                                1     0(0.00%) |     33      33      33     33 |    0.04        0.00
GET      /product/9SIQT8TOJO                                                                2     0(0.00%) |     36      34      37     35 |    0.08        0.00
GET      /product/L9ECAV7KIM                                                                5     0(0.00%) |     35      33      38     36 |    0.20        0.00
GET      /product/LS4PSXUNUM                                                                1     0(0.00%) |     35      35      35     35 |    0.04        0.00
GET      /product/OLJCESPC7Z                                                                2     0(0.00%) |     43      31      56     32 |    0.08        0.00
POST     /setCurrency                                                                       3     0(0.00%) |     69      59      76     73 |    0.12        0.00
--------|----------------------------------------------------------------------------|-------|-------------|-------|-------|-------|-------|--------|-----------
         Aggregated                                                                        36     0(0.00%) |     50      31      98     38 |    1.41        0.00

Response time percentiles (approximated)
Type     Name                                                                                  50%    66%    75%    80%    90%    95%    98%    99%  99.9% 99.99%   100% # reqs
--------|--------------------------------------------------------------------------------|--------|------|------|------|------|------|------|------|------|------|------|------
GET      /                                                                                      89     91     93     93     99     99     99     99     99     99     99      8
GET      /cart                                                                                  40     43     43     45     45     45     45     45     45     45     45      5
POST     /cart                                                                                  83     83     83     83     83     83     83     83     83     83     83      1
GET      /product/0PUK6V6EV0                                                                    37     37     39     39     39     39     39     39     39     39     39      4
GET      /product/1YMWWN1N4O                                                                    36     36     36     36     36     36     36     36     36     36     36      1
GET      /product/2ZYFJ3GM2N                                                                    41     41     41     41     41     41     41     41     41     41     41      1
GET      /product/66VCHSJNUP                                                                    34     34     34     34     34     34     34     34     34     34     34      2
GET      /product/6E92ZMYYFZ                                                                    33     33     33     33     33     33     33     33     33     33     33      1
GET      /product/9SIQT8TOJO                                                                    38     38     38     38     38     38     38     38     38     38     38      2
GET      /product/L9ECAV7KIM                                                                    36     36     36     38     38     38     38     38     38     38     38      5
GET      /product/LS4PSXUNUM                                                                    36     36     36     36     36     36     36     36     36     36     36      1
GET      /product/OLJCESPC7Z                                                                    56     56     56     56     56     56     56     56     56     56     56      2
POST     /setCurrency                                                                           73     73     77     77     77     77     77     77     77     77     77      3
--------|--------------------------------------------------------------------------------|--------|------|------|------|------|------|------|------|------|------|------|------
         Aggregated                                                                             38     45     73     77     89     93     99     99     99     99     99     36

