[2025-06-18 11:17:58,570] alcaraz/INFO/locust.main: Starting Locust 2.33.2
[2025-06-18 11:17:58,572] alcaraz/INFO/locust.main: Run time limit set to 30 seconds
[2025-06-18 11:17:58,574] alcaraz/INFO/locust.runners: Ramping to 10 users at a rate of 1.00 per second
[2025-06-18 11:18:07,586] alcaraz/INFO/locust.runners: All users spawned: {"WebsiteUser": 10} (10 total users)
[2025-06-18 11:18:26,082] alcaraz/INFO/locust.main: --run-time limit reached, shutting down
[2025-06-18 11:18:26,221] alcaraz/INFO/locust.main: Shutting down (exit code 0)
Type     Name                                                                          # reqs      # fails |    Avg     Min     Max    Med |   req/s  failures/s
--------|----------------------------------------------------------------------------|-------|-------------|-------|-------|-------|-------|--------|-----------
GET      /                                                                                 11     0(0.00%) |     92      44     142     94 |    0.40        0.00
GET      /cart                                                                              8     0(0.00%) |     45      30      72     36 |    0.29        0.00
POST     /cart                                                                              9     0(0.00%) |    100      60     169     85 |    0.33        0.00
POST     /cart/checkout                                                                     3     0(0.00%) |     44      41      47     45 |    0.11        0.00
GET      /product/0PUK6V6EV0                                                                5     0(0.00%) |     55      33     137     35 |    0.18        0.00
GET      /product/1YMWWN1N4O                                                                2     0(0.00%) |     36      35      38     35 |    0.07        0.00
GET      /product/2ZYFJ3GM2N                                                                3     0(0.00%) |     39      31      48     40 |    0.11        0.00
GET      /product/66VCHSJNUP                                                                5     0(0.00%) |     39      34      48     36 |    0.18        0.00
GET      /product/6E92ZMYYFZ                                                                5     0(0.00%) |     36      33      41     36 |    0.18        0.00
GET      /product/9SIQT8TOJO                                                                3     0(0.00%) |     36      35      36     36 |    0.11        0.00
GET      /product/L9ECAV7KIM                                                                7     0(0.00%) |     36      34      38     37 |    0.26        0.00
GET      /product/LS4PSXUNUM                                                                2     0(0.00%) |     42      35      48     36 |    0.07        0.00
GET      /product/OLJCESPC7Z                                                                4     0(0.00%) |     37      32      41     38 |    0.15        0.00
POST     /setCurrency                                                                       8     0(0.00%) |     63      50      72     63 |    0.29        0.00
--------|----------------------------------------------------------------------------|-------|-------------|-------|-------|-------|-------|--------|-----------
         Aggregated                                                                        75     0(0.00%) |     58      30     169     45 |    2.73        0.00

Response time percentiles (approximated)
Type     Name                                                                                  50%    66%    75%    80%    90%    95%    98%    99%  99.9% 99.99%   100% # reqs
--------|--------------------------------------------------------------------------------|--------|------|------|------|------|------|------|------|------|------|------|------
GET      /                                                                                      94     94     95     95    100    140    140    140    140    140    140     11
GET      /cart                                                                                  48     54     55     55     73     73     73     73     73     73     73      8
POST     /cart                                                                                  85     88    100    170    170    170    170    170    170    170    170      9
POST     /cart/checkout                                                                         45     45     48     48     48     48     48     48     48     48     48      3
GET      /product/0PUK6V6EV0                                                                    35     38     38    140    140    140    140    140    140    140    140      5
GET      /product/1YMWWN1N4O                                                                    38     38     38     38     38     38     38     38     38     38     38      2
GET      /product/2ZYFJ3GM2N                                                                    40     40     48     48     48     48     48     48     48     48     48      3
GET      /product/66VCHSJNUP                                                                    36     41     41     49     49     49     49     49     49     49     49      5
GET      /product/6E92ZMYYFZ                                                                    36     37     37     41     41     41     41     41     41     41     41      5
GET      /product/9SIQT8TOJO                                                                    36     36     37     37     37     37     37     37     37     37     37      3
GET      /product/L9ECAV7KIM                                                                    37     38     39     39     39     39     39     39     39     39     39      7
GET      /product/LS4PSXUNUM                                                                    49     49     49     49     49     49     49     49     49     49     49      2
GET      /product/OLJCESPC7Z                                                                    38     38     41     41     41     41     41     41     41     41     41      4
POST     /setCurrency                                                                           70     70     71     71     72     72     72     72     72     72     72      8
--------|--------------------------------------------------------------------------------|--------|------|------|------|------|------|------|------|------|------|------|------
         Aggregated                                                                             45     61     75     85     94    140    170    170    170    170    170     75

