[2025-06-18 11:28:08,621] alcaraz/INFO/locust.main: Starting Locust 2.33.2
[2025-06-18 11:28:08,623] alcaraz/INFO/locust.main: Run time limit set to 30 seconds
[2025-06-18 11:28:08,625] alcaraz/INFO/locust.runners: Ramping to 10 users at a rate of 1.00 per second
[2025-06-18 11:28:17,640] alcaraz/INFO/locust.runners: All users spawned: {"WebsiteUser": 10} (10 total users)
[2025-06-18 11:28:36,835] alcaraz/INFO/locust.main: --run-time limit reached, shutting down
[2025-06-18 11:28:36,970] alcaraz/INFO/locust.main: Shutting down (exit code 0)
Type     Name                                                                          # reqs      # fails |    Avg     Min     Max    Med |   req/s  failures/s
--------|----------------------------------------------------------------------------|-------|-------------|-------|-------|-------|-------|--------|-----------
GET      /                                                                                  8     0(0.00%) |     93      40     150     86 |    0.29        0.00
GET      /cart                                                                              7     0(0.00%) |     38      32      46     36 |    0.25        0.00
POST     /cart                                                                              6     0(0.00%) |     74      64      87     70 |    0.21        0.00
POST     /cart/checkout                                                                     2     0(0.00%) |     55      45      66     45 |    0.07        0.00
GET      /product/0PUK6V6EV0                                                                3     0(0.00%) |     34      33      35     33 |    0.11        0.00
GET      /product/1YMWWN1N4O                                                                3     0(0.00%) |     36      35      37     37 |    0.11        0.00
GET      /product/2ZYFJ3GM2N                                                                4     0(0.00%) |     36      33      39     34 |    0.14        0.00
GET      /product/66VCHSJNUP                                                                1     0(0.00%) |     36      36      36     36 |    0.04        0.00
GET      /product/6E92ZMYYFZ                                                                3     0(0.00%) |     36      35      37     36 |    0.11        0.00
GET      /product/9SIQT8TOJO                                                                3     0(0.00%) |     56      33      94     42 |    0.11        0.00
GET      /product/L9ECAV7KIM                                                                3     0(0.00%) |     69      36     126     45 |    0.11        0.00
GET      /product/LS4PSXUNUM                                                                1     0(0.00%) |     38      38      38     38 |    0.04        0.00
GET      /product/OLJCESPC7Z                                                                1     0(0.00%) |     36      36      36     36 |    0.04        0.00
POST     /setCurrency                                                                       4     0(0.00%) |     65      59      72     59 |    0.14        0.00
--------|----------------------------------------------------------------------------|-------|-------------|-------|-------|-------|-------|--------|-----------
         Aggregated                                                                        49     0(0.00%) |     56      32     150     41 |    1.75        0.00

Response time percentiles (approximated)
Type     Name                                                                                  50%    66%    75%    80%    90%    95%    98%    99%  99.9% 99.99%   100% # reqs
--------|--------------------------------------------------------------------------------|--------|------|------|------|------|------|------|------|------|------|------|------
GET      /                                                                                      92     94    130    130    150    150    150    150    150    150    150      8
GET      /cart                                                                                  36     39     41     41     46     46     46     46     46     46     46      7
POST     /cart                                                                                  78     78     79     79     88     88     88     88     88     88     88      6
POST     /cart/checkout                                                                         67     67     67     67     67     67     67     67     67     67     67      2
GET      /product/0PUK6V6EV0                                                                    33     33     36     36     36     36     36     36     36     36     36      3
GET      /product/1YMWWN1N4O                                                                    37     37     37     37     37     37     37     37     37     37     37      3
GET      /product/2ZYFJ3GM2N                                                                    39     39     39     39     39     39     39     39     39     39     39      4
GET      /product/66VCHSJNUP                                                                    37     37     37     37     37     37     37     37     37     37     37      1
GET      /product/6E92ZMYYFZ                                                                    36     36     37     37     37     37     37     37     37     37     37      3
GET      /product/9SIQT8TOJO                                                                    42     42     95     95     95     95     95     95     95     95     95      3
GET      /product/L9ECAV7KIM                                                                    45     45    130    130    130    130    130    130    130    130    130      3
GET      /product/LS4PSXUNUM                                                                    38     38     38     38     38     38     38     38     38     38     38      1
GET      /product/OLJCESPC7Z                                                                    37     37     37     37     37     37     37     37     37     37     37      1
POST     /setCurrency                                                                           70     70     72     72     72     72     72     72     72     72     72      4
--------|--------------------------------------------------------------------------------|--------|------|------|------|------|------|------|------|------|------|------|------
         Aggregated                                                                             41     67     72     79     94    130    150    150    150    150    150     49

