[2025-06-18 11:28:42,422] alcaraz/INFO/locust.main: Starting Locust 2.33.2
[2025-06-18 11:28:42,423] alcaraz/INFO/locust.main: Run time limit set to 30 seconds
[2025-06-18 11:28:42,426] alcaraz/INFO/locust.runners: Ramping to 10 users at a rate of 1.00 per second
[2025-06-18 11:28:51,441] alcaraz/INFO/locust.runners: All users spawned: {"WebsiteUser": 10} (10 total users)
[2025-06-18 11:29:10,573] alcaraz/INFO/locust.main: --run-time limit reached, shutting down
[2025-06-18 11:29:10,699] alcaraz/INFO/locust.main: Shutting down (exit code 0)
Type     Name                                                                          # reqs      # fails |    Avg     Min     Max    Med |   req/s  failures/s
--------|----------------------------------------------------------------------------|-------|-------------|-------|-------|-------|-------|--------|-----------
GET      /                                                                                  7     0(0.00%) |    104      79     152     92 |    0.25        0.00
GET      /cart                                                                              3     0(0.00%) |     34      32      39     32 |    0.11        0.00
POST     /cart                                                                              7     0(0.00%) |     77      59     122     74 |    0.25        0.00
POST     /cart/checkout                                                                     3     0(0.00%) |     44      42      45     45 |    0.11        0.00
GET      /product/0PUK6V6EV0                                                                1     0(0.00%) |     34      34      34     34 |    0.04        0.00
GET      /product/1YMWWN1N4O                                                                2     0(0.00%) |     38      38      38     38 |    0.07        0.00
GET      /product/2ZYFJ3GM2N                                                                4     0(0.00%) |     36      33      38     36 |    0.14        0.00
GET      /product/66VCHSJNUP                                                                4     0(0.00%) |     65      35     149     38 |    0.14        0.00
GET      /product/6E92ZMYYFZ                                                                1     0(0.00%) |     40      40      40     40 |    0.04        0.00
GET      /product/9SIQT8TOJO                                                                2     0(0.00%) |     41      33      49     34 |    0.07        0.00
GET      /product/L9ECAV7KIM                                                                2     0(0.00%) |     36      36      37     36 |    0.07        0.00
GET      /product/LS4PSXUNUM                                                                3     0(0.00%) |     35      33      38     34 |    0.11        0.00
GET      /product/OLJCESPC7Z                                                                4     0(0.00%) |     37      37      37     37 |    0.14        0.00
POST     /setCurrency                                                                       9     0(0.00%) |     71      51      94     74 |    0.32        0.00
--------|----------------------------------------------------------------------------|-------|-------------|-------|-------|-------|-------|--------|-----------
         Aggregated                                                                        52     0(0.00%) |     60      32     152     45 |    1.87        0.00

Response time percentiles (approximated)
Type     Name                                                                                  50%    66%    75%    80%    90%    95%    98%    99%  99.9% 99.99%   100% # reqs
--------|--------------------------------------------------------------------------------|--------|------|------|------|------|------|------|------|------|------|------|------
GET      /                                                                                      92     96    140    140    150    150    150    150    150    150    150      7
GET      /cart                                                                                  32     32     39     39     39     39     39     39     39     39     39      3
POST     /cart                                                                                  74     75     75     75    120    120    120    120    120    120    120      7
POST     /cart/checkout                                                                         45     45     45     45     45     45     45     45     45     45     45      3
GET      /product/0PUK6V6EV0                                                                    35     35     35     35     35     35     35     35     35     35     35      1
GET      /product/1YMWWN1N4O                                                                    39     39     39     39     39     39     39     39     39     39     39      2
GET      /product/2ZYFJ3GM2N                                                                    37     37     39     39     39     39     39     39     39     39     39      4
GET      /product/66VCHSJNUP                                                                    40     40    150    150    150    150    150    150    150    150    150      4
GET      /product/6E92ZMYYFZ                                                                    41     41     41     41     41     41     41     41     41     41     41      1
GET      /product/9SIQT8TOJO                                                                    50     50     50     50     50     50     50     50     50     50     50      2
GET      /product/L9ECAV7KIM                                                                    38     38     38     38     38     38     38     38     38     38     38      2
GET      /product/LS4PSXUNUM                                                                    34     34     38     38     38     38     38     38     38     38     38      3
GET      /product/OLJCESPC7Z                                                                    38     38     38     38     38     38     38     38     38     38     38      4
POST     /setCurrency                                                                           74     76     76     88     95     95     95     95     95     95     95      9
--------|--------------------------------------------------------------------------------|--------|------|------|------|------|------|------|------|------|------|------|------
         Aggregated                                                                             45     73     76     80     95    140    150    150    150    150    150     52

