[2025-06-18 11:29:15,616] alcaraz/INFO/locust.main: Starting Locust 2.33.2
[2025-06-18 11:29:15,618] alcaraz/INFO/locust.main: Run time limit set to 30 seconds
[2025-06-18 11:29:15,620] alcaraz/INFO/locust.runners: Ramping to 10 users at a rate of 1.00 per second
[2025-06-18 11:29:24,633] alcaraz/INFO/locust.runners: All users spawned: {"WebsiteUser": 10} (10 total users)
[2025-06-18 11:29:43,484] alcaraz/INFO/locust.main: --run-time limit reached, shutting down
[2025-06-18 11:29:43,619] alcaraz/INFO/locust.main: Shutting down (exit code 0)
Type     Name                                                                          # reqs      # fails |    Avg     Min     Max    Med |   req/s  failures/s
--------|----------------------------------------------------------------------------|-------|-------------|-------|-------|-------|-------|--------|-----------
GET      /                                                                                  6     0(0.00%) |     98      86     121     94 |    0.22        0.00
GET      /cart                                                                              6     0(0.00%) |     45      36      55     37 |    0.22        0.00
POST     /cart                                                                              5     0(0.00%) |     85      61     122     78 |    0.19        0.00
GET      /product/0PUK6V6EV0                                                                2     0(0.00%) |     36      35      36     36 |    0.07        0.00
GET      /product/1YMWWN1N4O                                                                2     0(0.00%) |     35      35      36     35 |    0.07        0.00
GET      /product/2ZYFJ3GM2N                                                                4     0(0.00%) |     36      33      42     35 |    0.15        0.00
GET      /product/66VCHSJNUP                                                                2     0(0.00%) |     36      34      38     34 |    0.07        0.00
GET      /product/6E92ZMYYFZ                                                                2     0(0.00%) |     43      37      49     37 |    0.07        0.00
GET      /product/9SIQT8TOJO                                                                3     0(0.00%) |     39      34      48     37 |    0.11        0.00
GET      /product/L9ECAV7KIM                                                                4     0(0.00%) |     64      32     147     38 |    0.15        0.00
GET      /product/LS4PSXUNUM                                                                2     0(0.00%) |     34      32      35     33 |    0.07        0.00
GET      /product/OLJCESPC7Z                                                                4     0(0.00%) |     35      32      38     35 |    0.15        0.00
POST     /setCurrency                                                                       3     0(0.00%) |     55      53      60     54 |    0.11        0.00
--------|----------------------------------------------------------------------------|-------|-------------|-------|-------|-------|-------|--------|-----------
         Aggregated                                                                        45     0(0.00%) |     55      32     147     38 |    1.68        0.00

Response time percentiles (approximated)
Type     Name                                                                                  50%    66%    75%    80%    90%    95%    98%    99%  99.9% 99.99%   100% # reqs
--------|--------------------------------------------------------------------------------|--------|------|------|------|------|------|------|------|------|------|------|------
GET      /                                                                                      94     94    100    100    120    120    120    120    120    120    120      6
GET      /cart                                                                                  53     53     55     55     55     55     55     55     55     55     55      6
POST     /cart                                                                                  78     90     90    120    120    120    120    120    120    120    120      5
GET      /product/0PUK6V6EV0                                                                    36     36     36     36     36     36     36     36     36     36     36      2
GET      /product/1YMWWN1N4O                                                                    37     37     37     37     37     37     37     37     37     37     37      2
GET      /product/2ZYFJ3GM2N                                                                    36     36     43     43     43     43     43     43     43     43     43      4
GET      /product/66VCHSJNUP                                                                    38     38     38     38     38     38     38     38     38     38     38      2
GET      /product/6E92ZMYYFZ                                                                    49     49     49     49     49     49     49     49     49     49     49      2
GET      /product/9SIQT8TOJO                                                                    37     37     48     48     48     48     48     48     48     48     48      3
GET      /product/L9ECAV7KIM                                                                    39     39    150    150    150    150    150    150    150    150    150      4
GET      /product/LS4PSXUNUM                                                                    36     36     36     36     36     36     36     36     36     36     36      2
GET      /product/OLJCESPC7Z                                                                    36     36     38     38     38     38     38     38     38     38     38      4
POST     /setCurrency                                                                           54     54     61     61     61     61     61     61     61     61     61      3
--------|--------------------------------------------------------------------------------|--------|------|------|------|------|------|------|------|------|------|------|------
         Aggregated                                                                             38     54     62     87     94    120    150    150    150    150    150     45

