[2025-06-18 11:29:48,306] alcaraz/INFO/locust.main: Starting Locust 2.33.2
[2025-06-18 11:29:48,307] alcaraz/INFO/locust.main: Run time limit set to 30 seconds
[2025-06-18 11:29:48,309] alcaraz/INFO/locust.runners: Ramping to 10 users at a rate of 1.00 per second
[2025-06-18 11:29:57,321] alcaraz/INFO/locust.runners: All users spawned: {"WebsiteUser": 10} (10 total users)
[2025-06-18 11:30:16,336] alcaraz/INFO/locust.main: --run-time limit reached, shutting down
[2025-06-18 11:30:16,478] alcaraz/INFO/locust.main: Shutting down (exit code 0)
Type     Name                                                                          # reqs      # fails |    Avg     Min     Max    Med |   req/s  failures/s
--------|----------------------------------------------------------------------------|-------|-------------|-------|-------|-------|-------|--------|-----------
GET      /                                                                                  8     0(0.00%) |    147      80     239    120 |    0.28        0.00
GET      /cart                                                                              2     0(0.00%) |     37      37      37     37 |    0.07        0.00
POST     /cart                                                                              7     0(0.00%) |     77      70      97     74 |    0.25        0.00
POST     /cart/checkout                                                                     3     0(0.00%) |     45      42      52     43 |    0.11        0.00
GET      /product/0PUK6V6EV0                                                                2     0(0.00%) |     34      34      34     34 |    0.07        0.00
GET      /product/1YMWWN1N4O                                                                4     0(0.00%) |     68      32     148     35 |    0.14        0.00
GET      /product/2ZYFJ3GM2N                                                                4     0(0.00%) |    127      33     164    150 |    0.14        0.00
GET      /product/66VCHSJNUP                                                                4     0(0.00%) |     60      36     128     37 |    0.14        0.00
GET      /product/6E92ZMYYFZ                                                                3     0(0.00%) |     39      34      47     37 |    0.11        0.00
GET      /product/9SIQT8TOJO                                                                3     0(0.00%) |     34      34      35     34 |    0.11        0.00
GET      /product/L9ECAV7KIM                                                                4     0(0.00%) |     67      38     141     39 |    0.14        0.00
GET      /product/LS4PSXUNUM                                                                1     0(0.00%) |     33      33      33     33 |    0.04        0.00
POST     /setCurrency                                                                       4     0(0.00%) |     95      55     187     69 |    0.14        0.00
--------|----------------------------------------------------------------------------|-------|-------------|-------|-------|-------|-------|--------|-----------
         Aggregated                                                                        49     0(0.00%) |     80      32     239     58 |    1.74        0.00

Response time percentiles (approximated)
Type     Name                                                                                  50%    66%    75%    80%    90%    95%    98%    99%  99.9% 99.99%   100% # reqs
--------|--------------------------------------------------------------------------------|--------|------|------|------|------|------|------|------|------|------|------|------
GET      /                                                                                     130    190    240    240    240    240    240    240    240    240    240      8
GET      /cart                                                                                  38     38     38     38     38     38     38     38     38     38     38      2
POST     /cart                                                                                  74     78     79     79     97     97     97     97     97     97     97      7
POST     /cart/checkout                                                                         43     43     53     53     53     53     53     53     53     53     53      3
GET      /product/0PUK6V6EV0                                                                    35     35     35     35     35     35     35     35     35     35     35      2
GET      /product/1YMWWN1N4O                                                                    58     58    150    150    150    150    150    150    150    150    150      4
GET      /product/2ZYFJ3GM2N                                                                   160    160    160    160    160    160    160    160    160    160    160      4
GET      /product/66VCHSJNUP                                                                    40     40    130    130    130    130    130    130    130    130    130      4
GET      /product/6E92ZMYYFZ                                                                    37     37     48     48     48     48     48     48     48     48     48      3
GET      /product/9SIQT8TOJO                                                                    34     34     36     36     36     36     36     36     36     36     36      3
GET      /product/L9ECAV7KIM                                                                    50     50    140    140    140    140    140    140    140    140    140      4
GET      /product/LS4PSXUNUM                                                                    33     33     33     33     33     33     33     33     33     33     33      1
POST     /setCurrency                                                                           71     71    190    190    190    190    190    190    190    190    190      4
--------|--------------------------------------------------------------------------------|--------|------|------|------|------|------|------|------|------|------|------|------
         Aggregated                                                                             58     79     97    130    160    190    240    240    240    240    240     49

