[2025-06-18 11:30:21,431] alcaraz/INFO/locust.main: Starting Locust 2.33.2
[2025-06-18 11:30:21,432] alcaraz/INFO/locust.main: Run time limit set to 30 seconds
[2025-06-18 11:30:21,434] alcaraz/INFO/locust.runners: Ramping to 10 users at a rate of 1.00 per second
[2025-06-18 11:30:30,450] alcaraz/INFO/locust.runners: All users spawned: {"WebsiteUser": 10} (10 total users)
[2025-06-18 11:30:49,519] alcaraz/INFO/locust.main: --run-time limit reached, shutting down
[2025-06-18 11:30:49,642] alcaraz/INFO/locust.main: Shutting down (exit code 0)
Type     Name                                                                          # reqs      # fails |    Avg     Min     Max    Med |   req/s  failures/s
--------|----------------------------------------------------------------------------|-------|-------------|-------|-------|-------|-------|--------|-----------
GET      /                                                                                 11     0(0.00%) |     77      35     148     86 |    0.42        0.00
GET      /cart                                                                              4     0(0.00%) |     41      31      54     32 |    0.15        0.00
POST     /cart                                                                              8     0(0.00%) |    137      70     337     86 |    0.30        0.00
POST     /cart/checkout                                                                     3     0(0.00%) |     50      44      60     46 |    0.11        0.00
GET      /product/0PUK6V6EV0                                                                6     0(0.00%) |     35      32      38     34 |    0.23        0.00
GET      /product/1YMWWN1N4O                                                                1     0(0.00%) |     35      35      35     35 |    0.04        0.00
GET      /product/66VCHSJNUP                                                                1     0(0.00%) |     47      47      47     47 |    0.04        0.00
GET      /product/6E92ZMYYFZ                                                                1     0(0.00%) |     33      33      33     33 |    0.04        0.00
GET      /product/9SIQT8TOJO                                                                3     0(0.00%) |     82      34     137     76 |    0.11        0.00
GET      /product/L9ECAV7KIM                                                                6     0(0.00%) |     41      33      48     36 |    0.23        0.00
GET      /product/LS4PSXUNUM                                                                2     0(0.00%) |     36      36      37     36 |    0.08        0.00
GET      /product/OLJCESPC7Z                                                                4     0(0.00%) |     38      31      51     36 |    0.15        0.00
POST     /setCurrency                                                                       1     0(0.00%) |     68      68      68     68 |    0.04        0.00
--------|----------------------------------------------------------------------------|-------|-------------|-------|-------|-------|-------|--------|-----------
         Aggregated                                                                        51     0(0.00%) |     66      31     337     47 |    1.94        0.00

Response time percentiles (approximated)
Type     Name                                                                                  50%    66%    75%    80%    90%    95%    98%    99%  99.9% 99.99%   100% # reqs
--------|--------------------------------------------------------------------------------|--------|------|------|------|------|------|------|------|------|------|------|------
GET      /                                                                                      86     91     96     96    110    150    150    150    150    150    150     11
GET      /cart                                                                                  51     51     54     54     54     54     54     54     54     54     54      4
POST     /cart                                                                                  86    180    190    190    340    340    340    340    340    340    340      8
POST     /cart/checkout                                                                         46     46     61     61     61     61     61     61     61     61     61      3
GET      /product/0PUK6V6EV0                                                                    37     37     37     37     38     38     38     38     38     38     38      6
GET      /product/1YMWWN1N4O                                                                    35     35     35     35     35     35     35     35     35     35     35      1
GET      /product/66VCHSJNUP                                                                    47     47     47     47     47     47     47     47     47     47     47      1
GET      /product/6E92ZMYYFZ                                                                    34     34     34     34     34     34     34     34     34     34     34      1
GET      /product/9SIQT8TOJO                                                                    76     76    140    140    140    140    140    140    140    140    140      3
GET      /product/L9ECAV7KIM                                                                    47     47     47     47     49     49     49     49     49     49     49      6
GET      /product/LS4PSXUNUM                                                                    38     38     38     38     38     38     38     38     38     38     38      2
GET      /product/OLJCESPC7Z                                                                    36     36     52     52     52     52     52     52     52     52     52      4
POST     /setCurrency                                                                           69     69     69     69     69     69     69     69     69     69     69      1
--------|--------------------------------------------------------------------------------|--------|------|------|------|------|------|------|------|------|------|------|------
         Aggregated                                                                             47     69     78     86    110    180    190    340    340    340    340     51

