[2025-06-18 11:39:33,244] alcaraz/INFO/locust.main: Starting Locust 2.33.2
[2025-06-18 11:39:33,245] alcaraz/INFO/locust.main: Run time limit set to 30 seconds
[2025-06-18 11:39:33,247] alcaraz/INFO/locust.runners: Ramping to 10 users at a rate of 1.00 per second
[2025-06-18 11:39:42,259] alcaraz/INFO/locust.runners: All users spawned: {"WebsiteUser": 10} (10 total users)
[2025-06-18 11:40:00,960] alcaraz/INFO/locust.main: --run-time limit reached, shutting down
[2025-06-18 11:40:01,101] alcaraz/INFO/locust.main: Shutting down (exit code 0)
Type     Name                                                                          # reqs      # fails |    Avg     Min     Max    Med |   req/s  failures/s
--------|----------------------------------------------------------------------------|-------|-------------|-------|-------|-------|-------|--------|-----------
GET      /                                                                                 12     0(0.00%) |    102      39     204     90 |    0.44        0.00
GET      /cart                                                                              6     0(0.00%) |     52      35     134     36 |    0.22        0.00
POST     /cart                                                                              6     0(0.00%) |     75      72      78     75 |    0.22        0.00
POST     /cart/checkout                                                                     2     0(0.00%) |     45      43      46     43 |    0.07        0.00
GET      /product/0PUK6V6EV0                                                                1     0(0.00%) |     39      39      39     39 |    0.04        0.00
GET      /product/1YMWWN1N4O                                                                3     0(0.00%) |     79      38     149     50 |    0.11        0.00
GET      /product/2ZYFJ3GM2N                                                                6     0(0.00%) |     39      32      50     36 |    0.22        0.00
GET      /product/66VCHSJNUP                                                                4     0(0.00%) |     36      31      39     36 |    0.15        0.00
GET      /product/6E92ZMYYFZ                                                                6     0(0.00%) |     39      33      55     36 |    0.22        0.00
GET      /product/L9ECAV7KIM                                                                6     0(0.00%) |     55      31     132     36 |    0.22        0.00
GET      /product/LS4PSXUNUM                                                                5     0(0.00%) |     35      32      43     35 |    0.18        0.00
GET      /product/OLJCESPC7Z                                                                3     0(0.00%) |     57      31     102     40 |    0.11        0.00
POST     /setCurrency                                                                       6     0(0.00%) |     69      60      77     67 |    0.22        0.00
--------|----------------------------------------------------------------------------|-------|-------------|-------|-------|-------|-------|--------|-----------
         Aggregated                                                                        66     0(0.00%) |     61      31     204     43 |    2.40        0.00

Response time percentiles (approximated)
Type     Name                                                                                  50%    66%    75%    80%    90%    95%    98%    99%  99.9% 99.99%   100% # reqs
--------|--------------------------------------------------------------------------------|--------|------|------|------|------|------|------|------|------|------|------|------
GET      /                                                                                      90     91    140    140    200    200    200    200    200    200    200     12
GET      /cart                                                                                  36     36     39     39    130    130    130    130    130    130    130      6
POST     /cart                                                                                  75     75     78     78     78     78     78     78     78     78     78      6
POST     /cart/checkout                                                                         47     47     47     47     47     47     47     47     47     47     47      2
GET      /product/0PUK6V6EV0                                                                    39     39     39     39     39     39     39     39     39     39     39      1
GET      /product/1YMWWN1N4O                                                                    50     50    150    150    150    150    150    150    150    150    150      3
GET      /product/2ZYFJ3GM2N                                                                    37     37     46     46     51     51     51     51     51     51     51      6
GET      /product/66VCHSJNUP                                                                    38     38     40     40     40     40     40     40     40     40     40      4
GET      /product/6E92ZMYYFZ                                                                    37     37     38     38     56     56     56     56     56     56     56      6
GET      /product/L9ECAV7KIM                                                                    39     39     56     56    130    130    130    130    130    130    130      6
GET      /product/LS4PSXUNUM                                                                    35     35     35     43     43     43     43     43     43     43     43      5
GET      /product/OLJCESPC7Z                                                                    40     40    100    100    100    100    100    100    100    100    100      3
POST     /setCurrency                                                                           73     73     75     75     78     78     78     78     78     78     78      6
--------|--------------------------------------------------------------------------------|--------|------|------|------|------|------|------|------|------|------|------|------
         Aggregated                                                                             43     72     75     78    100    140    200    200    200    200    200     66

