[2025-06-18 11:40:05,620] alcaraz/INFO/locust.main: Starting Locust 2.33.2
[2025-06-18 11:40:05,622] alcaraz/INFO/locust.main: Run time limit set to 30 seconds
[2025-06-18 11:40:05,624] alcaraz/INFO/locust.runners: Ramping to 10 users at a rate of 1.00 per second
[2025-06-18 11:40:14,639] alcaraz/INFO/locust.runners: All users spawned: {"WebsiteUser": 10} (10 total users)
[2025-06-18 11:40:34,032] alcaraz/INFO/locust.main: --run-time limit reached, shutting down
[2025-06-18 11:40:34,169] alcaraz/INFO/locust.main: Shutting down (exit code 0)
Type     Name                                                                          # reqs      # fails |    Avg     Min     Max    Med |   req/s  failures/s
--------|----------------------------------------------------------------------------|-------|-------------|-------|-------|-------|-------|--------|-----------
GET      /                                                                                 14     0(0.00%) |     83      35     142     90 |    0.50        0.00
GET      /cart                                                                              3     0(0.00%) |     42      32      57     37 |    0.11        0.00
POST     /cart                                                                              9     0(0.00%) |     80      68     105     75 |    0.32        0.00
POST     /cart/checkout                                                                     3     0(0.00%) |     45      43      49     43 |    0.11        0.00
GET      /product/0PUK6V6EV0                                                                7     0(0.00%) |     36      34      43     36 |    0.25        0.00
GET      /product/1YMWWN1N4O                                                                1     0(0.00%) |     34      34      34     34 |    0.04        0.00
GET      /product/2ZYFJ3GM2N                                                                3     0(0.00%) |     39      36      46     37 |    0.11        0.00
GET      /product/66VCHSJNUP                                                                2     0(0.00%) |     37      37      37     37 |    0.07        0.00
GET      /product/6E92ZMYYFZ                                                                3     0(0.00%) |     34      34      34     34 |    0.11        0.00
GET      /product/9SIQT8TOJO                                                                4     0(0.00%) |     35      33      37     35 |    0.14        0.00
GET      /product/L9ECAV7KIM                                                                5     0(0.00%) |     36      33      41     34 |    0.18        0.00
GET      /product/LS4PSXUNUM                                                                2     0(0.00%) |     37      34      40     35 |    0.07        0.00
GET      /product/OLJCESPC7Z                                                                6     0(0.00%) |     39      33      57     37 |    0.21        0.00
POST     /setCurrency                                                                       6     0(0.00%) |     61      53      71     59 |    0.21        0.00
--------|----------------------------------------------------------------------------|-------|-------------|-------|-------|-------|-------|--------|-----------
         Aggregated                                                                        68     0(0.00%) |     55      32     142     41 |    2.40        0.00

Response time percentiles (approximated)
Type     Name                                                                                  50%    66%    75%    80%    90%    95%    98%    99%  99.9% 99.99%   100% # reqs
--------|--------------------------------------------------------------------------------|--------|------|------|------|------|------|------|------|------|------|------|------
GET      /                                                                                      92     92     96     96    130    140    140    140    140    140    140     14
GET      /cart                                                                                  37     37     57     57     57     57     57     57     57     57     57      3
POST     /cart                                                                                  75     79     86     95    110    110    110    110    110    110    110      9
POST     /cart/checkout                                                                         43     43     50     50     50     50     50     50     50     50     50      3
GET      /product/0PUK6V6EV0                                                                    36     36     37     37     43     43     43     43     43     43     43      7
GET      /product/1YMWWN1N4O                                                                    35     35     35     35     35     35     35     35     35     35     35      1
GET      /product/2ZYFJ3GM2N                                                                    37     37     47     47     47     47     47     47     47     47     47      3
GET      /product/66VCHSJNUP                                                                    37     37     37     37     37     37     37     37     37     37     37      2
GET      /product/6E92ZMYYFZ                                                                    35     35     35     35     35     35     35     35     35     35     35      3
GET      /product/9SIQT8TOJO                                                                    36     36     38     38     38     38     38     38     38     38     38      4
GET      /product/L9ECAV7KIM                                                                    34     40     40     41     41     41     41     41     41     41     41      5
GET      /product/LS4PSXUNUM                                                                    40     40     40     40     40     40     40     40     40     40     40      2
GET      /product/OLJCESPC7Z                                                                    37     37     39     39     57     57     57     57     57     57     57      6
POST     /setCurrency                                                                           60     60     70     70     71     71     71     71     71     71     71      6
--------|--------------------------------------------------------------------------------|--------|------|------|------|------|------|------|------|------|------|------|------
         Aggregated                                                                             43     57     71     75     92     96    130    140    140    140    140     68

