[2025-06-18 11:40:40,434] alcaraz/INFO/locust.main: Starting Locust 2.33.2
[2025-06-18 11:40:40,435] alcaraz/INFO/locust.main: Run time limit set to 30 seconds
[2025-06-18 11:40:40,437] alcaraz/INFO/locust.runners: Ramping to 10 users at a rate of 1.00 per second
[2025-06-18 11:40:49,452] alcaraz/INFO/locust.runners: All users spawned: {"WebsiteUser": 10} (10 total users)
[2025-06-18 11:41:07,656] alcaraz/INFO/locust.main: --run-time limit reached, shutting down
[2025-06-18 11:41:07,793] alcaraz/INFO/locust.main: Shutting down (exit code 0)
Type     Name                                                                          # reqs      # fails |    Avg     Min     Max    Med |   req/s  failures/s
--------|----------------------------------------------------------------------------|-------|-------------|-------|-------|-------|-------|--------|-----------
GET      /                                                                                 10     0(0.00%) |    106      76     137     96 |    0.37        0.00
GET      /cart                                                                              8     0(0.00%) |     41      32      56     37 |    0.30        0.00
POST     /cart                                                                             17     0(0.00%) |     83      69     123     77 |    0.63        0.00
POST     /cart/checkout                                                                     4     0(0.00%) |     47      41      55     45 |    0.15        0.00
GET      /product/0PUK6V6EV0                                                                2     0(0.00%) |     39      34      43     35 |    0.07        0.00
GET      /product/1YMWWN1N4O                                                                1     0(0.00%) |     36      36      36     36 |    0.04        0.00
GET      /product/2ZYFJ3GM2N                                                                6     0(0.00%) |     55      31     140     36 |    0.22        0.00
GET      /product/66VCHSJNUP                                                                6     0(0.00%) |     46      34      76     38 |    0.22        0.00
GET      /product/6E92ZMYYFZ                                                                2     0(0.00%) |     43      35      52     35 |    0.07        0.00
GET      /product/9SIQT8TOJO                                                                1     0(0.00%) |     42      42      42     42 |    0.04        0.00
GET      /product/L9ECAV7KIM                                                                4     0(0.00%) |     43      35      62     37 |    0.15        0.00
GET      /product/LS4PSXUNUM                                                               10     0(0.00%) |     39      32      73     35 |    0.37        0.00
GET      /product/OLJCESPC7Z                                                                5     0(0.00%) |     36      32      40     37 |    0.19        0.00
POST     /setCurrency                                                                       7     0(0.00%) |     90      57     178     79 |    0.26        0.00
--------|----------------------------------------------------------------------------|-------|-------------|-------|-------|-------|-------|--------|-----------
         Aggregated                                                                        83     0(0.00%) |     63      31     178     52 |    3.09        0.00

Response time percentiles (approximated)
Type     Name                                                                                  50%    66%    75%    80%    90%    95%    98%    99%  99.9% 99.99%   100% # reqs
--------|--------------------------------------------------------------------------------|--------|------|------|------|------|------|------|------|------|------|------|------
GET      /                                                                                      99    120    130    140    140    140    140    140    140    140    140     10
GET      /cart                                                                                  37     51     52     52     57     57     57     57     57     57     57      8
POST     /cart                                                                                  77     86     88     91    100    120    120    120    120    120    120     17
POST     /cart/checkout                                                                         47     47     56     56     56     56     56     56     56     56     56      4
GET      /product/0PUK6V6EV0                                                                    44     44     44     44     44     44     44     44     44     44     44      2
GET      /product/1YMWWN1N4O                                                                    36     36     36     36     36     36     36     36     36     36     36      1
GET      /product/2ZYFJ3GM2N                                                                    39     39     51     51    140    140    140    140    140    140    140      6
GET      /product/66VCHSJNUP                                                                    41     41     51     51     77     77     77     77     77     77     77      6
GET      /product/6E92ZMYYFZ                                                                    53     53     53     53     53     53     53     53     53     53     53      2
GET      /product/9SIQT8TOJO                                                                    43     43     43     43     43     43     43     43     43     43     43      1
GET      /product/L9ECAV7KIM                                                                    41     41     62     62     62     62     62     62     62     62     62      4
GET      /product/LS4PSXUNUM                                                                    35     35     37     39     74     74     74     74     74     74     74     10
GET      /product/OLJCESPC7Z                                                                    37     38     38     40     40     40     40     40     40     40     40      5
POST     /setCurrency                                                                           79     83     98     98    180    180    180    180    180    180    180      7
--------|--------------------------------------------------------------------------------|--------|------|------|------|------|------|------|------|------|------|------|------
         Aggregated                                                                             52     74     79     88    100    130    140    180    180    180    180     83

