[2025-06-18 11:18:31,701] alcaraz/INFO/locust.main: Starting Locust 2.33.2
[2025-06-18 11:18:31,702] alcaraz/INFO/locust.main: Run time limit set to 30 seconds
[2025-06-18 11:18:31,705] alcaraz/INFO/locust.runners: Ramping to 10 users at a rate of 1.00 per second
[2025-06-18 11:18:40,719] alcaraz/INFO/locust.runners: All users spawned: {"WebsiteUser": 10} (10 total users)
[2025-06-18 11:18:59,641] alcaraz/INFO/locust.main: --run-time limit reached, shutting down
[2025-06-18 11:18:59,778] alcaraz/INFO/locust.main: Shutting down (exit code 0)
Type     Name                                                                          # reqs      # fails |    Avg     Min     Max    Med |   req/s  failures/s
--------|----------------------------------------------------------------------------|-------|-------------|-------|-------|-------|-------|--------|-----------
GET      /                                                                                 14     0(0.00%) |     89      34     279     82 |    0.51        0.00
GET      /cart                                                                              9     0(0.00%) |     34      31      37     34 |    0.33        0.00
POST     /cart                                                                              9     0(0.00%) |     78      56     136     72 |    0.33        0.00
POST     /cart/checkout                                                                     5     0(0.00%) |     43      40      45     44 |    0.18        0.00
GET      /product/0PUK6V6EV0                                                                1     0(0.00%) |     36      36      36     36 |    0.04        0.00
GET      /product/1YMWWN1N4O                                                                1     0(0.00%) |     33      33      33     33 |    0.04        0.00
GET      /product/2ZYFJ3GM2N                                                                5     0(0.00%) |     41      34      52     37 |    0.18        0.00
GET      /product/66VCHSJNUP                                                                2     0(0.00%) |     36      36      37     36 |    0.07        0.00
GET      /product/6E92ZMYYFZ                                                                4     0(0.00%) |     38      37      39     38 |    0.15        0.00
GET      /product/9SIQT8TOJO                                                                8     0(0.00%) |     37      32      54     36 |    0.29        0.00
GET      /product/L9ECAV7KIM                                                                3     0(0.00%) |     36      32      37     37 |    0.11        0.00
GET      /product/LS4PSXUNUM                                                                2     0(0.00%) |     37      37      37     37 |    0.07        0.00
GET      /product/OLJCESPC7Z                                                                5     0(0.00%) |     36      33      39     37 |    0.18        0.00
POST     /setCurrency                                                                       4     0(0.00%) |     59      53      71     54 |    0.15        0.00
--------|----------------------------------------------------------------------------|-------|-------------|-------|-------|-------|-------|--------|-----------
         Aggregated                                                                        72     0(0.00%) |     54      31     279     39 |    2.64        0.00

Response time percentiles (approximated)
Type     Name                                                                                  50%    66%    75%    80%    90%    95%    98%    99%  99.9% 99.99%   100% # reqs
--------|--------------------------------------------------------------------------------|--------|------|------|------|------|------|------|------|------|------|------|------
GET      /                                                                                      86     89     93     93     94    280    280    280    280    280    280     14
GET      /cart                                                                                  34     35     35     35     37     37     37     37     37     37     37      9
POST     /cart                                                                                  72     73     73     88    140    140    140    140    140    140    140      9
POST     /cart/checkout                                                                         44     45     45     46     46     46     46     46     46     46     46      5
GET      /product/0PUK6V6EV0                                                                    36     36     36     36     36     36     36     36     36     36     36      1
GET      /product/1YMWWN1N4O                                                                    33     33     33     33     33     33     33     33     33     33     33      1
GET      /product/2ZYFJ3GM2N                                                                    37     46     46     52     52     52     52     52     52     52     52      5
GET      /product/66VCHSJNUP                                                                    38     38     38     38     38     38     38     38     38     38     38      2
GET      /product/6E92ZMYYFZ                                                                    39     39     40     40     40     40     40     40     40     40     40      4
GET      /product/9SIQT8TOJO                                                                    37     37     37     37     55     55     55     55     55     55     55      8
GET      /product/L9ECAV7KIM                                                                    38     38     38     38     38     38     38     38     38     38     38      3
GET      /product/LS4PSXUNUM                                                                    38     38     38     38     38     38     38     38     38     38     38      2
GET      /product/OLJCESPC7Z                                                                    37     37     37     40     40     40     40     40     40     40     40      5
POST     /setCurrency                                                                           59     59     71     71     71     71     71     71     71     71     71      4
--------|--------------------------------------------------------------------------------|--------|------|------|------|------|------|------|------|------|------|------|------
         Aggregated                                                                             39     54     69     72     87     93    140    280    280    280    280     72

