[2025-06-18 11:41:12,791] alcaraz/INFO/locust.main: Starting Locust 2.33.2
[2025-06-18 11:41:12,793] alcaraz/INFO/locust.main: Run time limit set to 30 seconds
[2025-06-18 11:41:12,795] alcaraz/INFO/locust.runners: Ramping to 10 users at a rate of 1.00 per second
[2025-06-18 11:41:21,813] alcaraz/INFO/locust.runners: All users spawned: {"WebsiteUser": 10} (10 total users)
[2025-06-18 11:41:40,985] alcaraz/INFO/locust.main: --run-time limit reached, shutting down
[2025-06-18 11:41:41,140] alcaraz/INFO/locust.main: Shutting down (exit code 0)
Type     Name                                                                          # reqs      # fails |    Avg     Min     Max    Med |   req/s  failures/s
--------|----------------------------------------------------------------------------|-------|-------------|-------|-------|-------|-------|--------|-----------
GET      /                                                                                 15     0(0.00%) |     80      36     140     87 |    0.54        0.00
GET      /cart                                                                              4     0(0.00%) |     40      31      60     33 |    0.14        0.00
POST     /cart                                                                              7     0(0.00%) |     93      73     121     92 |    0.25        0.00
POST     /cart/checkout                                                                     2     0(0.00%) |     49      44      55     45 |    0.07        0.00
GET      /product/0PUK6V6EV0                                                                4     0(0.00%) |     37      34      40     36 |    0.14        0.00
GET      /product/1YMWWN1N4O                                                                3     0(0.00%) |     44      34      60     39 |    0.11        0.00
GET      /product/2ZYFJ3GM2N                                                                3     0(0.00%) |     37      36      39     37 |    0.11        0.00
GET      /product/66VCHSJNUP                                                                2     0(0.00%) |     36      34      37     35 |    0.07        0.00
GET      /product/6E92ZMYYFZ                                                                6     0(0.00%) |     36      31      41     35 |    0.21        0.00
GET      /product/9SIQT8TOJO                                                                3     0(0.00%) |     36      34      37     37 |    0.11        0.00
GET      /product/L9ECAV7KIM                                                                1     0(0.00%) |     35      35      35     35 |    0.04        0.00
GET      /product/LS4PSXUNUM                                                                4     0(0.00%) |     36      31      42     36 |    0.14        0.00
GET      /product/OLJCESPC7Z                                                                4     0(0.00%) |     40      33      53     35 |    0.14        0.00
POST     /setCurrency                                                                       7     0(0.00%) |     70      58      82     69 |    0.25        0.00
--------|----------------------------------------------------------------------------|-------|-------------|-------|-------|-------|-------|--------|-----------
         Aggregated                                                                        65     0(0.00%) |     57      31     140     41 |    2.32        0.00

Response time percentiles (approximated)
Type     Name                                                                                  50%    66%    75%    80%    90%    95%    98%    99%  99.9% 99.99%   100% # reqs
--------|--------------------------------------------------------------------------------|--------|------|------|------|------|------|------|------|------|------|------|------
GET      /                                                                                      87     90     98    120    120    140    140    140    140    140    140     15
GET      /cart                                                                                  38     38     61     61     61     61     61     61     61     61     61      4
POST     /cart                                                                                  92     99    110    110    120    120    120    120    120    120    120      7
POST     /cart/checkout                                                                         55     55     55     55     55     55     55     55     55     55     55      2
GET      /product/0PUK6V6EV0                                                                    37     37     41     41     41     41     41     41     41     41     41      4
GET      /product/1YMWWN1N4O                                                                    39     39     60     60     60     60     60     60     60     60     60      3
GET      /product/2ZYFJ3GM2N                                                                    37     37     39     39     39     39     39     39     39     39     39      3
GET      /product/66VCHSJNUP                                                                    38     38     38     38     38     38     38     38     38     38     38      2
GET      /product/6E92ZMYYFZ                                                                    37     37     38     38     41     41     41     41     41     41     41      6
GET      /product/9SIQT8TOJO                                                                    37     37     38     38     38     38     38     38     38     38     38      3
GET      /product/L9ECAV7KIM                                                                    35     35     35     35     35     35     35     35     35     35     35      1
GET      /product/LS4PSXUNUM                                                                    38     38     42     42     42     42     42     42     42     42     42      4
GET      /product/OLJCESPC7Z                                                                    39     39     54     54     54     54     54     54     54     54     54      4
POST     /setCurrency                                                                           69     76     79     79     83     83     83     83     83     83     83      7
--------|--------------------------------------------------------------------------------|--------|------|------|------|------|------|------|------|------|------|------|------
         Aggregated                                                                             41     61     78     87     98    120    120    140    140    140    140     65

