[2025-06-18 11:19:37,972] alcaraz/INFO/locust.main: Starting Locust 2.33.2
[2025-06-18 11:19:37,973] alcaraz/INFO/locust.main: Run time limit set to 30 seconds
[2025-06-18 11:19:37,975] alcaraz/INFO/locust.runners: Ramping to 10 users at a rate of 1.00 per second
[2025-06-18 11:19:46,987] alcaraz/INFO/locust.runners: All users spawned: {"WebsiteUser": 10} (10 total users)
[2025-06-18 11:20:06,629] alcaraz/INFO/locust.main: --run-time limit reached, shutting down
[2025-06-18 11:20:06,779] alcaraz/INFO/locust.main: Shutting down (exit code 0)
Type     Name                                                                          # reqs      # fails |    Avg     Min     Max    Med |   req/s  failures/s
--------|----------------------------------------------------------------------------|-------|-------------|-------|-------|-------|-------|--------|-----------
GET      /                                                                                 13     0(0.00%) |     86      46     186     82 |    0.46        0.00
GET      /cart                                                                              7     0(0.00%) |     33      30      37     34 |    0.25        0.00
POST     /cart                                                                              9     0(0.00%) |     97      68     179     77 |    0.32        0.00
POST     /cart/checkout                                                                     3     0(0.00%) |     49      44      56     46 |    0.11        0.00
GET      /product/0PUK6V6EV0                                                                2     0(0.00%) |     95      37     153     37 |    0.07        0.00
GET      /product/1YMWWN1N4O                                                                4     0(0.00%) |     40      33      49     36 |    0.14        0.00
GET      /product/2ZYFJ3GM2N                                                                3     0(0.00%) |     41      38      46     39 |    0.11        0.00
GET      /product/66VCHSJNUP                                                                4     0(0.00%) |     38      35      44     37 |    0.14        0.00
GET      /product/6E92ZMYYFZ                                                                4     0(0.00%) |     36      35      37     36 |    0.14        0.00
GET      /product/9SIQT8TOJO                                                                2     0(0.00%) |     35      34      35     35 |    0.07        0.00
GET      /product/L9ECAV7KIM                                                                7     0(0.00%) |     40      34      49     40 |    0.25        0.00
GET      /product/LS4PSXUNUM                                                                6     0(0.00%) |     35      32      38     36 |    0.21        0.00
GET      /product/OLJCESPC7Z                                                                3     0(0.00%) |     37      34      40     36 |    0.11        0.00
POST     /setCurrency                                                                       7     0(0.00%) |     69      53      75     72 |    0.25        0.00
--------|----------------------------------------------------------------------------|-------|-------------|-------|-------|-------|-------|--------|-----------
         Aggregated                                                                        74     0(0.00%) |     58      30     186     44 |    2.64        0.00

Response time percentiles (approximated)
Type     Name                                                                                  50%    66%    75%    80%    90%    95%    98%    99%  99.9% 99.99%   100% # reqs
--------|--------------------------------------------------------------------------------|--------|------|------|------|------|------|------|------|------|------|------|------
GET      /                                                                                      82     89     90     91    130    190    190    190    190    190    190     13
GET      /cart                                                                                  34     34     35     35     38     38     38     38     38     38     38      7
POST     /cart                                                                                  77     82     84    170    180    180    180    180    180    180    180      9
POST     /cart/checkout                                                                         46     46     56     56     56     56     56     56     56     56     56      3
GET      /product/0PUK6V6EV0                                                                   150    150    150    150    150    150    150    150    150    150    150      2
GET      /product/1YMWWN1N4O                                                                    44     44     49     49     49     49     49     49     49     49     49      4
GET      /product/2ZYFJ3GM2N                                                                    39     39     46     46     46     46     46     46     46     46     46      3
GET      /product/66VCHSJNUP                                                                    39     39     44     44     44     44     44     44     44     44     44      4
GET      /product/6E92ZMYYFZ                                                                    36     36     37     37     37     37     37     37     37     37     37      4
GET      /product/9SIQT8TOJO                                                                    35     35     35     35     35     35     35     35     35     35     35      2
GET      /product/L9ECAV7KIM                                                                    40     41     44     44     49     49     49     49     49     49     49      7
GET      /product/LS4PSXUNUM                                                                    36     36     37     37     38     38     38     38     38     38     38      6
GET      /product/OLJCESPC7Z                                                                    36     36     41     41     41     41     41     41     41     41     41      3
POST     /setCurrency                                                                           72     72     74     74     76     76     76     76     76     76     76      7
--------|--------------------------------------------------------------------------------|--------|------|------|------|------|------|------|------|------|------|------|------
         Aggregated                                                                             44     69     72     76     89    150    180    190    190    190    190     74

