[2025-06-18 11:20:11,420] alcaraz/INFO/locust.main: Starting Locust 2.33.2
[2025-06-18 11:20:11,421] alcaraz/INFO/locust.main: Run time limit set to 30 seconds
[2025-06-18 11:20:11,423] alcaraz/INFO/locust.runners: Ramping to 10 users at a rate of 1.00 per second
[2025-06-18 11:20:20,439] alcaraz/INFO/locust.runners: All users spawned: {"WebsiteUser": 10} (10 total users)
[2025-06-18 11:20:39,818] alcaraz/INFO/locust.main: --run-time limit reached, shutting down
[2025-06-18 11:20:39,949] alcaraz/INFO/locust.main: Shutting down (exit code 0)
Type     Name                                                                          # reqs      # fails |    Avg     Min     Max    Med |   req/s  failures/s
--------|----------------------------------------------------------------------------|-------|-------------|-------|-------|-------|-------|--------|-----------
GET      /                                                                                 14     0(0.00%) |     89      35     242     89 |    0.49        0.00
GET      /cart                                                                              6     0(0.00%) |     45      33      66     40 |    0.21        0.00
POST     /cart                                                                              6     0(0.00%) |     75      61      93     72 |    0.21        0.00
POST     /cart/checkout                                                                     1     0(0.00%) |     43      43      43     43 |    0.04        0.00
GET      /product/0PUK6V6EV0                                                                5     0(0.00%) |     62      36     136     51 |    0.18        0.00
GET      /product/1YMWWN1N4O                                                                6     0(0.00%) |     46      36      78     38 |    0.21        0.00
GET      /product/2ZYFJ3GM2N                                                                3     0(0.00%) |     44      37      51     43 |    0.11        0.00
GET      /product/66VCHSJNUP                                                                5     0(0.00%) |     55      32     130     37 |    0.18        0.00
GET      /product/6E92ZMYYFZ                                                                3     0(0.00%) |     35      33      37     35 |    0.11        0.00
GET      /product/9SIQT8TOJO                                                                1     0(0.00%) |     38      38      38     38 |    0.04        0.00
GET      /product/L9ECAV7KIM                                                                4     0(0.00%) |     41      36      57     37 |    0.14        0.00
GET      /product/LS4PSXUNUM                                                                4     0(0.00%) |     34      31      37     33 |    0.14        0.00
GET      /product/OLJCESPC7Z                                                                6     0(0.00%) |     59      33     158     38 |    0.21        0.00
POST     /setCurrency                                                                       4     0(0.00%) |     72      60      79     71 |    0.14        0.00
--------|----------------------------------------------------------------------------|-------|-------------|-------|-------|-------|-------|--------|-----------
         Aggregated                                                                        68     0(0.00%) |     60      31     242     44 |    2.38        0.00

Response time percentiles (approximated)
Type     Name                                                                                  50%    66%    75%    80%    90%    95%    98%    99%  99.9% 99.99%   100% # reqs
--------|--------------------------------------------------------------------------------|--------|------|------|------|------|------|------|------|------|------|------|------
GET      /                                                                                      90     94     95    100    100    240    240    240    240    240    240     14
GET      /cart                                                                                  43     43     55     55     67     67     67     67     67     67     67      6
POST     /cart                                                                                  81     81     83     83     93     93     93     93     93     93     93      6
POST     /cart/checkout                                                                         44     44     44     44     44     44     44     44     44     44     44      1
GET      /product/0PUK6V6EV0                                                                    51     51     51    140    140    140    140    140    140    140    140      5
GET      /product/1YMWWN1N4O                                                                    43     43     44     44     78     78     78     78     78     78     78      6
GET      /product/2ZYFJ3GM2N                                                                    43     43     51     51     51     51     51     51     51     51     51      3
GET      /product/66VCHSJNUP                                                                    37     42     42    130    130    130    130    130    130    130    130      5
GET      /product/6E92ZMYYFZ                                                                    35     35     38     38     38     38     38     38     38     38     38      3
GET      /product/9SIQT8TOJO                                                                    38     38     38     38     38     38     38     38     38     38     38      1
GET      /product/L9ECAV7KIM                                                                    37     37     57     57     57     57     57     57     57     57     57      4
GET      /product/LS4PSXUNUM                                                                    35     35     37     37     37     37     37     37     37     37     37      4
GET      /product/OLJCESPC7Z                                                                    38     38     52     52    160    160    160    160    160    160    160      6
POST     /setCurrency                                                                           78     78     80     80     80     80     80     80     80     80     80      4
--------|--------------------------------------------------------------------------------|--------|------|------|------|------|------|------|------|------|------|------|------
         Aggregated                                                                             44     61     80     83     95    130    160    240    240    240    240     68

