[2025-06-18 11:20:43,845] alcaraz/INFO/locust.main: Starting Locust 2.33.2
[2025-06-18 11:20:43,846] alcaraz/INFO/locust.main: Run time limit set to 30 seconds
[2025-06-18 11:20:43,848] alcaraz/INFO/locust.runners: Ramping to 10 users at a rate of 1.00 per second
[2025-06-18 11:20:52,860] alcaraz/INFO/locust.runners: All users spawned: {"WebsiteUser": 10} (10 total users)
[2025-06-18 11:21:12,528] alcaraz/INFO/locust.main: --run-time limit reached, shutting down
[2025-06-18 11:21:12,691] alcaraz/INFO/locust.main: Shutting down (exit code 0)
Type     Name                                                                          # reqs      # fails |    Avg     Min     Max    Med |   req/s  failures/s
--------|----------------------------------------------------------------------------|-------|-------------|-------|-------|-------|-------|--------|-----------
GET      /                                                                                 11     0(0.00%) |     85      42     117     88 |    0.38        0.00
GET      /cart                                                                              5     0(0.00%) |     64      34     182     36 |    0.17        0.00
POST     /cart                                                                              4     0(0.00%) |     91      57     128     58 |    0.14        0.00
POST     /cart/checkout                                                                     2     0(0.00%) |    108      42     174     43 |    0.07        0.00
GET      /product/0PUK6V6EV0                                                                4     0(0.00%) |     37      35      39     36 |    0.14        0.00
GET      /product/1YMWWN1N4O                                                                1     0(0.00%) |    156     156     156    156 |    0.03        0.00
GET      /product/2ZYFJ3GM2N                                                                4     0(0.00%) |     35      32      37     36 |    0.14        0.00
GET      /product/66VCHSJNUP                                                                5     0(0.00%) |     36      31      39     38 |    0.17        0.00
GET      /product/6E92ZMYYFZ                                                                6     0(0.00%) |     61      34     166     37 |    0.21        0.00
GET      /product/9SIQT8TOJO                                                                4     0(0.00%) |     38      32      50     34 |    0.14        0.00
GET      /product/L9ECAV7KIM                                                                3     0(0.00%) |     51      38      74     42 |    0.10        0.00
GET      /product/LS4PSXUNUM                                                                5     0(0.00%) |     50      35      99     38 |    0.17        0.00
GET      /product/OLJCESPC7Z                                                                5     0(0.00%) |     62      34     164     39 |    0.17        0.00
POST     /setCurrency                                                                       8     0(0.00%) |     63      55      78     60 |    0.28        0.00
--------|----------------------------------------------------------------------------|-------|-------------|-------|-------|-------|-------|--------|-----------
         Aggregated                                                                        67     0(0.00%) |     63      31     182     42 |    2.32        0.00

Response time percentiles (approximated)
Type     Name                                                                                  50%    66%    75%    80%    90%    95%    98%    99%  99.9% 99.99%   100% # reqs
--------|--------------------------------------------------------------------------------|--------|------|------|------|------|------|------|------|------|------|------|------
GET      /                                                                                      88     91     95     95    100    120    120    120    120    120    120     11
GET      /cart                                                                                  36     37     37    180    180    180    180    180    180    180    180      5
POST     /cart                                                                                 120    120    130    130    130    130    130    130    130    130    130      4
POST     /cart/checkout                                                                        170    170    170    170    170    170    170    170    170    170    170      2
GET      /product/0PUK6V6EV0                                                                    38     38     39     39     39     39     39     39     39     39     39      4
GET      /product/1YMWWN1N4O                                                                   160    160    160    160    160    160    160    160    160    160    160      1
GET      /product/2ZYFJ3GM2N                                                                    36     36     38     38     38     38     38     38     38     38     38      4
GET      /product/66VCHSJNUP                                                                    38     39     39     39     39     39     39     39     39     39     39      5
GET      /product/6E92ZMYYFZ                                                                    38     38     58     58    170    170    170    170    170    170    170      6
GET      /product/9SIQT8TOJO                                                                    38     38     50     50     50     50     50     50     50     50     50      4
GET      /product/L9ECAV7KIM                                                                    42     42     74     74     74     74     74     74     74     74     74      3
GET      /product/LS4PSXUNUM                                                                    38     40     40    100    100    100    100    100    100    100    100      5
GET      /product/OLJCESPC7Z                                                                    39     40     40    160    160    160    160    160    160    160    160      5
POST     /setCurrency                                                                           64     67     68     68     79     79     79     79     79     79     79      8
--------|--------------------------------------------------------------------------------|--------|------|------|------|------|------|------|------|------|------|------|------
         Aggregated                                                                             42     64     79     88    120    160    170    180    180    180    180     67

