Running 20s test @ http://localhost:8080/wrk2-api/review/compose
  2 threads and 2 connections

  Thread calibration: mean lat.: 57.155ms, rate sampling interval: 274ms
  Thread calibration: mean lat.: 66.858ms, rate sampling interval: 357ms

-----------------------------------------------------------------------
Test Results @ http://localhost:8080/wrk2-api/review/compose 
  Thread Stats   Avg      Stdev     99%   +/- Stdev
    Latency    28.15ms    7.59ms  45.02ms   95.10%
    Req/Sec     4.78      4.60    14.00     92.06%
  Latency Distribution (HdrHistogram - Recorded Latency)
 50.000%   26.61ms
 75.000%   28.86ms
 90.000%   33.47ms
 99.000%   45.02ms
 99.900%   93.38ms
 99.990%   93.38ms
 99.999%   93.38ms
100.000%   93.38ms

  Detailed Percentile spectrum:
       Value   Percentile   TotalCount 1/(1-Percentile)

      21.615     0.000000            1         1.00
      23.551     0.100000           11         1.11
      24.767     0.200000           21         1.25
      25.231     0.300000           31         1.43
      25.743     0.400000           41         1.67
      26.607     0.500000           51         2.00
      27.103     0.550000           58         2.22
      27.327     0.600000           62         2.50
      28.047     0.650000           67         2.86
      28.495     0.700000           73         3.33
      28.863     0.750000           78         4.00
      29.551     0.775000           80         4.44
      29.711     0.800000           82         5.00
      30.399     0.825000           85         5.71
      30.863     0.850000           87         6.67
      32.559     0.875000           90         8.00
      32.895     0.887500           91         8.89
      33.471     0.900000           92        10.00
      34.463     0.912500           94        11.43
      34.911     0.925000           95        13.33
      35.423     0.937500           96        16.00
      35.583     0.943750           97        17.78
      35.583     0.950000           97        20.00
      36.319     0.956250           98        22.86
      38.559     0.962500           99        26.67
      38.559     0.968750           99        32.00
      40.287     0.971875          100        35.56
      40.287     0.975000          100        40.00
      40.287     0.978125          100        45.71
      45.023     0.981250          101        53.33
      45.023     0.984375          101        64.00
      45.023     0.985938          101        71.11
      45.023     0.987500          101        80.00
      45.023     0.989062          101        91.43
      93.375     0.990625          102       106.67
      93.375     1.000000          102          inf
#[Mean    =       28.152, StdDeviation   =        7.594]
#[Max     =       93.312, Total count    =          102]
#[Buckets =           27, SubBuckets     =         2048]
-----------------------------------------------------------------------
  219 requests in 20.00s, 39.35KB read
Requests/sec:     10.95  
Transfer/sec:      1.97KB
