Running 20s test @ http://localhost:8080/wrk2-api/review/compose
  2 threads and 2 connections

  Thread calibration: mean lat.: 27.037ms, rate sampling interval: 59ms
  Thread calibration: mean lat.: 27.101ms, rate sampling interval: 60ms

-----------------------------------------------------------------------
Test Results @ http://localhost:8080/wrk2-api/review/compose 
  Thread Stats   Avg      Stdev     99%   +/- Stdev
    Latency    27.08ms    3.32ms  39.42ms   82.35%
    Req/Sec     4.93      9.71    34.00     75.75%
  Latency Distribution (HdrHistogram - Recorded Latency)
 50.000%   26.17ms
 75.000%   28.05ms
 90.000%   31.74ms
 99.000%   39.42ms
 99.900%   43.62ms
 99.990%   43.62ms
 99.999%   43.62ms
100.000%   43.62ms

  Detailed Percentile spectrum:
       Value   Percentile   TotalCount 1/(1-Percentile)

      22.479     0.000000            1         1.00
      24.191     0.100000           11         1.11
      24.831     0.200000           21         1.25
      25.343     0.300000           31         1.43
      25.679     0.400000           41         1.67
      26.175     0.500000           52         2.00
      26.559     0.550000           58         2.22
      26.831     0.600000           62         2.50
      27.199     0.650000           67         2.86
      27.551     0.700000           72         3.33
      28.047     0.750000           78         4.00
      28.207     0.775000           80         4.44
      28.559     0.800000           82         5.00
      28.927     0.825000           85         5.71
      29.135     0.850000           87         6.67
      30.575     0.875000           90         8.00
      31.711     0.887500           91         8.89
      31.743     0.900000           92        10.00
      32.287     0.912500           94        11.43
      32.751     0.925000           95        13.33
      33.151     0.937500           96        16.00
      33.663     0.943750           97        17.78
      33.663     0.950000           97        20.00
      34.047     0.956250           98        22.86
      34.239     0.962500           99        26.67
      34.239     0.968750           99        32.00
      34.911     0.971875          100        35.56
      34.911     0.975000          100        40.00
      34.911     0.978125          100        45.71
      39.423     0.981250          101        53.33
      39.423     0.984375          101        64.00
      39.423     0.985938          101        71.11
      39.423     0.987500          101        80.00
      39.423     0.989062          101        91.43
      43.615     0.990625          102       106.67
      43.615     1.000000          102          inf
#[Mean    =       27.078, StdDeviation   =        3.318]
#[Max     =       43.584, Total count    =          102]
#[Buckets =           27, SubBuckets     =         2048]
-----------------------------------------------------------------------
  219 requests in 20.00s, 39.35KB read
Requests/sec:     10.95  
Transfer/sec:      1.97KB
