Running 20s test @ http://localhost:8080/wrk2-api/review/compose
  2 threads and 2 connections

  Thread calibration: mean lat.: 28.370ms, rate sampling interval: 68ms
  Thread calibration: mean lat.: 28.250ms, rate sampling interval: 66ms

-----------------------------------------------------------------------
Test Results @ http://localhost:8080/wrk2-api/review/compose 
  Thread Stats   Avg      Stdev     99%   +/- Stdev
    Latency    28.09ms    4.26ms  43.10ms   87.25%
    Req/Sec     5.00      8.85    30.00     83.50%
  Latency Distribution (HdrHistogram - Recorded Latency)
 50.000%   27.15ms
 75.000%   29.20ms
 90.000%   31.90ms
 99.000%   43.10ms
 99.900%   48.64ms
 99.990%   48.64ms
 99.999%   48.64ms
100.000%   48.64ms

  Detailed Percentile spectrum:
       Value   Percentile   TotalCount 1/(1-Percentile)

      22.319     0.000000            1         1.00
      24.543     0.100000           12         1.11
      25.263     0.200000           21         1.25
      25.567     0.300000           31         1.43
      26.255     0.400000           41         1.67
      27.151     0.500000           51         2.00
      27.439     0.550000           57         2.22
      27.919     0.600000           62         2.50
      28.239     0.650000           67         2.86
      28.655     0.700000           72         3.33
      29.199     0.750000           77         4.00
      29.647     0.775000           80         4.44
      30.175     0.800000           82         5.00
      30.943     0.825000           85         5.71
      31.391     0.850000           87         6.67
      31.727     0.875000           90         8.00
      31.823     0.887500           91         8.89
      31.903     0.900000           92        10.00
      33.215     0.912500           95        11.43
      33.215     0.925000           95        13.33
      35.487     0.937500           96        16.00
      37.311     0.943750           97        17.78
      37.311     0.950000           97        20.00
      37.663     0.956250           98        22.86
      38.559     0.962500           99        26.67
      38.559     0.968750           99        32.00
      42.207     0.971875          100        35.56
      42.207     0.975000          100        40.00
      42.207     0.978125          100        45.71
      43.103     0.981250          101        53.33
      43.103     0.984375          101        64.00
      43.103     0.985938          101        71.11
      43.103     0.987500          101        80.00
      43.103     0.989062          101        91.43
      48.639     0.990625          102       106.67
      48.639     1.000000          102          inf
#[Mean    =       28.085, StdDeviation   =        4.256]
#[Max     =       48.608, Total count    =          102]
#[Buckets =           27, SubBuckets     =         2048]
-----------------------------------------------------------------------
  219 requests in 20.02s, 39.35KB read
Requests/sec:     10.94  
Transfer/sec:      1.97KB
