Running 20s test @ http://localhost:8080/wrk2-api/review/compose
  2 threads and 2 connections

  Thread calibration: mean lat.: 27.220ms, rate sampling interval: 61ms
  Thread calibration: mean lat.: 27.033ms, rate sampling interval: 60ms

-----------------------------------------------------------------------
Test Results @ http://localhost:8080/wrk2-api/review/compose 
  Thread Stats   Avg      Stdev     99%   +/- Stdev
    Latency    27.07ms    3.00ms  36.29ms   75.49%
    Req/Sec     5.00      9.51    33.00     74.47%
  Latency Distribution (HdrHistogram - Recorded Latency)
 50.000%   26.32ms
 75.000%   28.21ms
 90.000%   30.86ms
 99.000%   36.29ms
 99.900%   37.73ms
 99.990%   37.73ms
 99.999%   37.73ms
100.000%   37.73ms

  Detailed Percentile spectrum:
       Value   Percentile   TotalCount 1/(1-Percentile)

      22.543     0.000000            1         1.00
      24.031     0.100000           12         1.11
      24.847     0.200000           21         1.25
      25.535     0.300000           31         1.43
      25.919     0.400000           41         1.67
      26.319     0.500000           51         2.00
      26.623     0.550000           57         2.22
      26.879     0.600000           62         2.50
      27.087     0.650000           67         2.86
      27.903     0.700000           72         3.33
      28.207     0.750000           78         4.00
      28.495     0.775000           80         4.44
      28.847     0.800000           82         5.00
      29.215     0.825000           85         5.71
      29.407     0.850000           87         6.67
      30.287     0.875000           90         8.00
      30.735     0.887500           91         8.89
      30.863     0.900000           92        10.00
      32.143     0.912500           94        11.43
      32.735     0.925000           95        13.33
      33.247     0.937500           97        16.00
      33.247     0.943750           97        17.78
      33.247     0.950000           97        20.00
      34.207     0.956250           98        22.86
      35.519     0.962500           99        26.67
      35.519     0.968750           99        32.00
      35.647     0.971875          100        35.56
      35.647     0.975000          100        40.00
      35.647     0.978125          100        45.71
      36.287     0.981250          101        53.33
      36.287     0.984375          101        64.00
      36.287     0.985938          101        71.11
      36.287     0.987500          101        80.00
      36.287     0.989062          101        91.43
      37.727     0.990625          102       106.67
      37.727     1.000000          102          inf
#[Mean    =       27.069, StdDeviation   =        3.001]
#[Max     =       37.696, Total count    =          102]
#[Buckets =           27, SubBuckets     =         2048]
-----------------------------------------------------------------------
  219 requests in 20.00s, 39.35KB read
Requests/sec:     10.95  
Transfer/sec:      1.97KB
