Running 20s test @ http://localhost:8080/wrk2-api/review/compose
  2 threads and 2 connections

  Thread calibration: mean lat.: 27.033ms, rate sampling interval: 61ms
  Thread calibration: mean lat.: 27.291ms, rate sampling interval: 60ms

-----------------------------------------------------------------------
Test Results @ http://localhost:8080/wrk2-api/review/compose 
  Thread Stats   Avg      Stdev     99%   +/- Stdev
    Latency    27.17ms    5.16ms  50.14ms   92.16%
    Req/Sec     4.99      9.38    33.00     74.47%
  Latency Distribution (HdrHistogram - Recorded Latency)
 50.000%   25.97ms
 75.000%   27.66ms
 90.000%   30.09ms
 99.000%   50.14ms
 99.900%   63.36ms
 99.990%   63.36ms
 99.999%   63.36ms
100.000%   63.36ms

  Detailed Percentile spectrum:
       Value   Percentile   TotalCount 1/(1-Percentile)

      20.927     0.000000            1         1.00
      23.839     0.100000           11         1.11
      24.943     0.200000           21         1.25
      25.295     0.300000           31         1.43
      25.583     0.400000           41         1.67
      25.967     0.500000           51         2.00
      26.207     0.550000           57         2.22
      26.463     0.600000           62         2.50
      26.655     0.650000           67         2.86
      27.151     0.700000           73         3.33
      27.663     0.750000           77         4.00
      28.191     0.775000           81         4.44
      28.239     0.800000           82         5.00
      28.495     0.825000           85         5.71
      29.039     0.850000           87         6.67
      29.967     0.875000           91         8.00
      29.967     0.887500           91         8.89
      30.095     0.900000           92        10.00
      31.151     0.912500           94        11.43
      31.247     0.925000           95        13.33
      31.551     0.937500           96        16.00
      33.119     0.943750           97        17.78
      33.119     0.950000           97        20.00
      34.079     0.956250           98        22.86
      37.439     0.962500           99        26.67
      37.439     0.968750           99        32.00
      41.599     0.971875          100        35.56
      41.599     0.975000          100        40.00
      41.599     0.978125          100        45.71
      50.143     0.981250          101        53.33
      50.143     0.984375          101        64.00
      50.143     0.985938          101        71.11
      50.143     0.987500          101        80.00
      50.143     0.989062          101        91.43
      63.359     0.990625          102       106.67
      63.359     1.000000          102          inf
#[Mean    =       27.172, StdDeviation   =        5.159]
#[Max     =       63.328, Total count    =          102]
#[Buckets =           27, SubBuckets     =         2048]
-----------------------------------------------------------------------
  219 requests in 20.00s, 39.35KB read
Requests/sec:     10.95  
Transfer/sec:      1.97KB
