Running 20s test @ http://localhost:8080/wrk2-api/review/compose
  2 threads and 2 connections

  Thread calibration: mean lat.: 29.434ms, rate sampling interval: 66ms
  Thread calibration: mean lat.: 31.322ms, rate sampling interval: 82ms

-----------------------------------------------------------------------
Test Results @ http://localhost:8080/wrk2-api/review/compose 
  Thread Stats   Avg      Stdev     99%   +/- Stdev
    Latency    37.72ms   30.57ms 107.84ms   90.20%
    Req/Sec     5.08      8.87    30.00     80.51%
  Latency Distribution (HdrHistogram - Recorded Latency)
 50.000%   27.42ms
 75.000%   37.50ms
 90.000%   68.10ms
 99.000%  107.84ms
 99.900%  285.18ms
 99.990%  285.18ms
 99.999%  285.18ms
100.000%  285.18ms

  Detailed Percentile spectrum:
       Value   Percentile   TotalCount 1/(1-Percentile)

      21.695     0.000000            1         1.00
      23.519     0.100000           11         1.11
      24.463     0.200000           21         1.25
      25.775     0.300000           31         1.43
      26.367     0.400000           41         1.67
      27.423     0.500000           51         2.00
      28.431     0.550000           57         2.22
      29.007     0.600000           62         2.50
      30.063     0.650000           67         2.86
      35.519     0.700000           72         3.33
      37.503     0.750000           77         4.00
      40.191     0.775000           80         4.44
      41.823     0.800000           82         5.00
      45.759     0.825000           85         5.71
      47.967     0.850000           87         6.67
      58.719     0.875000           90         8.00
      60.703     0.887500           91         8.89
      68.095     0.900000           92        10.00
      71.103     0.912500           94        11.43
      73.407     0.925000           95        13.33
      78.527     0.937500           96        16.00
      80.511     0.943750           97        17.78
      80.511     0.950000           97        20.00
      93.183     0.956250           98        22.86
      94.911     0.962500           99        26.67
      94.911     0.968750           99        32.00
      96.319     0.971875          100        35.56
      96.319     0.975000          100        40.00
      96.319     0.978125          100        45.71
     107.839     0.981250          101        53.33
     107.839     0.984375          101        64.00
     107.839     0.985938          101        71.11
     107.839     0.987500          101        80.00
     107.839     0.989062          101        91.43
     285.183     0.990625          102       106.67
     285.183     1.000000          102          inf
#[Mean    =       37.723, StdDeviation   =       30.574]
#[Max     =      284.928, Total count    =          102]
#[Buckets =           27, SubBuckets     =         2048]
-----------------------------------------------------------------------
  219 requests in 20.00s, 39.35KB read
Requests/sec:     10.95  
Transfer/sec:      1.97KB
