Running 20s test @ http://localhost:8080/wrk2-api/review/compose
  2 threads and 2 connections

  Thread calibration: mean lat.: 27.560ms, rate sampling interval: 63ms
  Thread calibration: mean lat.: 27.632ms, rate sampling interval: 59ms

-----------------------------------------------------------------------
Test Results @ http://localhost:8080/wrk2-api/review/compose 
  Thread Stats   Avg      Stdev     99%   +/- Stdev
    Latency    27.90ms    3.59ms  38.01ms   82.35%
    Req/Sec     4.96      9.50    34.00     80.92%
  Latency Distribution (HdrHistogram - Recorded Latency)
 50.000%   27.50ms
 75.000%   29.38ms
 90.000%   31.23ms
 99.000%   38.01ms
 99.900%   50.17ms
 99.990%   50.17ms
 99.999%   50.17ms
100.000%   50.17ms

  Detailed Percentile spectrum:
       Value   Percentile   TotalCount 1/(1-Percentile)

      22.559     0.000000            1         1.00
      24.511     0.100000           11         1.11
      25.199     0.200000           21         1.25
      26.239     0.300000           31         1.43
      26.815     0.400000           41         1.67
      27.503     0.500000           51         2.00
      27.743     0.550000           58         2.22
      27.935     0.600000           62         2.50
      28.319     0.650000           68         2.86
      28.927     0.700000           72         3.33
      29.375     0.750000           77         4.00
      29.663     0.775000           82         4.44
      29.663     0.800000           82         5.00
      30.095     0.825000           85         5.71
      30.255     0.850000           87         6.67
      30.591     0.875000           90         8.00
      31.087     0.887500           91         8.89
      31.231     0.900000           92        10.00
      32.223     0.912500           94        11.43
      32.735     0.925000           95        13.33
      32.863     0.937500           96        16.00
      33.823     0.943750           97        17.78
      33.823     0.950000           97        20.00
      34.303     0.956250           98        22.86
      34.559     0.962500           99        26.67
      34.559     0.968750           99        32.00
      36.095     0.971875          100        35.56
      36.095     0.975000          100        40.00
      36.095     0.978125          100        45.71
      38.015     0.981250          101        53.33
      38.015     0.984375          101        64.00
      38.015     0.985938          101        71.11
      38.015     0.987500          101        80.00
      38.015     0.989062          101        91.43
      50.175     0.990625          102       106.67
      50.175     1.000000          102          inf
#[Mean    =       27.900, StdDeviation   =        3.586]
#[Max     =       50.144, Total count    =          102]
#[Buckets =           27, SubBuckets     =         2048]
-----------------------------------------------------------------------
  219 requests in 20.00s, 39.35KB read
Requests/sec:     10.95  
Transfer/sec:      1.97KB
