Running 20s test @ http://localhost:8080/wrk2-api/review/compose
  2 threads and 2 connections

  Thread calibration: mean lat.: 32.449ms, rate sampling interval: 84ms
  Thread calibration: mean lat.: 30.117ms, rate sampling interval: 72ms

-----------------------------------------------------------------------
Test Results @ http://localhost:8080/wrk2-api/review/compose 
  Thread Stats   Avg      Stdev     99%   +/- Stdev
    Latency    27.02ms    3.06ms  37.06ms   76.47%
    Req/Sec     4.94      8.45    41.00     93.36%
  Latency Distribution (HdrHistogram - Recorded Latency)
 50.000%   26.42ms
 75.000%   28.38ms
 90.000%   30.14ms
 99.000%   37.06ms
 99.900%   40.13ms
 99.990%   40.13ms
 99.999%   40.13ms
100.000%   40.13ms

  Detailed Percentile spectrum:
       Value   Percentile   TotalCount 1/(1-Percentile)

      21.967     0.000000            1         1.00
      23.567     0.100000           11         1.11
      24.815     0.200000           21         1.25
      25.423     0.300000           31         1.43
      25.839     0.400000           41         1.67
      26.415     0.500000           52         2.00
      26.879     0.550000           57         2.22
      27.311     0.600000           62         2.50
      27.535     0.650000           67         2.86
      28.015     0.700000           73         3.33
      28.383     0.750000           77         4.00
      28.799     0.775000           80         4.44
      29.007     0.800000           83         5.00
      29.199     0.825000           85         5.71
      29.471     0.850000           87         6.67
      29.759     0.875000           90         8.00
      29.983     0.887500           91         8.89
      30.143     0.900000           92        10.00
      30.559     0.912500           95        11.43
      30.559     0.925000           95        13.33
      31.279     0.937500           96        16.00
      33.407     0.943750           97        17.78
      33.407     0.950000           97        20.00
      33.919     0.956250           98        22.86
      34.655     0.962500           99        26.67
      34.655     0.968750           99        32.00
      36.031     0.971875          100        35.56
      36.031     0.975000          100        40.00
      36.031     0.978125          100        45.71
      37.055     0.981250          101        53.33
      37.055     0.984375          101        64.00
      37.055     0.985938          101        71.11
      37.055     0.987500          101        80.00
      37.055     0.989062          101        91.43
      40.127     0.990625          102       106.67
      40.127     1.000000          102          inf
#[Mean    =       27.021, StdDeviation   =        3.062]
#[Max     =       40.096, Total count    =          102]
#[Buckets =           27, SubBuckets     =         2048]
-----------------------------------------------------------------------
  219 requests in 20.00s, 39.35KB read
Requests/sec:     10.95  
Transfer/sec:      1.97KB
