Running 20s test @ http://localhost:8080/wrk2-api/review/compose
  2 threads and 2 connections

  Thread calibration: mean lat.: 27.948ms, rate sampling interval: 60ms
  Thread calibration: mean lat.: 29.161ms, rate sampling interval: 65ms

-----------------------------------------------------------------------
Test Results @ http://localhost:8080/wrk2-api/review/compose 
  Thread Stats   Avg      Stdev     99%   +/- Stdev
    Latency    29.10ms    5.00ms  44.51ms   88.24%
    Req/Sec     5.04      9.50    33.00     84.91%
  Latency Distribution (HdrHistogram - Recorded Latency)
 50.000%   27.39ms
 75.000%   30.09ms
 90.000%   34.11ms
 99.000%   44.51ms
 99.900%   59.62ms
 99.990%   59.62ms
 99.999%   59.62ms
100.000%   59.62ms

  Detailed Percentile spectrum:
       Value   Percentile   TotalCount 1/(1-Percentile)

      23.679     0.000000            1         1.00
      25.359     0.100000           11         1.11
      25.823     0.200000           21         1.25
      26.399     0.300000           31         1.43
      26.863     0.400000           42         1.67
      27.391     0.500000           51         2.00
      27.839     0.550000           57         2.22
      28.719     0.600000           62         2.50
      29.167     0.650000           68         2.86
      29.535     0.700000           72         3.33
      30.095     0.750000           77         4.00
      31.023     0.775000           80         4.44
      31.343     0.800000           82         5.00
      31.903     0.825000           85         5.71
      32.559     0.850000           87         6.67
      33.151     0.875000           90         8.00
      33.535     0.887500           91         8.89
      34.111     0.900000           92        10.00
      34.943     0.912500           94        11.43
      36.543     0.925000           95        13.33
      37.663     0.937500           96        16.00
      38.175     0.943750           97        17.78
      38.175     0.950000           97        20.00
      40.351     0.956250           98        22.86
      40.703     0.962500           99        26.67
      40.703     0.968750           99        32.00
      42.271     0.971875          100        35.56
      42.271     0.975000          100        40.00
      42.271     0.978125          100        45.71
      44.511     0.981250          101        53.33
      44.511     0.984375          101        64.00
      44.511     0.985938          101        71.11
      44.511     0.987500          101        80.00
      44.511     0.989062          101        91.43
      59.615     0.990625          102       106.67
      59.615     1.000000          102          inf
#[Mean    =       29.103, StdDeviation   =        5.000]
#[Max     =       59.584, Total count    =          102]
#[Buckets =           27, SubBuckets     =         2048]
-----------------------------------------------------------------------
  219 requests in 20.00s, 39.35KB read
Requests/sec:     10.95  
Transfer/sec:      1.97KB
