Running 20s test @ http://localhost:8080/wrk2-api/review/compose
  2 threads and 2 connections

  Thread calibration: mean lat.: 26.623ms, rate sampling interval: 61ms
  Thread calibration: mean lat.: 28.644ms, rate sampling interval: 59ms

-----------------------------------------------------------------------
Test Results @ http://localhost:8080/wrk2-api/review/compose 
  Thread Stats   Avg      Stdev     99%   +/- Stdev
    Latency    28.17ms    6.79ms  40.00ms   94.12%
    Req/Sec     5.01      9.87    34.00     75.90%
  Latency Distribution (HdrHistogram - Recorded Latency)
 50.000%   26.98ms
 75.000%   28.42ms
 90.000%   31.97ms
 99.000%   40.00ms
 99.900%   87.74ms
 99.990%   87.74ms
 99.999%   87.74ms
100.000%   87.74ms

  Detailed Percentile spectrum:
       Value   Percentile   TotalCount 1/(1-Percentile)

      22.415     0.000000            1         1.00
      24.319     0.100000           13         1.11
      25.327     0.200000           21         1.25
      25.887     0.300000           31         1.43
      26.335     0.400000           41         1.67
      26.975     0.500000           51         2.00
      27.183     0.550000           57         2.22
      27.631     0.600000           63         2.50
      27.951     0.650000           67         2.86
      28.271     0.700000           72         3.33
      28.415     0.750000           77         4.00
      28.591     0.775000           80         4.44
      28.799     0.800000           82         5.00
      29.647     0.825000           85         5.71
      30.655     0.850000           87         6.67
      31.471     0.875000           90         8.00
      31.775     0.887500           91         8.89
      31.967     0.900000           92        10.00
      32.255     0.912500           94        11.43
      32.543     0.925000           95        13.33
      34.943     0.937500           96        16.00
      36.959     0.943750           97        17.78
      36.959     0.950000           97        20.00
      37.247     0.956250           98        22.86
      38.495     0.962500           99        26.67
      38.495     0.968750           99        32.00
      38.527     0.971875          100        35.56
      38.527     0.975000          100        40.00
      38.527     0.978125          100        45.71
      39.999     0.981250          101        53.33
      39.999     0.984375          101        64.00
      39.999     0.985938          101        71.11
      39.999     0.987500          101        80.00
      39.999     0.989062          101        91.43
      87.743     0.990625          102       106.67
      87.743     1.000000          102          inf
#[Mean    =       28.172, StdDeviation   =        6.789]
#[Max     =       87.680, Total count    =          102]
#[Buckets =           27, SubBuckets     =         2048]
-----------------------------------------------------------------------
  219 requests in 20.00s, 39.35KB read
Requests/sec:     10.95  
Transfer/sec:      1.97KB
