Running 20s test @ http://localhost:8080/wrk2-api/review/compose
  2 threads and 2 connections

  Thread calibration: mean lat.: 32.865ms, rate sampling interval: 76ms
  Thread calibration: mean lat.: 33.919ms, rate sampling interval: 90ms

-----------------------------------------------------------------------
Test Results @ http://localhost:8080/wrk2-api/review/compose 
  Thread Stats   Avg      Stdev     99%   +/- Stdev
    Latency    31.78ms    4.85ms  46.43ms   70.59%
    Req/Sec     5.02      8.22    33.00     92.53%
  Latency Distribution (HdrHistogram - Recorded Latency)
 50.000%   30.54ms
 75.000%   35.20ms
 90.000%   38.94ms
 99.000%   46.43ms
 99.900%   46.46ms
 99.990%   46.46ms
 99.999%   46.46ms
100.000%   46.46ms

  Detailed Percentile spectrum:
       Value   Percentile   TotalCount 1/(1-Percentile)

      23.887     0.000000            1         1.00
      26.703     0.100000           11         1.11
      27.727     0.200000           21         1.25
      28.511     0.300000           31         1.43
      29.391     0.400000           41         1.67
      30.543     0.500000           51         2.00
      30.895     0.550000           57         2.22
      31.567     0.600000           63         2.50
      32.863     0.650000           67         2.86
      33.407     0.700000           72         3.33
      35.199     0.750000           77         4.00
      36.063     0.775000           80         4.44
      36.255     0.800000           82         5.00
      37.055     0.825000           85         5.71
      37.151     0.850000           87         6.67
      38.751     0.875000           90         8.00
      38.847     0.887500           91         8.89
      38.943     0.900000           92        10.00
      39.679     0.912500           94        11.43
      40.095     0.925000           96        13.33
      40.095     0.937500           96        16.00
      40.543     0.943750           97        17.78
      40.543     0.950000           97        20.00
      40.671     0.956250           98        22.86
      41.343     0.962500           99        26.67
      41.343     0.968750           99        32.00
      42.975     0.971875          100        35.56
      42.975     0.975000          100        40.00
      42.975     0.978125          100        45.71
      46.431     0.981250          101        53.33
      46.431     0.984375          101        64.00
      46.431     0.985938          101        71.11
      46.431     0.987500          101        80.00
      46.431     0.989062          101        91.43
      46.463     0.990625          102       106.67
      46.463     1.000000          102          inf
#[Mean    =       31.785, StdDeviation   =        4.853]
#[Max     =       46.432, Total count    =          102]
#[Buckets =           27, SubBuckets     =         2048]
-----------------------------------------------------------------------
  219 requests in 20.00s, 39.35KB read
Requests/sec:     10.95  
Transfer/sec:      1.97KB
