Running 20s test @ http://localhost:8080/wrk2-api/review/compose
  2 threads and 2 connections

  Thread calibration: mean lat.: 31.275ms, rate sampling interval: 71ms
  Thread calibration: mean lat.: 33.381ms, rate sampling interval: 80ms

-----------------------------------------------------------------------
Test Results @ http://localhost:8080/wrk2-api/review/compose 
  Thread Stats   Avg      Stdev     99%   +/- Stdev
    Latency    32.19ms    8.76ms  78.33ms   92.16%
    Req/Sec     5.02      8.71    37.00     93.56%
  Latency Distribution (HdrHistogram - Recorded Latency)
 50.000%   30.30ms
 75.000%   32.54ms
 90.000%   37.85ms
 99.000%   78.33ms
 99.900%   83.58ms
 99.990%   83.58ms
 99.999%   83.58ms
100.000%   83.58ms

  Detailed Percentile spectrum:
       Value   Percentile   TotalCount 1/(1-Percentile)

      23.919     0.000000            1         1.00
      26.831     0.100000           11         1.11
      27.615     0.200000           22         1.25
      28.367     0.300000           31         1.43
      29.343     0.400000           41         1.67
      30.303     0.500000           52         2.00
      30.783     0.550000           57         2.22
      31.023     0.600000           62         2.50
      31.375     0.650000           67         2.86
      31.967     0.700000           72         3.33
      32.543     0.750000           77         4.00
      32.991     0.775000           80         4.44
      33.439     0.800000           82         5.00
      33.855     0.825000           85         5.71
      36.799     0.850000           87         6.67
      37.183     0.875000           90         8.00
      37.631     0.887500           91         8.89
      37.855     0.900000           93        10.00
      38.175     0.912500           94        11.43
      41.087     0.925000           95        13.33
      42.079     0.937500           96        16.00
      43.039     0.943750           97        17.78
      43.039     0.950000           97        20.00
      47.327     0.956250           98        22.86
      53.535     0.962500           99        26.67
      53.535     0.968750           99        32.00
      58.975     0.971875          100        35.56
      58.975     0.975000          100        40.00
      58.975     0.978125          100        45.71
      78.335     0.981250          101        53.33
      78.335     0.984375          101        64.00
      78.335     0.985938          101        71.11
      78.335     0.987500          101        80.00
      78.335     0.989062          101        91.43
      83.583     0.990625          102       106.67
      83.583     1.000000          102          inf
#[Mean    =       32.190, StdDeviation   =        8.761]
#[Max     =       83.520, Total count    =          102]
#[Buckets =           27, SubBuckets     =         2048]
-----------------------------------------------------------------------
  219 requests in 20.00s, 39.35KB read
Requests/sec:     10.95  
Transfer/sec:      1.97KB
