Running 20s test @ http://localhost:8080/wrk2-api/review/compose
  2 threads and 2 connections

  Thread calibration: mean lat.: 32.094ms, rate sampling interval: 72ms
  Thread calibration: mean lat.: 33.598ms, rate sampling interval: 88ms

-----------------------------------------------------------------------
Test Results @ http://localhost:8080/wrk2-api/review/compose 
  Thread Stats   Avg      Stdev     99%   +/- Stdev
    Latency    31.61ms    6.59ms  61.95ms   84.31%
    Req/Sec     5.01      8.36    28.00     92.43%
  Latency Distribution (HdrHistogram - Recorded Latency)
 50.000%   29.53ms
 75.000%   33.69ms
 90.000%   39.74ms
 99.000%   61.95ms
 99.900%   66.43ms
 99.990%   66.43ms
 99.999%   66.43ms
100.000%   66.43ms

  Detailed Percentile spectrum:
       Value   Percentile   TotalCount 1/(1-Percentile)

      23.727     0.000000            1         1.00
      26.223     0.100000           11         1.11
      27.087     0.200000           21         1.25
      28.335     0.300000           31         1.43
      28.959     0.400000           41         1.67
      29.535     0.500000           51         2.00
      30.111     0.550000           57         2.22
      30.879     0.600000           62         2.50
      31.695     0.650000           67         2.86
      32.367     0.700000           72         3.33
      33.695     0.750000           77         4.00
      34.303     0.775000           80         4.44
      34.431     0.800000           82         5.00
      34.687     0.825000           85         5.71
      35.551     0.850000           87         6.67
      38.207     0.875000           90         8.00
      39.199     0.887500           91         8.89
      39.743     0.900000           92        10.00
      40.959     0.912500           94        11.43
      41.823     0.925000           96        13.33
      41.823     0.937500           96        16.00
      42.751     0.943750           97        17.78
      42.751     0.950000           97        20.00
      43.327     0.956250           98        22.86
      45.023     0.962500           99        26.67
      45.023     0.968750           99        32.00
      45.407     0.971875          100        35.56
      45.407     0.975000          100        40.00
      45.407     0.978125          100        45.71
      61.951     0.981250          101        53.33
      61.951     0.984375          101        64.00
      61.951     0.985938          101        71.11
      61.951     0.987500          101        80.00
      61.951     0.989062          101        91.43
      66.431     0.990625          102       106.67
      66.431     1.000000          102          inf
#[Mean    =       31.612, StdDeviation   =        6.594]
#[Max     =       66.368, Total count    =          102]
#[Buckets =           27, SubBuckets     =         2048]
-----------------------------------------------------------------------
  219 requests in 20.00s, 39.35KB read
Requests/sec:     10.95  
Transfer/sec:      1.97KB
