Running 20s test @ http://localhost:8080/wrk2-api/review/compose
  2 threads and 2 connections

  Thread calibration: mean lat.: 33.152ms, rate sampling interval: 88ms
  Thread calibration: mean lat.: 32.779ms, rate sampling interval: 81ms

-----------------------------------------------------------------------
Test Results @ http://localhost:8080/wrk2-api/review/compose 
  Thread Stats   Avg      Stdev     99%   +/- Stdev
    Latency    36.08ms   13.63ms  97.66ms   90.10%
    Req/Sec     4.97      8.16    34.00     91.53%
  Latency Distribution (HdrHistogram - Recorded Latency)
 50.000%   31.76ms
 75.000%   36.32ms
 90.000%   49.22ms
 99.000%   97.66ms
 99.900%  110.72ms
 99.990%  110.72ms
 99.999%  110.72ms
100.000%  110.72ms

  Detailed Percentile spectrum:
       Value   Percentile   TotalCount 1/(1-Percentile)

      23.295     0.000000            1         1.00
      26.959     0.100000           12         1.11
      28.591     0.200000           21         1.25
      29.279     0.300000           31         1.43
      30.575     0.400000           41         1.67
      31.759     0.500000           51         2.00
      32.751     0.550000           57         2.22
      33.375     0.600000           61         2.50
      33.919     0.650000           66         2.86
      34.815     0.700000           71         3.33
      36.319     0.750000           77         4.00
      36.639     0.775000           79         4.44
      38.783     0.800000           81         5.00
      41.599     0.825000           84         5.71
      44.831     0.850000           86         6.67
      47.455     0.875000           89         8.00
      47.711     0.887500           90         8.89
      49.215     0.900000           91        10.00
      52.639     0.912500           93        11.43
      56.383     0.925000           94        13.33
      61.375     0.937500           95        16.00
      61.407     0.943750           96        17.78
      61.407     0.950000           96        20.00
      61.759     0.956250           97        22.86
      71.167     0.962500           98        26.67
      71.167     0.968750           98        32.00
      73.791     0.971875           99        35.56
      73.791     0.975000           99        40.00
      73.791     0.978125           99        45.71
      97.663     0.981250          100        53.33
      97.663     0.984375          100        64.00
      97.663     0.985938          100        71.11
      97.663     0.987500          100        80.00
      97.663     0.989062          100        91.43
     110.719     0.990625          101       106.67
     110.719     1.000000          101          inf
#[Mean    =       36.082, StdDeviation   =       13.634]
#[Max     =      110.656, Total count    =          101]
#[Buckets =           27, SubBuckets     =         2048]
-----------------------------------------------------------------------
  219 requests in 20.00s, 39.35KB read
Requests/sec:     10.95  
Transfer/sec:      1.97KB
