Running 20s test @ http://localhost:8080/wrk2-api/review/compose
  2 threads and 2 connections

  Thread calibration: mean lat.: 32.313ms, rate sampling interval: 88ms
  Thread calibration: mean lat.: 33.229ms, rate sampling interval: 80ms

-----------------------------------------------------------------------
Test Results @ http://localhost:8080/wrk2-api/review/compose 
  Thread Stats   Avg      Stdev     99%   +/- Stdev
    Latency    35.18ms   19.16ms 150.40ms   95.19%
    Req/Sec     5.03      7.99    34.00     91.14%
  Latency Distribution (HdrHistogram - Recorded Latency)
 50.000%   30.37ms
 75.000%   33.92ms
 90.000%   41.92ms
 99.000%  150.40ms
 99.900%  153.98ms
 99.990%  153.98ms
 99.999%  153.98ms
100.000%  153.98ms

  Detailed Percentile spectrum:
       Value   Percentile   TotalCount 1/(1-Percentile)

      25.775     0.000000            1         1.00
      26.911     0.100000           12         1.11
      27.679     0.200000           21         1.25
      28.623     0.300000           32         1.43
      29.631     0.400000           42         1.67
      30.367     0.500000           52         2.00
      30.847     0.550000           58         2.22
      31.151     0.600000           63         2.50
      31.711     0.650000           68         2.86
      32.623     0.700000           74         3.33
      33.919     0.750000           78         4.00
      35.231     0.775000           81         4.44
      35.903     0.800000           84         5.00
      37.375     0.825000           86         5.71
      38.175     0.850000           89         6.67
      38.783     0.875000           91         8.00
      40.991     0.887500           93         8.89
      41.919     0.900000           94        10.00
      42.335     0.912500           95        11.43
      43.199     0.925000           97        13.33
      47.295     0.937500           98        16.00
      51.935     0.943750           99        17.78
      51.935     0.950000           99        20.00
      61.759     0.956250          100        22.86
      70.271     0.962500          101        26.67
      70.271     0.968750          101        32.00
     106.879     0.971875          102        35.56
     106.879     0.975000          102        40.00
     106.879     0.978125          102        45.71
     150.399     0.981250          103        53.33
     150.399     0.984375          103        64.00
     150.399     0.985938          103        71.11
     150.399     0.987500          103        80.00
     150.399     0.989062          103        91.43
     153.983     0.990625          104       106.67
     153.983     1.000000          104          inf
#[Mean    =       35.179, StdDeviation   =       19.163]
#[Max     =      153.856, Total count    =          104]
#[Buckets =           27, SubBuckets     =         2048]
-----------------------------------------------------------------------
  219 requests in 20.00s, 39.35KB read
Requests/sec:     10.95  
Transfer/sec:      1.97KB
