Running 20s test @ http://localhost:8080/wrk2-api/review/compose
  2 threads and 2 connections

  Thread calibration: mean lat.: 35.331ms, rate sampling interval: 82ms
  Thread calibration: mean lat.: 34.045ms, rate sampling interval: 84ms

-----------------------------------------------------------------------
Test Results @ http://localhost:8080/wrk2-api/review/compose 
  Thread Stats   Avg      Stdev     99%   +/- Stdev
    Latency    33.60ms   12.04ms  53.98ms   96.04%
    Req/Sec     4.95      8.09    36.00     92.89%
  Latency Distribution (HdrHistogram - Recorded Latency)
 50.000%   30.53ms
 75.000%   34.75ms
 90.000%   42.17ms
 99.000%   53.98ms
 99.900%  138.75ms
 99.990%  138.75ms
 99.999%  138.75ms
100.000%  138.75ms

  Detailed Percentile spectrum:
       Value   Percentile   TotalCount 1/(1-Percentile)

      24.367     0.000000            1         1.00
      27.119     0.100000           11         1.11
      28.063     0.200000           21         1.25
      29.103     0.300000           31         1.43
      29.887     0.400000           41         1.67
      30.527     0.500000           51         2.00
      30.943     0.550000           56         2.22
      31.567     0.600000           61         2.50
      32.367     0.650000           66         2.86
      33.823     0.700000           71         3.33
      34.751     0.750000           76         4.00
      35.423     0.775000           79         4.44
      36.575     0.800000           81         5.00
      39.743     0.825000           84         5.71
      40.735     0.850000           86         6.67
      42.015     0.875000           89         8.00
      42.079     0.887500           90         8.89
      42.175     0.900000           91        10.00
      42.719     0.912500           93        11.43
      42.975     0.925000           94        13.33
      43.359     0.937500           95        16.00
      44.895     0.943750           96        17.78
      44.895     0.950000           96        20.00
      45.183     0.956250           97        22.86
      47.423     0.962500           98        26.67
      47.423     0.968750           98        32.00
      50.367     0.971875           99        35.56
      50.367     0.975000           99        40.00
      50.367     0.978125           99        45.71
      53.983     0.981250          100        53.33
      53.983     0.984375          100        64.00
      53.983     0.985938          100        71.11
      53.983     0.987500          100        80.00
      53.983     0.989062          100        91.43
     138.751     0.990625          101       106.67
     138.751     1.000000          101          inf
#[Mean    =       33.597, StdDeviation   =       12.040]
#[Max     =      138.624, Total count    =          101]
#[Buckets =           27, SubBuckets     =         2048]
-----------------------------------------------------------------------
  218 requests in 20.01s, 39.17KB read
Requests/sec:     10.90  
Transfer/sec:      1.96KB
