Running 20s test @ http://localhost:8080/wrk2-api/review/compose
  2 threads and 2 connections

  Thread calibration: mean lat.: 32.589ms, rate sampling interval: 77ms
  Thread calibration: mean lat.: 36.186ms, rate sampling interval: 76ms

-----------------------------------------------------------------------
Test Results @ http://localhost:8080/wrk2-api/review/compose 
  Thread Stats   Avg      Stdev     99%   +/- Stdev
    Latency    32.85ms    8.66ms  78.01ms   87.25%
    Req/Sec     4.98      8.43    26.00     92.31%
  Latency Distribution (HdrHistogram - Recorded Latency)
 50.000%   30.62ms
 75.000%   33.34ms
 90.000%   41.95ms
 99.000%   78.01ms
 99.900%   80.45ms
 99.990%   80.45ms
 99.999%   80.45ms
100.000%   80.45ms

  Detailed Percentile spectrum:
       Value   Percentile   TotalCount 1/(1-Percentile)

      23.679     0.000000            1         1.00
      26.527     0.100000           11         1.11
      27.679     0.200000           22         1.25
      28.527     0.300000           31         1.43
      29.791     0.400000           42         1.67
      30.623     0.500000           51         2.00
      31.247     0.550000           57         2.22
      31.727     0.600000           62         2.50
      32.479     0.650000           67         2.86
      32.799     0.700000           72         3.33
      33.343     0.750000           77         4.00
      34.303     0.775000           80         4.44
      35.199     0.800000           82         5.00
      36.063     0.825000           85         5.71
      37.759     0.850000           87         6.67
      38.847     0.875000           90         8.00
      41.599     0.887500           91         8.89
      41.951     0.900000           92        10.00
      42.751     0.912500           94        11.43
      44.671     0.925000           95        13.33
      45.023     0.937500           96        16.00
      46.143     0.943750           97        17.78
      46.143     0.950000           97        20.00
      48.287     0.956250           98        22.86
      50.943     0.962500           99        26.67
      50.943     0.968750           99        32.00
      53.439     0.971875          100        35.56
      53.439     0.975000          100        40.00
      53.439     0.978125          100        45.71
      78.015     0.981250          101        53.33
      78.015     0.984375          101        64.00
      78.015     0.985938          101        71.11
      78.015     0.987500          101        80.00
      78.015     0.989062          101        91.43
      80.447     0.990625          102       106.67
      80.447     1.000000          102          inf
#[Mean    =       32.853, StdDeviation   =        8.656]
#[Max     =       80.384, Total count    =          102]
#[Buckets =           27, SubBuckets     =         2048]
-----------------------------------------------------------------------
  219 requests in 20.01s, 39.35KB read
Requests/sec:     10.95  
Transfer/sec:      1.97KB
