Running 20s test @ http://localhost:8080/wrk2-api/review/compose
  2 threads and 2 connections

  Thread calibration: mean lat.: 27.160ms, rate sampling interval: 57ms
  Thread calibration: mean lat.: 26.396ms, rate sampling interval: 57ms

-----------------------------------------------------------------------
Test Results @ http://localhost:8080/wrk2-api/review/compose 
  Thread Stats   Avg      Stdev     99%   +/- Stdev
    Latency    33.05ms   19.13ms  86.65ms   91.09%
    Req/Sec     4.97      9.21    35.00     75.00%
  Latency Distribution (HdrHistogram - Recorded Latency)
 50.000%   27.63ms
 75.000%   31.74ms
 90.000%   49.92ms
 99.000%   86.65ms
 99.900%  188.03ms
 99.990%  188.03ms
 99.999%  188.03ms
100.000%  188.03ms

  Detailed Percentile spectrum:
       Value   Percentile   TotalCount 1/(1-Percentile)

      22.191     0.000000            1         1.00
      24.303     0.100000           11         1.11
      24.767     0.200000           21         1.25
      26.031     0.300000           31         1.43
      26.655     0.400000           41         1.67
      27.631     0.500000           51         2.00
      28.063     0.550000           56         2.22
      28.671     0.600000           61         2.50
      29.007     0.650000           66         2.86
      30.063     0.700000           71         3.33
      31.743     0.750000           76         4.00
      33.663     0.775000           79         4.44
      34.207     0.800000           81         5.00
      35.775     0.825000           84         5.71
      36.991     0.850000           86         6.67
      43.583     0.875000           89         8.00
      49.119     0.887500           90         8.89
      49.919     0.900000           91        10.00
      53.727     0.912500           93        11.43
      56.127     0.925000           94        13.33
      57.023     0.937500           95        16.00
      57.215     0.943750           96        17.78
      57.215     0.950000           96        20.00
      61.599     0.956250           97        22.86
      66.431     0.962500           98        26.67
      66.431     0.968750           98        32.00
      71.231     0.971875           99        35.56
      71.231     0.975000           99        40.00
      71.231     0.978125           99        45.71
      86.655     0.981250          100        53.33
      86.655     0.984375          100        64.00
      86.655     0.985938          100        71.11
      86.655     0.987500          100        80.00
      86.655     0.989062          100        91.43
     188.031     0.990625          101       106.67
     188.031     1.000000          101          inf
#[Mean    =       33.046, StdDeviation   =       19.131]
#[Max     =      187.904, Total count    =          101]
#[Buckets =           27, SubBuckets     =         2048]
-----------------------------------------------------------------------
  218 requests in 20.01s, 39.17KB read
Requests/sec:     10.90  
Transfer/sec:      1.96KB
