Running 20s test @ http://localhost:8080/wrk2-api/review/compose
  2 threads and 2 connections

  Thread calibration: mean lat.: 27.969ms, rate sampling interval: 60ms
  Thread calibration: mean lat.: 28.135ms, rate sampling interval: 59ms

-----------------------------------------------------------------------
Test Results @ http://localhost:8080/wrk2-api/review/compose 
  Thread Stats   Avg      Stdev     99%   +/- Stdev
    Latency    27.14ms    3.82ms  38.97ms   87.25%
    Req/Sec     4.95      9.35    33.00     74.77%
  Latency Distribution (HdrHistogram - Recorded Latency)
 50.000%   26.45ms
 75.000%   28.45ms
 90.000%   30.66ms
 99.000%   38.97ms
 99.900%   47.55ms
 99.990%   47.55ms
 99.999%   47.55ms
100.000%   47.55ms

  Detailed Percentile spectrum:
       Value   Percentile   TotalCount 1/(1-Percentile)

      22.255     0.000000            1         1.00
      23.887     0.100000           11         1.11
      24.351     0.200000           21         1.25
      24.767     0.300000           32         1.43
      25.423     0.400000           41         1.67
      26.447     0.500000           51         2.00
      27.023     0.550000           57         2.22
      27.615     0.600000           62         2.50
      27.743     0.650000           67         2.86
      27.983     0.700000           72         3.33
      28.447     0.750000           79         4.00
      28.495     0.775000           81         4.44
      28.559     0.800000           82         5.00
      28.655     0.825000           85         5.71
      29.615     0.850000           87         6.67
      29.967     0.875000           90         8.00
      30.655     0.887500           92         8.89
      30.655     0.900000           92        10.00
      30.975     0.912500           94        11.43
      31.023     0.925000           95        13.33
      32.223     0.937500           96        16.00
      33.919     0.943750           97        17.78
      33.919     0.950000           97        20.00
      37.183     0.956250           98        22.86
      37.759     0.962500           99        26.67
      37.759     0.968750           99        32.00
      38.943     0.971875          100        35.56
      38.943     0.975000          100        40.00
      38.943     0.978125          100        45.71
      38.975     0.981250          101        53.33
      38.975     0.984375          101        64.00
      38.975     0.985938          101        71.11
      38.975     0.987500          101        80.00
      38.975     0.989062          101        91.43
      47.551     0.990625          102       106.67
      47.551     1.000000          102          inf
#[Mean    =       27.144, StdDeviation   =        3.817]
#[Max     =       47.520, Total count    =          102]
#[Buckets =           27, SubBuckets     =         2048]
-----------------------------------------------------------------------
  219 requests in 20.01s, 39.35KB read
Requests/sec:     10.95  
Transfer/sec:      1.97KB
