Running 20s test @ http://localhost:8080/wrk2-api/review/compose
  2 threads and 2 connections

  Thread calibration: mean lat.: 26.971ms, rate sampling interval: 59ms
  Thread calibration: mean lat.: 26.871ms, rate sampling interval: 60ms

-----------------------------------------------------------------------
Test Results @ http://localhost:8080/wrk2-api/review/compose 
  Thread Stats   Avg      Stdev     99%   +/- Stdev
    Latency    27.38ms    3.20ms  37.28ms   73.53%
    Req/Sec     4.93      9.26    33.00     74.47%
  Latency Distribution (HdrHistogram - Recorded Latency)
 50.000%   26.62ms
 75.000%   28.85ms
 90.000%   32.21ms
 99.000%   37.28ms
 99.900%   37.98ms
 99.990%   37.98ms
 99.999%   37.98ms
100.000%   37.98ms

  Detailed Percentile spectrum:
       Value   Percentile   TotalCount 1/(1-Percentile)

      22.783     0.000000            1         1.00
      24.079     0.100000           11         1.11
      24.511     0.200000           21         1.25
      25.167     0.300000           31         1.43
      25.823     0.400000           41         1.67
      26.623     0.500000           51         2.00
      27.471     0.550000           57         2.22
      27.935     0.600000           63         2.50
      28.063     0.650000           67         2.86
      28.463     0.700000           72         3.33
      28.847     0.750000           78         4.00
      29.279     0.775000           80         4.44
      29.615     0.800000           82         5.00
      30.079     0.825000           85         5.71
      30.191     0.850000           87         6.67
      31.519     0.875000           90         8.00
      31.823     0.887500           91         8.89
      32.207     0.900000           92        10.00
      32.479     0.912500           94        11.43
      32.687     0.925000           95        13.33
      32.895     0.937500           96        16.00
      33.279     0.943750           98        17.78
      33.279     0.950000           98        20.00
      33.279     0.956250           98        22.86
      34.143     0.962500           99        26.67
      34.143     0.968750           99        32.00
      36.415     0.971875          100        35.56
      36.415     0.975000          100        40.00
      36.415     0.978125          100        45.71
      37.279     0.981250          101        53.33
      37.279     0.984375          101        64.00
      37.279     0.985938          101        71.11
      37.279     0.987500          101        80.00
      37.279     0.989062          101        91.43
      37.983     0.990625          102       106.67
      37.983     1.000000          102          inf
#[Mean    =       27.378, StdDeviation   =        3.196]
#[Max     =       37.952, Total count    =          102]
#[Buckets =           27, SubBuckets     =         2048]
-----------------------------------------------------------------------
  219 requests in 20.00s, 39.35KB read
Requests/sec:     10.95  
Transfer/sec:      1.97KB
