Running 20s test @ http://localhost:8080/wrk2-api/review/compose
  2 threads and 2 connections

  Thread calibration: mean lat.: 29.790ms, rate sampling interval: 67ms
  Thread calibration: mean lat.: 27.550ms, rate sampling interval: 59ms

-----------------------------------------------------------------------
Test Results @ http://localhost:8080/wrk2-api/review/compose 
  Thread Stats   Avg      Stdev     99%   +/- Stdev
    Latency    26.86ms    2.86ms  36.58ms   79.41%
    Req/Sec     4.90      9.06    34.00     81.33%
  Latency Distribution (HdrHistogram - Recorded Latency)
 50.000%   26.21ms
 75.000%   27.52ms
 90.000%   29.79ms
 99.000%   36.58ms
 99.900%   40.58ms
 99.990%   40.58ms
 99.999%   40.58ms
100.000%   40.58ms

  Detailed Percentile spectrum:
       Value   Percentile   TotalCount 1/(1-Percentile)

      22.399     0.000000            1         1.00
      24.063     0.100000           11         1.11
      24.975     0.200000           21         1.25
      25.647     0.300000           31         1.43
      26.015     0.400000           41         1.67
      26.207     0.500000           51         2.00
      26.479     0.550000           58         2.22
      26.671     0.600000           62         2.50
      27.023     0.650000           67         2.86
      27.439     0.700000           72         3.33
      27.519     0.750000           77         4.00
      27.823     0.775000           80         4.44
      27.935     0.800000           82         5.00
      28.303     0.825000           85         5.71
      28.495     0.850000           87         6.67
      28.927     0.875000           90         8.00
      29.583     0.887500           91         8.89
      29.791     0.900000           92        10.00
      30.863     0.912500           94        11.43
      31.007     0.925000           95        13.33
      31.695     0.937500           96        16.00
      31.999     0.943750           97        17.78
      31.999     0.950000           97        20.00
      32.959     0.956250           98        22.86
      34.847     0.962500           99        26.67
      34.847     0.968750           99        32.00
      36.127     0.971875          100        35.56
      36.127     0.975000          100        40.00
      36.127     0.978125          100        45.71
      36.575     0.981250          101        53.33
      36.575     0.984375          101        64.00
      36.575     0.985938          101        71.11
      36.575     0.987500          101        80.00
      36.575     0.989062          101        91.43
      40.575     0.990625          102       106.67
      40.575     1.000000          102          inf
#[Mean    =       26.859, StdDeviation   =        2.857]
#[Max     =       40.544, Total count    =          102]
#[Buckets =           27, SubBuckets     =         2048]
-----------------------------------------------------------------------
  219 requests in 20.00s, 39.35KB read
Requests/sec:     10.95  
Transfer/sec:      1.97KB
