Running 20s test @ http://localhost:8080/wrk2-api/review/compose
  2 threads and 2 connections

  Thread calibration: mean lat.: 27.306ms, rate sampling interval: 59ms
  Thread calibration: mean lat.: 27.070ms, rate sampling interval: 58ms

-----------------------------------------------------------------------
Test Results @ http://localhost:8080/wrk2-api/review/compose 
  Thread Stats   Avg      Stdev     99%   +/- Stdev
    Latency    26.64ms    2.65ms  36.03ms   72.55%
    Req/Sec     4.99      9.29    35.00     74.63%
  Latency Distribution (HdrHistogram - Recorded Latency)
 50.000%   26.66ms
 75.000%   27.90ms
 90.000%   29.76ms
 99.000%   36.03ms
 99.900%   37.25ms
 99.990%   37.25ms
 99.999%   37.25ms
100.000%   37.25ms

  Detailed Percentile spectrum:
       Value   Percentile   TotalCount 1/(1-Percentile)

      22.511     0.000000            1         1.00
      23.583     0.100000           11         1.11
      24.319     0.200000           21         1.25
      25.007     0.300000           31         1.43
      25.855     0.400000           41         1.67
      26.655     0.500000           51         2.00
      26.799     0.550000           57         2.22
      27.039     0.600000           62         2.50
      27.407     0.650000           67         2.86
      27.615     0.700000           72         3.33
      27.903     0.750000           77         4.00
      28.015     0.775000           82         4.44
      28.015     0.800000           82         5.00
      28.271     0.825000           85         5.71
      28.639     0.850000           87         6.67
      29.087     0.875000           90         8.00
      29.743     0.887500           91         8.89
      29.759     0.900000           92        10.00
      30.015     0.912500           94        11.43
      30.207     0.925000           95        13.33
      30.495     0.937500           96        16.00
      31.167     0.943750           97        17.78
      31.167     0.950000           97        20.00
      31.919     0.956250           98        22.86
      32.559     0.962500           99        26.67
      32.559     0.968750           99        32.00
      33.631     0.971875          100        35.56
      33.631     0.975000          100        40.00
      33.631     0.978125          100        45.71
      36.031     0.981250          101        53.33
      36.031     0.984375          101        64.00
      36.031     0.985938          101        71.11
      36.031     0.987500          101        80.00
      36.031     0.989062          101        91.43
      37.247     0.990625          102       106.67
      37.247     1.000000          102          inf
#[Mean    =       26.640, StdDeviation   =        2.648]
#[Max     =       37.216, Total count    =          102]
#[Buckets =           27, SubBuckets     =         2048]
-----------------------------------------------------------------------
  219 requests in 20.01s, 39.35KB read
Requests/sec:     10.95  
Transfer/sec:      1.97KB
