Running 20s test @ http://localhost:8080/wrk2-api/review/compose
  2 threads and 2 connections

  Thread calibration: mean lat.: 47.658ms, rate sampling interval: 62ms
  Thread calibration: mean lat.: 32.077ms, rate sampling interval: 60ms

-----------------------------------------------------------------------
Test Results @ http://localhost:8080/wrk2-api/review/compose 
  Thread Stats   Avg      Stdev     99%   +/- Stdev
    Latency    27.62ms   11.62ms  37.18ms   99.02%
    Req/Sec     4.99      9.35    33.00     74.77%
  Latency Distribution (HdrHistogram - Recorded Latency)
 50.000%   26.13ms
 75.000%   27.87ms
 90.000%   29.10ms
 99.000%   37.18ms
 99.900%  141.05ms
 99.990%  141.05ms
 99.999%  141.05ms
100.000%  141.05ms

  Detailed Percentile spectrum:
       Value   Percentile   TotalCount 1/(1-Percentile)

      20.943     0.000000            1         1.00
      23.279     0.100000           11         1.11
      24.655     0.200000           21         1.25
      25.103     0.300000           31         1.43
      25.807     0.400000           41         1.67
      26.127     0.500000           51         2.00
      26.271     0.550000           57         2.22
      26.607     0.600000           62         2.50
      27.055     0.650000           67         2.86
      27.327     0.700000           72         3.33
      27.871     0.750000           77         4.00
      28.015     0.775000           80         4.44
      28.367     0.800000           82         5.00
      28.447     0.825000           86         5.71
      28.479     0.850000           88         6.67
      28.831     0.875000           90         8.00
      28.975     0.887500           91         8.89
      29.103     0.900000           92        10.00
      30.543     0.912500           94        11.43
      30.575     0.925000           95        13.33
      32.047     0.937500           96        16.00
      32.479     0.943750           97        17.78
      32.479     0.950000           97        20.00
      33.663     0.956250           98        22.86
      35.007     0.962500           99        26.67
      35.007     0.968750           99        32.00
      36.863     0.971875          100        35.56
      36.863     0.975000          100        40.00
      36.863     0.978125          100        45.71
      37.183     0.981250          101        53.33
      37.183     0.984375          101        64.00
      37.183     0.985938          101        71.11
      37.183     0.987500          101        80.00
      37.183     0.989062          101        91.43
     141.055     0.990625          102       106.67
     141.055     1.000000          102          inf
#[Mean    =       27.624, StdDeviation   =       11.621]
#[Max     =      140.928, Total count    =          102]
#[Buckets =           27, SubBuckets     =         2048]
-----------------------------------------------------------------------
  219 requests in 20.01s, 39.35KB read
Requests/sec:     10.95  
Transfer/sec:      1.97KB
