Running 20s test @ http://localhost:8080/wrk2-api/review/compose
  2 threads and 2 connections

  Thread calibration: mean lat.: 27.165ms, rate sampling interval: 61ms
  Thread calibration: mean lat.: 26.841ms, rate sampling interval: 58ms

-----------------------------------------------------------------------
Test Results @ http://localhost:8080/wrk2-api/review/compose 
  Thread Stats   Avg      Stdev     99%   +/- Stdev
    Latency    26.88ms    2.91ms  35.49ms   77.45%
    Req/Sec     4.99      9.40    34.00     74.85%
  Latency Distribution (HdrHistogram - Recorded Latency)
 50.000%   26.25ms
 75.000%   28.00ms
 90.000%   30.93ms
 99.000%   35.49ms
 99.900%   37.79ms
 99.990%   37.79ms
 99.999%   37.79ms
100.000%   37.79ms

  Detailed Percentile spectrum:
       Value   Percentile   TotalCount 1/(1-Percentile)

      22.063     0.000000            1         1.00
      24.223     0.100000           11         1.11
      24.623     0.200000           21         1.25
      25.343     0.300000           32         1.43
      25.711     0.400000           41         1.67
      26.255     0.500000           51         2.00
      26.495     0.550000           57         2.22
      26.767     0.600000           62         2.50
      26.927     0.650000           67         2.86
      27.503     0.700000           72         3.33
      27.999     0.750000           77         4.00
      28.415     0.775000           80         4.44
      28.591     0.800000           82         5.00
      29.039     0.825000           85         5.71
      29.279     0.850000           87         6.67
      30.383     0.875000           90         8.00
      30.575     0.887500           91         8.89
      30.927     0.900000           92        10.00
      31.983     0.912500           94        11.43
      32.079     0.925000           95        13.33
      32.719     0.937500           96        16.00
      32.799     0.943750           97        17.78
      32.799     0.950000           97        20.00
      32.831     0.956250           98        22.86
      34.335     0.962500           99        26.67
      34.335     0.968750           99        32.00
      34.911     0.971875          100        35.56
      34.911     0.975000          100        40.00
      34.911     0.978125          100        45.71
      35.487     0.981250          101        53.33
      35.487     0.984375          101        64.00
      35.487     0.985938          101        71.11
      35.487     0.987500          101        80.00
      35.487     0.989062          101        91.43
      37.791     0.990625          102       106.67
      37.791     1.000000          102          inf
#[Mean    =       26.881, StdDeviation   =        2.908]
#[Max     =       37.760, Total count    =          102]
#[Buckets =           27, SubBuckets     =         2048]
-----------------------------------------------------------------------
  219 requests in 20.01s, 39.35KB read
Requests/sec:     10.95  
Transfer/sec:      1.97KB
