Running 20s test @ http://localhost:8080/wrk2-api/review/compose
  2 threads and 2 connections

  Thread calibration: mean lat.: 25.931ms, rate sampling interval: 56ms
  Thread calibration: mean lat.: 26.785ms, rate sampling interval: 58ms

-----------------------------------------------------------------------
Test Results @ http://localhost:8080/wrk2-api/review/compose 
  Thread Stats   Avg      Stdev     99%   +/- Stdev
    Latency    27.61ms    5.26ms  52.67ms   93.14%
    Req/Sec     5.00      9.54    36.00     75.29%
  Latency Distribution (HdrHistogram - Recorded Latency)
 50.000%   26.19ms
 75.000%   28.46ms
 90.000%   30.67ms
 99.000%   52.67ms
 99.900%   54.94ms
 99.990%   54.94ms
 99.999%   54.94ms
100.000%   54.94ms

  Detailed Percentile spectrum:
       Value   Percentile   TotalCount 1/(1-Percentile)

      22.303     0.000000            1         1.00
      23.903     0.100000           11         1.11
      24.831     0.200000           21         1.25
      25.167     0.300000           31         1.43
      25.663     0.400000           41         1.67
      26.191     0.500000           51         2.00
      26.623     0.550000           57         2.22
      26.911     0.600000           63         2.50
      27.295     0.650000           67         2.86
      27.759     0.700000           73         3.33
      28.463     0.750000           77         4.00
      28.847     0.775000           80         4.44
      29.151     0.800000           82         5.00
      29.775     0.825000           85         5.71
      30.031     0.850000           87         6.67
      30.495     0.875000           90         8.00
      30.559     0.887500           91         8.89
      30.671     0.900000           92        10.00
      32.031     0.912500           94        11.43
      32.543     0.925000           95        13.33
      32.703     0.937500           96        16.00
      35.295     0.943750           97        17.78
      35.295     0.950000           97        20.00
      40.671     0.956250           98        22.86
      43.711     0.962500           99        26.67
      43.711     0.968750           99        32.00
      45.471     0.971875          100        35.56
      45.471     0.975000          100        40.00
      45.471     0.978125          100        45.71
      52.671     0.981250          101        53.33
      52.671     0.984375          101        64.00
      52.671     0.985938          101        71.11
      52.671     0.987500          101        80.00
      52.671     0.989062          101        91.43
      54.943     0.990625          102       106.67
      54.943     1.000000          102          inf
#[Mean    =       27.611, StdDeviation   =        5.258]
#[Max     =       54.912, Total count    =          102]
#[Buckets =           27, SubBuckets     =         2048]
-----------------------------------------------------------------------
  219 requests in 20.00s, 39.35KB read
Requests/sec:     10.95  
Transfer/sec:      1.97KB
