Running 20s test @ http://localhost:8080/wrk2-api/review/compose
  2 threads and 2 connections

  Thread calibration: mean lat.: 27.316ms, rate sampling interval: 59ms
  Thread calibration: mean lat.: 26.329ms, rate sampling interval: 60ms

-----------------------------------------------------------------------
Test Results @ http://localhost:8080/wrk2-api/review/compose 
  Thread Stats   Avg      Stdev     99%   +/- Stdev
    Latency    29.01ms   15.58ms 137.47ms   98.08%
    Req/Sec     5.04      9.48    34.00     74.17%
  Latency Distribution (HdrHistogram - Recorded Latency)
 50.000%   26.46ms
 75.000%   28.06ms
 90.000%   30.05ms
 99.000%  137.47ms
 99.900%  139.39ms
 99.990%  139.39ms
 99.999%  139.39ms
100.000%  139.39ms

  Detailed Percentile spectrum:
       Value   Percentile   TotalCount 1/(1-Percentile)

      21.711     0.000000            1         1.00
      23.855     0.100000           11         1.11
      24.847     0.200000           21         1.25
      25.759     0.300000           32         1.43
      26.031     0.400000           42         1.67
      26.463     0.500000           52         2.00
      26.815     0.550000           58         2.22
      27.039     0.600000           63         2.50
      27.167     0.650000           68         2.86
      27.567     0.700000           73         3.33
      28.063     0.750000           78         4.00
      28.415     0.775000           81         4.44
      28.831     0.800000           84         5.00
      28.895     0.825000           87         5.71
      29.039     0.850000           89         6.67
      29.423     0.875000           91         8.00
      29.695     0.887500           93         8.89
      30.047     0.900000           94        10.00
      30.127     0.912500           95        11.43
      30.687     0.925000           97        13.33
      32.559     0.937500           98        16.00
      32.927     0.943750           99        17.78
      32.927     0.950000           99        20.00
      35.071     0.956250          100        22.86
      38.815     0.962500          101        26.67
      38.815     0.968750          101        32.00
      41.151     0.971875          102        35.56
      41.151     0.975000          102        40.00
      41.151     0.978125          102        45.71
     137.471     0.981250          103        53.33
     137.471     0.984375          103        64.00
     137.471     0.985938          103        71.11
     137.471     0.987500          103        80.00
     137.471     0.989062          103        91.43
     139.391     0.990625          104       106.67
     139.391     1.000000          104          inf
#[Mean    =       29.007, StdDeviation   =       15.580]
#[Max     =      139.264, Total count    =          104]
#[Buckets =           27, SubBuckets     =         2048]
-----------------------------------------------------------------------
  219 requests in 20.01s, 39.35KB read
Requests/sec:     10.95  
Transfer/sec:      1.97KB
