[2025-06-18 15:19:08,063] alcaraz/INFO/locust.main: Starting Locust 2.33.2
[2025-06-18 15:19:08,064] alcaraz/INFO/locust.main: Run time limit set to 30 seconds
[2025-06-18 15:19:08,066] alcaraz/INFO/locust.runners: Ramping to 10 users at a rate of 1.00 per second
[2025-06-18 15:19:17,081] alcaraz/INFO/locust.runners: All users spawned: {"WebsiteUser": 10} (10 total users)
[2025-06-18 15:19:36,806] alcaraz/INFO/locust.main: --run-time limit reached, shutting down
[2025-06-18 15:19:36,927] alcaraz/INFO/locust.main: Shutting down (exit code 0)
Type     Name                                                                          # reqs      # fails |    Avg     Min     Max    Med |   req/s  failures/s
--------|----------------------------------------------------------------------------|-------|-------------|-------|-------|-------|-------|--------|-----------
GET      /                                                                                 11     0(0.00%) |     94      51     186     91 |    0.38        0.00
GET      /cart                                                                              4     0(0.00%) |     34      29      36     34 |    0.14        0.00
POST     /cart                                                                              9     0(0.00%) |     88      52     143     84 |    0.31        0.00
POST     /cart/checkout                                                                     3     0(0.00%) |     43      42      44     43 |    0.10        0.00
GET      /product/0PUK6V6EV0                                                                5     0(0.00%) |     36      33      40     36 |    0.17        0.00
GET      /product/1YMWWN1N4O                                                                4     0(0.00%) |     35      33      39     34 |    0.14        0.00
GET      /product/2ZYFJ3GM2N                                                                5     0(0.00%) |     34      31      36     35 |    0.17        0.00
GET      /product/66VCHSJNUP                                                                7     0(0.00%) |     36      34      38     37 |    0.24        0.00
GET      /product/6E92ZMYYFZ                                                                6     0(0.00%) |     33      31      35     32 |    0.21        0.00
GET      /product/9SIQT8TOJO                                                                4     0(0.00%) |     36      31      47     33 |    0.14        0.00
GET      /product/L9ECAV7KIM                                                                3     0(0.00%) |     34      31      38     33 |    0.10        0.00
GET      /product/LS4PSXUNUM                                                                4     0(0.00%) |     34      32      38     34 |    0.14        0.00
GET      /product/OLJCESPC7Z                                                                4     0(0.00%) |     34      32      37     33 |    0.14        0.00
POST     /setCurrency                                                                       3     0(0.00%) |     59      53      70     54 |    0.10        0.00
--------|----------------------------------------------------------------------------|-------|-------------|-------|-------|-------|-------|--------|-----------
         Aggregated                                                                        72     0(0.00%) |     52      29     186     37 |    2.51        0.00

Response time percentiles (approximated)
Type     Name                                                                                  50%    66%    75%    80%    90%    95%    98%    99%  99.9% 99.99%   100% # reqs
--------|--------------------------------------------------------------------------------|--------|------|------|------|------|------|------|------|------|------|------|------
GET      /                                                                                      91     92     93     93     95    190    190    190    190    190    190     11
GET      /cart                                                                                  36     36     36     36     36     36     36     36     36     36     36      4
POST     /cart                                                                                  84     89     93    140    140    140    140    140    140    140    140      9
POST     /cart/checkout                                                                         43     43     44     44     44     44     44     44     44     44     44      3
GET      /product/0PUK6V6EV0                                                                    36     37     37     40     40     40     40     40     40     40     40      5
GET      /product/1YMWWN1N4O                                                                    34     34     40     40     40     40     40     40     40     40     40      4
GET      /product/2ZYFJ3GM2N                                                                    35     36     36     37     37     37     37     37     37     37     37      5
GET      /product/66VCHSJNUP                                                                    37     37     37     37     39     39     39     39     39     39     39      7
GET      /product/6E92ZMYYFZ                                                                    33     33     36     36     36     36     36     36     36     36     36      6
GET      /product/9SIQT8TOJO                                                                    34     34     47     47     47     47     47     47     47     47     47      4
GET      /product/L9ECAV7KIM                                                                    33     33     38     38     38     38     38     38     38     38     38      3
GET      /product/LS4PSXUNUM                                                                    35     35     38     38     38     38     38     38     38     38     38      4
GET      /product/OLJCESPC7Z                                                                    34     34     37     37     37     37     37     37     37     37     37      4
POST     /setCurrency                                                                           54     54     70     70     70     70     70     70     70     70     70      3
--------|--------------------------------------------------------------------------------|--------|------|------|------|------|------|------|------|------|------|------|------
         Aggregated                                                                             37     44     69     76     91     95    140    190    190    190    190     72

