[2025-06-18 15:24:01,982] alcaraz/INFO/locust.main: Starting Locust 2.33.2
[2025-06-18 15:24:01,983] alcaraz/INFO/locust.main: Run time limit set to 30 seconds
[2025-06-18 15:24:01,985] alcaraz/INFO/locust.runners: Ramping to 10 users at a rate of 1.00 per second
[2025-06-18 15:24:10,997] alcaraz/INFO/locust.runners: All users spawned: {"WebsiteUser": 10} (10 total users)
[2025-06-18 15:24:30,749] alcaraz/INFO/locust.main: --run-time limit reached, shutting down
[2025-06-18 15:24:30,868] alcaraz/INFO/locust.main: Shutting down (exit code 0)
Type     Name                                                                          # reqs      # fails |    Avg     Min     Max    Med |   req/s  failures/s
--------|----------------------------------------------------------------------------|-------|-------------|-------|-------|-------|-------|--------|-----------
GET      /                                                                                 16     0(0.00%) |     68      33     122     73 |    0.56        0.00
GET      /cart                                                                              8     0(0.00%) |     36      30      51     34 |    0.28        0.00
POST     /cart                                                                              8     0(0.00%) |     84      71     136     75 |    0.28        0.00
GET      /product/0PUK6V6EV0                                                                6     0(0.00%) |     35      33      38     36 |    0.21        0.00
GET      /product/1YMWWN1N4O                                                                2     0(0.00%) |     38      34      43     34 |    0.07        0.00
GET      /product/2ZYFJ3GM2N                                                                6     0(0.00%) |     39      31      51     37 |    0.21        0.00
GET      /product/66VCHSJNUP                                                                3     0(0.00%) |     38      33      47     34 |    0.10        0.00
GET      /product/6E92ZMYYFZ                                                                1     0(0.00%) |     34      34      34     34 |    0.03        0.00
GET      /product/9SIQT8TOJO                                                                3     0(0.00%) |     35      34      36     36 |    0.10        0.00
GET      /product/L9ECAV7KIM                                                                5     0(0.00%) |     35      33      37     34 |    0.17        0.00
GET      /product/LS4PSXUNUM                                                                3     0(0.00%) |     34      33      36     34 |    0.10        0.00
GET      /product/OLJCESPC7Z                                                                5     0(0.00%) |     35      32      37     36 |    0.17        0.00
--------|----------------------------------------------------------------------------|-------|-------------|-------|-------|-------|-------|--------|-----------
         Aggregated                                                                        66     0(0.00%) |     50      30     136     37 |    2.31        0.00

Response time percentiles (approximated)
Type     Name                                                                                  50%    66%    75%    80%    90%    95%    98%    99%  99.9% 99.99%   100% # reqs
--------|--------------------------------------------------------------------------------|--------|------|------|------|------|------|------|------|------|------|------|------
GET      /                                                                                      78     87     88     88     94    120    120    120    120    120    120     16
GET      /cart                                                                                  35     35     36     36     52     52     52     52     52     52     52      8
POST     /cart                                                                                  76     77     93     93    140    140    140    140    140    140    140      8
GET      /product/0PUK6V6EV0                                                                    36     36     37     37     39     39     39     39     39     39     39      6
GET      /product/1YMWWN1N4O                                                                    44     44     44     44     44     44     44     44     44     44     44      2
GET      /product/2ZYFJ3GM2N                                                                    39     39     41     41     52     52     52     52     52     52     52      6
GET      /product/66VCHSJNUP                                                                    34     34     48     48     48     48     48     48     48     48     48      3
GET      /product/6E92ZMYYFZ                                                                    34     34     34     34     34     34     34     34     34     34     34      1
GET      /product/9SIQT8TOJO                                                                    37     37     37     37     37     37     37     37     37     37     37      3
GET      /product/L9ECAV7KIM                                                                    34     36     36     38     38     38     38     38     38     38     38      5
GET      /product/LS4PSXUNUM                                                                    34     34     37     37     37     37     37     37     37     37     37      3
GET      /product/OLJCESPC7Z                                                                    36     36     36     38     38     38     38     38     38     38     38      5
--------|--------------------------------------------------------------------------------|--------|------|------|------|------|------|------|------|------|------|------|------
         Aggregated                                                                             37     41     71     73     87     93    120    140    140    140    140     66

