[2025-06-18 15:25:07,139] alcaraz/INFO/locust.main: Starting Locust 2.33.2
[2025-06-18 15:25:07,140] alcaraz/INFO/locust.main: Run time limit set to 30 seconds
[2025-06-18 15:25:07,141] alcaraz/INFO/locust.runners: Ramping to 10 users at a rate of 1.00 per second
[2025-06-18 15:25:16,159] alcaraz/INFO/locust.runners: All users spawned: {"WebsiteUser": 10} (10 total users)
[2025-06-18 15:25:35,904] alcaraz/INFO/locust.main: --run-time limit reached, shutting down
[2025-06-18 15:25:36,027] alcaraz/INFO/locust.main: Shutting down (exit code 0)
Type     Name                                                                          # reqs      # fails |    Avg     Min     Max    Med |   req/s  failures/s
--------|----------------------------------------------------------------------------|-------|-------------|-------|-------|-------|-------|--------|-----------
GET      /                                                                                 12     0(0.00%) |     81      34     129     84 |    0.42        0.00
GET      /cart                                                                             10     0(0.00%) |     46      30     107     34 |    0.35        0.00
POST     /cart                                                                             11     0(0.00%) |     74      54     124     72 |    0.38        0.00
POST     /cart/checkout                                                                     2     0(0.00%) |     43      42      44     42 |    0.07        0.00
GET      /product/0PUK6V6EV0                                                                2     0(0.00%) |     36      34      37     35 |    0.07        0.00
GET      /product/1YMWWN1N4O                                                                1     0(0.00%) |     36      36      36     36 |    0.03        0.00
GET      /product/2ZYFJ3GM2N                                                                2     0(0.00%) |     36      34      39     34 |    0.07        0.00
GET      /product/66VCHSJNUP                                                                4     0(0.00%) |     35      32      38     36 |    0.14        0.00
GET      /product/6E92ZMYYFZ                                                                3     0(0.00%) |     39      33      48     37 |    0.10        0.00
GET      /product/9SIQT8TOJO                                                                5     0(0.00%) |     35      33      37     35 |    0.17        0.00
GET      /product/L9ECAV7KIM                                                                4     0(0.00%) |     35      32      37     33 |    0.14        0.00
GET      /product/LS4PSXUNUM                                                                3     0(0.00%) |     34      31      37     36 |    0.10        0.00
GET      /product/OLJCESPC7Z                                                                4     0(0.00%) |     39      35      46     36 |    0.14        0.00
POST     /setCurrency                                                                       7     0(0.00%) |     69      57      82     69 |    0.24        0.00
--------|----------------------------------------------------------------------------|-------|-------------|-------|-------|-------|-------|--------|-----------
         Aggregated                                                                        70     0(0.00%) |     55      30     129     42 |    2.43        0.00

Response time percentiles (approximated)
Type     Name                                                                                  50%    66%    75%    80%    90%    95%    98%    99%  99.9% 99.99%   100% # reqs
--------|--------------------------------------------------------------------------------|--------|------|------|------|------|------|------|------|------|------|------|------
GET      /                                                                                      88     88     93     93     95    130    130    130    130    130    130     12
GET      /cart                                                                                  34     48     51     59    110    110    110    110    110    110    110     10
POST     /cart                                                                                  72     75     75     75     82    120    120    120    120    120    120     11
POST     /cart/checkout                                                                         44     44     44     44     44     44     44     44     44     44     44      2
GET      /product/0PUK6V6EV0                                                                    37     37     37     37     37     37     37     37     37     37     37      2
GET      /product/1YMWWN1N4O                                                                    37     37     37     37     37     37     37     37     37     37     37      1
GET      /product/2ZYFJ3GM2N                                                                    39     39     39     39     39     39     39     39     39     39     39      2
GET      /product/66VCHSJNUP                                                                    37     37     38     38     38     38     38     38     38     38     38      4
GET      /product/6E92ZMYYFZ                                                                    37     37     48     48     48     48     48     48     48     48     48      3
GET      /product/9SIQT8TOJO                                                                    35     36     36     37     37     37     37     37     37     37     37      5
GET      /product/L9ECAV7KIM                                                                    37     37     38     38     38     38     38     38     38     38     38      4
GET      /product/LS4PSXUNUM                                                                    36     36     38     38     38     38     38     38     38     38     38      3
GET      /product/OLJCESPC7Z                                                                    41     41     46     46     46     46     46     46     46     46     46      4
POST     /setCurrency                                                                           69     72     75     75     82     82     82     82     82     82     82      7
--------|--------------------------------------------------------------------------------|--------|------|------|------|------|------|------|------|------|------|------|------
         Aggregated                                                                             44     69     73     75     88     95    120    130    130    130    130     70

