[2025-06-18 15:25:40,163] alcaraz/INFO/locust.main: Starting Locust 2.33.2
[2025-06-18 15:25:40,164] alcaraz/INFO/locust.main: Run time limit set to 30 seconds
[2025-06-18 15:25:40,166] alcaraz/INFO/locust.runners: Ramping to 10 users at a rate of 1.00 per second
[2025-06-18 15:25:49,181] alcaraz/INFO/locust.runners: All users spawned: {"WebsiteUser": 10} (10 total users)
[2025-06-18 15:26:08,870] alcaraz/INFO/locust.main: --run-time limit reached, shutting down
[2025-06-18 15:26:08,992] alcaraz/INFO/locust.main: Shutting down (exit code 0)
Type     Name                                                                          # reqs      # fails |    Avg     Min     Max    Med |   req/s  failures/s
--------|----------------------------------------------------------------------------|-------|-------------|-------|-------|-------|-------|--------|-----------
GET      /                                                                                 16     0(0.00%) |     81      34     132     80 |    0.57        0.00
GET      /cart                                                                             10     0(0.00%) |     38      31      53     35 |    0.35        0.00
POST     /cart                                                                              7     0(0.00%) |    115      59     359     76 |    0.25        0.00
POST     /cart/checkout                                                                     2     0(0.00%) |     44      43      44     44 |    0.07        0.00
GET      /product/0PUK6V6EV0                                                                3     0(0.00%) |     54      34      91     37 |    0.11        0.00
GET      /product/1YMWWN1N4O                                                                3     0(0.00%) |     41      30      54     39 |    0.11        0.00
GET      /product/2ZYFJ3GM2N                                                                4     0(0.00%) |     43      34      66     36 |    0.14        0.00
GET      /product/66VCHSJNUP                                                                4     0(0.00%) |     36      35      38     36 |    0.14        0.00
GET      /product/6E92ZMYYFZ                                                                3     0(0.00%) |     33      32      35     33 |    0.11        0.00
GET      /product/9SIQT8TOJO                                                                2     0(0.00%) |     37      35      39     35 |    0.07        0.00
GET      /product/L9ECAV7KIM                                                                8     0(0.00%) |     36      34      41     35 |    0.28        0.00
GET      /product/LS4PSXUNUM                                                                6     0(0.00%) |     36      32      38     36 |    0.21        0.00
GET      /product/OLJCESPC7Z                                                                4     0(0.00%) |     35      32      38     35 |    0.14        0.00
POST     /setCurrency                                                                       5     0(0.00%) |     60      51      70     60 |    0.18        0.00
--------|----------------------------------------------------------------------------|-------|-------------|-------|-------|-------|-------|--------|-----------
         Aggregated                                                                        77     0(0.00%) |     56      30     359     39 |    2.72        0.00

Response time percentiles (approximated)
Type     Name                                                                                  50%    66%    75%    80%    90%    95%    98%    99%  99.9% 99.99%   100% # reqs
--------|--------------------------------------------------------------------------------|--------|------|------|------|------|------|------|------|------|------|------|------
GET      /                                                                                      89     93    110    110    120    130    130    130    130    130    130     16
GET      /cart                                                                                  36     38     47     51     53     53     53     53     53     53     53     10
POST     /cart                                                                                  76     78     88     88    360    360    360    360    360    360    360      7
POST     /cart/checkout                                                                         44     44     44     44     44     44     44     44     44     44     44      2
GET      /product/0PUK6V6EV0                                                                    37     37     92     92     92     92     92     92     92     92     92      3
GET      /product/1YMWWN1N4O                                                                    39     39     54     54     54     54     54     54     54     54     54      3
GET      /product/2ZYFJ3GM2N                                                                    37     37     67     67     67     67     67     67     67     67     67      4
GET      /product/66VCHSJNUP                                                                    36     36     39     39     39     39     39     39     39     39     39      4
GET      /product/6E92ZMYYFZ                                                                    33     33     36     36     36     36     36     36     36     36     36      3
GET      /product/9SIQT8TOJO                                                                    40     40     40     40     40     40     40     40     40     40     40      2
GET      /product/L9ECAV7KIM                                                                    37     37     39     39     41     41     41     41     41     41     41      8
GET      /product/LS4PSXUNUM                                                                    37     37     37     37     38     38     38     38     38     38     38      6
GET      /product/OLJCESPC7Z                                                                    36     36     39     39     39     39     39     39     39     39     39      4
POST     /setCurrency                                                                           60     67     67     71     71     71     71     71     71     71     71      5
--------|--------------------------------------------------------------------------------|--------|------|------|------|------|------|------|------|------|------|------|------
         Aggregated                                                                             39     53     67     76     92    110    130    360    360    360    360     77

