[2025-06-18 15:26:12,719] alcaraz/INFO/locust.main: Starting Locust 2.33.2
[2025-06-18 15:26:12,720] alcaraz/INFO/locust.main: Run time limit set to 30 seconds
[2025-06-18 15:26:12,722] alcaraz/INFO/locust.runners: Ramping to 10 users at a rate of 1.00 per second
[2025-06-18 15:26:21,739] alcaraz/INFO/locust.runners: All users spawned: {"WebsiteUser": 10} (10 total users)
[2025-06-18 15:26:41,507] alcaraz/INFO/locust.main: --run-time limit reached, shutting down
[2025-06-18 15:26:41,627] alcaraz/INFO/locust.main: Shutting down (exit code 0)
Type     Name                                                                          # reqs      # fails |    Avg     Min     Max    Med |   req/s  failures/s
--------|----------------------------------------------------------------------------|-------|-------------|-------|-------|-------|-------|--------|-----------
GET      /                                                                                 14     0(0.00%) |    110      37     360     89 |    0.49        0.00
GET      /cart                                                                              7     0(0.00%) |     40      31      51     36 |    0.25        0.00
POST     /cart                                                                              8     0(0.00%) |     76      57     118     72 |    0.28        0.00
POST     /cart/checkout                                                                     2     0(0.00%) |     42      40      44     41 |    0.07        0.00
GET      /product/0PUK6V6EV0                                                                3     0(0.00%) |     35      32      38     35 |    0.11        0.00
GET      /product/1YMWWN1N4O                                                                4     0(0.00%) |     33      31      35     32 |    0.14        0.00
GET      /product/2ZYFJ3GM2N                                                                2     0(0.00%) |     34      33      35     33 |    0.07        0.00
GET      /product/66VCHSJNUP                                                                3     0(0.00%) |     40      32      46     42 |    0.11        0.00
GET      /product/6E92ZMYYFZ                                                                4     0(0.00%) |     35      32      37     34 |    0.14        0.00
GET      /product/9SIQT8TOJO                                                                7     0(0.00%) |     35      30      37     36 |    0.25        0.00
GET      /product/L9ECAV7KIM                                                                2     0(0.00%) |     43      35      50     36 |    0.07        0.00
GET      /product/LS4PSXUNUM                                                                2     0(0.00%) |     40      35      45     36 |    0.07        0.00
GET      /product/OLJCESPC7Z                                                                6     0(0.00%) |     35      34      38     35 |    0.21        0.00
POST     /setCurrency                                                                       5     0(0.00%) |     65      56      73     68 |    0.18        0.00
--------|----------------------------------------------------------------------------|-------|-------------|-------|-------|-------|-------|--------|-----------
         Aggregated                                                                        69     0(0.00%) |     58      30     360     39 |    2.43        0.00

Response time percentiles (approximated)
Type     Name                                                                                  50%    66%    75%    80%    90%    95%    98%    99%  99.9% 99.99%   100% # reqs
--------|--------------------------------------------------------------------------------|--------|------|------|------|------|------|------|------|------|------|------|------
GET      /                                                                                      90     94     97    100    250    360    360    360    360    360    360     14
GET      /cart                                                                                  36     47     50     50     51     51     51     51     51     51     51      7
POST     /cart                                                                                  72     77     77     77    120    120    120    120    120    120    120      8
POST     /cart/checkout                                                                         45     45     45     45     45     45     45     45     45     45     45      2
GET      /product/0PUK6V6EV0                                                                    35     35     39     39     39     39     39     39     39     39     39      3
GET      /product/1YMWWN1N4O                                                                    34     34     36     36     36     36     36     36     36     36     36      4
GET      /product/2ZYFJ3GM2N                                                                    35     35     35     35     35     35     35     35     35     35     35      2
GET      /product/66VCHSJNUP                                                                    42     42     47     47     47     47     47     47     47     47     47      3
GET      /product/6E92ZMYYFZ                                                                    37     37     37     37     37     37     37     37     37     37     37      4
GET      /product/9SIQT8TOJO                                                                    36     36     38     38     38     38     38     38     38     38     38      7
GET      /product/L9ECAV7KIM                                                                    50     50     50     50     50     50     50     50     50     50     50      2
GET      /product/LS4PSXUNUM                                                                    46     46     46     46     46     46     46     46     46     46     46      2
GET      /product/OLJCESPC7Z                                                                    35     35     37     37     39     39     39     39     39     39     39      6
POST     /setCurrency                                                                           68     72     72     74     74     74     74     74     74     74     74      5
--------|--------------------------------------------------------------------------------|--------|------|------|------|------|------|------|------|------|------|------|------
         Aggregated                                                                             39     57     72     74     92    100    250    360    360    360    360     69

