[2025-06-18 15:26:45,440] alcaraz/INFO/locust.main: Starting Locust 2.33.2
[2025-06-18 15:26:45,441] alcaraz/INFO/locust.main: Run time limit set to 30 seconds
[2025-06-18 15:26:45,443] alcaraz/INFO/locust.runners: Ramping to 10 users at a rate of 1.00 per second
[2025-06-18 15:26:54,457] alcaraz/INFO/locust.runners: All users spawned: {"WebsiteUser": 10} (10 total users)
[2025-06-18 15:27:14,167] alcaraz/INFO/locust.main: --run-time limit reached, shutting down
[2025-06-18 15:27:14,292] alcaraz/INFO/locust.main: Shutting down (exit code 0)
Type     Name                                                                          # reqs      # fails |    Avg     Min     Max    Med |   req/s  failures/s
--------|----------------------------------------------------------------------------|-------|-------------|-------|-------|-------|-------|--------|-----------
GET      /                                                                                 11     0(0.00%) |     92      34     131     89 |    0.40        0.00
GET      /cart                                                                              3     0(0.00%) |     32      31      34     32 |    0.11        0.00
POST     /cart                                                                              6     0(0.00%) |     76      67      98     73 |    0.22        0.00
POST     /cart/checkout                                                                     3     0(0.00%) |     41      40      43     42 |    0.11        0.00
GET      /product/0PUK6V6EV0                                                                5     0(0.00%) |     36      32      42     36 |    0.18        0.00
GET      /product/1YMWWN1N4O                                                                3     0(0.00%) |     33      32      35     33 |    0.11        0.00
GET      /product/2ZYFJ3GM2N                                                                5     0(0.00%) |     36      32      46     34 |    0.18        0.00
GET      /product/66VCHSJNUP                                                                2     0(0.00%) |     41      34      48     34 |    0.07        0.00
GET      /product/6E92ZMYYFZ                                                                2     0(0.00%) |     34      32      36     33 |    0.07        0.00
GET      /product/9SIQT8TOJO                                                                3     0(0.00%) |     36      35      37     36 |    0.11        0.00
GET      /product/L9ECAV7KIM                                                                4     0(0.00%) |     51      35      99     36 |    0.14        0.00
GET      /product/LS4PSXUNUM                                                                9     0(0.00%) |     35      33      38     36 |    0.32        0.00
GET      /product/OLJCESPC7Z                                                                3     0(0.00%) |     38      35      42     36 |    0.11        0.00
POST     /setCurrency                                                                       4     0(0.00%) |     60      54      66     58 |    0.14        0.00
--------|----------------------------------------------------------------------------|-------|-------------|-------|-------|-------|-------|--------|-----------
         Aggregated                                                                        63     0(0.00%) |     52      31     131     37 |    2.27        0.00

Response time percentiles (approximated)
Type     Name                                                                                  50%    66%    75%    80%    90%    95%    98%    99%  99.9% 99.99%   100% # reqs
--------|--------------------------------------------------------------------------------|--------|------|------|------|------|------|------|------|------|------|------|------
GET      /                                                                                      89     99    120    120    120    130    130    130    130    130    130     11
GET      /cart                                                                                  32     32     35     35     35     35     35     35     35     35     35      3
POST     /cart                                                                                  73     73     81     81     99     99     99     99     99     99     99      6
POST     /cart/checkout                                                                         42     42     43     43     43     43     43     43     43     43     43      3
GET      /product/0PUK6V6EV0                                                                    36     37     37     42     42     42     42     42     42     42     42      5
GET      /product/1YMWWN1N4O                                                                    33     33     35     35     35     35     35     35     35     35     35      3
GET      /product/2ZYFJ3GM2N                                                                    34     35     35     46     46     46     46     46     46     46     46      5
GET      /product/66VCHSJNUP                                                                    48     48     48     48     48     48     48     48     48     48     48      2
GET      /product/6E92ZMYYFZ                                                                    37     37     37     37     37     37     37     37     37     37     37      2
GET      /product/9SIQT8TOJO                                                                    36     36     37     37     37     37     37     37     37     37     37      3
GET      /product/L9ECAV7KIM                                                                    37     37    100    100    100    100    100    100    100    100    100      4
GET      /product/LS4PSXUNUM                                                                    36     36     37     38     39     39     39     39     39     39     39      9
GET      /product/OLJCESPC7Z                                                                    36     36     43     43     43     43     43     43     43     43     43      3
POST     /setCurrency                                                                           63     63     66     66     66     66     66     66     66     66     66      4
--------|--------------------------------------------------------------------------------|--------|------|------|------|------|------|------|------|------|------|------|------
         Aggregated                                                                             37     48     68     73     95    100    120    130    130    130    130     63

