[2025-06-18 15:27:18,111] alcaraz/INFO/locust.main: Starting Locust 2.33.2
[2025-06-18 15:27:18,113] alcaraz/INFO/locust.main: Run time limit set to 30 seconds
[2025-06-18 15:27:18,114] alcaraz/INFO/locust.runners: Ramping to 10 users at a rate of 1.00 per second
[2025-06-18 15:27:27,130] alcaraz/INFO/locust.runners: All users spawned: {"WebsiteUser": 10} (10 total users)
[2025-06-18 15:27:46,834] alcaraz/INFO/locust.main: --run-time limit reached, shutting down
[2025-06-18 15:27:46,965] alcaraz/INFO/locust.main: Shutting down (exit code 0)
Type     Name                                                                          # reqs      # fails |    Avg     Min     Max    Med |   req/s  failures/s
--------|----------------------------------------------------------------------------|-------|-------------|-------|-------|-------|-------|--------|-----------
GET      /                                                                                 12     0(0.00%) |    120      36     284     84 |    0.42        0.00
GET      /cart                                                                              9     0(0.00%) |     42      29      95     33 |    0.31        0.00
POST     /cart                                                                              8     0(0.00%) |     96      59     195     71 |    0.28        0.00
POST     /cart/checkout                                                                     2     0(0.00%) |     46      39      53     39 |    0.07        0.00
GET      /product/0PUK6V6EV0                                                                2     0(0.00%) |     39      31      47     31 |    0.07        0.00
GET      /product/1YMWWN1N4O                                                                9     0(0.00%) |     35      31      39     36 |    0.31        0.00
GET      /product/2ZYFJ3GM2N                                                                3     0(0.00%) |     35      33      37     36 |    0.10        0.00
GET      /product/66VCHSJNUP                                                                3     0(0.00%) |     72      35     143     38 |    0.10        0.00
GET      /product/6E92ZMYYFZ                                                                2     0(0.00%) |     35      34      35     35 |    0.07        0.00
GET      /product/9SIQT8TOJO                                                                4     0(0.00%) |     63      34     126     35 |    0.14        0.00
GET      /product/L9ECAV7KIM                                                                3     0(0.00%) |     36      32      40     35 |    0.10        0.00
GET      /product/LS4PSXUNUM                                                                3     0(0.00%) |     35      31      39     35 |    0.10        0.00
GET      /product/OLJCESPC7Z                                                                5     0(0.00%) |     38      33      50     35 |    0.17        0.00
POST     /setCurrency                                                                       4     0(0.00%) |     72      67      78     69 |    0.14        0.00
--------|----------------------------------------------------------------------------|-------|-------------|-------|-------|-------|-------|--------|-----------
         Aggregated                                                                        69     0(0.00%) |     64      29     284     39 |    2.39        0.00

Response time percentiles (approximated)
Type     Name                                                                                  50%    66%    75%    80%    90%    95%    98%    99%  99.9% 99.99%   100% # reqs
--------|--------------------------------------------------------------------------------|--------|------|------|------|------|------|------|------|------|------|------|------
GET      /                                                                                      89     97    230    230    230    280    280    280    280    280    280     12
GET      /cart                                                                                  33     35     40     53     96     96     96     96     96     96     96      9
POST     /cart                                                                                  72    110    130    130    200    200    200    200    200    200    200      8
POST     /cart/checkout                                                                         54     54     54     54     54     54     54     54     54     54     54      2
GET      /product/0PUK6V6EV0                                                                    47     47     47     47     47     47     47     47     47     47     47      2
GET      /product/1YMWWN1N4O                                                                    36     36     37     38     40     40     40     40     40     40     40      9
GET      /product/2ZYFJ3GM2N                                                                    36     36     37     37     37     37     37     37     37     37     37      3
GET      /product/66VCHSJNUP                                                                    38     38    140    140    140    140    140    140    140    140    140      3
GET      /product/6E92ZMYYFZ                                                                    35     35     35     35     35     35     35     35     35     35     35      2
GET      /product/9SIQT8TOJO                                                                    60     60    130    130    130    130    130    130    130    130    130      4
GET      /product/L9ECAV7KIM                                                                    35     35     40     40     40     40     40     40     40     40     40      3
GET      /product/LS4PSXUNUM                                                                    35     35     39     39     39     39     39     39     39     39     39      3
GET      /product/OLJCESPC7Z                                                                    35     36     36     51     51     51     51     51     51     51     51      5
POST     /setCurrency                                                                           74     74     79     79     79     79     79     79     79     79     79      4
--------|--------------------------------------------------------------------------------|--------|------|------|------|------|------|------|------|------|------|------|------
         Aggregated                                                                             39     68     72     81    130    200    230    280    280    280    280     69

