[2025-06-18 15:27:50,737] alcaraz/INFO/locust.main: Starting Locust 2.33.2
[2025-06-18 15:27:50,738] alcaraz/INFO/locust.main: Run time limit set to 30 seconds
[2025-06-18 15:27:50,740] alcaraz/INFO/locust.runners: Ramping to 10 users at a rate of 1.00 per second
[2025-06-18 15:27:59,754] alcaraz/INFO/locust.runners: All users spawned: {"WebsiteUser": 10} (10 total users)
[2025-06-18 15:28:19,479] alcaraz/INFO/locust.main: --run-time limit reached, shutting down
[2025-06-18 15:28:19,597] alcaraz/INFO/locust.main: Shutting down (exit code 0)
Type     Name                                                                          # reqs      # fails |    Avg     Min     Max    Med |   req/s  failures/s
--------|----------------------------------------------------------------------------|-------|-------------|-------|-------|-------|-------|--------|-----------
GET      /                                                                                 12     0(0.00%) |    126      49     545     88 |    0.42        0.00
GET      /cart                                                                              7     0(0.00%) |     36      32      51     35 |    0.25        0.00
POST     /cart                                                                             12     0(0.00%) |     77      70      90     75 |    0.42        0.00
POST     /cart/checkout                                                                     3     0(0.00%) |     40      38      42     39 |    0.11        0.00
GET      /product/0PUK6V6EV0                                                                4     0(0.00%) |     40      31      55     34 |    0.14        0.00
GET      /product/1YMWWN1N4O                                                                3     0(0.00%) |     39      33      47     37 |    0.11        0.00
GET      /product/2ZYFJ3GM2N                                                                2     0(0.00%) |     41      38      44     39 |    0.07        0.00
GET      /product/66VCHSJNUP                                                                7     0(0.00%) |     36      32      44     35 |    0.25        0.00
GET      /product/6E92ZMYYFZ                                                                1     0(0.00%) |     33      33      33     33 |    0.04        0.00
GET      /product/9SIQT8TOJO                                                                6     0(0.00%) |     36      33      49     33 |    0.21        0.00
GET      /product/L9ECAV7KIM                                                                1     0(0.00%) |     38      38      38     38 |    0.04        0.00
GET      /product/LS4PSXUNUM                                                                4     0(0.00%) |     37      32      51     33 |    0.14        0.00
GET      /product/OLJCESPC7Z                                                                8     0(0.00%) |     36      32      42     36 |    0.28        0.00
POST     /setCurrency                                                                       5     0(0.00%) |     70      65      75     71 |    0.18        0.00
--------|----------------------------------------------------------------------------|-------|-------------|-------|-------|-------|-------|--------|-----------
         Aggregated                                                                        75     0(0.00%) |     60      31     545     43 |    2.64        0.00

Response time percentiles (approximated)
Type     Name                                                                                  50%    66%    75%    80%    90%    95%    98%    99%  99.9% 99.99%   100% # reqs
--------|--------------------------------------------------------------------------------|--------|------|------|------|------|------|------|------|------|------|------|------
GET      /                                                                                      89     89    120    120    140    550    550    550    550    550    550     12
GET      /cart                                                                                  35     35     36     36     51     51     51     51     51     51     51      7
POST     /cart                                                                                  75     76     81     81     88     91     91     91     91     91     91     12
POST     /cart/checkout                                                                         39     39     43     43     43     43     43     43     43     43     43      3
GET      /product/0PUK6V6EV0                                                                    39     39     55     55     55     55     55     55     55     55     55      4
GET      /product/1YMWWN1N4O                                                                    37     37     47     47     47     47     47     47     47     47     47      3
GET      /product/2ZYFJ3GM2N                                                                    45     45     45     45     45     45     45     45     45     45     45      2
GET      /product/66VCHSJNUP                                                                    35     36     36     36     45     45     45     45     45     45     45      7
GET      /product/6E92ZMYYFZ                                                                    33     33     33     33     33     33     33     33     33     33     33      1
GET      /product/9SIQT8TOJO                                                                    34     34     36     36     49     49     49     49     49     49     49      6
GET      /product/L9ECAV7KIM                                                                    38     38     38     38     38     38     38     38     38     38     38      1
GET      /product/LS4PSXUNUM                                                                    34     34     51     51     51     51     51     51     51     51     51      4
GET      /product/OLJCESPC7Z                                                                    37     37     39     39     43     43     43     43     43     43     43      8
POST     /setCurrency                                                                           71     72     72     75     75     75     75     75     75     75     75      5
--------|--------------------------------------------------------------------------------|--------|------|------|------|------|------|------|------|------|------|------|------
         Aggregated                                                                             43     69     73     75     88    100    140    550    550    550    550     75

