[2025-06-18 15:30:34,247] alcaraz/INFO/locust.main: Starting Locust 2.33.2
[2025-06-18 15:30:34,248] alcaraz/INFO/locust.main: Run time limit set to 30 seconds
[2025-06-18 15:30:34,250] alcaraz/INFO/locust.runners: Ramping to 10 users at a rate of 1.00 per second
[2025-06-18 15:30:43,265] alcaraz/INFO/locust.runners: All users spawned: {"WebsiteUser": 10} (10 total users)
[2025-06-18 15:31:02,979] alcaraz/INFO/locust.main: --run-time limit reached, shutting down
[2025-06-18 15:31:03,101] alcaraz/INFO/locust.main: Shutting down (exit code 0)
Type     Name                                                                          # reqs      # fails |    Avg     Min     Max    Med |   req/s  failures/s
--------|----------------------------------------------------------------------------|-------|-------------|-------|-------|-------|-------|--------|-----------
GET      /                                                                                 13     0(0.00%) |     95      35     186     89 |    0.48        0.00
GET      /cart                                                                              8     0(0.00%) |     37      32      49     34 |    0.29        0.00
POST     /cart                                                                              5     0(0.00%) |     73      71      77     73 |    0.18        0.00
POST     /cart/checkout                                                                     1     0(0.00%) |     43      43      43     43 |    0.04        0.00
GET      /product/0PUK6V6EV0                                                                7     0(0.00%) |     36      31      40     37 |    0.26        0.00
GET      /product/1YMWWN1N4O                                                                5     0(0.00%) |     36      34      38     37 |    0.18        0.00
GET      /product/2ZYFJ3GM2N                                                                2     0(0.00%) |     42      35      50     35 |    0.07        0.00
GET      /product/66VCHSJNUP                                                                2     0(0.00%) |     35      34      36     35 |    0.07        0.00
GET      /product/6E92ZMYYFZ                                                                2     0(0.00%) |     34      34      35     34 |    0.07        0.00
GET      /product/9SIQT8TOJO                                                                7     0(0.00%) |     39      33      51     37 |    0.26        0.00
GET      /product/L9ECAV7KIM                                                                5     0(0.00%) |     34      32      35     35 |    0.18        0.00
GET      /product/LS4PSXUNUM                                                                5     0(0.00%) |     38      34      49     37 |    0.18        0.00
GET      /product/OLJCESPC7Z                                                                2     0(0.00%) |     37      37      38     37 |    0.07        0.00
POST     /setCurrency                                                                       7     0(0.00%) |     64      52      72     70 |    0.26        0.00
--------|----------------------------------------------------------------------------|-------|-------------|-------|-------|-------|-------|--------|-----------
         Aggregated                                                                        71     0(0.00%) |     53      31     186     38 |    2.60        0.00

Response time percentiles (approximated)
Type     Name                                                                                  50%    66%    75%    80%    90%    95%    98%    99%  99.9% 99.99%   100% # reqs
--------|--------------------------------------------------------------------------------|--------|------|------|------|------|------|------|------|------|------|------|------
GET      /                                                                                      89    100    110    130    150    190    190    190    190    190    190     13
GET      /cart                                                                                  35     36     48     48     49     49     49     49     49     49     49      8
POST     /cart                                                                                  73     74     74     78     78     78     78     78     78     78     78      5
POST     /cart/checkout                                                                         43     43     43     43     43     43     43     43     43     43     43      1
GET      /product/0PUK6V6EV0                                                                    37     37     37     37     40     40     40     40     40     40     40      7
GET      /product/1YMWWN1N4O                                                                    37     38     38     39     39     39     39     39     39     39     39      5
GET      /product/2ZYFJ3GM2N                                                                    50     50     50     50     50     50     50     50     50     50     50      2
GET      /product/66VCHSJNUP                                                                    37     37     37     37     37     37     37     37     37     37     37      2
GET      /product/6E92ZMYYFZ                                                                    35     35     35     35     35     35     35     35     35     35     35      2
GET      /product/9SIQT8TOJO                                                                    37     39     47     47     52     52     52     52     52     52     52      7
GET      /product/L9ECAV7KIM                                                                    35     35     35     36     36     36     36     36     36     36     36      5
GET      /product/LS4PSXUNUM                                                                    37     37     37     50     50     50     50     50     50     50     50      5
GET      /product/OLJCESPC7Z                                                                    39     39     39     39     39     39     39     39     39     39     39      2
POST     /setCurrency                                                                           70     71     71     71     73     73     73     73     73     73     73      7
--------|--------------------------------------------------------------------------------|--------|------|------|------|------|------|------|------|------|------|------|------
         Aggregated                                                                             38     50     71     72     87    110    150    190    190    190    190     71

