[2025-06-18 15:32:12,533] alcaraz/INFO/locust.main: Starting Locust 2.33.2
[2025-06-18 15:32:12,534] alcaraz/INFO/locust.main: Run time limit set to 30 seconds
[2025-06-18 15:32:12,537] alcaraz/INFO/locust.runners: Ramping to 10 users at a rate of 1.00 per second
[2025-06-18 15:32:21,552] alcaraz/INFO/locust.runners: All users spawned: {"WebsiteUser": 10} (10 total users)
[2025-06-18 15:32:41,297] alcaraz/INFO/locust.main: --run-time limit reached, shutting down
[2025-06-18 15:32:41,421] alcaraz/INFO/locust.main: Shutting down (exit code 0)
Type     Name                                                                          # reqs      # fails |    Avg     Min     Max    Med |   req/s  failures/s
--------|----------------------------------------------------------------------------|-------|-------------|-------|-------|-------|-------|--------|-----------
GET      /                                                                                 13     0(0.00%) |     89      53     181     83 |    0.47        0.00
GET      /cart                                                                              6     0(0.00%) |     39      33      57     37 |    0.21        0.00
POST     /cart                                                                              9     0(0.00%) |     86      56     154     74 |    0.32        0.00
POST     /cart/checkout                                                                     4     0(0.00%) |     44      43      47     44 |    0.14        0.00
GET      /product/0PUK6V6EV0                                                                2     0(0.00%) |     34      33      34     33 |    0.07        0.00
GET      /product/1YMWWN1N4O                                                                2     0(0.00%) |     45      34      55     35 |    0.07        0.00
GET      /product/2ZYFJ3GM2N                                                                7     0(0.00%) |     38      35      48     37 |    0.25        0.00
GET      /product/66VCHSJNUP                                                                3     0(0.00%) |     34      32      37     34 |    0.11        0.00
GET      /product/6E92ZMYYFZ                                                                2     0(0.00%) |     35      34      35     35 |    0.07        0.00
GET      /product/9SIQT8TOJO                                                                3     0(0.00%) |     35      33      37     37 |    0.11        0.00
GET      /product/L9ECAV7KIM                                                                5     0(0.00%) |     38      35      41     38 |    0.18        0.00
GET      /product/LS4PSXUNUM                                                                4     0(0.00%) |     46      34      82     35 |    0.14        0.00
GET      /product/OLJCESPC7Z                                                                5     0(0.00%) |     37      33      42     37 |    0.18        0.00
POST     /setCurrency                                                                       5     0(0.00%) |     66      57      80     61 |    0.18        0.00
--------|----------------------------------------------------------------------------|-------|-------------|-------|-------|-------|-------|--------|-----------
         Aggregated                                                                        70     0(0.00%) |     56      32     181     42 |    2.51        0.00

Response time percentiles (approximated)
Type     Name                                                                                  50%    66%    75%    80%    90%    95%    98%    99%  99.9% 99.99%   100% # reqs
--------|--------------------------------------------------------------------------------|--------|------|------|------|------|------|------|------|------|------|------|------
GET      /                                                                                      83     93     94     96    120    180    180    180    180    180    180     13
GET      /cart                                                                                  37     37     38     38     58     58     58     58     58     58     58      6
POST     /cart                                                                                  74     78     98    110    150    150    150    150    150    150    150      9
POST     /cart/checkout                                                                         45     45     48     48     48     48     48     48     48     48     48      4
GET      /product/0PUK6V6EV0                                                                    35     35     35     35     35     35     35     35     35     35     35      2
GET      /product/1YMWWN1N4O                                                                    56     56     56     56     56     56     56     56     56     56     56      2
GET      /product/2ZYFJ3GM2N                                                                    37     39     39     39     48     48     48     48     48     48     48      7
GET      /product/66VCHSJNUP                                                                    34     34     37     37     37     37     37     37     37     37     37      3
GET      /product/6E92ZMYYFZ                                                                    36     36     36     36     36     36     36     36     36     36     36      2
GET      /product/9SIQT8TOJO                                                                    37     37     37     37     37     37     37     37     37     37     37      3
GET      /product/L9ECAV7KIM                                                                    38     41     41     42     42     42     42     42     42     42     42      5
GET      /product/LS4PSXUNUM                                                                    35     35     83     83     83     83     83     83     83     83     83      4
GET      /product/OLJCESPC7Z                                                                    37     38     38     42     42     42     42     42     42     42     42      5
POST     /setCurrency                                                                           61     74     74     81     81     81     81     81     81     81     81      5
--------|--------------------------------------------------------------------------------|--------|------|------|------|------|------|------|------|------|------|------|------
         Aggregated                                                                             43     58     74     81     94    110    150    180    180    180    180     70

