[2025-06-18 15:32:45,354] alcaraz/INFO/locust.main: Starting Locust 2.33.2
[2025-06-18 15:32:45,355] alcaraz/INFO/locust.main: Run time limit set to 30 seconds
[2025-06-18 15:32:45,357] alcaraz/INFO/locust.runners: Ramping to 10 users at a rate of 1.00 per second
[2025-06-18 15:32:54,375] alcaraz/INFO/locust.runners: All users spawned: {"WebsiteUser": 10} (10 total users)
[2025-06-18 15:33:14,067] alcaraz/INFO/locust.main: --run-time limit reached, shutting down
[2025-06-18 15:33:14,187] alcaraz/INFO/locust.main: Shutting down (exit code 0)
Type     Name                                                                          # reqs      # fails |    Avg     Min     Max    Med |   req/s  failures/s
--------|----------------------------------------------------------------------------|-------|-------------|-------|-------|-------|-------|--------|-----------
GET      /                                                                                 15     0(0.00%) |     94      52     277     86 |    0.52        0.00
GET      /cart                                                                             10     0(0.00%) |     38      34      54     36 |    0.35        0.00
POST     /cart                                                                              7     0(0.00%) |     80      73     107     75 |    0.24        0.00
POST     /cart/checkout                                                                     2     0(0.00%) |     43      42      43     43 |    0.07        0.00
GET      /product/0PUK6V6EV0                                                                2     0(0.00%) |     40      36      44     37 |    0.07        0.00
GET      /product/1YMWWN1N4O                                                                5     0(0.00%) |     41      33      55     34 |    0.17        0.00
GET      /product/2ZYFJ3GM2N                                                                3     0(0.00%) |     35      32      37     35 |    0.10        0.00
GET      /product/66VCHSJNUP                                                                7     0(0.00%) |     35      33      38     35 |    0.24        0.00
GET      /product/6E92ZMYYFZ                                                                4     0(0.00%) |     35      33      36     35 |    0.14        0.00
GET      /product/9SIQT8TOJO                                                                1     0(0.00%) |     37      37      37     37 |    0.03        0.00
GET      /product/L9ECAV7KIM                                                                2     0(0.00%) |     37      35      38     36 |    0.07        0.00
GET      /product/LS4PSXUNUM                                                                3     0(0.00%) |     36      35      36     36 |    0.10        0.00
GET      /product/OLJCESPC7Z                                                                3     0(0.00%) |     35      33      36     36 |    0.10        0.00
POST     /setCurrency                                                                       6     0(0.00%) |     66      51      76     72 |    0.21        0.00
--------|----------------------------------------------------------------------------|-------|-------------|-------|-------|-------|-------|--------|-----------
         Aggregated                                                                        70     0(0.00%) |     56      32     277     41 |    2.44        0.00

Response time percentiles (approximated)
Type     Name                                                                                  50%    66%    75%    80%    90%    95%    98%    99%  99.9% 99.99%   100% # reqs
--------|--------------------------------------------------------------------------------|--------|------|------|------|------|------|------|------|------|------|------|------
GET      /                                                                                      86     86     96     97    130    280    280    280    280    280    280     15
GET      /cart                                                                                  37     38     41     44     55     55     55     55     55     55     55     10
POST     /cart                                                                                  75     77     81     81    110    110    110    110    110    110    110      7
POST     /cart/checkout                                                                         43     43     43     43     43     43     43     43     43     43     43      2
GET      /product/0PUK6V6EV0                                                                    44     44     44     44     44     44     44     44     44     44     44      2
GET      /product/1YMWWN1N4O                                                                    34     51     51     55     55     55     55     55     55     55     55      5
GET      /product/2ZYFJ3GM2N                                                                    35     35     38     38     38     38     38     38     38     38     38      3
GET      /product/66VCHSJNUP                                                                    35     35     35     35     38     38     38     38     38     38     38      7
GET      /product/6E92ZMYYFZ                                                                    36     36     37     37     37     37     37     37     37     37     37      4
GET      /product/9SIQT8TOJO                                                                    37     37     37     37     37     37     37     37     37     37     37      1
GET      /product/L9ECAV7KIM                                                                    39     39     39     39     39     39     39     39     39     39     39      2
GET      /product/LS4PSXUNUM                                                                    36     36     37     37     37     37     37     37     37     37     37      3
GET      /product/OLJCESPC7Z                                                                    36     36     37     37     37     37     37     37     37     37     37      3
POST     /setCurrency                                                                           73     73     76     76     77     77     77     77     77     77     77      6
--------|--------------------------------------------------------------------------------|--------|------|------|------|------|------|------|------|------|------|------|------
         Aggregated                                                                             43     62     74     77     86     97    130    280    280    280    280     70

