[2025-06-18 15:33:18,064] alcaraz/INFO/locust.main: Starting Locust 2.33.2
[2025-06-18 15:33:18,066] alcaraz/INFO/locust.main: Run time limit set to 30 seconds
[2025-06-18 15:33:18,068] alcaraz/INFO/locust.runners: Ramping to 10 users at a rate of 1.00 per second
[2025-06-18 15:33:27,084] alcaraz/INFO/locust.runners: All users spawned: {"WebsiteUser": 10} (10 total users)
[2025-06-18 15:33:46,731] alcaraz/INFO/locust.main: --run-time limit reached, shutting down
[2025-06-18 15:33:46,852] alcaraz/INFO/locust.main: Shutting down (exit code 0)
Type     Name                                                                          # reqs      # fails |    Avg     Min     Max    Med |   req/s  failures/s
--------|----------------------------------------------------------------------------|-------|-------------|-------|-------|-------|-------|--------|-----------
GET      /                                                                                 16     0(0.00%) |     81      36     150     85 |    0.57        0.00
GET      /cart                                                                              8     0(0.00%) |     35      32      41     35 |    0.28        0.00
POST     /cart                                                                              2     0(0.00%) |     70      68      72     69 |    0.07        0.00
POST     /cart/checkout                                                                     1     0(0.00%) |     42      42      42     42 |    0.04        0.00
GET      /product/0PUK6V6EV0                                                                2     0(0.00%) |     37      35      39     35 |    0.07        0.00
GET      /product/1YMWWN1N4O                                                                3     0(0.00%) |     38      33      42     38 |    0.11        0.00
GET      /product/2ZYFJ3GM2N                                                                3     0(0.00%) |     36      34      39     36 |    0.11        0.00
GET      /product/66VCHSJNUP                                                                5     0(0.00%) |     34      32      35     35 |    0.18        0.00
GET      /product/6E92ZMYYFZ                                                                2     0(0.00%) |     35      35      36     35 |    0.07        0.00
GET      /product/9SIQT8TOJO                                                                1     0(0.00%) |     38      38      38     38 |    0.04        0.00
GET      /product/L9ECAV7KIM                                                                4     0(0.00%) |     34      31      35     35 |    0.14        0.00
GET      /product/LS4PSXUNUM                                                                3     0(0.00%) |     36      34      38     37 |    0.11        0.00
GET      /product/OLJCESPC7Z                                                                4     0(0.00%) |     35      32      36     36 |    0.14        0.00
POST     /setCurrency                                                                       7     0(0.00%) |     64      53      75     66 |    0.25        0.00
--------|----------------------------------------------------------------------------|-------|-------------|-------|-------|-------|-------|--------|-----------
         Aggregated                                                                        61     0(0.00%) |     52      31     150     38 |    2.17        0.00

Response time percentiles (approximated)
Type     Name                                                                                  50%    66%    75%    80%    90%    95%    98%    99%  99.9% 99.99%   100% # reqs
--------|--------------------------------------------------------------------------------|--------|------|------|------|------|------|------|------|------|------|------|------
GET      /                                                                                      86     92     94     94    140    150    150    150    150    150    150     16
GET      /cart                                                                                  35     36     37     37     41     41     41     41     41     41     41      8
POST     /cart                                                                                  72     72     72     72     72     72     72     72     72     72     72      2
POST     /cart/checkout                                                                         42     42     42     42     42     42     42     42     42     42     42      1
GET      /product/0PUK6V6EV0                                                                    40     40     40     40     40     40     40     40     40     40     40      2
GET      /product/1YMWWN1N4O                                                                    38     38     42     42     42     42     42     42     42     42     42      3
GET      /product/2ZYFJ3GM2N                                                                    36     36     40     40     40     40     40     40     40     40     40      3
GET      /product/66VCHSJNUP                                                                    36     36     36     36     36     36     36     36     36     36     36      5
GET      /product/6E92ZMYYFZ                                                                    37     37     37     37     37     37     37     37     37     37     37      2
GET      /product/9SIQT8TOJO                                                                    38     38     38     38     38     38     38     38     38     38     38      1
GET      /product/L9ECAV7KIM                                                                    35     35     36     36     36     36     36     36     36     36     36      4
GET      /product/LS4PSXUNUM                                                                    37     37     38     38     38     38     38     38     38     38     38      3
GET      /product/OLJCESPC7Z                                                                    36     36     37     37     37     37     37     37     37     37     37      4
POST     /setCurrency                                                                           66     68     72     72     75     75     75     75     75     75     75      7
--------|--------------------------------------------------------------------------------|--------|------|------|------|------|------|------|------|------|------|------|------
         Aggregated                                                                             38     54     68     72     88     94    140    150    150    150    150     61

