[2025-06-18 15:33:50,612] alcaraz/INFO/locust.main: Starting Locust 2.33.2
[2025-06-18 15:33:50,613] alcaraz/INFO/locust.main: Run time limit set to 30 seconds
[2025-06-18 15:33:50,615] alcaraz/INFO/locust.runners: Ramping to 10 users at a rate of 1.00 per second
[2025-06-18 15:33:59,630] alcaraz/INFO/locust.runners: All users spawned: {"WebsiteUser": 10} (10 total users)
[2025-06-18 15:34:19,351] alcaraz/INFO/locust.main: --run-time limit reached, shutting down
[2025-06-18 15:34:19,472] alcaraz/INFO/locust.main: Shutting down (exit code 0)
Type     Name                                                                          # reqs      # fails |    Avg     Min     Max    Med |   req/s  failures/s
--------|----------------------------------------------------------------------------|-------|-------------|-------|-------|-------|-------|--------|-----------
GET      /                                                                                 12     0(0.00%) |     89      38     126     91 |    0.42        0.00
GET      /cart                                                                              6     0(0.00%) |     70      31     261     32 |    0.21        0.00
POST     /cart                                                                              6     0(0.00%) |     79      60     110     72 |    0.21        0.00
POST     /cart/checkout                                                                     3     0(0.00%) |     45      43      48     44 |    0.10        0.00
GET      /product/0PUK6V6EV0                                                                8     0(0.00%) |     35      34      37     36 |    0.28        0.00
GET      /product/1YMWWN1N4O                                                                6     0(0.00%) |     33      31      36     32 |    0.21        0.00
GET      /product/66VCHSJNUP                                                                5     0(0.00%) |     33      32      34     34 |    0.17        0.00
GET      /product/6E92ZMYYFZ                                                                2     0(0.00%) |     36      35      37     35 |    0.07        0.00
GET      /product/9SIQT8TOJO                                                                3     0(0.00%) |     37      33      39     39 |    0.10        0.00
GET      /product/L9ECAV7KIM                                                                1     0(0.00%) |     33      33      33     33 |    0.03        0.00
GET      /product/LS4PSXUNUM                                                                4     0(0.00%) |     34      32      37     34 |    0.14        0.00
GET      /product/OLJCESPC7Z                                                               10     0(0.00%) |     35      33      40     35 |    0.35        0.00
POST     /setCurrency                                                                       2     0(0.00%) |     80      71      89     72 |    0.07        0.00
--------|----------------------------------------------------------------------------|-------|-------------|-------|-------|-------|-------|--------|-----------
         Aggregated                                                                        68     0(0.00%) |     53      31     261     36 |    2.37        0.00

Response time percentiles (approximated)
Type     Name                                                                                  50%    66%    75%    80%    90%    95%    98%    99%  99.9% 99.99%   100% # reqs
--------|--------------------------------------------------------------------------------|--------|------|------|------|------|------|------|------|------|------|------|------
GET      /                                                                                      93     96     98     98     99    130    130    130    130    130    130     12
GET      /cart                                                                                  33     33     35     35    260    260    260    260    260    260    260      6
POST     /cart                                                                                  73     73     94     94    110    110    110    110    110    110    110      6
POST     /cart/checkout                                                                         44     44     49     49     49     49     49     49     49     49     49      3
GET      /product/0PUK6V6EV0                                                                    36     36     37     37     37     37     37     37     37     37     37      8
GET      /product/1YMWWN1N4O                                                                    33     33     35     35     36     36     36     36     36     36     36      6
GET      /product/66VCHSJNUP                                                                    34     34     34     34     34     34     34     34     34     34     34      5
GET      /product/6E92ZMYYFZ                                                                    38     38     38     38     38     38     38     38     38     38     38      2
GET      /product/9SIQT8TOJO                                                                    39     39     39     39     39     39     39     39     39     39     39      3
GET      /product/L9ECAV7KIM                                                                    33     33     33     33     33     33     33     33     33     33     33      1
GET      /product/LS4PSXUNUM                                                                    36     36     38     38     38     38     38     38     38     38     38      4
GET      /product/OLJCESPC7Z                                                                    36     36     37     37     41     41     41     41     41     41     41     10
POST     /setCurrency                                                                           89     89     89     89     89     89     89     89     89     89     89      2
--------|--------------------------------------------------------------------------------|--------|------|------|------|------|------|------|------|------|------|------|------
         Aggregated                                                                             36     41     72     81     96     99    130    260    260    260    260     68

