[2025-06-18 15:34:23,216] alcaraz/INFO/locust.main: Starting Locust 2.33.2
[2025-06-18 15:34:23,217] alcaraz/INFO/locust.main: Run time limit set to 30 seconds
[2025-06-18 15:34:23,218] alcaraz/INFO/locust.runners: Ramping to 10 users at a rate of 1.00 per second
[2025-06-18 15:34:32,233] alcaraz/INFO/locust.runners: All users spawned: {"WebsiteUser": 10} (10 total users)
[2025-06-18 15:34:51,996] alcaraz/INFO/locust.main: --run-time limit reached, shutting down
[2025-06-18 15:34:52,120] alcaraz/INFO/locust.main: Shutting down (exit code 0)
Type     Name                                                                          # reqs      # fails |    Avg     Min     Max    Med |   req/s  failures/s
--------|----------------------------------------------------------------------------|-------|-------------|-------|-------|-------|-------|--------|-----------
GET      /                                                                                 11     0(0.00%) |    126      52     482     91 |    0.39        0.00
GET      /cart                                                                              4     0(0.00%) |     39      31      54     33 |    0.14        0.00
POST     /cart                                                                              8     0(0.00%) |     73      69      93     71 |    0.28        0.00
POST     /cart/checkout                                                                     2     0(0.00%) |     44      43      45     44 |    0.07        0.00
GET      /product/0PUK6V6EV0                                                                3     0(0.00%) |     41      33      47     44 |    0.11        0.00
GET      /product/1YMWWN1N4O                                                                2     0(0.00%) |     36      34      39     35 |    0.07        0.00
GET      /product/2ZYFJ3GM2N                                                                3     0(0.00%) |     37      33      42     36 |    0.11        0.00
GET      /product/66VCHSJNUP                                                                3     0(0.00%) |     46      35      53     49 |    0.11        0.00
GET      /product/6E92ZMYYFZ                                                                4     0(0.00%) |     35      33      37     34 |    0.14        0.00
GET      /product/9SIQT8TOJO                                                                9     0(0.00%) |     37      32      48     35 |    0.32        0.00
GET      /product/L9ECAV7KIM                                                                5     0(0.00%) |     44      33      79     35 |    0.18        0.00
GET      /product/LS4PSXUNUM                                                                3     0(0.00%) |     35      31      41     33 |    0.11        0.00
GET      /product/OLJCESPC7Z                                                                2     0(0.00%) |     85      31     140     31 |    0.07        0.00
POST     /setCurrency                                                                       5     0(0.00%) |     80      58     128     70 |    0.18        0.00
--------|----------------------------------------------------------------------------|-------|-------------|-------|-------|-------|-------|--------|-----------
         Aggregated                                                                        64     0(0.00%) |     63      31     482     45 |    2.28        0.00

Response time percentiles (approximated)
Type     Name                                                                                  50%    66%    75%    80%    90%    95%    98%    99%  99.9% 99.99%   100% # reqs
--------|--------------------------------------------------------------------------------|--------|------|------|------|------|------|------|------|------|------|------|------
GET      /                                                                                      91     94    120    120    130    480    480    480    480    480    480     11
GET      /cart                                                                                  38     38     54     54     54     54     54     54     54     54     54      4
POST     /cart                                                                                  71     73     73     73     93     93     93     93     93     93     93      8
POST     /cart/checkout                                                                         45     45     45     45     45     45     45     45     45     45     45      2
GET      /product/0PUK6V6EV0                                                                    44     44     48     48     48     48     48     48     48     48     48      3
GET      /product/1YMWWN1N4O                                                                    39     39     39     39     39     39     39     39     39     39     39      2
GET      /product/2ZYFJ3GM2N                                                                    36     36     42     42     42     42     42     42     42     42     42      3
GET      /product/66VCHSJNUP                                                                    49     49     54     54     54     54     54     54     54     54     54      3
GET      /product/6E92ZMYYFZ                                                                    36     36     37     37     37     37     37     37     37     37     37      4
GET      /product/9SIQT8TOJO                                                                    35     36     41     46     48     48     48     48     48     48     48      9
GET      /product/L9ECAV7KIM                                                                    35     37     37     79     79     79     79     79     79     79     79      5
GET      /product/LS4PSXUNUM                                                                    33     33     41     41     41     41     41     41     41     41     41      3
GET      /product/OLJCESPC7Z                                                                   140    140    140    140    140    140    140    140    140    140    140      2
POST     /setCurrency                                                                           70     74     74    130    130    130    130    130    130    130    130      5
--------|--------------------------------------------------------------------------------|--------|------|------|------|------|------|------|------|------|------|------|------
         Aggregated                                                                             46     70     73     79     93    130    140    480    480    480    480     64

