[2025-06-18 15:20:13,599] alcaraz/INFO/locust.main: Starting Locust 2.33.2
[2025-06-18 15:20:13,600] alcaraz/INFO/locust.main: Run time limit set to 30 seconds
[2025-06-18 15:20:13,602] alcaraz/INFO/locust.runners: Ramping to 10 users at a rate of 1.00 per second
[2025-06-18 15:20:22,614] alcaraz/INFO/locust.runners: All users spawned: {"WebsiteUser": 10} (10 total users)
[2025-06-18 15:20:42,338] alcaraz/INFO/locust.main: --run-time limit reached, shutting down
[2025-06-18 15:20:42,460] alcaraz/INFO/locust.main: Shutting down (exit code 0)
Type     Name                                                                          # reqs      # fails |    Avg     Min     Max    Med |   req/s  failures/s
--------|----------------------------------------------------------------------------|-------|-------------|-------|-------|-------|-------|--------|-----------
GET      /                                                                                 12     0(0.00%) |     80      41     127     83 |    0.42        0.00
GET      /cart                                                                              8     0(0.00%) |     47      30     100     35 |    0.28        0.00
POST     /cart                                                                             10     0(0.00%) |     69      58      79     71 |    0.35        0.00
POST     /cart/checkout                                                                     2     0(0.00%) |     43      42      44     43 |    0.07        0.00
GET      /product/0PUK6V6EV0                                                                4     0(0.00%) |     40      32      51     35 |    0.14        0.00
GET      /product/1YMWWN1N4O                                                                4     0(0.00%) |     39      33      55     34 |    0.14        0.00
GET      /product/2ZYFJ3GM2N                                                                4     0(0.00%) |     33      30      35     33 |    0.14        0.00
GET      /product/66VCHSJNUP                                                                1     0(0.00%) |     36      36      36     36 |    0.04        0.00
GET      /product/6E92ZMYYFZ                                                                6     0(0.00%) |     32      30      34     32 |    0.21        0.00
GET      /product/9SIQT8TOJO                                                                5     0(0.00%) |     37      33      48     35 |    0.18        0.00
GET      /product/L9ECAV7KIM                                                                4     0(0.00%) |     42      37      55     38 |    0.14        0.00
GET      /product/LS4PSXUNUM                                                                5     0(0.00%) |     33      31      36     33 |    0.18        0.00
GET      /product/OLJCESPC7Z                                                                3     0(0.00%) |     34      32      37     34 |    0.11        0.00
POST     /setCurrency                                                                       4     0(0.00%) |    137      52     372     54 |    0.14        0.00
--------|----------------------------------------------------------------------------|-------|-------------|-------|-------|-------|-------|--------|-----------
         Aggregated                                                                        72     0(0.00%) |     55      30     372     39 |    2.54        0.00

Response time percentiles (approximated)
Type     Name                                                                                  50%    66%    75%    80%    90%    95%    98%    99%  99.9% 99.99%   100% # reqs
--------|--------------------------------------------------------------------------------|--------|------|------|------|------|------|------|------|------|------|------|------
GET      /                                                                                      84     85     90     90     97    130    130    130    130    130    130     12
GET      /cart                                                                                  37     55     59     59    100    100    100    100    100    100    100      8
POST     /cart                                                                                  71     72     75     75     79     79     79     79     79     79     79     10
POST     /cart/checkout                                                                         44     44     44     44     44     44     44     44     44     44     44      2
GET      /product/0PUK6V6EV0                                                                    41     41     52     52     52     52     52     52     52     52     52      4
GET      /product/1YMWWN1N4O                                                                    36     36     55     55     55     55     55     55     55     55     55      4
GET      /product/2ZYFJ3GM2N                                                                    35     35     36     36     36     36     36     36     36     36     36      4
GET      /product/66VCHSJNUP                                                                    36     36     36     36     36     36     36     36     36     36     36      1
GET      /product/6E92ZMYYFZ                                                                    33     33     34     34     35     35     35     35     35     35     35      6
GET      /product/9SIQT8TOJO                                                                    35     37     37     48     48     48     48     48     48     48     48      5
GET      /product/L9ECAV7KIM                                                                    39     39     56     56     56     56     56     56     56     56     56      4
GET      /product/LS4PSXUNUM                                                                    33     35     35     37     37     37     37     37     37     37     37      5
GET      /product/OLJCESPC7Z                                                                    34     34     37     37     37     37     37     37     37     37     37      3
POST     /setCurrency                                                                           72     72    370    370    370    370    370    370    370    370    370      4
--------|--------------------------------------------------------------------------------|--------|------|------|------|------|------|------|------|------|------|------|------
         Aggregated                                                                             41     56     71     72     84     97    130    370    370    370    370     72

