[2025-06-18 15:21:18,851] alcaraz/INFO/locust.main: Starting Locust 2.33.2
[2025-06-18 15:21:18,852] alcaraz/INFO/locust.main: Run time limit set to 30 seconds
[2025-06-18 15:21:18,854] alcaraz/INFO/locust.runners: Ramping to 10 users at a rate of 1.00 per second
[2025-06-18 15:21:27,870] alcaraz/INFO/locust.runners: All users spawned: {"WebsiteUser": 10} (10 total users)
[2025-06-18 15:21:47,610] alcaraz/INFO/locust.main: --run-time limit reached, shutting down
[2025-06-18 15:21:47,732] alcaraz/INFO/locust.main: Shutting down (exit code 0)
Type     Name                                                                          # reqs      # fails |    Avg     Min     Max    Med |   req/s  failures/s
--------|----------------------------------------------------------------------------|-------|-------------|-------|-------|-------|-------|--------|-----------
GET      /                                                                                 11     0(0.00%) |     91      52     154     89 |    0.39        0.00
GET      /cart                                                                              4     0(0.00%) |     33      28      35     34 |    0.14        0.00
POST     /cart                                                                              7     0(0.00%) |     89      73     123     80 |    0.25        0.00
POST     /cart/checkout                                                                     4     0(0.00%) |     42      40      44     42 |    0.14        0.00
GET      /product/0PUK6V6EV0                                                                4     0(0.00%) |     36      34      41     34 |    0.14        0.00
GET      /product/1YMWWN1N4O                                                                3     0(0.00%) |     42      35      53     38 |    0.11        0.00
GET      /product/2ZYFJ3GM2N                                                                3     0(0.00%) |     34      33      35     35 |    0.11        0.00
GET      /product/66VCHSJNUP                                                                6     0(0.00%) |     35      33      38     35 |    0.21        0.00
GET      /product/6E92ZMYYFZ                                                                3     0(0.00%) |     35      35      36     36 |    0.11        0.00
GET      /product/9SIQT8TOJO                                                                1     0(0.00%) |     37      37      37     37 |    0.04        0.00
GET      /product/L9ECAV7KIM                                                                4     0(0.00%) |     32      31      34     32 |    0.14        0.00
GET      /product/LS4PSXUNUM                                                                3     0(0.00%) |     34      30      38     33 |    0.11        0.00
GET      /product/OLJCESPC7Z                                                                5     0(0.00%) |     36      31      49     33 |    0.18        0.00
POST     /setCurrency                                                                       7     0(0.00%) |    119      50     450     70 |    0.25        0.00
--------|----------------------------------------------------------------------------|-------|-------------|-------|-------|-------|-------|--------|-----------
         Aggregated                                                                        65     0(0.00%) |     60      28     450     38 |    2.32        0.00

Response time percentiles (approximated)
Type     Name                                                                                  50%    66%    75%    80%    90%    95%    98%    99%  99.9% 99.99%   100% # reqs
--------|--------------------------------------------------------------------------------|--------|------|------|------|------|------|------|------|------|------|------|------
GET      /                                                                                      89     96     97     97    110    150    150    150    150    150    150     11
GET      /cart                                                                                  35     35     35     35     35     35     35     35     35     35     35      4
POST     /cart                                                                                  80     97    110    110    120    120    120    120    120    120    120      7
POST     /cart/checkout                                                                         43     43     44     44     44     44     44     44     44     44     44      4
GET      /product/0PUK6V6EV0                                                                    36     36     41     41     41     41     41     41     41     41     41      4
GET      /product/1YMWWN1N4O                                                                    38     38     54     54     54     54     54     54     54     54     54      3
GET      /product/2ZYFJ3GM2N                                                                    35     35     35     35     35     35     35     35     35     35     35      3
GET      /product/66VCHSJNUP                                                                    36     36     36     36     38     38     38     38     38     38     38      6
GET      /product/6E92ZMYYFZ                                                                    36     36     37     37     37     37     37     37     37     37     37      3
GET      /product/9SIQT8TOJO                                                                    37     37     37     37     37     37     37     37     37     37     37      1
GET      /product/L9ECAV7KIM                                                                    34     34     35     35     35     35     35     35     35     35     35      4
GET      /product/LS4PSXUNUM                                                                    33     33     38     38     38     38     38     38     38     38     38      3
GET      /product/OLJCESPC7Z                                                                    33     34     34     50     50     50     50     50     50     50     50      5
POST     /setCurrency                                                                           70     70     76     76    450    450    450    450    450    450    450      7
--------|--------------------------------------------------------------------------------|--------|------|------|------|------|------|------|------|------|------|------|------
         Aggregated                                                                             38     57     74     80     97    110    150    450    450    450    450     65

