[2025-06-18 15:22:24,183] alcaraz/INFO/locust.main: Starting Locust 2.33.2
[2025-06-18 15:22:24,184] alcaraz/INFO/locust.main: Run time limit set to 30 seconds
[2025-06-18 15:22:24,186] alcaraz/INFO/locust.runners: Ramping to 10 users at a rate of 1.00 per second
[2025-06-18 15:22:33,197] alcaraz/INFO/locust.runners: All users spawned: {"WebsiteUser": 10} (10 total users)
[2025-06-18 15:22:52,902] alcaraz/INFO/locust.main: --run-time limit reached, shutting down
[2025-06-18 15:22:53,027] alcaraz/INFO/locust.main: Shutting down (exit code 0)
Type     Name                                                                          # reqs      # fails |    Avg     Min     Max    Med |   req/s  failures/s
--------|----------------------------------------------------------------------------|-------|-------------|-------|-------|-------|-------|--------|-----------
GET      /                                                                                 14     0(0.00%) |     78      37     114     80 |    0.50        0.00
GET      /cart                                                                             11     0(0.00%) |     36      30      51     35 |    0.39        0.00
POST     /cart                                                                              6     0(0.00%) |     67      56      83     67 |    0.21        0.00
POST     /cart/checkout                                                                     3     0(0.00%) |     41      39      44     41 |    0.11        0.00
GET      /product/0PUK6V6EV0                                                                1     0(0.00%) |     36      36      36     36 |    0.04        0.00
GET      /product/1YMWWN1N4O                                                                3     0(0.00%) |     38      36      40     38 |    0.11        0.00
GET      /product/2ZYFJ3GM2N                                                                5     0(0.00%) |     37      31      52     35 |    0.18        0.00
GET      /product/66VCHSJNUP                                                                6     0(0.00%) |     35      31      38     36 |    0.21        0.00
GET      /product/6E92ZMYYFZ                                                                3     0(0.00%) |     39      33      46     40 |    0.11        0.00
GET      /product/9SIQT8TOJO                                                                2     0(0.00%) |     36      36      36     36 |    0.07        0.00
GET      /product/L9ECAV7KIM                                                                4     0(0.00%) |     36      33      38     36 |    0.14        0.00
GET      /product/LS4PSXUNUM                                                                1     0(0.00%) |     36      36      36     36 |    0.04        0.00
GET      /product/OLJCESPC7Z                                                                5     0(0.00%) |     36      33      42     35 |    0.18        0.00
POST     /setCurrency                                                                       5     0(0.00%) |     58      50      76     55 |    0.18        0.00
--------|----------------------------------------------------------------------------|-------|-------------|-------|-------|-------|-------|--------|-----------
         Aggregated                                                                        69     0(0.00%) |     49      30     114     38 |    2.45        0.00

Response time percentiles (approximated)
Type     Name                                                                                  50%    66%    75%    80%    90%    95%    98%    99%  99.9% 99.99%   100% # reqs
--------|--------------------------------------------------------------------------------|--------|------|------|------|------|------|------|------|------|------|------|------
GET      /                                                                                      88     91     92     99    110    110    110    110    110    110    110     14
GET      /cart                                                                                  35     35     36     36     43     52     52     52     52     52     52     11
POST     /cart                                                                                  67     67     70     70     84     84     84     84     84     84     84      6
POST     /cart/checkout                                                                         41     41     44     44     44     44     44     44     44     44     44      3
GET      /product/0PUK6V6EV0                                                                    37     37     37     37     37     37     37     37     37     37     37      1
GET      /product/1YMWWN1N4O                                                                    38     38     41     41     41     41     41     41     41     41     41      3
GET      /product/2ZYFJ3GM2N                                                                    35     35     35     53     53     53     53     53     53     53     53      5
GET      /product/66VCHSJNUP                                                                    37     37     38     38     38     38     38     38     38     38     38      6
GET      /product/6E92ZMYYFZ                                                                    40     40     46     46     46     46     46     46     46     46     46      3
GET      /product/9SIQT8TOJO                                                                    36     36     36     36     36     36     36     36     36     36     36      2
GET      /product/L9ECAV7KIM                                                                    36     36     38     38     38     38     38     38     38     38     38      4
GET      /product/LS4PSXUNUM                                                                    37     37     37     37     37     37     37     37     37     37     37      1
GET      /product/OLJCESPC7Z                                                                    35     37     37     43     43     43     43     43     43     43     43      5
POST     /setCurrency                                                                           55     57     57     77     77     77     77     77     77     77     77      5
--------|--------------------------------------------------------------------------------|--------|------|------|------|------|------|------|------|------|------|------|------
         Aggregated                                                                             38     51     56     67     88     92    110    110    110    110    110     69

