[2025-06-18 15:22:56,958] alcaraz/INFO/locust.main: Starting Locust 2.33.2
[2025-06-18 15:22:56,959] alcaraz/INFO/locust.main: Run time limit set to 30 seconds
[2025-06-18 15:22:56,961] alcaraz/INFO/locust.runners: Ramping to 10 users at a rate of 1.00 per second
[2025-06-18 15:23:05,976] alcaraz/INFO/locust.runners: All users spawned: {"WebsiteUser": 10} (10 total users)
[2025-06-18 15:23:25,552] alcaraz/INFO/locust.main: --run-time limit reached, shutting down
[2025-06-18 15:23:25,674] alcaraz/INFO/locust.main: Shutting down (exit code 0)
Type     Name                                                                          # reqs      # fails |    Avg     Min     Max    Med |   req/s  failures/s
--------|----------------------------------------------------------------------------|-------|-------------|-------|-------|-------|-------|--------|-----------
GET      /                                                                                 11     0(0.00%) |    201      47     732    110 |    0.39        0.00
GET      /cart                                                                              7     0(0.00%) |     38      30      51     35 |    0.25        0.00
POST     /cart                                                                              6     0(0.00%) |     70      68      71     70 |    0.21        0.00
POST     /cart/checkout                                                                     2     0(0.00%) |     42      42      43     42 |    0.07        0.00
GET      /product/0PUK6V6EV0                                                                9     0(0.00%) |     39      33      49     36 |    0.32        0.00
GET      /product/1YMWWN1N4O                                                                1     0(0.00%) |     34      34      34     34 |    0.04        0.00
GET      /product/2ZYFJ3GM2N                                                                4     0(0.00%) |     36      35      38     36 |    0.14        0.00
GET      /product/66VCHSJNUP                                                                4     0(0.00%) |     34      32      35     34 |    0.14        0.00
GET      /product/6E92ZMYYFZ                                                                4     0(0.00%) |     42      32      51     37 |    0.14        0.00
GET      /product/9SIQT8TOJO                                                                3     0(0.00%) |     33      31      35     34 |    0.11        0.00
GET      /product/L9ECAV7KIM                                                                3     0(0.00%) |     35      33      36     36 |    0.11        0.00
GET      /product/LS4PSXUNUM                                                                4     0(0.00%) |     39      36      44     38 |    0.14        0.00
GET      /product/OLJCESPC7Z                                                                5     0(0.00%) |     36      35      37     36 |    0.18        0.00
POST     /setCurrency                                                                       5     0(0.00%) |     73      71      77     72 |    0.18        0.00
--------|----------------------------------------------------------------------------|-------|-------------|-------|-------|-------|-------|--------|-----------
         Aggregated                                                                        68     0(0.00%) |     69      30     732     39 |    2.38        0.00

Response time percentiles (approximated)
Type     Name                                                                                  50%    66%    75%    80%    90%    95%    98%    99%  99.9% 99.99%   100% # reqs
--------|--------------------------------------------------------------------------------|--------|------|------|------|------|------|------|------|------|------|------|------
GET      /                                                                                     110    130    130    130    580    730    730    730    730    730    730     11
GET      /cart                                                                                  35     44     45     45     51     51     51     51     51     51     51      7
POST     /cart                                                                                  71     71     72     72     72     72     72     72     72     72     72      6
POST     /cart/checkout                                                                         44     44     44     44     44     44     44     44     44     44     44      2
GET      /product/0PUK6V6EV0                                                                    36     39     47     49     49     49     49     49     49     49     49      9
GET      /product/1YMWWN1N4O                                                                    34     34     34     34     34     34     34     34     34     34     34      1
GET      /product/2ZYFJ3GM2N                                                                    37     37     38     38     38     38     38     38     38     38     38      4
GET      /product/66VCHSJNUP                                                                    35     35     36     36     36     36     36     36     36     36     36      4
GET      /product/6E92ZMYYFZ                                                                    50     50     52     52     52     52     52     52     52     52     52      4
GET      /product/9SIQT8TOJO                                                                    34     34     35     35     35     35     35     35     35     35     35      3
GET      /product/L9ECAV7KIM                                                                    36     36     37     37     37     37     37     37     37     37     37      3
GET      /product/LS4PSXUNUM                                                                    39     39     45     45     45     45     45     45     45     45     45      4
GET      /product/OLJCESPC7Z                                                                    36     37     37     38     38     38     38     38     38     38     38      5
POST     /setCurrency                                                                           72     76     76     77     77     77     77     77     77     77     77      5
--------|--------------------------------------------------------------------------------|--------|------|------|------|------|------|------|------|------|------|------|------
         Aggregated                                                                             39     50     72     72     93    130    580    730    730    730    730     68

