[2025-06-18 15:23:29,439] alcaraz/INFO/locust.main: Starting Locust 2.33.2
[2025-06-18 15:23:29,440] alcaraz/INFO/locust.main: Run time limit set to 30 seconds
[2025-06-18 15:23:29,442] alcaraz/INFO/locust.runners: Ramping to 10 users at a rate of 1.00 per second
[2025-06-18 15:23:38,454] alcaraz/INFO/locust.runners: All users spawned: {"WebsiteUser": 10} (10 total users)
[2025-06-18 15:23:58,198] alcaraz/INFO/locust.main: --run-time limit reached, shutting down
[2025-06-18 15:23:58,317] alcaraz/INFO/locust.main: Shutting down (exit code 0)
Type     Name                                                                          # reqs      # fails |    Avg     Min     Max    Med |   req/s  failures/s
--------|----------------------------------------------------------------------------|-------|-------------|-------|-------|-------|-------|--------|-----------
GET      /                                                                                 13     0(0.00%) |     81      49     125     86 |    0.46        0.00
GET      /cart                                                                             14     0(0.00%) |     40      30      55     34 |    0.49        0.00
POST     /cart                                                                             10     0(0.00%) |     87      69     141     76 |    0.35        0.00
POST     /cart/checkout                                                                     3     0(0.00%) |     40      38      42     39 |    0.11        0.00
GET      /product/0PUK6V6EV0                                                                2     0(0.00%) |     35      34      36     35 |    0.07        0.00
GET      /product/1YMWWN1N4O                                                                3     0(0.00%) |     36      30      38     38 |    0.11        0.00
GET      /product/2ZYFJ3GM2N                                                                3     0(0.00%) |     34      33      35     35 |    0.11        0.00
GET      /product/66VCHSJNUP                                                                2     0(0.00%) |     34      34      35     34 |    0.07        0.00
GET      /product/6E92ZMYYFZ                                                                8     0(0.00%) |     34      31      37     35 |    0.28        0.00
GET      /product/9SIQT8TOJO                                                                3     0(0.00%) |     44      36      50     46 |    0.11        0.00
GET      /product/L9ECAV7KIM                                                                4     0(0.00%) |     37      35      38     37 |    0.14        0.00
GET      /product/LS4PSXUNUM                                                                4     0(0.00%) |     35      33      36     34 |    0.14        0.00
GET      /product/OLJCESPC7Z                                                                3     0(0.00%) |     35      32      36     36 |    0.11        0.00
POST     /setCurrency                                                                       4     0(0.00%) |     62      50      73     56 |    0.14        0.00
--------|----------------------------------------------------------------------------|-------|-------------|-------|-------|-------|-------|--------|-----------
         Aggregated                                                                        76     0(0.00%) |     52      30     141     38 |    2.66        0.00

Response time percentiles (approximated)
Type     Name                                                                                  50%    66%    75%    80%    90%    95%    98%    99%  99.9% 99.99%   100% # reqs
--------|--------------------------------------------------------------------------------|--------|------|------|------|------|------|------|------|------|------|------|------
GET      /                                                                                      86     90     91     92     92    130    130    130    130    130    130     13
GET      /cart                                                                                  35     47     52     52     53     56     56     56     56     56     56     14
POST     /cart                                                                                  79     83     84    120    140    140    140    140    140    140    140     10
POST     /cart/checkout                                                                         39     39     43     43     43     43     43     43     43     43     43      3
GET      /product/0PUK6V6EV0                                                                    37     37     37     37     37     37     37     37     37     37     37      2
GET      /product/1YMWWN1N4O                                                                    39     39     39     39     39     39     39     39     39     39     39      3
GET      /product/2ZYFJ3GM2N                                                                    35     35     35     35     35     35     35     35     35     35     35      3
GET      /product/66VCHSJNUP                                                                    35     35     35     35     35     35     35     35     35     35     35      2
GET      /product/6E92ZMYYFZ                                                                    36     36     36     36     37     37     37     37     37     37     37      8
GET      /product/9SIQT8TOJO                                                                    46     46     51     51     51     51     51     51     51     51     51      3
GET      /product/L9ECAV7KIM                                                                    38     38     38     38     38     38     38     38     38     38     38      4
GET      /product/LS4PSXUNUM                                                                    35     35     37     37     37     37     37     37     37     37     37      4
GET      /product/OLJCESPC7Z                                                                    36     36     36     36     36     36     36     36     36     36     36      3
POST     /setCurrency                                                                           71     71     73     73     73     73     73     73     73     73     73      4
--------|--------------------------------------------------------------------------------|--------|------|------|------|------|------|------|------|------|------|------|------
         Aggregated                                                                             39     56     72     73     87     92    130    140    140    140    140     76

