Running 20s test @ http://localhost:8080/wrk2-api/post/compose
  2 threads and 2 connections

  Thread calibration: mean lat.: 35.186ms, rate sampling interval: 71ms
  Thread calibration: mean lat.: 30.385ms, rate sampling interval: 65ms

-----------------------------------------------------------------------
Test Results @ http://localhost:8080/wrk2-api/post/compose 
  Thread Stats   Avg      Stdev     99%   +/- Stdev
    Latency    41.62ms   39.10ms 221.31ms   92.00%
    Req/Sec     4.93      8.89    30.00     83.90%
  Latency Distribution (HdrHistogram - Recorded Latency)
 50.000%   30.67ms
 75.000%   32.35ms
 90.000%   45.79ms
 99.000%  221.31ms
 99.900%  266.24ms
 99.990%  266.24ms
 99.999%  266.24ms
100.000%  266.24ms

  Detailed Percentile spectrum:
       Value   Percentile   TotalCount 1/(1-Percentile)

      24.623     0.000000            1         1.00
      27.471     0.100000           10         1.11
      28.543     0.200000           20         1.25
      29.055     0.300000           30         1.43
      30.111     0.400000           40         1.67
      30.671     0.500000           50         2.00
      30.991     0.550000           55         2.22
      31.359     0.600000           60         2.50
      31.759     0.650000           65         2.86
      32.063     0.700000           70         3.33
      32.351     0.750000           75         4.00
      32.735     0.775000           78         4.44
      33.503     0.800000           80         5.00
      37.055     0.825000           83         5.71
      37.887     0.850000           85         6.67
      42.975     0.875000           88         8.00
      43.935     0.887500           89         8.89
      45.791     0.900000           90        10.00
      47.231     0.912500           92        11.43
      87.167     0.925000           93        13.33
     107.583     0.937500           94        16.00
     116.671     0.943750           95        17.78
     116.671     0.950000           95        20.00
     120.319     0.956250           96        22.86
     149.631     0.962500           97        26.67
     149.631     0.968750           97        32.00
     211.583     0.971875           98        35.56
     211.583     0.975000           98        40.00
     211.583     0.978125           98        45.71
     221.311     0.981250           99        53.33
     221.311     0.984375           99        64.00
     221.311     0.985938           99        71.11
     221.311     0.987500           99        80.00
     221.311     0.989062           99        91.43
     266.239     0.990625          100       106.67
     266.239     1.000000          100          inf
#[Mean    =       41.621, StdDeviation   =       39.103]
#[Max     =      265.984, Total count    =          100]
#[Buckets =           27, SubBuckets     =         2048]
-----------------------------------------------------------------------
  217 requests in 20.00s, 45.56KB read
Requests/sec:     10.85  
Transfer/sec:      2.28KB
