Running 20s test @ http://localhost:8080/wrk2-api/post/compose
  2 threads and 2 connections

  Thread calibration: mean lat.: 31.361ms, rate sampling interval: 66ms
  Thread calibration: mean lat.: 32.323ms, rate sampling interval: 68ms

-----------------------------------------------------------------------
Test Results @ http://localhost:8080/wrk2-api/post/compose 
  Thread Stats   Avg      Stdev     99%   +/- Stdev
    Latency    30.57ms    3.44ms  41.82ms   80.39%
    Req/Sec     4.97      9.03    44.00     83.45%
  Latency Distribution (HdrHistogram - Recorded Latency)
 50.000%   29.71ms
 75.000%   32.19ms
 90.000%   34.56ms
 99.000%   41.82ms
 99.900%   42.88ms
 99.990%   42.88ms
 99.999%   42.88ms
100.000%   42.88ms

  Detailed Percentile spectrum:
       Value   Percentile   TotalCount 1/(1-Percentile)

      24.175     0.000000            1         1.00
      27.567     0.100000           11         1.11
      28.079     0.200000           21         1.25
      28.511     0.300000           32         1.43
      29.103     0.400000           42         1.67
      29.711     0.500000           51         2.00
      30.255     0.550000           57         2.22
      30.543     0.600000           62         2.50
      30.943     0.650000           67         2.86
      31.663     0.700000           72         3.33
      32.191     0.750000           78         4.00
      32.319     0.775000           80         4.44
      32.367     0.800000           82         5.00
      33.055     0.825000           85         5.71
      33.215     0.850000           87         6.67
      33.695     0.875000           90         8.00
      33.919     0.887500           91         8.89
      34.559     0.900000           92        10.00
      36.543     0.912500           94        11.43
      36.863     0.925000           95        13.33
      37.887     0.937500           96        16.00
      38.335     0.943750           97        17.78
      38.335     0.950000           97        20.00
      38.719     0.956250           98        22.86
      39.103     0.962500           99        26.67
      39.103     0.968750           99        32.00
      40.031     0.971875          100        35.56
      40.031     0.975000          100        40.00
      40.031     0.978125          100        45.71
      41.823     0.981250          101        53.33
      41.823     0.984375          101        64.00
      41.823     0.985938          101        71.11
      41.823     0.987500          101        80.00
      41.823     0.989062          101        91.43
      42.879     0.990625          102       106.67
      42.879     1.000000          102          inf
#[Mean    =       30.572, StdDeviation   =        3.443]
#[Max     =       42.848, Total count    =          102]
#[Buckets =           27, SubBuckets     =         2048]
-----------------------------------------------------------------------
  219 requests in 20.00s, 45.98KB read
Requests/sec:     10.95  
Transfer/sec:      2.30KB
