Running 20s test @ http://localhost:8080/wrk2-api/post/compose
  2 threads and 2 connections

  Thread calibration: mean lat.: 31.248ms, rate sampling interval: 67ms
  Thread calibration: mean lat.: 30.596ms, rate sampling interval: 67ms

-----------------------------------------------------------------------
Test Results @ http://localhost:8080/wrk2-api/post/compose 
  Thread Stats   Avg      Stdev     99%   +/- Stdev
    Latency    31.14ms    3.51ms  41.98ms   74.51%
    Req/Sec     4.91      9.08    30.00     88.85%
  Latency Distribution (HdrHistogram - Recorded Latency)
 50.000%   30.45ms
 75.000%   32.19ms
 90.000%   35.46ms
 99.000%   41.98ms
 99.900%   44.67ms
 99.990%   44.67ms
 99.999%   44.67ms
100.000%   44.67ms

  Detailed Percentile spectrum:
       Value   Percentile   TotalCount 1/(1-Percentile)

      24.799     0.000000            1         1.00
      27.583     0.100000           11         1.11
      28.431     0.200000           21         1.25
      29.087     0.300000           31         1.43
      29.839     0.400000           42         1.67
      30.447     0.500000           51         2.00
      30.671     0.550000           57         2.22
      31.183     0.600000           62         2.50
      31.471     0.650000           67         2.86
      31.839     0.700000           73         3.33
      32.191     0.750000           77         4.00
      32.495     0.775000           80         4.44
      32.959     0.800000           82         5.00
      34.015     0.825000           85         5.71
      34.591     0.850000           87         6.67
      35.103     0.875000           90         8.00
      35.231     0.887500           91         8.89
      35.455     0.900000           92        10.00
      36.479     0.912500           94        11.43
      37.151     0.925000           95        13.33
      37.567     0.937500           96        16.00
      37.855     0.943750           97        17.78
      37.855     0.950000           97        20.00
      39.199     0.956250           98        22.86
      41.151     0.962500           99        26.67
      41.151     0.968750           99        32.00
      41.823     0.971875          100        35.56
      41.823     0.975000          100        40.00
      41.823     0.978125          100        45.71
      41.983     0.981250          101        53.33
      41.983     0.984375          101        64.00
      41.983     0.985938          101        71.11
      41.983     0.987500          101        80.00
      41.983     0.989062          101        91.43
      44.671     0.990625          102       106.67
      44.671     1.000000          102          inf
#[Mean    =       31.144, StdDeviation   =        3.515]
#[Max     =       44.640, Total count    =          102]
#[Buckets =           27, SubBuckets     =         2048]
-----------------------------------------------------------------------
  219 requests in 20.00s, 45.98KB read
Requests/sec:     10.95  
Transfer/sec:      2.30KB
