Running 20s test @ http://localhost:8080/wrk2-api/post/compose
  2 threads and 2 connections

  Thread calibration: mean lat.: 31.982ms, rate sampling interval: 66ms
  Thread calibration: mean lat.: 31.389ms, rate sampling interval: 65ms

-----------------------------------------------------------------------
Test Results @ http://localhost:8080/wrk2-api/post/compose 
  Thread Stats   Avg      Stdev     99%   +/- Stdev
    Latency    32.15ms   10.93ms  52.58ms   96.08%
    Req/Sec     5.01      9.05    31.00     94.39%
  Latency Distribution (HdrHistogram - Recorded Latency)
 50.000%   30.06ms
 75.000%   32.40ms
 90.000%   36.42ms
 99.000%   52.58ms
 99.900%  133.50ms
 99.990%  133.50ms
 99.999%  133.50ms
100.000%  133.50ms

  Detailed Percentile spectrum:
       Value   Percentile   TotalCount 1/(1-Percentile)

      25.055     0.000000            1         1.00
      27.855     0.100000           11         1.11
      28.399     0.200000           21         1.25
      28.895     0.300000           31         1.43
      29.487     0.400000           41         1.67
      30.063     0.500000           51         2.00
      30.927     0.550000           58         2.22
      31.007     0.600000           62         2.50
      31.487     0.650000           67         2.86
      31.887     0.700000           73         3.33
      32.399     0.750000           77         4.00
      32.687     0.775000           80         4.44
      33.247     0.800000           82         5.00
      33.503     0.825000           85         5.71
      34.047     0.850000           88         6.67
      34.751     0.875000           90         8.00
      35.999     0.887500           91         8.89
      36.415     0.900000           92        10.00
      37.855     0.912500           94        11.43
      38.079     0.925000           95        13.33
      38.495     0.937500           96        16.00
      39.103     0.943750           97        17.78
      39.103     0.950000           97        20.00
      40.831     0.956250           98        22.86
      45.727     0.962500           99        26.67
      45.727     0.968750           99        32.00
      46.175     0.971875          100        35.56
      46.175     0.975000          100        40.00
      46.175     0.978125          100        45.71
      52.575     0.981250          101        53.33
      52.575     0.984375          101        64.00
      52.575     0.985938          101        71.11
      52.575     0.987500          101        80.00
      52.575     0.989062          101        91.43
     133.503     0.990625          102       106.67
     133.503     1.000000          102          inf
#[Mean    =       32.150, StdDeviation   =       10.928]
#[Max     =      133.376, Total count    =          102]
#[Buckets =           27, SubBuckets     =         2048]
-----------------------------------------------------------------------
  219 requests in 20.00s, 45.98KB read
Requests/sec:     10.95  
Transfer/sec:      2.30KB
