Running 20s test @ http://localhost:8080/wrk2-api/post/compose
  2 threads and 2 connections

  Thread calibration: mean lat.: 30.245ms, rate sampling interval: 66ms
  Thread calibration: mean lat.: 31.521ms, rate sampling interval: 73ms

-----------------------------------------------------------------------
Test Results @ http://localhost:8080/wrk2-api/post/compose 
  Thread Stats   Avg      Stdev     99%   +/- Stdev
    Latency    31.21ms    3.28ms  41.92ms   80.39%
    Req/Sec     5.00      8.78    30.00     82.52%
  Latency Distribution (HdrHistogram - Recorded Latency)
 50.000%   30.50ms
 75.000%   32.32ms
 90.000%   34.69ms
 99.000%   41.92ms
 99.900%   42.59ms
 99.990%   42.59ms
 99.999%   42.59ms
100.000%   42.59ms

  Detailed Percentile spectrum:
       Value   Percentile   TotalCount 1/(1-Percentile)

      25.711     0.000000            1         1.00
      27.967     0.100000           12         1.11
      28.943     0.200000           21         1.25
      29.487     0.300000           31         1.43
      30.015     0.400000           41         1.67
      30.495     0.500000           52         2.00
      30.671     0.550000           58         2.22
      31.087     0.600000           62         2.50
      31.263     0.650000           69         2.86
      31.535     0.700000           72         3.33
      32.319     0.750000           77         4.00
      32.895     0.775000           80         4.44
      33.023     0.800000           83         5.00
      33.151     0.825000           85         5.71
      33.407     0.850000           87         6.67
      34.399     0.875000           90         8.00
      34.431     0.887500           91         8.89
      34.687     0.900000           92        10.00
      36.575     0.912500           94        11.43
      37.567     0.925000           95        13.33
      38.271     0.937500           96        16.00
      38.399     0.943750           97        17.78
      38.399     0.950000           97        20.00
      39.935     0.956250           98        22.86
      40.191     0.962500           99        26.67
      40.191     0.968750           99        32.00
      41.823     0.971875          100        35.56
      41.823     0.975000          100        40.00
      41.823     0.978125          100        45.71
      41.919     0.981250          101        53.33
      41.919     0.984375          101        64.00
      41.919     0.985938          101        71.11
      41.919     0.987500          101        80.00
      41.919     0.989062          101        91.43
      42.591     0.990625          102       106.67
      42.591     1.000000          102          inf
#[Mean    =       31.213, StdDeviation   =        3.276]
#[Max     =       42.560, Total count    =          102]
#[Buckets =           27, SubBuckets     =         2048]
-----------------------------------------------------------------------
  219 requests in 20.00s, 45.98KB read
Requests/sec:     10.95  
Transfer/sec:      2.30KB
