Running 20s test @ http://localhost:8080/wrk2-api/post/compose
  2 threads and 2 connections

  Thread calibration: mean lat.: 30.545ms, rate sampling interval: 67ms
  Thread calibration: mean lat.: 30.597ms, rate sampling interval: 69ms

-----------------------------------------------------------------------
Test Results @ http://localhost:8080/wrk2-api/post/compose 
  Thread Stats   Avg      Stdev     99%   +/- Stdev
    Latency    30.84ms    3.69ms  44.48ms   82.35%
    Req/Sec     4.97      8.89    29.00     91.10%
  Latency Distribution (HdrHistogram - Recorded Latency)
 50.000%   30.16ms
 75.000%   32.22ms
 90.000%   34.08ms
 99.000%   44.48ms
 99.900%   45.73ms
 99.990%   45.73ms
 99.999%   45.73ms
100.000%   45.73ms

  Detailed Percentile spectrum:
       Value   Percentile   TotalCount 1/(1-Percentile)

      24.175     0.000000            1         1.00
      27.183     0.100000           11         1.11
      28.463     0.200000           21         1.25
      28.863     0.300000           31         1.43
      29.439     0.400000           41         1.67
      30.159     0.500000           51         2.00
      30.543     0.550000           57         2.22
      31.055     0.600000           62         2.50
      31.311     0.650000           67         2.86
      31.983     0.700000           72         3.33
      32.223     0.750000           77         4.00
      32.367     0.775000           80         4.44
      32.495     0.800000           82         5.00
      33.247     0.825000           86         5.71
      33.567     0.850000           87         6.67
      34.047     0.875000           91         8.00
      34.047     0.887500           91         8.89
      34.079     0.900000           92        10.00
      34.495     0.912500           94        11.43
      35.807     0.925000           95        13.33
      35.999     0.937500           96        16.00
      38.655     0.943750           97        17.78
      38.655     0.950000           97        20.00
      38.911     0.956250           98        22.86
      40.831     0.962500           99        26.67
      40.831     0.968750           99        32.00
      43.391     0.971875          100        35.56
      43.391     0.975000          100        40.00
      43.391     0.978125          100        45.71
      44.479     0.981250          101        53.33
      44.479     0.984375          101        64.00
      44.479     0.985938          101        71.11
      44.479     0.987500          101        80.00
      44.479     0.989062          101        91.43
      45.727     0.990625          102       106.67
      45.727     1.000000          102          inf
#[Mean    =       30.841, StdDeviation   =        3.695]
#[Max     =       45.696, Total count    =          102]
#[Buckets =           27, SubBuckets     =         2048]
-----------------------------------------------------------------------
  219 requests in 20.01s, 45.98KB read
Requests/sec:     10.95  
Transfer/sec:      2.30KB
