Running 20s test @ http://localhost:8080/wrk2-api/post/compose
  2 threads and 2 connections

  Thread calibration: mean lat.: 30.124ms, rate sampling interval: 67ms
  Thread calibration: mean lat.: 30.477ms, rate sampling interval: 67ms

-----------------------------------------------------------------------
Test Results @ http://localhost:8080/wrk2-api/post/compose 
  Thread Stats   Avg      Stdev     99%   +/- Stdev
    Latency    30.71ms    3.24ms  42.62ms   76.47%
    Req/Sec     4.93      8.89    30.00     88.18%
  Latency Distribution (HdrHistogram - Recorded Latency)
 50.000%   30.30ms
 75.000%   32.08ms
 90.000%   34.59ms
 99.000%   42.62ms
 99.900%   42.97ms
 99.990%   42.97ms
 99.999%   42.97ms
100.000%   42.97ms

  Detailed Percentile spectrum:
       Value   Percentile   TotalCount 1/(1-Percentile)

      25.471     0.000000            1         1.00
      27.295     0.100000           11         1.11
      27.775     0.200000           21         1.25
      28.735     0.300000           31         1.43
      29.631     0.400000           41         1.67
      30.303     0.500000           51         2.00
      30.703     0.550000           57         2.22
      30.975     0.600000           62         2.50
      31.359     0.650000           67         2.86
      31.871     0.700000           72         3.33
      32.079     0.750000           77         4.00
      32.559     0.775000           80         4.44
      32.687     0.800000           82         5.00
      32.959     0.825000           85         5.71
      33.215     0.850000           87         6.67
      33.695     0.875000           90         8.00
      33.855     0.887500           91         8.89
      34.591     0.900000           93        10.00
      34.847     0.912500           94        11.43
      34.943     0.925000           95        13.33
      36.095     0.937500           97        16.00
      36.095     0.943750           97        17.78
      36.095     0.950000           97        20.00
      37.983     0.956250           98        22.86
      38.815     0.962500           99        26.67
      38.815     0.968750           99        32.00
      39.967     0.971875          100        35.56
      39.967     0.975000          100        40.00
      39.967     0.978125          100        45.71
      42.623     0.981250          101        53.33
      42.623     0.984375          101        64.00
      42.623     0.985938          101        71.11
      42.623     0.987500          101        80.00
      42.623     0.989062          101        91.43
      42.975     0.990625          102       106.67
      42.975     1.000000          102          inf
#[Mean    =       30.711, StdDeviation   =        3.238]
#[Max     =       42.944, Total count    =          102]
#[Buckets =           27, SubBuckets     =         2048]
-----------------------------------------------------------------------
  219 requests in 20.01s, 45.98KB read
Requests/sec:     10.95  
Transfer/sec:      2.30KB
