Running 20s test @ http://localhost:8080/wrk2-api/post/compose
  2 threads and 2 connections

  Thread calibration: mean lat.: 31.053ms, rate sampling interval: 67ms
  Thread calibration: mean lat.: 31.439ms, rate sampling interval: 66ms

-----------------------------------------------------------------------
Test Results @ http://localhost:8080/wrk2-api/post/compose 
  Thread Stats   Avg      Stdev     99%   +/- Stdev
    Latency    31.31ms    3.16ms  40.45ms   70.59%
    Req/Sec     4.96      9.03    30.00     81.54%
  Latency Distribution (HdrHistogram - Recorded Latency)
 50.000%   30.61ms
 75.000%   32.80ms
 90.000%   36.26ms
 99.000%   40.45ms
 99.900%   43.20ms
 99.990%   43.20ms
 99.999%   43.20ms
100.000%   43.20ms

  Detailed Percentile spectrum:
       Value   Percentile   TotalCount 1/(1-Percentile)

      26.223     0.000000            1         1.00
      27.855     0.100000           11         1.11
      28.591     0.200000           21         1.25
      29.711     0.300000           31         1.43
      30.303     0.400000           41         1.67
      30.607     0.500000           51         2.00
      30.863     0.550000           57         2.22
      31.087     0.600000           62         2.50
      31.519     0.650000           67         2.86
      32.143     0.700000           72         3.33
      32.799     0.750000           77         4.00
      33.151     0.775000           81         4.44
      33.311     0.800000           82         5.00
      34.015     0.825000           86         5.71
      34.527     0.850000           87         6.67
      35.999     0.875000           90         8.00
      36.223     0.887500           91         8.89
      36.255     0.900000           93        10.00
      36.383     0.912500           94        11.43
      36.959     0.925000           95        13.33
      37.151     0.937500           96        16.00
      37.247     0.943750           97        17.78
      37.247     0.950000           97        20.00
      37.311     0.956250           98        22.86
      37.471     0.962500           99        26.67
      37.471     0.968750           99        32.00
      39.103     0.971875          100        35.56
      39.103     0.975000          100        40.00
      39.103     0.978125          100        45.71
      40.447     0.981250          101        53.33
      40.447     0.984375          101        64.00
      40.447     0.985938          101        71.11
      40.447     0.987500          101        80.00
      40.447     0.989062          101        91.43
      43.199     0.990625          102       106.67
      43.199     1.000000          102          inf
#[Mean    =       31.315, StdDeviation   =        3.164]
#[Max     =       43.168, Total count    =          102]
#[Buckets =           27, SubBuckets     =         2048]
-----------------------------------------------------------------------
  219 requests in 20.00s, 45.98KB read
Requests/sec:     10.95  
Transfer/sec:      2.30KB
