Running 20s test @ http://localhost:8080/wrk2-api/post/compose
  2 threads and 2 connections

  Thread calibration: mean lat.: 33.792ms, rate sampling interval: 73ms
  Thread calibration: mean lat.: 33.042ms, rate sampling interval: 70ms

-----------------------------------------------------------------------
Test Results @ http://localhost:8080/wrk2-api/post/compose 
  Thread Stats   Avg      Stdev     99%   +/- Stdev
    Latency    31.32ms    4.10ms  42.53ms   85.29%
    Req/Sec     4.96      8.66    28.00     93.17%
  Latency Distribution (HdrHistogram - Recorded Latency)
 50.000%   30.53ms
 75.000%   32.67ms
 90.000%   34.78ms
 99.000%   42.53ms
 99.900%   56.06ms
 99.990%   56.06ms
 99.999%   56.06ms
100.000%   56.06ms

  Detailed Percentile spectrum:
       Value   Percentile   TotalCount 1/(1-Percentile)

      25.039     0.000000            1         1.00
      27.967     0.100000           11         1.11
      28.703     0.200000           21         1.25
      29.247     0.300000           31         1.43
      29.935     0.400000           41         1.67
      30.527     0.500000           52         2.00
      30.975     0.550000           57         2.22
      31.263     0.600000           62         2.50
      31.759     0.650000           67         2.86
      32.127     0.700000           72         3.33
      32.671     0.750000           77         4.00
      32.959     0.775000           80         4.44
      33.055     0.800000           82         5.00
      33.215     0.825000           85         5.71
      33.407     0.850000           89         6.67
      33.535     0.875000           90         8.00
      34.399     0.887500           91         8.89
      34.783     0.900000           92        10.00
      35.967     0.912500           94        11.43
      36.255     0.925000           95        13.33
      37.599     0.937500           96        16.00
      37.695     0.943750           97        17.78
      37.695     0.950000           97        20.00
      41.535     0.956250           98        22.86
      41.855     0.962500           99        26.67
      41.855     0.968750           99        32.00
      42.527     0.971875          101        35.56
      42.527     0.975000          101        40.00
      42.527     0.978125          101        45.71
      42.527     0.981250          101        53.33
      42.527     0.984375          101        64.00
      42.527     0.985938          101        71.11
      42.527     0.987500          101        80.00
      42.527     0.989062          101        91.43
      56.063     0.990625          102       106.67
      56.063     1.000000          102          inf
#[Mean    =       31.324, StdDeviation   =        4.097]
#[Max     =       56.032, Total count    =          102]
#[Buckets =           27, SubBuckets     =         2048]
-----------------------------------------------------------------------
  219 requests in 20.01s, 45.98KB read
Requests/sec:     10.95  
Transfer/sec:      2.30KB
