Running 20s test @ http://localhost:8080/wrk2-api/review/compose
  2 threads and 2 connections

  Thread calibration: mean lat.: 29.287ms, rate sampling interval: 66ms
  Thread calibration: mean lat.: 27.409ms, rate sampling interval: 59ms

-----------------------------------------------------------------------
Test Results @ http://localhost:8080/wrk2-api/review/compose 
  Thread Stats   Avg      Stdev     99%   +/- Stdev
    Latency    27.14ms    2.60ms  34.59ms   80.39%
    Req/Sec     5.00      9.28    34.00     83.02%
  Latency Distribution (HdrHistogram - Recorded Latency)
 50.000%   26.46ms
 75.000%   27.93ms
 90.000%   30.93ms
 99.000%   34.59ms
 99.900%   36.90ms
 99.990%   36.90ms
 99.999%   36.90ms
100.000%   36.90ms

  Detailed Percentile spectrum:
       Value   Percentile   TotalCount 1/(1-Percentile)

      22.319     0.000000            1         1.00
      24.783     0.100000           11         1.11
      25.183     0.200000           21         1.25
      25.615     0.300000           31         1.43
      26.127     0.400000           42         1.67
      26.463     0.500000           51         2.00
      26.719     0.550000           57         2.22
      26.863     0.600000           62         2.50
      27.263     0.650000           68         2.86
      27.551     0.700000           72         3.33
      27.935     0.750000           77         4.00
      28.287     0.775000           80         4.44
      28.495     0.800000           82         5.00
      28.927     0.825000           85         5.71
      29.007     0.850000           87         6.67
      29.999     0.875000           90         8.00
      30.223     0.887500           91         8.89
      30.927     0.900000           92        10.00
      31.679     0.912500           94        11.43
      31.759     0.925000           95        13.33
      32.575     0.937500           96        16.00
      32.959     0.943750           97        17.78
      32.959     0.950000           97        20.00
      33.631     0.956250           98        22.86
      34.303     0.962500          100        26.67
      34.303     0.968750          100        32.00
      34.303     0.971875          100        35.56
      34.303     0.975000          100        40.00
      34.303     0.978125          100        45.71
      34.591     0.981250          101        53.33
      34.591     0.984375          101        64.00
      34.591     0.985938          101        71.11
      34.591     0.987500          101        80.00
      34.591     0.989062          101        91.43
      36.895     0.990625          102       106.67
      36.895     1.000000          102          inf
#[Mean    =       27.136, StdDeviation   =        2.598]
#[Max     =       36.864, Total count    =          102]
#[Buckets =           27, SubBuckets     =         2048]
-----------------------------------------------------------------------
  219 requests in 20.01s, 39.35KB read
Requests/sec:     10.95  
Transfer/sec:      1.97KB
