Running 20s test @ http://localhost:8080/wrk2-api/review/compose
  2 threads and 2 connections

  Thread calibration: mean lat.: 57.319ms, rate sampling interval: 339ms
  Thread calibration: mean lat.: 62.079ms, rate sampling interval: 361ms

-----------------------------------------------------------------------
Test Results @ http://localhost:8080/wrk2-api/review/compose 
  Thread Stats   Avg      Stdev     99%   +/- Stdev
    Latency    27.38ms    3.00ms  36.45ms   78.43%
    Req/Sec     4.50      4.26    17.00     91.07%
  Latency Distribution (HdrHistogram - Recorded Latency)
 50.000%   26.88ms
 75.000%   28.09ms
 90.000%   31.57ms
 99.000%   36.45ms
 99.900%   41.06ms
 99.990%   41.06ms
 99.999%   41.06ms
100.000%   41.06ms

  Detailed Percentile spectrum:
       Value   Percentile   TotalCount 1/(1-Percentile)

      22.111     0.000000            1         1.00
      24.511     0.100000           11         1.11
      25.231     0.200000           21         1.25
      25.887     0.300000           31         1.43
      26.271     0.400000           41         1.67
      26.879     0.500000           51         2.00
      27.311     0.550000           58         2.22
      27.583     0.600000           62         2.50
      27.631     0.650000           68         2.86
      27.759     0.700000           73         3.33
      28.095     0.750000           77         4.00
      28.287     0.775000           80         4.44
      28.479     0.800000           82         5.00
      29.039     0.825000           85         5.71
      29.407     0.850000           87         6.67
      30.687     0.875000           90         8.00
      31.327     0.887500           91         8.89
      31.567     0.900000           92        10.00
      31.967     0.912500           94        11.43
      31.999     0.925000           95        13.33
      32.271     0.937500           96        16.00
      33.439     0.943750           97        17.78
      33.439     0.950000           97        20.00
      33.823     0.956250           98        22.86
      35.583     0.962500           99        26.67
      35.583     0.968750           99        32.00
      35.807     0.971875          100        35.56
      35.807     0.975000          100        40.00
      35.807     0.978125          100        45.71
      36.447     0.981250          101        53.33
      36.447     0.984375          101        64.00
      36.447     0.985938          101        71.11
      36.447     0.987500          101        80.00
      36.447     0.989062          101        91.43
      41.055     0.990625          102       106.67
      41.055     1.000000          102          inf
#[Mean    =       27.376, StdDeviation   =        3.002]
#[Max     =       41.024, Total count    =          102]
#[Buckets =           27, SubBuckets     =         2048]
-----------------------------------------------------------------------
  219 requests in 20.00s, 39.35KB read
Requests/sec:     10.95  
Transfer/sec:      1.97KB
