Running 20s test @ http://localhost:8080/wrk2-api/review/compose
  2 threads and 2 connections

  Thread calibration: mean lat.: 26.818ms, rate sampling interval: 59ms
  Thread calibration: mean lat.: 27.535ms, rate sampling interval: 59ms

-----------------------------------------------------------------------
Test Results @ http://localhost:8080/wrk2-api/review/compose 
  Thread Stats   Avg      Stdev     99%   +/- Stdev
    Latency    27.30ms    2.99ms  37.98ms   80.39%
    Req/Sec     4.93      9.30    34.00     74.70%
  Latency Distribution (HdrHistogram - Recorded Latency)
 50.000%   26.70ms
 75.000%   28.08ms
 90.000%   31.18ms
 99.000%   37.98ms
 99.900%   38.53ms
 99.990%   38.53ms
 99.999%   38.53ms
100.000%   38.53ms

  Detailed Percentile spectrum:
       Value   Percentile   TotalCount 1/(1-Percentile)

      23.039     0.000000            1         1.00
      24.687     0.100000           11         1.11
      25.087     0.200000           22         1.25
      25.775     0.300000           32         1.43
      26.335     0.400000           42         1.67
      26.703     0.500000           51         2.00
      26.831     0.550000           57         2.22
      27.071     0.600000           62         2.50
      27.391     0.650000           68         2.86
      27.647     0.700000           72         3.33
      28.079     0.750000           77         4.00
      28.367     0.775000           80         4.44
      28.559     0.800000           82         5.00
      28.799     0.825000           85         5.71
      29.359     0.850000           87         6.67
      30.239     0.875000           90         8.00
      31.135     0.887500           91         8.89
      31.183     0.900000           92        10.00
      31.919     0.912500           94        11.43
      31.935     0.925000           95        13.33
      32.207     0.937500           96        16.00
      32.799     0.943750           97        17.78
      32.799     0.950000           97        20.00
      35.423     0.956250           98        22.86
      35.679     0.962500           99        26.67
      35.679     0.968750           99        32.00
      37.599     0.971875          100        35.56
      37.599     0.975000          100        40.00
      37.599     0.978125          100        45.71
      37.983     0.981250          101        53.33
      37.983     0.984375          101        64.00
      37.983     0.985938          101        71.11
      37.983     0.987500          101        80.00
      37.983     0.989062          101        91.43
      38.527     0.990625          102       106.67
      38.527     1.000000          102          inf
#[Mean    =       27.296, StdDeviation   =        2.994]
#[Max     =       38.496, Total count    =          102]
#[Buckets =           27, SubBuckets     =         2048]
-----------------------------------------------------------------------
  219 requests in 20.00s, 39.35KB read
Requests/sec:     10.95  
Transfer/sec:      1.97KB
