Running 20s test @ http://localhost:8080/wrk2-api/review/compose
  2 threads and 2 connections

  Thread calibration: mean lat.: 27.447ms, rate sampling interval: 62ms
  Thread calibration: mean lat.: 27.945ms, rate sampling interval: 62ms

-----------------------------------------------------------------------
Test Results @ http://localhost:8080/wrk2-api/review/compose 
  Thread Stats   Avg      Stdev     99%   +/- Stdev
    Latency    27.92ms    3.14ms  38.75ms   78.43%
    Req/Sec     5.04      9.16    32.00     74.38%
  Latency Distribution (HdrHistogram - Recorded Latency)
 50.000%   27.17ms
 75.000%   28.67ms
 90.000%   32.14ms
 99.000%   38.75ms
 99.900%   38.85ms
 99.990%   38.85ms
 99.999%   38.85ms
100.000%   38.85ms

  Detailed Percentile spectrum:
       Value   Percentile   TotalCount 1/(1-Percentile)

      22.639     0.000000            1         1.00
      24.911     0.100000           11         1.11
      25.615     0.200000           21         1.25
      26.639     0.300000           32         1.43
      26.895     0.400000           41         1.67
      27.167     0.500000           51         2.00
      27.471     0.550000           57         2.22
      27.839     0.600000           62         2.50
      27.999     0.650000           67         2.86
      28.303     0.700000           72         3.33
      28.671     0.750000           77         4.00
      28.927     0.775000           80         4.44
      29.407     0.800000           82         5.00
      29.663     0.825000           85         5.71
      29.711     0.850000           87         6.67
      30.559     0.875000           90         8.00
      31.343     0.887500           91         8.89
      32.143     0.900000           92        10.00
      32.415     0.912500           94        11.43
      32.495     0.925000           95        13.33
      34.015     0.937500           96        16.00
      35.519     0.943750           97        17.78
      35.519     0.950000           97        20.00
      35.999     0.956250           98        22.86
      37.599     0.962500           99        26.67
      37.599     0.968750           99        32.00
      38.463     0.971875          100        35.56
      38.463     0.975000          100        40.00
      38.463     0.978125          100        45.71
      38.751     0.981250          101        53.33
      38.751     0.984375          101        64.00
      38.751     0.985938          101        71.11
      38.751     0.987500          101        80.00
      38.751     0.989062          101        91.43
      38.847     0.990625          102       106.67
      38.847     1.000000          102          inf
#[Mean    =       27.925, StdDeviation   =        3.139]
#[Max     =       38.816, Total count    =          102]
#[Buckets =           27, SubBuckets     =         2048]
-----------------------------------------------------------------------
  219 requests in 20.00s, 39.35KB read
Requests/sec:     10.95  
Transfer/sec:      1.97KB
