Running 20s test @ http://localhost:8080/wrk2-api/review/compose
  2 threads and 2 connections

  Thread calibration: mean lat.: 26.969ms, rate sampling interval: 59ms
  Thread calibration: mean lat.: 27.661ms, rate sampling interval: 64ms

-----------------------------------------------------------------------
Test Results @ http://localhost:8080/wrk2-api/review/compose 
  Thread Stats   Avg      Stdev     99%   +/- Stdev
    Latency    29.67ms   15.12ms 135.04ms   98.08%
    Req/Sec     5.02      9.03    34.00     83.90%
  Latency Distribution (HdrHistogram - Recorded Latency)
 50.000%   26.85ms
 75.000%   28.59ms
 90.000%   32.35ms
 99.000%  135.04ms
 99.900%  136.45ms
 99.990%  136.45ms
 99.999%  136.45ms
100.000%  136.45ms

  Detailed Percentile spectrum:
       Value   Percentile   TotalCount 1/(1-Percentile)

      22.927     0.000000            1         1.00
      24.927     0.100000           11         1.11
      25.407     0.200000           22         1.25
      25.919     0.300000           32         1.43
      26.431     0.400000           43         1.67
      26.847     0.500000           52         2.00
      27.263     0.550000           58         2.22
      27.471     0.600000           63         2.50
      27.599     0.650000           68         2.86
      28.255     0.700000           73         3.33
      28.591     0.750000           78         4.00
      28.959     0.775000           81         4.44
      30.159     0.800000           84         5.00
      30.335     0.825000           86         5.71
      30.463     0.850000           89         6.67
      31.055     0.875000           91         8.00
      31.439     0.887500           93         8.89
      32.351     0.900000           94        10.00
      32.671     0.912500           95        11.43
      33.311     0.925000           97        13.33
      34.815     0.937500           98        16.00
      35.647     0.943750           99        17.78
      35.647     0.950000           99        20.00
      36.255     0.956250          100        22.86
      36.351     0.962500          101        26.67
      36.351     0.968750          101        32.00
      38.687     0.971875          102        35.56
      38.687     0.975000          102        40.00
      38.687     0.978125          102        45.71
     135.039     0.981250          103        53.33
     135.039     0.984375          103        64.00
     135.039     0.985938          103        71.11
     135.039     0.987500          103        80.00
     135.039     0.989062          103        91.43
     136.447     0.990625          104       106.67
     136.447     1.000000          104          inf
#[Mean    =       29.670, StdDeviation   =       15.123]
#[Max     =      136.320, Total count    =          104]
#[Buckets =           27, SubBuckets     =         2048]
-----------------------------------------------------------------------
  219 requests in 20.01s, 39.35KB read
Requests/sec:     10.95  
Transfer/sec:      1.97KB
