Running 20s test @ http://localhost:8080/wrk2-api/review/compose
  2 threads and 2 connections

  Thread calibration: mean lat.: 27.384ms, rate sampling interval: 60ms
  Thread calibration: mean lat.: 27.457ms, rate sampling interval: 60ms

-----------------------------------------------------------------------
Test Results @ http://localhost:8080/wrk2-api/review/compose 
  Thread Stats   Avg      Stdev     99%   +/- Stdev
    Latency    27.34ms    2.90ms  40.86ms   81.37%
    Req/Sec     4.98      9.42    33.00     74.62%
  Latency Distribution (HdrHistogram - Recorded Latency)
 50.000%   26.86ms
 75.000%   28.21ms
 90.000%   30.33ms
 99.000%   40.86ms
 99.900%   40.90ms
 99.990%   40.90ms
 99.999%   40.90ms
100.000%   40.90ms

  Detailed Percentile spectrum:
       Value   Percentile   TotalCount 1/(1-Percentile)

      22.191     0.000000            1         1.00
      24.735     0.100000           11         1.11
      25.359     0.200000           21         1.25
      25.839     0.300000           31         1.43
      26.287     0.400000           41         1.67
      26.863     0.500000           51         2.00
      27.071     0.550000           57         2.22
      27.263     0.600000           62         2.50
      27.695     0.650000           67         2.86
      27.935     0.700000           72         3.33
      28.207     0.750000           78         4.00
      28.431     0.775000           80         4.44
      28.543     0.800000           82         5.00
      29.359     0.825000           85         5.71
      29.439     0.850000           87         6.67
      30.239     0.875000           90         8.00
      30.335     0.887500           92         8.89
      30.335     0.900000           92        10.00
      30.719     0.912500           94        11.43
      31.087     0.925000           95        13.33
      31.471     0.937500           96        16.00
      31.535     0.943750           97        17.78
      31.535     0.950000           97        20.00
      32.895     0.956250           99        22.86
      32.895     0.962500           99        26.67
      32.895     0.968750           99        32.00
      35.295     0.971875          100        35.56
      35.295     0.975000          100        40.00
      35.295     0.978125          100        45.71
      40.863     0.981250          101        53.33
      40.863     0.984375          101        64.00
      40.863     0.985938          101        71.11
      40.863     0.987500          101        80.00
      40.863     0.989062          101        91.43
      40.895     0.990625          102       106.67
      40.895     1.000000          102          inf
#[Mean    =       27.343, StdDeviation   =        2.903]
#[Max     =       40.864, Total count    =          102]
#[Buckets =           27, SubBuckets     =         2048]
-----------------------------------------------------------------------
  219 requests in 20.01s, 39.35KB read
Requests/sec:     10.95  
Transfer/sec:      1.97KB
