Running 20s test @ http://localhost:8080/wrk2-api/review/compose
  2 threads and 2 connections

  Thread calibration: mean lat.: 30.869ms, rate sampling interval: 58ms
  Thread calibration: mean lat.: 31.640ms, rate sampling interval: 67ms

-----------------------------------------------------------------------
Test Results @ http://localhost:8080/wrk2-api/review/compose 
  Thread Stats   Avg      Stdev     99%   +/- Stdev
    Latency    45.22ms   40.28ms 164.99ms   85.44%
    Req/Sec     5.01      9.50    34.00     85.27%
  Latency Distribution (HdrHistogram - Recorded Latency)
 50.000%   27.85ms
 75.000%   34.30ms
 90.000%  124.54ms
 99.000%  164.99ms
 99.900%  245.12ms
 99.990%  245.12ms
 99.999%  245.12ms
100.000%  245.12ms

  Detailed Percentile spectrum:
       Value   Percentile   TotalCount 1/(1-Percentile)

      23.247     0.000000            1         1.00
      24.735     0.100000           11         1.11
      25.711     0.200000           21         1.25
      26.159     0.300000           31         1.43
      26.959     0.400000           42         1.67
      27.855     0.500000           52         2.00
      28.127     0.550000           57         2.22
      28.783     0.600000           62         2.50
      29.503     0.650000           67         2.86
      31.295     0.700000           73         3.33
      34.815     0.750000           78         4.00
      36.095     0.775000           80         4.44
      44.255     0.800000           83         5.00
      64.671     0.825000           85         5.71
      71.295     0.850000           88         6.67
      91.263     0.875000           91         8.00
     114.879     0.887500           92         8.89
     124.543     0.900000           93        10.00
     126.271     0.912500           94        11.43
     128.959     0.925000           96        13.33
     129.215     0.937500           97        16.00
     137.471     0.943750           99        17.78
     137.471     0.950000           99        20.00
     137.471     0.956250           99        22.86
     140.927     0.962500          100        26.67
     140.927     0.968750          100        32.00
     161.023     0.971875          101        35.56
     161.023     0.975000          101        40.00
     161.023     0.978125          101        45.71
     164.991     0.981250          102        53.33
     164.991     0.984375          102        64.00
     164.991     0.985938          102        71.11
     164.991     0.987500          102        80.00
     164.991     0.989062          102        91.43
     245.119     0.990625          103       106.67
     245.119     1.000000          103          inf
#[Mean    =       45.223, StdDeviation   =       40.278]
#[Max     =      244.992, Total count    =          103]
#[Buckets =           27, SubBuckets     =         2048]
-----------------------------------------------------------------------
  219 requests in 20.01s, 39.35KB read
Requests/sec:     10.95  
Transfer/sec:      1.97KB
