Running 20s test @ http://localhost:8080/wrk2-api/review/compose
  2 threads and 2 connections

  Thread calibration: mean lat.: 27.691ms, rate sampling interval: 62ms
  Thread calibration: mean lat.: 27.386ms, rate sampling interval: 60ms

-----------------------------------------------------------------------
Test Results @ http://localhost:8080/wrk2-api/review/compose 
  Thread Stats   Avg      Stdev     99%   +/- Stdev
    Latency    27.66ms    2.99ms  36.83ms   73.53%
    Req/Sec     4.99      9.38    33.00     75.08%
  Latency Distribution (HdrHistogram - Recorded Latency)
 50.000%   27.06ms
 75.000%   28.83ms
 90.000%   31.97ms
 99.000%   36.83ms
 99.900%   37.60ms
 99.990%   37.60ms
 99.999%   37.60ms
100.000%   37.60ms

  Detailed Percentile spectrum:
       Value   Percentile   TotalCount 1/(1-Percentile)

      22.799     0.000000            1         1.00
      24.511     0.100000           11         1.11
      25.583     0.200000           22         1.25
      25.935     0.300000           31         1.43
      26.511     0.400000           42         1.67
      27.055     0.500000           52         2.00
      27.311     0.550000           58         2.22
      27.583     0.600000           62         2.50
      27.807     0.650000           67         2.86
      28.335     0.700000           72         3.33
      28.831     0.750000           77         4.00
      29.103     0.775000           80         4.44
      29.295     0.800000           82         5.00
      29.455     0.825000           85         5.71
      30.559     0.850000           87         6.67
      31.503     0.875000           90         8.00
      31.743     0.887500           91         8.89
      31.967     0.900000           92        10.00
      33.151     0.912500           94        11.43
      33.823     0.925000           95        13.33
      33.951     0.937500           96        16.00
      34.367     0.943750           97        17.78
      34.367     0.950000           97        20.00
      34.559     0.956250           98        22.86
      34.815     0.962500           99        26.67
      34.815     0.968750           99        32.00
      35.263     0.971875          100        35.56
      35.263     0.975000          100        40.00
      35.263     0.978125          100        45.71
      36.831     0.981250          101        53.33
      36.831     0.984375          101        64.00
      36.831     0.985938          101        71.11
      36.831     0.987500          101        80.00
      36.831     0.989062          101        91.43
      37.599     0.990625          102       106.67
      37.599     1.000000          102          inf
#[Mean    =       27.656, StdDeviation   =        2.994]
#[Max     =       37.568, Total count    =          102]
#[Buckets =           27, SubBuckets     =         2048]
-----------------------------------------------------------------------
  219 requests in 20.00s, 39.35KB read
Requests/sec:     10.95  
Transfer/sec:      1.97KB
