Running 20s test @ http://localhost:8080/wrk2-api/review/compose
  2 threads and 2 connections

  Thread calibration: mean lat.: 27.461ms, rate sampling interval: 61ms
  Thread calibration: mean lat.: 27.552ms, rate sampling interval: 60ms

-----------------------------------------------------------------------
Test Results @ http://localhost:8080/wrk2-api/review/compose 
  Thread Stats   Avg      Stdev     99%   +/- Stdev
    Latency    27.73ms    2.89ms  38.11ms   80.39%
    Req/Sec     5.02      9.58    33.00     74.70%
  Latency Distribution (HdrHistogram - Recorded Latency)
 50.000%   27.33ms
 75.000%   28.94ms
 90.000%   30.88ms
 99.000%   38.11ms
 99.900%   39.87ms
 99.990%   39.87ms
 99.999%   39.87ms
100.000%   39.87ms

  Detailed Percentile spectrum:
       Value   Percentile   TotalCount 1/(1-Percentile)

      22.767     0.000000            1         1.00
      24.927     0.100000           11         1.11
      25.743     0.200000           21         1.25
      26.319     0.300000           32         1.43
      26.847     0.400000           42         1.67
      27.327     0.500000           51         2.00
      27.503     0.550000           57         2.22
      27.727     0.600000           63         2.50
      27.999     0.650000           67         2.86
      28.191     0.700000           72         3.33
      28.943     0.750000           77         4.00
      29.087     0.775000           80         4.44
      29.199     0.800000           82         5.00
      29.359     0.825000           85         5.71
      29.679     0.850000           87         6.67
      30.047     0.875000           90         8.00
      30.335     0.887500           91         8.89
      30.879     0.900000           92        10.00
      31.599     0.912500           94        11.43
      32.015     0.925000           95        13.33
      32.031     0.937500           96        16.00
      32.687     0.943750           97        17.78
      32.687     0.950000           97        20.00
      34.303     0.956250           98        22.86
      35.519     0.962500           99        26.67
      35.519     0.968750           99        32.00
      36.735     0.971875          100        35.56
      36.735     0.975000          100        40.00
      36.735     0.978125          100        45.71
      38.111     0.981250          101        53.33
      38.111     0.984375          101        64.00
      38.111     0.985938          101        71.11
      38.111     0.987500          101        80.00
      38.111     0.989062          101        91.43
      39.871     0.990625          102       106.67
      39.871     1.000000          102          inf
#[Mean    =       27.730, StdDeviation   =        2.886]
#[Max     =       39.840, Total count    =          102]
#[Buckets =           27, SubBuckets     =         2048]
-----------------------------------------------------------------------
  219 requests in 20.00s, 39.35KB read
Requests/sec:     10.95  
Transfer/sec:      1.97KB
