Running 20s test @ http://localhost:8080/wrk2-api/review/compose
  2 threads and 2 connections

  Thread calibration: mean lat.: 30.520ms, rate sampling interval: 64ms
  Thread calibration: mean lat.: 28.803ms, rate sampling interval: 64ms

-----------------------------------------------------------------------
Test Results @ http://localhost:8080/wrk2-api/review/compose 
  Thread Stats   Avg      Stdev     99%   +/- Stdev
    Latency    27.74ms    3.88ms  42.81ms   80.39%
    Req/Sec     4.94      9.19    31.00     94.19%
  Latency Distribution (HdrHistogram - Recorded Latency)
 50.000%   26.50ms
 75.000%   28.09ms
 90.000%   33.63ms
 99.000%   42.81ms
 99.900%   43.01ms
 99.990%   43.01ms
 99.999%   43.01ms
100.000%   43.01ms

  Detailed Percentile spectrum:
       Value   Percentile   TotalCount 1/(1-Percentile)

      22.847     0.000000            1         1.00
      24.687     0.100000           11         1.11
      25.167     0.200000           21         1.25
      25.647     0.300000           31         1.43
      26.079     0.400000           41         1.67
      26.495     0.500000           51         2.00
      26.863     0.550000           57         2.22
      27.343     0.600000           62         2.50
      27.551     0.650000           68         2.86
      27.711     0.700000           72         3.33
      28.095     0.750000           77         4.00
      28.863     0.775000           80         4.44
      29.103     0.800000           82         5.00
      30.543     0.825000           85         5.71
      30.735     0.850000           87         6.67
      33.151     0.875000           91         8.00
      33.151     0.887500           91         8.89
      33.631     0.900000           92        10.00
      34.111     0.912500           94        11.43
      34.879     0.925000           95        13.33
      35.711     0.937500           96        16.00
      36.255     0.943750           97        17.78
      36.255     0.950000           97        20.00
      36.287     0.956250           98        22.86
      37.631     0.962500           99        26.67
      37.631     0.968750           99        32.00
      38.431     0.971875          100        35.56
      38.431     0.975000          100        40.00
      38.431     0.978125          100        45.71
      42.815     0.981250          101        53.33
      42.815     0.984375          101        64.00
      42.815     0.985938          101        71.11
      42.815     0.987500          101        80.00
      42.815     0.989062          101        91.43
      43.007     0.990625          102       106.67
      43.007     1.000000          102          inf
#[Mean    =       27.745, StdDeviation   =        3.879]
#[Max     =       42.976, Total count    =          102]
#[Buckets =           27, SubBuckets     =         2048]
-----------------------------------------------------------------------
  219 requests in 20.00s, 39.35KB read
Requests/sec:     10.95  
Transfer/sec:      1.97KB
