Running 20s test @ http://localhost:8080/wrk2-api/review/compose
  2 threads and 2 connections

  Thread calibration: mean lat.: 29.896ms, rate sampling interval: 66ms
  Thread calibration: mean lat.: 33.316ms, rate sampling interval: 70ms

-----------------------------------------------------------------------
Test Results @ http://localhost:8080/wrk2-api/review/compose 
  Thread Stats   Avg      Stdev     99%   +/- Stdev
    Latency    29.09ms   10.62ms 100.22ms   98.04%
    Req/Sec     4.97      9.12    42.00     93.84%
  Latency Distribution (HdrHistogram - Recorded Latency)
 50.000%   27.25ms
 75.000%   28.93ms
 90.000%   32.03ms
 99.000%  100.22ms
 99.900%  102.65ms
 99.990%  102.65ms
 99.999%  102.65ms
100.000%  102.65ms

  Detailed Percentile spectrum:
       Value   Percentile   TotalCount 1/(1-Percentile)

      23.231     0.000000            1         1.00
      24.543     0.100000           11         1.11
      25.551     0.200000           22         1.25
      25.855     0.300000           31         1.43
      26.399     0.400000           42         1.67
      27.247     0.500000           51         2.00
      27.615     0.550000           57         2.22
      27.839     0.600000           62         2.50
      28.079     0.650000           67         2.86
      28.655     0.700000           72         3.33
      28.927     0.750000           77         4.00
      29.311     0.775000           80         4.44
      29.407     0.800000           82         5.00
      30.447     0.825000           85         5.71
      30.591     0.850000           87         6.67
      31.503     0.875000           90         8.00
      31.855     0.887500           91         8.89
      32.031     0.900000           92        10.00
      32.447     0.912500           94        11.43
      32.959     0.925000           95        13.33
      33.439     0.937500           96        16.00
      33.695     0.943750           97        17.78
      33.695     0.950000           97        20.00
      34.783     0.956250           98        22.86
      38.175     0.962500           99        26.67
      38.175     0.968750           99        32.00
      38.879     0.971875          100        35.56
      38.879     0.975000          100        40.00
      38.879     0.978125          100        45.71
     100.223     0.981250          101        53.33
     100.223     0.984375          101        64.00
     100.223     0.985938          101        71.11
     100.223     0.987500          101        80.00
     100.223     0.989062          101        91.43
     102.655     0.990625          102       106.67
     102.655     1.000000          102          inf
#[Mean    =       29.094, StdDeviation   =       10.624]
#[Max     =      102.592, Total count    =          102]
#[Buckets =           27, SubBuckets     =         2048]
-----------------------------------------------------------------------
  219 requests in 20.00s, 39.35KB read
Requests/sec:     10.95  
Transfer/sec:      1.97KB
