Running 20s test @ http://localhost:8080/wrk2-api/review/compose
  2 threads and 2 connections

  Thread calibration: mean lat.: 27.316ms, rate sampling interval: 59ms
  Thread calibration: mean lat.: 27.459ms, rate sampling interval: 61ms

-----------------------------------------------------------------------
Test Results @ http://localhost:8080/wrk2-api/review/compose 
  Thread Stats   Avg      Stdev     99%   +/- Stdev
    Latency    28.34ms   11.64ms  41.25ms   97.06%
    Req/Sec     5.02      9.57    34.00     74.62%
  Latency Distribution (HdrHistogram - Recorded Latency)
 50.000%   26.50ms
 75.000%   28.33ms
 90.000%   31.25ms
 99.000%   41.25ms
 99.900%  140.93ms
 99.990%  140.93ms
 99.999%  140.93ms
100.000%  140.93ms

  Detailed Percentile spectrum:
       Value   Percentile   TotalCount 1/(1-Percentile)

      21.071     0.000000            1         1.00
      24.335     0.100000           11         1.11
      24.991     0.200000           21         1.25
      25.711     0.300000           31         1.43
      26.095     0.400000           41         1.67
      26.495     0.500000           52         2.00
      26.831     0.550000           57         2.22
      27.471     0.600000           62         2.50
      27.791     0.650000           67         2.86
      28.031     0.700000           72         3.33
      28.335     0.750000           77         4.00
      28.591     0.775000           80         4.44
      28.959     0.800000           82         5.00
      29.167     0.825000           85         5.71
      29.535     0.850000           87         6.67
      30.031     0.875000           90         8.00
      30.079     0.887500           91         8.89
      31.247     0.900000           92        10.00
      32.303     0.912500           94        11.43
      32.367     0.925000           95        13.33
      33.375     0.937500           96        16.00
      33.759     0.943750           97        17.78
      33.759     0.950000           97        20.00
      34.367     0.956250           98        22.86
      35.359     0.962500           99        26.67
      35.359     0.968750           99        32.00
      40.543     0.971875          100        35.56
      40.543     0.975000          100        40.00
      40.543     0.978125          100        45.71
      41.247     0.981250          101        53.33
      41.247     0.984375          101        64.00
      41.247     0.985938          101        71.11
      41.247     0.987500          101        80.00
      41.247     0.989062          101        91.43
     140.927     0.990625          102       106.67
     140.927     1.000000          102          inf
#[Mean    =       28.341, StdDeviation   =       11.638]
#[Max     =      140.800, Total count    =          102]
#[Buckets =           27, SubBuckets     =         2048]
-----------------------------------------------------------------------
  219 requests in 20.00s, 39.35KB read
Requests/sec:     10.95  
Transfer/sec:      1.97KB
