Running 20s test @ http://localhost:8080/wrk2-api/review/compose
  2 threads and 2 connections

  Thread calibration: mean lat.: 32.522ms, rate sampling interval: 61ms
  Thread calibration: mean lat.: 27.547ms, rate sampling interval: 59ms

-----------------------------------------------------------------------
Test Results @ http://localhost:8080/wrk2-api/review/compose 
  Thread Stats   Avg      Stdev     99%   +/- Stdev
    Latency    27.45ms    3.71ms  41.34ms   82.18%
    Req/Sec     4.96      9.51    33.00     75.23%
  Latency Distribution (HdrHistogram - Recorded Latency)
 50.000%   26.78ms
 75.000%   28.86ms
 90.000%   30.32ms
 99.000%   41.34ms
 99.900%   44.26ms
 99.990%   44.26ms
 99.999%   44.26ms
100.000%   44.26ms

  Detailed Percentile spectrum:
       Value   Percentile   TotalCount 1/(1-Percentile)

      22.239     0.000000            1         1.00
      23.967     0.100000           11         1.11
      24.911     0.200000           21         1.25
      25.487     0.300000           31         1.43
      26.095     0.400000           41         1.67
      26.783     0.500000           51         2.00
      27.119     0.550000           56         2.22
      27.343     0.600000           61         2.50
      27.887     0.650000           66         2.86
      28.351     0.700000           72         3.33
      28.863     0.750000           76         4.00
      28.975     0.775000           79         4.44
      29.167     0.800000           81         5.00
      29.599     0.825000           85         5.71
      29.839     0.850000           86         6.67
      30.111     0.875000           89         8.00
      30.271     0.887500           90         8.89
      30.319     0.900000           91        10.00
      31.919     0.912500           93        11.43
      32.175     0.925000           94        13.33
      32.495     0.937500           95        16.00
      35.391     0.943750           96        17.78
      35.391     0.950000           96        20.00
      36.223     0.956250           97        22.86
      37.791     0.962500           98        26.67
      37.791     0.968750           98        32.00
      39.231     0.971875           99        35.56
      39.231     0.975000           99        40.00
      39.231     0.978125           99        45.71
      41.343     0.981250          100        53.33
      41.343     0.984375          100        64.00
      41.343     0.985938          100        71.11
      41.343     0.987500          100        80.00
      41.343     0.989062          100        91.43
      44.255     0.990625          101       106.67
      44.255     1.000000          101          inf
#[Mean    =       27.445, StdDeviation   =        3.712]
#[Max     =       44.224, Total count    =          101]
#[Buckets =           27, SubBuckets     =         2048]
-----------------------------------------------------------------------
  218 requests in 20.01s, 39.17KB read
Requests/sec:     10.89  
Transfer/sec:      1.96KB
