Running 20s test @ http://localhost:8080/wrk2-api/review/compose
  2 threads and 2 connections

  Thread calibration: mean lat.: 28.313ms, rate sampling interval: 64ms
  Thread calibration: mean lat.: 27.090ms, rate sampling interval: 62ms

-----------------------------------------------------------------------
Test Results @ http://localhost:8080/wrk2-api/review/compose 
  Thread Stats   Avg      Stdev     99%   +/- Stdev
    Latency    27.84ms    5.64ms  43.62ms   94.12%
    Req/Sec     5.00      9.22    32.00     85.40%
  Latency Distribution (HdrHistogram - Recorded Latency)
 50.000%   26.70ms
 75.000%   28.61ms
 90.000%   31.20ms
 99.000%   43.62ms
 99.900%   74.05ms
 99.990%   74.05ms
 99.999%   74.05ms
100.000%   74.05ms

  Detailed Percentile spectrum:
       Value   Percentile   TotalCount 1/(1-Percentile)

      23.039     0.000000            1         1.00
      24.303     0.100000           11         1.11
      24.991     0.200000           21         1.25
      25.583     0.300000           31         1.43
      26.431     0.400000           42         1.67
      26.703     0.500000           51         2.00
      27.055     0.550000           57         2.22
      27.279     0.600000           62         2.50
      27.455     0.650000           67         2.86
      28.159     0.700000           72         3.33
      28.607     0.750000           77         4.00
      28.895     0.775000           80         4.44
      29.167     0.800000           83         5.00
      29.711     0.825000           85         5.71
      30.527     0.850000           87         6.67
      30.831     0.875000           90         8.00
      31.199     0.887500           92         8.89
      31.199     0.900000           92        10.00
      32.255     0.912500           94        11.43
      32.687     0.925000           95        13.33
      33.215     0.937500           96        16.00
      34.111     0.943750           97        17.78
      34.111     0.950000           97        20.00
      35.199     0.956250           98        22.86
      35.359     0.962500           99        26.67
      35.359     0.968750           99        32.00
      39.391     0.971875          100        35.56
      39.391     0.975000          100        40.00
      39.391     0.978125          100        45.71
      43.615     0.981250          101        53.33
      43.615     0.984375          101        64.00
      43.615     0.985938          101        71.11
      43.615     0.987500          101        80.00
      43.615     0.989062          101        91.43
      74.047     0.990625          102       106.67
      74.047     1.000000          102          inf
#[Mean    =       27.843, StdDeviation   =        5.638]
#[Max     =       73.984, Total count    =          102]
#[Buckets =           27, SubBuckets     =         2048]
-----------------------------------------------------------------------
  219 requests in 20.00s, 39.35KB read
Requests/sec:     10.95  
Transfer/sec:      1.97KB
