Running 20s test @ http://localhost:8080/wrk2-api/review/compose
  2 threads and 2 connections

  Thread calibration: mean lat.: 28.586ms, rate sampling interval: 59ms
  Thread calibration: mean lat.: 27.672ms, rate sampling interval: 61ms

-----------------------------------------------------------------------
Test Results @ http://localhost:8080/wrk2-api/review/compose 
  Thread Stats   Avg      Stdev     99%   +/- Stdev
    Latency    27.62ms    2.66ms  34.75ms   72.55%
    Req/Sec     5.01      9.55    34.00     74.92%
  Latency Distribution (HdrHistogram - Recorded Latency)
 50.000%   27.15ms
 75.000%   29.02ms
 90.000%   31.09ms
 99.000%   34.75ms
 99.900%   35.68ms
 99.990%   35.68ms
 99.999%   35.68ms
100.000%   35.68ms

  Detailed Percentile spectrum:
       Value   Percentile   TotalCount 1/(1-Percentile)

      23.679     0.000000            1         1.00
      24.687     0.100000           12         1.11
      25.279     0.200000           21         1.25
      25.839     0.300000           31         1.43
      26.479     0.400000           41         1.67
      27.151     0.500000           51         2.00
      27.583     0.550000           57         2.22
      28.031     0.600000           62         2.50
      28.431     0.650000           68         2.86
      28.607     0.700000           72         3.33
      29.023     0.750000           77         4.00
      29.215     0.775000           80         4.44
      29.311     0.800000           82         5.00
      30.063     0.825000           85         5.71
      30.175     0.850000           87         6.67
      30.575     0.875000           90         8.00
      31.071     0.887500           91         8.89
      31.087     0.900000           92        10.00
      31.375     0.912500           94        11.43
      31.503     0.925000           95        13.33
      32.527     0.937500           96        16.00
      33.503     0.943750           97        17.78
      33.503     0.950000           97        20.00
      34.015     0.956250           99        22.86
      34.015     0.962500           99        26.67
      34.015     0.968750           99        32.00
      34.495     0.971875          100        35.56
      34.495     0.975000          100        40.00
      34.495     0.978125          100        45.71
      34.751     0.981250          101        53.33
      34.751     0.984375          101        64.00
      34.751     0.985938          101        71.11
      34.751     0.987500          101        80.00
      34.751     0.989062          101        91.43
      35.679     0.990625          102       106.67
      35.679     1.000000          102          inf
#[Mean    =       27.615, StdDeviation   =        2.656]
#[Max     =       35.648, Total count    =          102]
#[Buckets =           27, SubBuckets     =         2048]
-----------------------------------------------------------------------
  219 requests in 20.01s, 39.35KB read
Requests/sec:     10.95  
Transfer/sec:      1.97KB
