Running 20s test @ http://localhost:8080/wrk2-api/review/compose
  2 threads and 2 connections

  Thread calibration: mean lat.: 27.506ms, rate sampling interval: 58ms
  Thread calibration: mean lat.: 27.835ms, rate sampling interval: 62ms

-----------------------------------------------------------------------
Test Results @ http://localhost:8080/wrk2-api/review/compose 
  Thread Stats   Avg      Stdev     99%   +/- Stdev
    Latency    29.13ms   11.53ms 103.10ms   97.06%
    Req/Sec     5.06      9.65    35.00     75.23%
  Latency Distribution (HdrHistogram - Recorded Latency)
 50.000%   26.94ms
 75.000%   29.15ms
 90.000%   31.71ms
 99.000%  103.10ms
 99.900%  111.87ms
 99.990%  111.87ms
 99.999%  111.87ms
100.000%  111.87ms

  Detailed Percentile spectrum:
       Value   Percentile   TotalCount 1/(1-Percentile)

      22.447     0.000000            1         1.00
      24.351     0.100000           11         1.11
      25.311     0.200000           21         1.25
      25.631     0.300000           32         1.43
      26.239     0.400000           41         1.67
      26.943     0.500000           52         2.00
      27.279     0.550000           57         2.22
      27.903     0.600000           62         2.50
      28.351     0.650000           67         2.86
      28.719     0.700000           72         3.33
      29.151     0.750000           77         4.00
      29.807     0.775000           80         4.44
      29.935     0.800000           83         5.00
      30.047     0.825000           85         5.71
      30.863     0.850000           87         6.67
      31.567     0.875000           90         8.00
      31.695     0.887500           91         8.89
      31.711     0.900000           92        10.00
      32.895     0.912500           94        11.43
      33.311     0.925000           95        13.33
      33.727     0.937500           96        16.00
      34.911     0.943750           97        17.78
      34.911     0.950000           97        20.00
      35.871     0.956250           98        22.86
      37.055     0.962500           99        26.67
      37.055     0.968750           99        32.00
      42.015     0.971875          100        35.56
      42.015     0.975000          100        40.00
      42.015     0.978125          100        45.71
     103.103     0.981250          101        53.33
     103.103     0.984375          101        64.00
     103.103     0.985938          101        71.11
     103.103     0.987500          101        80.00
     103.103     0.989062          101        91.43
     111.871     0.990625          102       106.67
     111.871     1.000000          102          inf
#[Mean    =       29.129, StdDeviation   =       11.533]
#[Max     =      111.808, Total count    =          102]
#[Buckets =           27, SubBuckets     =         2048]
-----------------------------------------------------------------------
  219 requests in 20.00s, 39.35KB read
Requests/sec:     10.95  
Transfer/sec:      1.97KB
