Running 20s test @ http://localhost:8080/wrk2-api/review/compose
  2 threads and 2 connections

  Thread calibration: mean lat.: 60.555ms, rate sampling interval: 281ms
  Thread calibration: mean lat.: 60.789ms, rate sampling interval: 337ms

-----------------------------------------------------------------------
Test Results @ http://localhost:8080/wrk2-api/review/compose 
  Thread Stats   Avg      Stdev     99%   +/- Stdev
    Latency    31.08ms   18.90ms 129.66ms   97.06%
    Req/Sec     4.55      4.49    14.00     93.75%
  Latency Distribution (HdrHistogram - Recorded Latency)
 50.000%   27.10ms
 75.000%   29.77ms
 90.000%   33.82ms
 99.000%  129.66ms
 99.900%  154.75ms
 99.990%  154.75ms
 99.999%  154.75ms
100.000%  154.75ms

  Detailed Percentile spectrum:
       Value   Percentile   TotalCount 1/(1-Percentile)

      22.703     0.000000            1         1.00
      24.095     0.100000           11         1.11
      24.895     0.200000           21         1.25
      25.503     0.300000           31         1.43
      26.191     0.400000           41         1.67
      27.103     0.500000           51         2.00
      27.711     0.550000           58         2.22
      28.095     0.600000           62         2.50
      28.783     0.650000           67         2.86
      29.487     0.700000           72         3.33
      29.775     0.750000           77         4.00
      30.239     0.775000           80         4.44
      30.543     0.800000           82         5.00
      30.895     0.825000           85         5.71
      30.927     0.850000           87         6.67
      32.623     0.875000           90         8.00
      33.151     0.887500           91         8.89
      33.823     0.900000           92        10.00
      34.303     0.912500           94        11.43
      34.367     0.925000           95        13.33
      38.783     0.937500           96        16.00
      39.071     0.943750           97        17.78
      39.071     0.950000           97        20.00
      43.647     0.956250           99        22.86
      43.647     0.962500           99        26.67
      43.647     0.968750           99        32.00
     125.567     0.971875          100        35.56
     125.567     0.975000          100        40.00
     125.567     0.978125          100        45.71
     129.663     0.981250          101        53.33
     129.663     0.984375          101        64.00
     129.663     0.985938          101        71.11
     129.663     0.987500          101        80.00
     129.663     0.989062          101        91.43
     154.751     0.990625          102       106.67
     154.751     1.000000          102          inf
#[Mean    =       31.078, StdDeviation   =       18.900]
#[Max     =      154.624, Total count    =          102]
#[Buckets =           27, SubBuckets     =         2048]
-----------------------------------------------------------------------
  219 requests in 20.01s, 39.35KB read
Requests/sec:     10.95  
Transfer/sec:      1.97KB
