Running 20s test @ http://localhost:8080/wrk2-api/review/compose
  2 threads and 2 connections

  Thread calibration: mean lat.: 27.394ms, rate sampling interval: 61ms
  Thread calibration: mean lat.: 26.804ms, rate sampling interval: 59ms

-----------------------------------------------------------------------
Test Results @ http://localhost:8080/wrk2-api/review/compose 
  Thread Stats   Avg      Stdev     99%   +/- Stdev
    Latency    27.33ms    2.90ms  36.19ms   81.37%
    Req/Sec     4.95      9.58    34.00     75.53%
  Latency Distribution (HdrHistogram - Recorded Latency)
 50.000%   26.50ms
 75.000%   28.21ms
 90.000%   31.02ms
 99.000%   36.19ms
 99.900%   41.41ms
 99.990%   41.41ms
 99.999%   41.41ms
100.000%   41.41ms

  Detailed Percentile spectrum:
       Value   Percentile   TotalCount 1/(1-Percentile)

      22.415     0.000000            1         1.00
      24.767     0.100000           11         1.11
      25.311     0.200000           22         1.25
      25.903     0.300000           31         1.43
      26.239     0.400000           41         1.67
      26.495     0.500000           51         2.00
      26.639     0.550000           57         2.22
      26.959     0.600000           62         2.50
      27.327     0.650000           68         2.86
      27.727     0.700000           72         3.33
      28.207     0.750000           77         4.00
      28.687     0.775000           80         4.44
      28.975     0.800000           83         5.00
      29.199     0.825000           85         5.71
      29.839     0.850000           87         6.67
      30.287     0.875000           90         8.00
      30.543     0.887500           91         8.89
      31.023     0.900000           92        10.00
      31.423     0.912500           94        11.43
      32.495     0.925000           95        13.33
      32.623     0.937500           96        16.00
      33.023     0.943750           97        17.78
      33.023     0.950000           97        20.00
      33.375     0.956250           98        22.86
      34.623     0.962500           99        26.67
      34.623     0.968750           99        32.00
      35.231     0.971875          100        35.56
      35.231     0.975000          100        40.00
      35.231     0.978125          100        45.71
      36.191     0.981250          101        53.33
      36.191     0.984375          101        64.00
      36.191     0.985938          101        71.11
      36.191     0.987500          101        80.00
      36.191     0.989062          101        91.43
      41.407     0.990625          102       106.67
      41.407     1.000000          102          inf
#[Mean    =       27.325, StdDeviation   =        2.899]
#[Max     =       41.376, Total count    =          102]
#[Buckets =           27, SubBuckets     =         2048]
-----------------------------------------------------------------------
  219 requests in 20.00s, 39.35KB read
Requests/sec:     10.95  
Transfer/sec:      1.97KB
