Running 20s test @ http://localhost:8080/wrk2-api/review/compose
  2 threads and 2 connections

  Thread calibration: mean lat.: 32.348ms, rate sampling interval: 65ms
  Thread calibration: mean lat.: 29.384ms, rate sampling interval: 64ms

-----------------------------------------------------------------------
Test Results @ http://localhost:8080/wrk2-api/review/compose 
  Thread Stats   Avg      Stdev     99%   +/- Stdev
    Latency    27.29ms    2.81ms  37.89ms   82.35%
    Req/Sec     4.96      9.16    31.00     94.16%
  Latency Distribution (HdrHistogram - Recorded Latency)
 50.000%   26.61ms
 75.000%   28.58ms
 90.000%   30.25ms
 99.000%   37.89ms
 99.900%   39.90ms
 99.990%   39.90ms
 99.999%   39.90ms
100.000%   39.90ms

  Detailed Percentile spectrum:
       Value   Percentile   TotalCount 1/(1-Percentile)

      22.479     0.000000            1         1.00
      24.767     0.100000           11         1.11
      25.327     0.200000           21         1.25
      25.599     0.300000           32         1.43
      26.271     0.400000           42         1.67
      26.607     0.500000           51         2.00
      26.927     0.550000           57         2.22
      27.375     0.600000           62         2.50
      27.631     0.650000           67         2.86
      28.111     0.700000           72         3.33
      28.575     0.750000           79         4.00
      28.623     0.775000           80         4.44
      28.863     0.800000           82         5.00
      29.039     0.825000           85         5.71
      29.647     0.850000           88         6.67
      29.903     0.875000           90         8.00
      29.999     0.887500           91         8.89
      30.255     0.900000           92        10.00
      30.527     0.912500           94        11.43
      30.751     0.925000           95        13.33
      31.407     0.937500           96        16.00
      32.447     0.943750           97        17.78
      32.447     0.950000           97        20.00
      32.655     0.956250           98        22.86
      34.239     0.962500           99        26.67
      34.239     0.968750           99        32.00
      35.871     0.971875          100        35.56
      35.871     0.975000          100        40.00
      35.871     0.978125          100        45.71
      37.887     0.981250          101        53.33
      37.887     0.984375          101        64.00
      37.887     0.985938          101        71.11
      37.887     0.987500          101        80.00
      37.887     0.989062          101        91.43
      39.903     0.990625          102       106.67
      39.903     1.000000          102          inf
#[Mean    =       27.292, StdDeviation   =        2.813]
#[Max     =       39.872, Total count    =          102]
#[Buckets =           27, SubBuckets     =         2048]
-----------------------------------------------------------------------
  219 requests in 20.00s, 39.35KB read
Requests/sec:     10.95  
Transfer/sec:      1.97KB
