Running 20s test @ http://localhost:8080/wrk2-api/review/compose
  2 threads and 2 connections

  Thread calibration: mean lat.: 28.712ms, rate sampling interval: 57ms
  Thread calibration: mean lat.: 26.899ms, rate sampling interval: 59ms

-----------------------------------------------------------------------
Test Results @ http://localhost:8080/wrk2-api/review/compose 
  Thread Stats   Avg      Stdev     99%   +/- Stdev
    Latency    27.75ms    3.66ms  37.92ms   74.51%
    Req/Sec     4.98      9.44    35.00     75.15%
  Latency Distribution (HdrHistogram - Recorded Latency)
 50.000%   26.98ms
 75.000%   29.38ms
 90.000%   32.08ms
 99.000%   37.92ms
 99.900%   43.68ms
 99.990%   43.68ms
 99.999%   43.68ms
100.000%   43.68ms

  Detailed Percentile spectrum:
       Value   Percentile   TotalCount 1/(1-Percentile)

      21.615     0.000000            1         1.00
      23.871     0.100000           11         1.11
      24.831     0.200000           21         1.25
      25.519     0.300000           31         1.43
      26.255     0.400000           41         1.67
      26.975     0.500000           52         2.00
      27.615     0.550000           57         2.22
      28.047     0.600000           62         2.50
      28.319     0.650000           67         2.86
      28.623     0.700000           72         3.33
      29.375     0.750000           77         4.00
      29.631     0.775000           80         4.44
      29.871     0.800000           82         5.00
      30.463     0.825000           85         5.71
      31.375     0.850000           87         6.67
      31.919     0.875000           90         8.00
      32.047     0.887500           91         8.89
      32.079     0.900000           93        10.00
      32.767     0.912500           94        11.43
      33.375     0.925000           95        13.33
      33.535     0.937500           96        16.00
      34.047     0.943750           97        17.78
      34.047     0.950000           97        20.00
      36.511     0.956250           98        22.86
      37.215     0.962500           99        26.67
      37.215     0.968750           99        32.00
      37.823     0.971875          100        35.56
      37.823     0.975000          100        40.00
      37.823     0.978125          100        45.71
      37.919     0.981250          101        53.33
      37.919     0.984375          101        64.00
      37.919     0.985938          101        71.11
      37.919     0.987500          101        80.00
      37.919     0.989062          101        91.43
      43.679     0.990625          102       106.67
      43.679     1.000000          102          inf
#[Mean    =       27.755, StdDeviation   =        3.664]
#[Max     =       43.648, Total count    =          102]
#[Buckets =           27, SubBuckets     =         2048]
-----------------------------------------------------------------------
  219 requests in 20.00s, 39.35KB read
Requests/sec:     10.95  
Transfer/sec:      1.97KB
