Running 20s test @ http://localhost:8080/wrk2-api/review/compose
  2 threads and 2 connections

  Thread calibration: mean lat.: 27.539ms, rate sampling interval: 62ms
  Thread calibration: mean lat.: 27.355ms, rate sampling interval: 62ms

-----------------------------------------------------------------------
Test Results @ http://localhost:8080/wrk2-api/review/compose 
  Thread Stats   Avg      Stdev     99%   +/- Stdev
    Latency    28.45ms   11.01ms  37.28ms   99.02%
    Req/Sec     5.04      8.98    32.00     74.06%
  Latency Distribution (HdrHistogram - Recorded Latency)
 50.000%   26.94ms
 75.000%   28.51ms
 90.000%   31.47ms
 99.000%   37.28ms
 99.900%  135.68ms
 99.990%  135.68ms
 99.999%  135.68ms
100.000%  135.68ms

  Detailed Percentile spectrum:
       Value   Percentile   TotalCount 1/(1-Percentile)

      22.623     0.000000            1         1.00
      24.607     0.100000           11         1.11
      25.503     0.200000           21         1.25
      25.951     0.300000           31         1.43
      26.431     0.400000           41         1.67
      26.943     0.500000           51         2.00
      27.247     0.550000           57         2.22
      27.487     0.600000           63         2.50
      27.791     0.650000           67         2.86
      28.127     0.700000           72         3.33
      28.511     0.750000           77         4.00
      28.623     0.775000           80         4.44
      28.991     0.800000           82         5.00
      29.327     0.825000           85         5.71
      29.615     0.850000           87         6.67
      30.575     0.875000           90         8.00
      31.151     0.887500           91         8.89
      31.471     0.900000           92        10.00
      32.303     0.912500           94        11.43
      32.703     0.925000           95        13.33
      32.735     0.937500           96        16.00
      34.271     0.943750           97        17.78
      34.271     0.950000           97        20.00
      34.911     0.956250           98        22.86
      34.943     0.962500           99        26.67
      34.943     0.968750           99        32.00
      35.679     0.971875          100        35.56
      35.679     0.975000          100        40.00
      35.679     0.978125          100        45.71
      37.279     0.981250          101        53.33
      37.279     0.984375          101        64.00
      37.279     0.985938          101        71.11
      37.279     0.987500          101        80.00
      37.279     0.989062          101        91.43
     135.679     0.990625          102       106.67
     135.679     1.000000          102          inf
#[Mean    =       28.447, StdDeviation   =       11.013]
#[Max     =      135.552, Total count    =          102]
#[Buckets =           27, SubBuckets     =         2048]
-----------------------------------------------------------------------
  219 requests in 20.00s, 39.35KB read
Requests/sec:     10.95  
Transfer/sec:      1.97KB
