Running 20s test @ http://localhost:8080/wrk2-api/review/compose
  2 threads and 2 connections

  Thread calibration: mean lat.: 31.613ms, rate sampling interval: 61ms
  Thread calibration: mean lat.: 29.055ms, rate sampling interval: 60ms

-----------------------------------------------------------------------
Test Results @ http://localhost:8080/wrk2-api/review/compose 
  Thread Stats   Avg      Stdev     99%   +/- Stdev
    Latency    27.10ms    2.96ms  37.44ms   80.39%
    Req/Sec     4.96      9.46    33.00     75.00%
  Latency Distribution (HdrHistogram - Recorded Latency)
 50.000%   26.61ms
 75.000%   28.27ms
 90.000%   30.08ms
 99.000%   37.44ms
 99.900%   38.78ms
 99.990%   38.78ms
 99.999%   38.78ms
100.000%   38.78ms

  Detailed Percentile spectrum:
       Value   Percentile   TotalCount 1/(1-Percentile)

      22.175     0.000000            1         1.00
      24.207     0.100000           11         1.11
      24.943     0.200000           21         1.25
      25.359     0.300000           31         1.43
      25.903     0.400000           41         1.67
      26.607     0.500000           51         2.00
      26.927     0.550000           57         2.22
      27.103     0.600000           62         2.50
      27.471     0.650000           67         2.86
      27.935     0.700000           72         3.33
      28.271     0.750000           77         4.00
      28.383     0.775000           81         4.44
      28.527     0.800000           82         5.00
      28.623     0.825000           85         5.71
      28.991     0.850000           87         6.67
      29.551     0.875000           90         8.00
      29.599     0.887500           91         8.89
      30.079     0.900000           92        10.00
      31.375     0.912500           94        11.43
      31.791     0.925000           95        13.33
      33.311     0.937500           96        16.00
      33.439     0.943750           97        17.78
      33.439     0.950000           97        20.00
      33.823     0.956250           98        22.86
      35.551     0.962500           99        26.67
      35.551     0.968750           99        32.00
      35.999     0.971875          100        35.56
      35.999     0.975000          100        40.00
      35.999     0.978125          100        45.71
      37.439     0.981250          101        53.33
      37.439     0.984375          101        64.00
      37.439     0.985938          101        71.11
      37.439     0.987500          101        80.00
      37.439     0.989062          101        91.43
      38.783     0.990625          102       106.67
      38.783     1.000000          102          inf
#[Mean    =       27.100, StdDeviation   =        2.961]
#[Max     =       38.752, Total count    =          102]
#[Buckets =           27, SubBuckets     =         2048]
-----------------------------------------------------------------------
  219 requests in 20.01s, 39.35KB read
Requests/sec:     10.95  
Transfer/sec:      1.97KB
