Running 20s test @ http://localhost:8080/wrk2-api/review/compose
  2 threads and 2 connections

  Thread calibration: mean lat.: 26.929ms, rate sampling interval: 58ms
  Thread calibration: mean lat.: 26.418ms, rate sampling interval: 56ms

-----------------------------------------------------------------------
Test Results @ http://localhost:8080/wrk2-api/review/compose 
  Thread Stats   Avg      Stdev     99%   +/- Stdev
    Latency    27.53ms    5.35ms  42.40ms   92.16%
    Req/Sec     4.98      9.47    35.00     75.86%
  Latency Distribution (HdrHistogram - Recorded Latency)
 50.000%   26.61ms
 75.000%   28.16ms
 90.000%   30.42ms
 99.000%   42.40ms
 99.900%   70.33ms
 99.990%   70.33ms
 99.999%   70.33ms
100.000%   70.33ms

  Detailed Percentile spectrum:
       Value   Percentile   TotalCount 1/(1-Percentile)

      22.063     0.000000            1         1.00
      24.079     0.100000           11         1.11
      24.847     0.200000           22         1.25
      25.407     0.300000           31         1.43
      26.143     0.400000           41         1.67
      26.607     0.500000           51         2.00
      26.847     0.550000           57         2.22
      27.023     0.600000           62         2.50
      27.295     0.650000           67         2.86
      27.887     0.700000           72         3.33
      28.159     0.750000           77         4.00
      28.463     0.775000           80         4.44
      28.751     0.800000           82         5.00
      28.959     0.825000           86         5.71
      29.039     0.850000           87         6.67
      29.935     0.875000           90         8.00
      29.967     0.887500           91         8.89
      30.415     0.900000           92        10.00
      31.135     0.912500           94        11.43
      31.471     0.925000           95        13.33
      34.367     0.937500           96        16.00
      34.943     0.943750           97        17.78
      34.943     0.950000           97        20.00
      36.991     0.956250           98        22.86
      37.023     0.962500           99        26.67
      37.023     0.968750           99        32.00
      38.239     0.971875          100        35.56
      38.239     0.975000          100        40.00
      38.239     0.978125          100        45.71
      42.399     0.981250          101        53.33
      42.399     0.984375          101        64.00
      42.399     0.985938          101        71.11
      42.399     0.987500          101        80.00
      42.399     0.989062          101        91.43
      70.335     0.990625          102       106.67
      70.335     1.000000          102          inf
#[Mean    =       27.530, StdDeviation   =        5.349]
#[Max     =       70.272, Total count    =          102]
#[Buckets =           27, SubBuckets     =         2048]
-----------------------------------------------------------------------
  219 requests in 20.01s, 39.35KB read
Requests/sec:     10.95  
Transfer/sec:      1.97KB
