Running 20s test @ http://localhost:8080/wrk2-api/post/compose
  2 threads and 2 connections

  Thread calibration: mean lat.: 33.362ms, rate sampling interval: 73ms
  Thread calibration: mean lat.: 32.030ms, rate sampling interval: 68ms

-----------------------------------------------------------------------
Test Results @ http://localhost:8080/wrk2-api/post/compose 
  Thread Stats   Avg      Stdev     99%   +/- Stdev
    Latency    31.98ms    3.38ms  44.54ms   76.47%
    Req/Sec     4.92      8.81    29.00     93.62%
  Latency Distribution (HdrHistogram - Recorded Latency)
 50.000%   31.18ms
 75.000%   33.06ms
 90.000%   36.48ms
 99.000%   44.54ms
 99.900%   44.80ms
 99.990%   44.80ms
 99.999%   44.80ms
100.000%   44.80ms

  Detailed Percentile spectrum:
       Value   Percentile   TotalCount 1/(1-Percentile)

      27.279     0.000000            1         1.00
      28.495     0.100000           11         1.11
      29.439     0.200000           21         1.25
      30.239     0.300000           31         1.43
      30.751     0.400000           41         1.67
      31.183     0.500000           51         2.00
      31.615     0.550000           57         2.22
      32.127     0.600000           62         2.50
      32.271     0.650000           67         2.86
      32.687     0.700000           72         3.33
      33.055     0.750000           77         4.00
      33.375     0.775000           80         4.44
      33.855     0.800000           82         5.00
      34.335     0.825000           85         5.71
      34.623     0.850000           87         6.67
      35.551     0.875000           90         8.00
      35.903     0.887500           91         8.89
      36.479     0.900000           92        10.00
      37.151     0.912500           94        11.43
      37.279     0.925000           95        13.33
      37.855     0.937500           96        16.00
      38.943     0.943750           97        17.78
      38.943     0.950000           97        20.00
      39.359     0.956250           98        22.86
      40.863     0.962500           99        26.67
      40.863     0.968750           99        32.00
      41.951     0.971875          100        35.56
      41.951     0.975000          100        40.00
      41.951     0.978125          100        45.71
      44.543     0.981250          101        53.33
      44.543     0.984375          101        64.00
      44.543     0.985938          101        71.11
      44.543     0.987500          101        80.00
      44.543     0.989062          101        91.43
      44.799     0.990625          102       106.67
      44.799     1.000000          102          inf
#[Mean    =       31.977, StdDeviation   =        3.381]
#[Max     =       44.768, Total count    =          102]
#[Buckets =           27, SubBuckets     =         2048]
-----------------------------------------------------------------------
  219 requests in 20.00s, 45.98KB read
Requests/sec:     10.95  
Transfer/sec:      2.30KB
