Running 20s test @ http://localhost:8080/wrk2-api/post/compose
  2 threads and 2 connections

  Thread calibration: mean lat.: 36.182ms, rate sampling interval: 74ms
  Thread calibration: mean lat.: 30.560ms, rate sampling interval: 66ms

-----------------------------------------------------------------------
Test Results @ http://localhost:8080/wrk2-api/post/compose 
  Thread Stats   Avg      Stdev     99%   +/- Stdev
    Latency    31.35ms    3.33ms  41.92ms   70.59%
    Req/Sec     5.04      9.14    41.00     94.01%
  Latency Distribution (HdrHistogram - Recorded Latency)
 50.000%   30.66ms
 75.000%   32.38ms
 90.000%   36.29ms
 99.000%   41.92ms
 99.900%   42.24ms
 99.990%   42.24ms
 99.999%   42.24ms
100.000%   42.24ms

  Detailed Percentile spectrum:
       Value   Percentile   TotalCount 1/(1-Percentile)

      26.047     0.000000            1         1.00
      27.951     0.100000           11         1.11
      28.767     0.200000           21         1.25
      29.471     0.300000           31         1.43
      30.191     0.400000           41         1.67
      30.655     0.500000           51         2.00
      30.911     0.550000           58         2.22
      31.279     0.600000           62         2.50
      31.631     0.650000           67         2.86
      32.127     0.700000           72         3.33
      32.383     0.750000           77         4.00
      32.991     0.775000           80         4.44
      33.663     0.800000           82         5.00
      35.135     0.825000           86         5.71
      35.167     0.850000           87         6.67
      35.935     0.875000           90         8.00
      36.255     0.887500           91         8.89
      36.287     0.900000           92        10.00
      36.351     0.912500           94        11.43
      37.151     0.925000           95        13.33
      37.439     0.937500           96        16.00
      37.567     0.943750           97        17.78
      37.567     0.950000           97        20.00
      37.791     0.956250           98        22.86
      37.855     0.962500           99        26.67
      37.855     0.968750           99        32.00
      40.319     0.971875          100        35.56
      40.319     0.975000          100        40.00
      40.319     0.978125          100        45.71
      41.919     0.981250          101        53.33
      41.919     0.984375          101        64.00
      41.919     0.985938          101        71.11
      41.919     0.987500          101        80.00
      41.919     0.989062          101        91.43
      42.239     0.990625          102       106.67
      42.239     1.000000          102          inf
#[Mean    =       31.347, StdDeviation   =        3.334]
#[Max     =       42.208, Total count    =          102]
#[Buckets =           27, SubBuckets     =         2048]
-----------------------------------------------------------------------
  219 requests in 20.00s, 45.98KB read
Requests/sec:     10.95  
Transfer/sec:      2.30KB
