Running 20s test @ http://localhost:8080/wrk2-api/post/compose
  2 threads and 2 connections

  Thread calibration: mean lat.: 33.081ms, rate sampling interval: 69ms
  Thread calibration: mean lat.: 33.891ms, rate sampling interval: 76ms

-----------------------------------------------------------------------
Test Results @ http://localhost:8080/wrk2-api/post/compose 
  Thread Stats   Avg      Stdev     99%   +/- Stdev
    Latency    32.79ms   13.00ms 117.95ms   97.06%
    Req/Sec     5.05      8.70    29.00     93.82%
  Latency Distribution (HdrHistogram - Recorded Latency)
 50.000%   29.79ms
 75.000%   32.64ms
 90.000%   36.90ms
 99.000%  117.95ms
 99.900%  120.83ms
 99.990%  120.83ms
 99.999%  120.83ms
100.000%  120.83ms

  Detailed Percentile spectrum:
       Value   Percentile   TotalCount 1/(1-Percentile)

      24.719     0.000000            1         1.00
      27.567     0.100000           11         1.11
      28.015     0.200000           21         1.25
      28.815     0.300000           32         1.43
      29.295     0.400000           41         1.67
      29.791     0.500000           51         2.00
      30.495     0.550000           57         2.22
      30.783     0.600000           62         2.50
      31.327     0.650000           67         2.86
      31.743     0.700000           72         3.33
      32.639     0.750000           77         4.00
      32.959     0.775000           80         4.44
      34.239     0.800000           82         5.00
      34.655     0.825000           85         5.71
      34.879     0.850000           87         6.67
      35.967     0.875000           90         8.00
      35.999     0.887500           91         8.89
      36.895     0.900000           92        10.00
      37.791     0.912500           94        11.43
      40.479     0.925000           96        13.33
      40.479     0.937500           96        16.00
      40.735     0.943750           97        17.78
      40.735     0.950000           97        20.00
      41.247     0.956250           98        22.86
      42.207     0.962500           99        26.67
      42.207     0.968750           99        32.00
      57.279     0.971875          100        35.56
      57.279     0.975000          100        40.00
      57.279     0.978125          100        45.71
     117.951     0.981250          101        53.33
     117.951     0.984375          101        64.00
     117.951     0.985938          101        71.11
     117.951     0.987500          101        80.00
     117.951     0.989062          101        91.43
     120.831     0.990625          102       106.67
     120.831     1.000000          102          inf
#[Mean    =       32.794, StdDeviation   =       13.002]
#[Max     =      120.768, Total count    =          102]
#[Buckets =           27, SubBuckets     =         2048]
-----------------------------------------------------------------------
  219 requests in 20.00s, 45.98KB read
Requests/sec:     10.95  
Transfer/sec:      2.30KB
