Running 20s test @ http://localhost:8080/wrk2-api/post/compose
  2 threads and 2 connections

  Thread calibration: mean lat.: 44.574ms, rate sampling interval: 72ms
  Thread calibration: mean lat.: 36.601ms, rate sampling interval: 70ms

-----------------------------------------------------------------------
Test Results @ http://localhost:8080/wrk2-api/post/compose 
  Thread Stats   Avg      Stdev     99%   +/- Stdev
    Latency     1.57s   889.14ms   3.62s    65.71%
    Req/Sec     5.16     10.75    56.00     95.36%
  Latency Distribution (HdrHistogram - Recorded Latency)
 50.000%    1.43s 
 75.000%    2.13s 
 90.000%    2.91s 
 99.000%    3.62s 
 99.900%    3.75s 
 99.990%    3.75s 
 99.999%    3.75s 
100.000%    3.75s 

  Detailed Percentile spectrum:
       Value   Percentile   TotalCount 1/(1-Percentile)

      27.231     0.000000            1         1.00
     373.503     0.100000           11         1.11
     689.151     0.200000           21         1.25
    1155.071     0.300000           32         1.43
    1227.775     0.400000           42         1.67
    1426.431     0.500000           53         2.00
    1727.487     0.550000           58         2.22
    1825.791     0.600000           63         2.50
    1940.479     0.650000           69         2.86
    2001.919     0.700000           74         3.33
    2131.967     0.750000           79         4.00
    2160.639     0.775000           82         4.44
    2168.831     0.800000           84         5.00
    2226.175     0.825000           87         5.71
    2461.695     0.850000           90         6.67
    2478.079     0.875000           92         8.00
    2762.751     0.887500           94         8.89
    2912.255     0.900000           95        10.00
    2916.351     0.912500           96        11.43
    2988.031     0.925000           98        13.33
    3178.495     0.937500           99        16.00
    3188.735     0.943750          100        17.78
    3188.735     0.950000          100        20.00
    3313.663     0.956250          101        22.86
    3377.151     0.962500          102        26.67
    3377.151     0.968750          102        32.00
    3616.767     0.971875          103        35.56
    3616.767     0.975000          103        40.00
    3616.767     0.978125          103        45.71
    3622.911     0.981250          104        53.33
    3622.911     0.984375          104        64.00
    3622.911     0.985938          104        71.11
    3622.911     0.987500          104        80.00
    3622.911     0.989062          104        91.43
    3753.983     0.990625          105       106.67
    3753.983     1.000000          105          inf
#[Mean    =     1565.202, StdDeviation   =      889.138]
#[Max     =     3751.936, Total count    =          105]
#[Buckets =           27, SubBuckets     =         2048]
-----------------------------------------------------------------------
  219 requests in 20.00s, 45.98KB read
Requests/sec:     10.95  
Transfer/sec:      2.30KB
