Running 20s test @ http://localhost:8080/wrk2-api/post/compose
  2 threads and 2 connections

  Thread calibration: mean lat.: 31.021ms, rate sampling interval: 69ms
  Thread calibration: mean lat.: 30.970ms, rate sampling interval: 68ms

-----------------------------------------------------------------------
Test Results @ http://localhost:8080/wrk2-api/post/compose 
  Thread Stats   Avg      Stdev     99%   +/- Stdev
    Latency    31.09ms    3.24ms  41.69ms   73.53%
    Req/Sec     4.97      8.79    29.00     94.48%
  Latency Distribution (HdrHistogram - Recorded Latency)
 50.000%   30.50ms
 75.000%   32.13ms
 90.000%   35.39ms
 99.000%   41.69ms
 99.900%   42.97ms
 99.990%   42.97ms
 99.999%   42.97ms
100.000%   42.97ms

  Detailed Percentile spectrum:
       Value   Percentile   TotalCount 1/(1-Percentile)

      26.447     0.000000            1         1.00
      27.487     0.100000           11         1.11
      28.799     0.200000           22         1.25
      29.359     0.300000           31         1.43
      29.951     0.400000           41         1.67
      30.495     0.500000           52         2.00
      30.783     0.550000           57         2.22
      30.975     0.600000           62         2.50
      31.295     0.650000           69         2.86
      31.775     0.700000           72         3.33
      32.127     0.750000           77         4.00
      32.959     0.775000           80         4.44
      33.055     0.800000           82         5.00
      33.599     0.825000           85         5.71
      33.855     0.850000           87         6.67
      35.071     0.875000           90         8.00
      35.263     0.887500           91         8.89
      35.391     0.900000           92        10.00
      35.487     0.912500           94        11.43
      35.839     0.925000           95        13.33
      37.791     0.937500           96        16.00
      38.207     0.943750           97        17.78
      38.207     0.950000           97        20.00
      38.591     0.956250           98        22.86
      38.943     0.962500           99        26.67
      38.943     0.968750           99        32.00
      40.639     0.971875          100        35.56
      40.639     0.975000          100        40.00
      40.639     0.978125          100        45.71
      41.695     0.981250          101        53.33
      41.695     0.984375          101        64.00
      41.695     0.985938          101        71.11
      41.695     0.987500          101        80.00
      41.695     0.989062          101        91.43
      42.975     0.990625          102       106.67
      42.975     1.000000          102          inf
#[Mean    =       31.094, StdDeviation   =        3.242]
#[Max     =       42.944, Total count    =          102]
#[Buckets =           27, SubBuckets     =         2048]
-----------------------------------------------------------------------
  219 requests in 20.00s, 45.98KB read
Requests/sec:     10.95  
Transfer/sec:      2.30KB
