Running 20s test @ http://localhost:8080/wrk2-api/post/compose
  2 threads and 2 connections

  Thread calibration: mean lat.: 31.277ms, rate sampling interval: 70ms
  Thread calibration: mean lat.: 30.769ms, rate sampling interval: 66ms

-----------------------------------------------------------------------
Test Results @ http://localhost:8080/wrk2-api/post/compose 
  Thread Stats   Avg      Stdev     99%   +/- Stdev
    Latency    30.84ms    3.14ms  41.95ms   81.37%
    Req/Sec     5.00      9.20    30.00     93.15%
  Latency Distribution (HdrHistogram - Recorded Latency)
 50.000%   30.05ms
 75.000%   32.08ms
 90.000%   33.38ms
 99.000%   41.95ms
 99.900%   42.88ms
 99.990%   42.88ms
 99.999%   42.88ms
100.000%   42.88ms

  Detailed Percentile spectrum:
       Value   Percentile   TotalCount 1/(1-Percentile)

      25.039     0.000000            1         1.00
      27.711     0.100000           11         1.11
      28.719     0.200000           21         1.25
      29.311     0.300000           31         1.43
      29.791     0.400000           41         1.67
      30.047     0.500000           51         2.00
      30.655     0.550000           57         2.22
      30.991     0.600000           62         2.50
      31.503     0.650000           69         2.86
      31.711     0.700000           73         3.33
      32.079     0.750000           78         4.00
      32.287     0.775000           80         4.44
      32.351     0.800000           82         5.00
      32.543     0.825000           85         5.71
      32.591     0.850000           87         6.67
      33.055     0.875000           90         8.00
      33.311     0.887500           91         8.89
      33.375     0.900000           92        10.00
      33.855     0.912500           94        11.43
      36.159     0.925000           95        13.33
      36.319     0.937500           96        16.00
      36.671     0.943750           97        17.78
      36.671     0.950000           97        20.00
      38.495     0.956250           98        22.86
      40.767     0.962500           99        26.67
      40.767     0.968750           99        32.00
      41.215     0.971875          100        35.56
      41.215     0.975000          100        40.00
      41.215     0.978125          100        45.71
      41.951     0.981250          101        53.33
      41.951     0.984375          101        64.00
      41.951     0.985938          101        71.11
      41.951     0.987500          101        80.00
      41.951     0.989062          101        91.43
      42.879     0.990625          102       106.67
      42.879     1.000000          102          inf
#[Mean    =       30.839, StdDeviation   =        3.136]
#[Max     =       42.848, Total count    =          102]
#[Buckets =           27, SubBuckets     =         2048]
-----------------------------------------------------------------------
  219 requests in 20.01s, 45.98KB read
Requests/sec:     10.95  
Transfer/sec:      2.30KB
