Running 20s test @ http://localhost:8080/wrk2-api/post/compose
  2 threads and 2 connections

  Thread calibration: mean lat.: 31.143ms, rate sampling interval: 69ms
  Thread calibration: mean lat.: 31.122ms, rate sampling interval: 67ms

-----------------------------------------------------------------------
Test Results @ http://localhost:8080/wrk2-api/post/compose 
  Thread Stats   Avg      Stdev     99%   +/- Stdev
    Latency    31.46ms    3.21ms  42.14ms   76.47%
    Req/Sec     4.97      8.82    30.00     91.44%
  Latency Distribution (HdrHistogram - Recorded Latency)
 50.000%   31.04ms
 75.000%   32.64ms
 90.000%   35.49ms
 99.000%   42.14ms
 99.900%   44.42ms
 99.990%   44.42ms
 99.999%   44.42ms
100.000%   44.42ms

  Detailed Percentile spectrum:
       Value   Percentile   TotalCount 1/(1-Percentile)

      25.487     0.000000            1         1.00
      28.319     0.100000           11         1.11
      29.023     0.200000           21         1.25
      29.487     0.300000           31         1.43
      30.223     0.400000           41         1.67
      31.039     0.500000           51         2.00
      31.327     0.550000           57         2.22
      31.599     0.600000           62         2.50
      31.919     0.650000           67         2.86
      32.111     0.700000           72         3.33
      32.639     0.750000           77         4.00
      32.959     0.775000           81         4.44
      33.215     0.800000           82         5.00
      34.111     0.825000           85         5.71
      34.335     0.850000           87         6.67
      34.783     0.875000           91         8.00
      34.783     0.887500           91         8.89
      35.487     0.900000           92        10.00
      36.639     0.912500           95        11.43
      36.639     0.925000           95        13.33
      36.735     0.937500           96        16.00
      36.991     0.943750           97        17.78
      36.991     0.950000           97        20.00
      37.183     0.956250           98        22.86
      38.271     0.962500           99        26.67
      38.271     0.968750           99        32.00
      41.759     0.971875          100        35.56
      41.759     0.975000          100        40.00
      41.759     0.978125          100        45.71
      42.143     0.981250          101        53.33
      42.143     0.984375          101        64.00
      42.143     0.985938          101        71.11
      42.143     0.987500          101        80.00
      42.143     0.989062          101        91.43
      44.415     0.990625          102       106.67
      44.415     1.000000          102          inf
#[Mean    =       31.459, StdDeviation   =        3.207]
#[Max     =       44.384, Total count    =          102]
#[Buckets =           27, SubBuckets     =         2048]
-----------------------------------------------------------------------
  219 requests in 20.00s, 45.98KB read
Requests/sec:     10.95  
Transfer/sec:      2.30KB
