Running 20s test @ http://localhost:8080/wrk2-api/post/compose
  2 threads and 2 connections

  Thread calibration: mean lat.: 30.745ms, rate sampling interval: 70ms
  Thread calibration: mean lat.: 30.880ms, rate sampling interval: 65ms

-----------------------------------------------------------------------
Test Results @ http://localhost:8080/wrk2-api/post/compose 
  Thread Stats   Avg      Stdev     99%   +/- Stdev
    Latency    31.48ms    3.62ms  43.04ms   72.55%
    Req/Sec     5.03      8.86    30.00     81.69%
  Latency Distribution (HdrHistogram - Recorded Latency)
 50.000%   30.83ms
 75.000%   33.12ms
 90.000%   35.84ms
 99.000%   43.04ms
 99.900%   43.52ms
 99.990%   43.52ms
 99.999%   43.52ms
100.000%   43.52ms

  Detailed Percentile spectrum:
       Value   Percentile   TotalCount 1/(1-Percentile)

      25.855     0.000000            1         1.00
      27.647     0.100000           11         1.11
      28.511     0.200000           21         1.25
      29.183     0.300000           32         1.43
      29.967     0.400000           41         1.67
      30.831     0.500000           51         2.00
      31.391     0.550000           57         2.22
      31.631     0.600000           62         2.50
      32.303     0.650000           67         2.86
      32.527     0.700000           72         3.33
      33.119     0.750000           77         4.00
      33.439     0.775000           80         4.44
      33.631     0.800000           82         5.00
      34.399     0.825000           85         5.71
      34.815     0.850000           87         6.67
      35.391     0.875000           90         8.00
      35.807     0.887500           91         8.89
      35.839     0.900000           92        10.00
      36.479     0.912500           94        11.43
      37.919     0.925000           95        13.33
      38.687     0.937500           96        16.00
      39.455     0.943750           97        17.78
      39.455     0.950000           97        20.00
      40.287     0.956250           99        22.86
      40.287     0.962500           99        26.67
      40.287     0.968750           99        32.00
      40.991     0.971875          100        35.56
      40.991     0.975000          100        40.00
      40.991     0.978125          100        45.71
      43.039     0.981250          101        53.33
      43.039     0.984375          101        64.00
      43.039     0.985938          101        71.11
      43.039     0.987500          101        80.00
      43.039     0.989062          101        91.43
      43.519     0.990625          102       106.67
      43.519     1.000000          102          inf
#[Mean    =       31.481, StdDeviation   =        3.623]
#[Max     =       43.488, Total count    =          102]
#[Buckets =           27, SubBuckets     =         2048]
-----------------------------------------------------------------------
  219 requests in 20.00s, 45.98KB read
Requests/sec:     10.95  
Transfer/sec:      2.30KB
