Running 20s test @ http://localhost:8080/wrk2-api/post/compose
  2 threads and 2 connections

  Thread calibration: mean lat.: 31.306ms, rate sampling interval: 68ms
  Thread calibration: mean lat.: 31.591ms, rate sampling interval: 70ms

-----------------------------------------------------------------------
Test Results @ http://localhost:8080/wrk2-api/post/compose 
  Thread Stats   Avg      Stdev     99%   +/- Stdev
    Latency    33.47ms   15.27ms 138.62ms   98.08%
    Req/Sec     5.03      8.81    29.00     92.71%
  Latency Distribution (HdrHistogram - Recorded Latency)
 50.000%   31.14ms
 75.000%   32.99ms
 90.000%   36.03ms
 99.000%  138.62ms
 99.900%  141.31ms
 99.990%  141.31ms
 99.999%  141.31ms
100.000%  141.31ms

  Detailed Percentile spectrum:
       Value   Percentile   TotalCount 1/(1-Percentile)

      25.919     0.000000            1         1.00
      27.519     0.100000           11         1.11
      28.495     0.200000           21         1.25
      29.567     0.300000           32         1.43
      30.543     0.400000           43         1.67
      31.135     0.500000           52         2.00
      31.343     0.550000           58         2.22
      31.791     0.600000           63         2.50
      32.015     0.650000           68         2.86
      32.895     0.700000           75         3.33
      32.991     0.750000           78         4.00
      33.407     0.775000           81         4.44
      33.535     0.800000           84         5.00
      33.695     0.825000           86         5.71
      34.015     0.850000           89         6.67
      34.271     0.875000           91         8.00
      34.687     0.887500           93         8.89
      36.031     0.900000           94        10.00
      36.191     0.912500           95        11.43
      37.855     0.925000           97        13.33
      39.231     0.937500           98        16.00
      40.607     0.943750           99        17.78
      40.607     0.950000           99        20.00
      40.735     0.956250          100        22.86
      41.279     0.962500          101        26.67
      41.279     0.968750          101        32.00
      45.279     0.971875          102        35.56
      45.279     0.975000          102        40.00
      45.279     0.978125          102        45.71
     138.623     0.981250          103        53.33
     138.623     0.984375          103        64.00
     138.623     0.985938          103        71.11
     138.623     0.987500          103        80.00
     138.623     0.989062          103        91.43
     141.311     0.990625          104       106.67
     141.311     1.000000          104          inf
#[Mean    =       33.472, StdDeviation   =       15.271]
#[Max     =      141.184, Total count    =          104]
#[Buckets =           27, SubBuckets     =         2048]
-----------------------------------------------------------------------
  219 requests in 20.00s, 45.98KB read
Requests/sec:     10.95  
Transfer/sec:      2.30KB
