Running 20s test @ http://localhost:8080/wrk2-api/post/compose
  2 threads and 2 connections

  Thread calibration: mean lat.: 31.575ms, rate sampling interval: 70ms
  Thread calibration: mean lat.: 31.444ms, rate sampling interval: 69ms

-----------------------------------------------------------------------
Test Results @ http://localhost:8080/wrk2-api/post/compose 
  Thread Stats   Avg      Stdev     99%   +/- Stdev
    Latency    32.00ms    4.19ms  46.11ms   80.39%
    Req/Sec     4.95      8.53    29.00     93.71%
  Latency Distribution (HdrHistogram - Recorded Latency)
 50.000%   31.26ms
 75.000%   33.63ms
 90.000%   37.12ms
 99.000%   46.11ms
 99.900%   47.68ms
 99.990%   47.68ms
 99.999%   47.68ms
100.000%   47.68ms

  Detailed Percentile spectrum:
       Value   Percentile   TotalCount 1/(1-Percentile)

      26.783     0.000000            1         1.00
      28.063     0.100000           11         1.11
      28.767     0.200000           21         1.25
      29.343     0.300000           31         1.43
      29.903     0.400000           41         1.67
      31.263     0.500000           51         2.00
      31.711     0.550000           58         2.22
      31.871     0.600000           62         2.50
      32.351     0.650000           67         2.86
      32.895     0.700000           72         3.33
      33.631     0.750000           78         4.00
      33.855     0.775000           80         4.44
      34.015     0.800000           82         5.00
      34.815     0.825000           85         5.71
      34.943     0.850000           87         6.67
      36.095     0.875000           90         8.00
      36.991     0.887500           91         8.89
      37.119     0.900000           92        10.00
      38.623     0.912500           94        11.43
      39.231     0.925000           95        13.33
      40.223     0.937500           96        16.00
      42.111     0.943750           97        17.78
      42.111     0.950000           97        20.00
      42.367     0.956250           98        22.86
      43.007     0.962500           99        26.67
      43.007     0.968750           99        32.00
      44.159     0.971875          100        35.56
      44.159     0.975000          100        40.00
      44.159     0.978125          100        45.71
      46.111     0.981250          101        53.33
      46.111     0.984375          101        64.00
      46.111     0.985938          101        71.11
      46.111     0.987500          101        80.00
      46.111     0.989062          101        91.43
      47.679     0.990625          102       106.67
      47.679     1.000000          102          inf
#[Mean    =       32.002, StdDeviation   =        4.185]
#[Max     =       47.648, Total count    =          102]
#[Buckets =           27, SubBuckets     =         2048]
-----------------------------------------------------------------------
  219 requests in 20.00s, 45.98KB read
Requests/sec:     10.95  
Transfer/sec:      2.30KB
