Running 20s test @ http://localhost:8080/wrk2-api/post/compose
  2 threads and 2 connections

  Thread calibration: mean lat.: 31.923ms, rate sampling interval: 69ms
  Thread calibration: mean lat.: 42.368ms, rate sampling interval: 81ms

-----------------------------------------------------------------------
Test Results @ http://localhost:8080/wrk2-api/post/compose 
  Thread Stats   Avg      Stdev     99%   +/- Stdev
    Latency    31.72ms    3.55ms  43.23ms   80.39%
    Req/Sec     4.99      8.55    29.00     93.23%
  Latency Distribution (HdrHistogram - Recorded Latency)
 50.000%   30.88ms
 75.000%   32.96ms
 90.000%   35.36ms
 99.000%   43.23ms
 99.900%   46.81ms
 99.990%   46.81ms
 99.999%   46.81ms
100.000%   46.81ms

  Detailed Percentile spectrum:
       Value   Percentile   TotalCount 1/(1-Percentile)

      26.287     0.000000            1         1.00
      28.319     0.100000           11         1.11
      29.359     0.200000           22         1.25
      29.679     0.300000           32         1.43
      30.335     0.400000           41         1.67
      30.879     0.500000           51         2.00
      31.119     0.550000           57         2.22
      31.519     0.600000           62         2.50
      32.127     0.650000           67         2.86
      32.271     0.700000           72         3.33
      32.959     0.750000           77         4.00
      33.375     0.775000           80         4.44
      33.471     0.800000           82         5.00
      33.887     0.825000           85         5.71
      34.527     0.850000           87         6.67
      34.815     0.875000           90         8.00
      35.295     0.887500           91         8.89
      35.359     0.900000           92        10.00
      36.863     0.912500           94        11.43
      37.599     0.925000           95        13.33
      38.079     0.937500           96        16.00
      38.399     0.943750           97        17.78
      38.399     0.950000           97        20.00
      39.007     0.956250           98        22.86
      42.847     0.962500           99        26.67
      42.847     0.968750           99        32.00
      43.231     0.971875          101        35.56
      43.231     0.975000          101        40.00
      43.231     0.978125          101        45.71
      43.231     0.981250          101        53.33
      43.231     0.984375          101        64.00
      43.231     0.985938          101        71.11
      43.231     0.987500          101        80.00
      43.231     0.989062          101        91.43
      46.815     0.990625          102       106.67
      46.815     1.000000          102          inf
#[Mean    =       31.716, StdDeviation   =        3.547]
#[Max     =       46.784, Total count    =          102]
#[Buckets =           27, SubBuckets     =         2048]
-----------------------------------------------------------------------
  219 requests in 20.01s, 45.98KB read
Requests/sec:     10.95  
Transfer/sec:      2.30KB
